Lint Backend	Set up job	﻿2026-02-08T23:18:56.9308886Z Current runner version: '2.331.0'
Lint Backend	Set up job	2026-02-08T23:18:56.9334242Z ##[group]Runner Image Provisioner
Lint Backend	Set up job	2026-02-08T23:18:56.9335513Z Hosted Compute Agent
Lint Backend	Set up job	2026-02-08T23:18:56.9336025Z Version: 20260123.484
Lint Backend	Set up job	2026-02-08T23:18:56.9336516Z Commit: 6bd6555ca37d84114959e1c76d2c01448ff61c5d
Lint Backend	Set up job	2026-02-08T23:18:56.9337196Z Build Date: 2026-01-23T19:41:17Z
Lint Backend	Set up job	2026-02-08T23:18:56.9337755Z Worker ID: {48d38cc1-ca1e-4da3-b0dc-f9f349fa30f1}
Lint Backend	Set up job	2026-02-08T23:18:56.9338392Z Azure Region: westus3
Lint Backend	Set up job	2026-02-08T23:18:56.9338898Z ##[endgroup]
Lint Backend	Set up job	2026-02-08T23:18:56.9340297Z ##[group]Operating System
Lint Backend	Set up job	2026-02-08T23:18:56.9340803Z Ubuntu
Lint Backend	Set up job	2026-02-08T23:18:56.9341262Z 24.04.3
Lint Backend	Set up job	2026-02-08T23:18:56.9341671Z LTS
Lint Backend	Set up job	2026-02-08T23:18:56.9342064Z ##[endgroup]
Lint Backend	Set up job	2026-02-08T23:18:56.9342522Z ##[group]Runner Image
Lint Backend	Set up job	2026-02-08T23:18:56.9342974Z Image: ubuntu-24.04
Lint Backend	Set up job	2026-02-08T23:18:56.9343434Z Version: 20260201.15.1
Lint Backend	Set up job	2026-02-08T23:18:56.9344291Z Included Software: https://github.com/actions/runner-images/blob/ubuntu24/20260201.15/images/ubuntu/Ubuntu2404-Readme.md
Lint Backend	Set up job	2026-02-08T23:18:56.9345916Z Image Release: https://github.com/actions/runner-images/releases/tag/ubuntu24%2F20260201.15
Lint Backend	Set up job	2026-02-08T23:18:56.9346717Z ##[endgroup]
Lint Backend	Set up job	2026-02-08T23:18:56.9347655Z ##[group]GITHUB_TOKEN Permissions
Lint Backend	Set up job	2026-02-08T23:18:56.9349621Z Contents: read
Lint Backend	Set up job	2026-02-08T23:18:56.9350086Z Metadata: read
Lint Backend	Set up job	2026-02-08T23:18:56.9350543Z Packages: read
Lint Backend	Set up job	2026-02-08T23:18:56.9350985Z ##[endgroup]
Lint Backend	Set up job	2026-02-08T23:18:56.9353100Z Secret source: Actions
Lint Backend	Set up job	2026-02-08T23:18:56.9353734Z Prepare workflow directory
Lint Backend	Set up job	2026-02-08T23:18:56.9668753Z Prepare all required actions
Lint Backend	Set up job	2026-02-08T23:18:56.9712978Z Getting action download info
Lint Backend	Set up job	2026-02-08T23:18:57.3838844Z Download action repository 'actions/checkout@v4' (SHA:34e114876b0b11c390a56381ad16ebd13914f8d5)
Lint Backend	Set up job	2026-02-08T23:18:57.4844956Z Download action repository 'actions/setup-python@v5' (SHA:a26af69be951a213d495a4c3e4e4022e16d87065)
Lint Backend	Set up job	2026-02-08T23:18:57.6383069Z Complete job name: Lint Backend
Lint Backend	Run actions/checkout@v4	﻿2026-02-08T23:18:57.7030330Z ##[group]Run actions/checkout@v4
Lint Backend	Run actions/checkout@v4	2026-02-08T23:18:57.7031208Z with:
Lint Backend	Run actions/checkout@v4	2026-02-08T23:18:57.7031712Z   repository: ancientnerds/AncientMap
Lint Backend	Run actions/checkout@v4	2026-02-08T23:18:57.7032488Z   token: ***
Lint Backend	Run actions/checkout@v4	2026-02-08T23:18:57.7032895Z   ssh-strict: true
Lint Backend	Run actions/checkout@v4	2026-02-08T23:18:57.7033360Z   ssh-user: git
Lint Backend	Run actions/checkout@v4	2026-02-08T23:18:57.7033771Z   persist-credentials: true
Lint Backend	Run actions/checkout@v4	2026-02-08T23:18:57.7034265Z   clean: true
Lint Backend	Run actions/checkout@v4	2026-02-08T23:18:57.7034677Z   sparse-checkout-cone-mode: true
Lint Backend	Run actions/checkout@v4	2026-02-08T23:18:57.7035302Z   fetch-depth: 1
Lint Backend	Run actions/checkout@v4	2026-02-08T23:18:57.7035737Z   fetch-tags: false
Lint Backend	Run actions/checkout@v4	2026-02-08T23:18:57.7036150Z   show-progress: true
Lint Backend	Run actions/checkout@v4	2026-02-08T23:18:57.7036611Z   lfs: false
Lint Backend	Run actions/checkout@v4	2026-02-08T23:18:57.7036968Z   submodules: false
Lint Backend	Run actions/checkout@v4	2026-02-08T23:18:57.7037454Z   set-safe-directory: true
Lint Backend	Run actions/checkout@v4	2026-02-08T23:18:57.7038159Z ##[endgroup]
Lint Backend	Run actions/checkout@v4	2026-02-08T23:18:57.8101007Z Syncing repository: ancientnerds/AncientMap
Lint Backend	Run actions/checkout@v4	2026-02-08T23:18:57.8102937Z ##[group]Getting Git version info
Lint Backend	Run actions/checkout@v4	2026-02-08T23:18:57.8103619Z Working directory is '/home/runner/work/AncientMap/AncientMap'
Lint Backend	Run actions/checkout@v4	2026-02-08T23:18:57.8105009Z [command]/usr/bin/git version
Lint Backend	Run actions/checkout@v4	2026-02-08T23:18:57.8158189Z git version 2.52.0
Lint Backend	Run actions/checkout@v4	2026-02-08T23:18:57.8182101Z ##[endgroup]
Lint Backend	Run actions/checkout@v4	2026-02-08T23:18:57.8196631Z Temporarily overriding HOME='/home/runner/work/_temp/ae4ee3b0-f0bb-4197-9d8d-b892f68cfac9' before making global git config changes
Lint Backend	Run actions/checkout@v4	2026-02-08T23:18:57.8197884Z Adding repository directory to the temporary git global config as a safe directory
Lint Backend	Run actions/checkout@v4	2026-02-08T23:18:57.8210469Z [command]/usr/bin/git config --global --add safe.directory /home/runner/work/AncientMap/AncientMap
Lint Backend	Run actions/checkout@v4	2026-02-08T23:18:57.8247298Z Deleting the contents of '/home/runner/work/AncientMap/AncientMap'
Lint Backend	Run actions/checkout@v4	2026-02-08T23:18:57.8250802Z ##[group]Initializing the repository
Lint Backend	Run actions/checkout@v4	2026-02-08T23:18:57.8254740Z [command]/usr/bin/git init /home/runner/work/AncientMap/AncientMap
Lint Backend	Run actions/checkout@v4	2026-02-08T23:18:57.8352704Z hint: Using 'master' as the name for the initial branch. This default branch name
Lint Backend	Run actions/checkout@v4	2026-02-08T23:18:57.8354447Z hint: will change to "main" in Git 3.0. To configure the initial branch name
Lint Backend	Run actions/checkout@v4	2026-02-08T23:18:57.8356038Z hint: to use in all of your new repositories, which will suppress this warning,
Lint Backend	Run actions/checkout@v4	2026-02-08T23:18:57.8357253Z hint: call:
Lint Backend	Run actions/checkout@v4	2026-02-08T23:18:57.8357686Z hint:
Lint Backend	Run actions/checkout@v4	2026-02-08T23:18:57.8358171Z hint: 	git config --global init.defaultBranch <name>
Lint Backend	Run actions/checkout@v4	2026-02-08T23:18:57.8358827Z hint:
Lint Backend	Run actions/checkout@v4	2026-02-08T23:18:57.8359430Z hint: Names commonly chosen instead of 'master' are 'main', 'trunk' and
Lint Backend	Run actions/checkout@v4	2026-02-08T23:18:57.8360261Z hint: 'development'. The just-created branch can be renamed via this command:
Lint Backend	Run actions/checkout@v4	2026-02-08T23:18:57.8361300Z hint:
Lint Backend	Run actions/checkout@v4	2026-02-08T23:18:57.8361735Z hint: 	git branch -m <name>
Lint Backend	Run actions/checkout@v4	2026-02-08T23:18:57.8362205Z hint:
Lint Backend	Run actions/checkout@v4	2026-02-08T23:18:57.8362761Z hint: Disable this message with "git config set advice.defaultBranchName false"
Lint Backend	Run actions/checkout@v4	2026-02-08T23:18:57.8363758Z Initialized empty Git repository in /home/runner/work/AncientMap/AncientMap/.git/
Lint Backend	Run actions/checkout@v4	2026-02-08T23:18:57.8367078Z [command]/usr/bin/git remote add origin https://github.com/ancientnerds/AncientMap
Lint Backend	Run actions/checkout@v4	2026-02-08T23:18:57.8399819Z ##[endgroup]
Lint Backend	Run actions/checkout@v4	2026-02-08T23:18:57.8400729Z ##[group]Disabling automatic garbage collection
Lint Backend	Run actions/checkout@v4	2026-02-08T23:18:57.8404001Z [command]/usr/bin/git config --local gc.auto 0
Lint Backend	Run actions/checkout@v4	2026-02-08T23:18:57.8430607Z ##[endgroup]
Lint Backend	Run actions/checkout@v4	2026-02-08T23:18:57.8431335Z ##[group]Setting up auth
Lint Backend	Run actions/checkout@v4	2026-02-08T23:18:57.8437481Z [command]/usr/bin/git config --local --name-only --get-regexp core\.sshCommand
Lint Backend	Run actions/checkout@v4	2026-02-08T23:18:57.8468047Z [command]/usr/bin/git submodule foreach --recursive sh -c "git config --local --name-only --get-regexp 'core\.sshCommand' && git config --local --unset-all 'core.sshCommand' || :"
Lint Backend	Run actions/checkout@v4	2026-02-08T23:18:57.8766496Z [command]/usr/bin/git config --local --name-only --get-regexp http\.https\:\/\/github\.com\/\.extraheader
Lint Backend	Run actions/checkout@v4	2026-02-08T23:18:57.8794562Z [command]/usr/bin/git submodule foreach --recursive sh -c "git config --local --name-only --get-regexp 'http\.https\:\/\/github\.com\/\.extraheader' && git config --local --unset-all 'http.https://github.com/.extraheader' || :"
Lint Backend	Run actions/checkout@v4	2026-02-08T23:18:57.8979154Z [command]/usr/bin/git config --local --name-only --get-regexp ^includeIf\.gitdir:
Lint Backend	Run actions/checkout@v4	2026-02-08T23:18:57.9006046Z [command]/usr/bin/git submodule foreach --recursive git config --local --show-origin --name-only --get-regexp remote.origin.url
Lint Backend	Run actions/checkout@v4	2026-02-08T23:18:57.9220457Z [command]/usr/bin/git config --local http.https://github.com/.extraheader AUTHORIZATION: basic ***
Lint Backend	Run actions/checkout@v4	2026-02-08T23:18:57.9252012Z ##[endgroup]
Lint Backend	Run actions/checkout@v4	2026-02-08T23:18:57.9252969Z ##[group]Fetching the repository
Lint Backend	Run actions/checkout@v4	2026-02-08T23:18:57.9260657Z [command]/usr/bin/git -c protocol.version=2 fetch --no-tags --prune --no-recurse-submodules --depth=1 origin +03a3ad29619381c5cd0666e84b7dc70ccf3bbee5:refs/remotes/origin/main
Lint Backend	Run actions/checkout@v4	2026-02-08T23:19:17.1481315Z From https://github.com/ancientnerds/AncientMap
Lint Backend	Run actions/checkout@v4	2026-02-08T23:19:17.1483712Z  * [new ref]         03a3ad29619381c5cd0666e84b7dc70ccf3bbee5 -> origin/main
Lint Backend	Run actions/checkout@v4	2026-02-08T23:19:17.1511319Z ##[endgroup]
Lint Backend	Run actions/checkout@v4	2026-02-08T23:19:17.1512926Z ##[group]Determining the checkout info
Lint Backend	Run actions/checkout@v4	2026-02-08T23:19:17.1514512Z ##[endgroup]
Lint Backend	Run actions/checkout@v4	2026-02-08T23:19:17.1517010Z [command]/usr/bin/git sparse-checkout disable
Lint Backend	Run actions/checkout@v4	2026-02-08T23:19:17.1553440Z [command]/usr/bin/git config --local --unset-all extensions.worktreeConfig
Lint Backend	Run actions/checkout@v4	2026-02-08T23:19:17.1578608Z ##[group]Checking out the ref
Lint Backend	Run actions/checkout@v4	2026-02-08T23:19:17.1582282Z [command]/usr/bin/git checkout --progress --force -B main refs/remotes/origin/main
Lint Backend	Run actions/checkout@v4	2026-02-08T23:19:18.6483488Z Updating files:  46% (1154/2468)
Lint Backend	Run actions/checkout@v4	2026-02-08T23:19:19.2750613Z Updating files:  47% (1160/2468)
Lint Backend	Run actions/checkout@v4	2026-02-08T23:19:20.3303119Z Updating files:  47% (1169/2468)
Lint Backend	Run actions/checkout@v4	2026-02-08T23:19:20.4704705Z Updating files:  47% (1181/2468)
Lint Backend	Run actions/checkout@v4	2026-02-08T23:19:21.1687370Z Updating files:  48% (1185/2468)
Lint Backend	Run actions/checkout@v4	2026-02-08T23:19:22.1796920Z Updating files:  48% (1194/2468)
Lint Backend	Run actions/checkout@v4	2026-02-08T23:19:22.4341527Z Updating files:  48% (1208/2468)
Lint Backend	Run actions/checkout@v4	2026-02-08T23:19:23.2966917Z Updating files:  49% (1210/2468)
Lint Backend	Run actions/checkout@v4	2026-02-08T23:19:24.3673212Z Updating files:  49% (1220/2468)
Lint Backend	Run actions/checkout@v4	2026-02-08T23:19:24.8248899Z Updating files:  49% (1231/2468)
Lint Backend	Run actions/checkout@v4	2026-02-08T23:19:25.4515631Z Updating files:  50% (1234/2468)
Lint Backend	Run actions/checkout@v4	2026-02-08T23:19:26.4143545Z Updating files:  50% (1242/2468)
Lint Backend	Run actions/checkout@v4	2026-02-08T23:19:26.8647883Z Updating files:  50% (1253/2468)
Lint Backend	Run actions/checkout@v4	2026-02-08T23:19:27.3664764Z Updating files:  51% (1259/2468)
Lint Backend	Run actions/checkout@v4	2026-02-08T23:19:28.3686859Z Updating files:  51% (1264/2468)
Lint Backend	Run actions/checkout@v4	2026-02-08T23:19:28.8954427Z Updating files:  51% (1275/2468)
Lint Backend	Run actions/checkout@v4	2026-02-08T23:19:29.2327839Z Updating files:  52% (1284/2468)
Lint Backend	Run actions/checkout@v4	2026-02-08T23:19:30.2042164Z Updating files:  52% (1286/2468)
Lint Backend	Run actions/checkout@v4	2026-02-08T23:19:31.0686681Z Updating files:  52% (1297/2468)
Lint Backend	Run actions/checkout@v4	2026-02-08T23:19:31.0860114Z Updating files:  53% (1309/2468)
Lint Backend	Run actions/checkout@v4	2026-02-08T23:19:31.0864912Z Updating files:  54% (1333/2468)
Lint Backend	Run actions/checkout@v4	2026-02-08T23:19:31.0872471Z Updating files:  55% (1358/2468)
Lint Backend	Run actions/checkout@v4	2026-02-08T23:19:31.0878851Z Updating files:  56% (1383/2468)
Lint Backend	Run actions/checkout@v4	2026-02-08T23:19:31.0885765Z Updating files:  57% (1407/2468)
Lint Backend	Run actions/checkout@v4	2026-02-08T23:19:31.0892897Z Updating files:  58% (1432/2468)
Lint Backend	Run actions/checkout@v4	2026-02-08T23:19:31.0899757Z Updating files:  59% (1457/2468)
Lint Backend	Run actions/checkout@v4	2026-02-08T23:19:31.0906245Z Updating files:  60% (1481/2468)
Lint Backend	Run actions/checkout@v4	2026-02-08T23:19:31.0911339Z Updating files:  61% (1506/2468)
Lint Backend	Run actions/checkout@v4	2026-02-08T23:19:31.0916726Z Updating files:  62% (1531/2468)
Lint Backend	Run actions/checkout@v4	2026-02-08T23:19:31.0923034Z Updating files:  63% (1555/2468)
Lint Backend	Run actions/checkout@v4	2026-02-08T23:19:31.0927111Z Updating files:  64% (1580/2468)
Lint Backend	Run actions/checkout@v4	2026-02-08T23:19:31.0930819Z Updating files:  65% (1605/2468)
Lint Backend	Run actions/checkout@v4	2026-02-08T23:19:31.0935624Z Updating files:  66% (1629/2468)
Lint Backend	Run actions/checkout@v4	2026-02-08T23:19:31.0939661Z Updating files:  67% (1654/2468)
Lint Backend	Run actions/checkout@v4	2026-02-08T23:19:31.0944136Z Updating files:  68% (1679/2468)
Lint Backend	Run actions/checkout@v4	2026-02-08T23:19:31.0949231Z Updating files:  69% (1703/2468)
Lint Backend	Run actions/checkout@v4	2026-02-08T23:19:31.0954273Z Updating files:  70% (1728/2468)
Lint Backend	Run actions/checkout@v4	2026-02-08T23:19:31.0959889Z Updating files:  71% (1753/2468)
Lint Backend	Run actions/checkout@v4	2026-02-08T23:19:31.0965769Z Updating files:  72% (1777/2468)
Lint Backend	Run actions/checkout@v4	2026-02-08T23:19:31.0971959Z Updating files:  73% (1802/2468)
Lint Backend	Run actions/checkout@v4	2026-02-08T23:19:31.0976812Z Updating files:  74% (1827/2468)
Lint Backend	Run actions/checkout@v4	2026-02-08T23:19:31.0981865Z Updating files:  75% (1851/2468)
Lint Backend	Run actions/checkout@v4	2026-02-08T23:19:31.1078381Z Updating files:  76% (1876/2468)
Lint Backend	Run actions/checkout@v4	2026-02-08T23:19:31.1188717Z Updating files:  77% (1901/2468)
Lint Backend	Run actions/checkout@v4	2026-02-08T23:19:31.1297957Z Updating files:  78% (1926/2468)
Lint Backend	Run actions/checkout@v4	2026-02-08T23:19:31.1410956Z Updating files:  79% (1950/2468)
Lint Backend	Run actions/checkout@v4	2026-02-08T23:19:31.1518965Z Updating files:  80% (1975/2468)
Lint Backend	Run actions/checkout@v4	2026-02-08T23:19:31.1870399Z Updating files:  81% (2000/2468)
Lint Backend	Run actions/checkout@v4	2026-02-08T23:19:31.1926356Z Updating files:  81% (2007/2468)
Lint Backend	Run actions/checkout@v4	2026-02-08T23:19:31.1948192Z Updating files:  82% (2024/2468)
Lint Backend	Run actions/checkout@v4	2026-02-08T23:19:31.1970011Z Updating files:  83% (2049/2468)
Lint Backend	Run actions/checkout@v4	2026-02-08T23:19:31.1982962Z Updating files:  84% (2074/2468)
Lint Backend	Run actions/checkout@v4	2026-02-08T23:19:31.1996708Z Updating files:  85% (2098/2468)
Lint Backend	Run actions/checkout@v4	2026-02-08T23:19:31.2018979Z Updating files:  86% (2123/2468)
Lint Backend	Run actions/checkout@v4	2026-02-08T23:19:31.2032817Z Updating files:  87% (2148/2468)
Lint Backend	Run actions/checkout@v4	2026-02-08T23:19:31.2052823Z Updating files:  88% (2172/2468)
Lint Backend	Run actions/checkout@v4	2026-02-08T23:19:31.2066058Z Updating files:  89% (2197/2468)
Lint Backend	Run actions/checkout@v4	2026-02-08T23:19:31.2090945Z Updating files:  90% (2222/2468)
Lint Backend	Run actions/checkout@v4	2026-02-08T23:19:31.2115495Z Updating files:  91% (2246/2468)
Lint Backend	Run actions/checkout@v4	2026-02-08T23:19:31.2133191Z Updating files:  92% (2271/2468)
Lint Backend	Run actions/checkout@v4	2026-02-08T23:19:31.2149925Z Updating files:  93% (2296/2468)
Lint Backend	Run actions/checkout@v4	2026-02-08T23:19:31.2175265Z Updating files:  94% (2320/2468)
Lint Backend	Run actions/checkout@v4	2026-02-08T23:19:31.2194763Z Updating files:  95% (2345/2468)
Lint Backend	Run actions/checkout@v4	2026-02-08T23:19:31.2212902Z Updating files:  96% (2370/2468)
Lint Backend	Run actions/checkout@v4	2026-02-08T23:19:31.2662631Z Updating files:  97% (2394/2468)
Lint Backend	Run actions/checkout@v4	2026-02-08T23:19:31.5908809Z Updating files:  98% (2419/2468)
Lint Backend	Run actions/checkout@v4	2026-02-08T23:19:31.5916765Z Updating files:  99% (2444/2468)
Lint Backend	Run actions/checkout@v4	2026-02-08T23:19:31.5917351Z Updating files: 100% (2468/2468)
Lint Backend	Run actions/checkout@v4	2026-02-08T23:19:31.5917794Z Updating files: 100% (2468/2468), done.
Lint Backend	Run actions/checkout@v4	2026-02-08T23:19:31.7488857Z Switched to a new branch 'main'
Lint Backend	Run actions/checkout@v4	2026-02-08T23:19:31.7497941Z branch 'main' set up to track 'origin/main'.
Lint Backend	Run actions/checkout@v4	2026-02-08T23:19:31.7864854Z ##[endgroup]
Lint Backend	Run actions/checkout@v4	2026-02-08T23:19:31.7906981Z [command]/usr/bin/git log -1 --format=%H
Lint Backend	Run actions/checkout@v4	2026-02-08T23:19:31.7931077Z 03a3ad29619381c5cd0666e84b7dc70ccf3bbee5
Lint Backend	Setup Python	﻿2026-02-08T23:19:31.8139935Z ##[group]Run actions/setup-python@v5
Lint Backend	Setup Python	2026-02-08T23:19:31.8140216Z with:
Lint Backend	Setup Python	2026-02-08T23:19:31.8140399Z   python-version: 3.11
Lint Backend	Setup Python	2026-02-08T23:19:31.8140596Z   cache: pip
Lint Backend	Setup Python	2026-02-08T23:19:31.8140765Z   check-latest: false
Lint Backend	Setup Python	2026-02-08T23:19:31.8141106Z   token: ***
Lint Backend	Setup Python	2026-02-08T23:19:31.8141277Z   update-environment: true
Lint Backend	Setup Python	2026-02-08T23:19:31.8141625Z   allow-prereleases: false
Lint Backend	Setup Python	2026-02-08T23:19:31.8141821Z   freethreaded: false
Lint Backend	Setup Python	2026-02-08T23:19:31.8142005Z ##[endgroup]
Lint Backend	Setup Python	2026-02-08T23:19:31.9763937Z ##[group]Installed versions
Lint Backend	Setup Python	2026-02-08T23:19:32.4462410Z Successfully set up CPython (3.11.14)
Lint Backend	Setup Python	2026-02-08T23:19:32.4463334Z ##[endgroup]
Lint Backend	Setup Python	2026-02-08T23:19:32.8398816Z [command]/opt/hostedtoolcache/Python/3.11.14/x64/bin/pip cache dir
Lint Backend	Setup Python	2026-02-08T23:19:33.1098727Z /home/runner/.cache/pip
Lint Backend	Setup Python	2026-02-08T23:19:33.3979271Z Cache hit for: setup-python-Linux-x64-24.04-Ubuntu-python-3.11.14-pip-35696bfcb44f4b5c5330ec54688b1a978b0fecba56caecbcbc6307dea380b549
Lint Backend	Setup Python	2026-02-08T23:19:34.6648220Z Received 27428020 of 27428020 (100.0%), 28.0 MBs/sec
Lint Backend	Setup Python	2026-02-08T23:19:34.6648882Z Cache Size: ~26 MB (27428020 B)
Lint Backend	Setup Python	2026-02-08T23:19:34.6772426Z [command]/usr/bin/tar -xf /home/runner/work/_temp/0916ed72-e3a7-4c6f-afe9-f1ee76cbe7fc/cache.tzst -P -C /home/runner/work/AncientMap/AncientMap --use-compress-program unzstd
Lint Backend	Setup Python	2026-02-08T23:19:34.7113711Z Cache restored successfully
Lint Backend	Setup Python	2026-02-08T23:19:34.7150737Z Cache restored from key: setup-python-Linux-x64-24.04-Ubuntu-python-3.11.14-pip-35696bfcb44f4b5c5330ec54688b1a978b0fecba56caecbcbc6307dea380b549
Lint Backend	Install dependencies	﻿2026-02-08T23:19:34.7273555Z ##[group]Run python -m pip install --upgrade pip
Lint Backend	Install dependencies	2026-02-08T23:19:34.7274087Z [36;1mpython -m pip install --upgrade pip[0m
Lint Backend	Install dependencies	2026-02-08T23:19:34.7274403Z [36;1mpip install ruff mypy[0m
Lint Backend	Install dependencies	2026-02-08T23:19:34.7300416Z shell: /usr/bin/bash -e {0}
Lint Backend	Install dependencies	2026-02-08T23:19:34.7300703Z env:
Lint Backend	Install dependencies	2026-02-08T23:19:34.7300965Z   pythonLocation: /opt/hostedtoolcache/Python/3.11.14/x64
Lint Backend	Install dependencies	2026-02-08T23:19:34.7301355Z   PKG_CONFIG_PATH: /opt/hostedtoolcache/Python/3.11.14/x64/lib/pkgconfig
Lint Backend	Install dependencies	2026-02-08T23:19:34.7301737Z   Python_ROOT_DIR: /opt/hostedtoolcache/Python/3.11.14/x64
Lint Backend	Install dependencies	2026-02-08T23:19:34.7302078Z   Python2_ROOT_DIR: /opt/hostedtoolcache/Python/3.11.14/x64
Lint Backend	Install dependencies	2026-02-08T23:19:34.7302427Z   Python3_ROOT_DIR: /opt/hostedtoolcache/Python/3.11.14/x64
Lint Backend	Install dependencies	2026-02-08T23:19:34.7302768Z   LD_LIBRARY_PATH: /opt/hostedtoolcache/Python/3.11.14/x64/lib
Lint Backend	Install dependencies	2026-02-08T23:19:34.7303074Z ##[endgroup]
Lint Backend	Install dependencies	2026-02-08T23:19:35.2648685Z Requirement already satisfied: pip in /opt/hostedtoolcache/Python/3.11.14/x64/lib/python3.11/site-packages (26.0)
Lint Backend	Install dependencies	2026-02-08T23:19:35.3868570Z Collecting pip
Lint Backend	Install dependencies	2026-02-08T23:19:35.4751785Z   Downloading pip-26.0.1-py3-none-any.whl.metadata (4.7 kB)
Lint Backend	Install dependencies	2026-02-08T23:19:35.4909064Z Downloading pip-26.0.1-py3-none-any.whl (1.8 MB)
Lint Backend	Install dependencies	2026-02-08T23:19:35.6632117Z    ━━━━━━━━━━━━━━━━━━━━━━━━━━━━━━━━━━━━━━━━ 1.8/1.8 MB 11.9 MB/s  0:00:00
Lint Backend	Install dependencies	2026-02-08T23:19:35.6834557Z Installing collected packages: pip
Lint Backend	Install dependencies	2026-02-08T23:19:35.6835663Z   Attempting uninstall: pip
Lint Backend	Install dependencies	2026-02-08T23:19:35.6849186Z     Found existing installation: pip 26.0
Lint Backend	Install dependencies	2026-02-08T23:19:35.7354007Z     Uninstalling pip-26.0:
Lint Backend	Install dependencies	2026-02-08T23:19:35.7403009Z       Successfully uninstalled pip-26.0
Lint Backend	Install dependencies	2026-02-08T23:19:36.4373552Z Successfully installed pip-26.0.1
Lint Backend	Install dependencies	2026-02-08T23:19:37.1421071Z Collecting ruff
Lint Backend	Install dependencies	2026-02-08T23:19:37.1436182Z   Using cached ruff-0.15.0-py3-none-manylinux_2_17_x86_64.manylinux2014_x86_64.whl.metadata (26 kB)
Lint Backend	Install dependencies	2026-02-08T23:19:37.2310951Z Collecting mypy
Lint Backend	Install dependencies	2026-02-08T23:19:37.2323880Z   Using cached mypy-1.19.1-cp311-cp311-manylinux2014_x86_64.manylinux_2_17_x86_64.manylinux_2_28_x86_64.whl.metadata (2.2 kB)
Lint Backend	Install dependencies	2026-02-08T23:19:37.2557386Z Collecting typing_extensions>=4.6.0 (from mypy)
Lint Backend	Install dependencies	2026-02-08T23:19:37.2571934Z   Using cached typing_extensions-4.15.0-py3-none-any.whl.metadata (3.3 kB)
Lint Backend	Install dependencies	2026-02-08T23:19:37.2748281Z Collecting mypy_extensions>=1.0.0 (from mypy)
Lint Backend	Install dependencies	2026-02-08T23:19:37.2762914Z   Using cached mypy_extensions-1.1.0-py3-none-any.whl.metadata (1.1 kB)
Lint Backend	Install dependencies	2026-02-08T23:19:37.2959899Z Collecting pathspec>=0.9.0 (from mypy)
Lint Backend	Install dependencies	2026-02-08T23:19:37.2974266Z   Using cached pathspec-1.0.4-py3-none-any.whl.metadata (13 kB)
Lint Backend	Install dependencies	2026-02-08T23:19:37.4027089Z Collecting librt>=0.6.2 (from mypy)
Lint Backend	Install dependencies	2026-02-08T23:19:37.4040607Z   Using cached librt-0.7.8-cp311-cp311-manylinux2014_x86_64.manylinux_2_17_x86_64.manylinux_2_28_x86_64.whl.metadata (1.3 kB)
Lint Backend	Install dependencies	2026-02-08T23:19:37.4078614Z Using cached ruff-0.15.0-py3-none-manylinux_2_17_x86_64.manylinux2014_x86_64.whl (11.1 MB)
Lint Backend	Install dependencies	2026-02-08T23:19:37.4150268Z Using cached mypy-1.19.1-cp311-cp311-manylinux2014_x86_64.manylinux_2_17_x86_64.manylinux_2_28_x86_64.whl (13.4 MB)
Lint Backend	Install dependencies	2026-02-08T23:19:37.4233974Z Using cached librt-0.7.8-cp311-cp311-manylinux2014_x86_64.manylinux_2_17_x86_64.manylinux_2_28_x86_64.whl (188 kB)
Lint Backend	Install dependencies	2026-02-08T23:19:37.4248417Z Using cached mypy_extensions-1.1.0-py3-none-any.whl (5.0 kB)
Lint Backend	Install dependencies	2026-02-08T23:19:37.4260661Z Using cached pathspec-1.0.4-py3-none-any.whl (55 kB)
Lint Backend	Install dependencies	2026-02-08T23:19:37.4272907Z Using cached typing_extensions-4.15.0-py3-none-any.whl (44 kB)
Lint Backend	Install dependencies	2026-02-08T23:19:37.4760891Z Installing collected packages: typing_extensions, ruff, pathspec, mypy_extensions, librt, mypy
Lint Backend	Install dependencies	2026-02-08T23:19:38.8160228Z 
Lint Backend	Install dependencies	2026-02-08T23:19:38.8169978Z Successfully installed librt-0.7.8 mypy-1.19.1 mypy_extensions-1.1.0 pathspec-1.0.4 ruff-0.15.0 typing_extensions-4.15.0
Lint Backend	Lint with ruff	﻿2026-02-08T23:19:38.9593732Z ##[group]Run ruff check api/ pipeline/
Lint Backend	Lint with ruff	2026-02-08T23:19:38.9594054Z [36;1mruff check api/ pipeline/[0m
Lint Backend	Lint with ruff	2026-02-08T23:19:38.9614480Z shell: /usr/bin/bash -e {0}
Lint Backend	Lint with ruff	2026-02-08T23:19:38.9614722Z env:
Lint Backend	Lint with ruff	2026-02-08T23:19:38.9614975Z   pythonLocation: /opt/hostedtoolcache/Python/3.11.14/x64
Lint Backend	Lint with ruff	2026-02-08T23:19:38.9615547Z   PKG_CONFIG_PATH: /opt/hostedtoolcache/Python/3.11.14/x64/lib/pkgconfig
Lint Backend	Lint with ruff	2026-02-08T23:19:38.9615938Z   Python_ROOT_DIR: /opt/hostedtoolcache/Python/3.11.14/x64
Lint Backend	Lint with ruff	2026-02-08T23:19:38.9616278Z   Python2_ROOT_DIR: /opt/hostedtoolcache/Python/3.11.14/x64
Lint Backend	Lint with ruff	2026-02-08T23:19:38.9616625Z   Python3_ROOT_DIR: /opt/hostedtoolcache/Python/3.11.14/x64
Lint Backend	Lint with ruff	2026-02-08T23:19:38.9616979Z   LD_LIBRARY_PATH: /opt/hostedtoolcache/Python/3.11.14/x64/lib
Lint Backend	Lint with ruff	2026-02-08T23:19:38.9617262Z ##[endgroup]
Lint Backend	Lint with ruff	2026-02-08T23:19:39.0088106Z All checks passed!
Lint Backend	Type check with mypy	﻿2026-02-08T23:19:39.0119893Z ##[group]Run mypy api/ --ignore-missing-imports --no-error-summary || true
Lint Backend	Type check with mypy	2026-02-08T23:19:39.0120409Z [36;1mmypy api/ --ignore-missing-imports --no-error-summary || true[0m
Lint Backend	Type check with mypy	2026-02-08T23:19:39.0140894Z shell: /usr/bin/bash -e {0}
Lint Backend	Type check with mypy	2026-02-08T23:19:39.0141177Z env:
Lint Backend	Type check with mypy	2026-02-08T23:19:39.0141420Z   pythonLocation: /opt/hostedtoolcache/Python/3.11.14/x64
Lint Backend	Type check with mypy	2026-02-08T23:19:39.0141812Z   PKG_CONFIG_PATH: /opt/hostedtoolcache/Python/3.11.14/x64/lib/pkgconfig
Lint Backend	Type check with mypy	2026-02-08T23:19:39.0142194Z   Python_ROOT_DIR: /opt/hostedtoolcache/Python/3.11.14/x64
Lint Backend	Type check with mypy	2026-02-08T23:19:39.0142530Z   Python2_ROOT_DIR: /opt/hostedtoolcache/Python/3.11.14/x64
Lint Backend	Type check with mypy	2026-02-08T23:19:39.0142873Z   Python3_ROOT_DIR: /opt/hostedtoolcache/Python/3.11.14/x64
Lint Backend	Type check with mypy	2026-02-08T23:19:39.0143214Z   LD_LIBRARY_PATH: /opt/hostedtoolcache/Python/3.11.14/x64/lib
Lint Backend	Type check with mypy	2026-02-08T23:19:39.0143504Z ##[endgroup]
Lint Backend	Type check with mypy	2026-02-08T23:19:40.8705796Z pipeline/utils/http.py:33:57: error: Incompatible default for argument "status_code" (default has type "None", argument has type "int")  [assignment]
Lint Backend	Type check with mypy	2026-02-08T23:19:40.8707657Z pipeline/utils/http.py:33:57: note: PEP 484 prohibits implicit Optional. Accordingly, mypy has changed its default to no_implicit_optional=True
Lint Backend	Type check with mypy	2026-02-08T23:19:40.8708931Z pipeline/utils/http.py:33:57: note: Use https://github.com/hauntsaninja/no_implicit_optional to automatically upgrade your codebase
Lint Backend	Type check with mypy	2026-02-08T23:19:40.9326306Z api/routes/sitemap.py:22:1: error: Function is missing a return type annotation  [no-untyped-def]
Lint Backend	Type check with mypy	2026-02-08T23:19:40.9534148Z api/cache.py:148:1: error: Function is missing a return type annotation  [no-untyped-def]
Lint Backend	Type check with mypy	2026-02-08T23:19:40.9535398Z api/cache.py:157:5: error: Function is missing a return type annotation  [no-untyped-def]
Lint Backend	Type check with mypy	2026-02-08T23:19:40.9598357Z api/services/lyra_embeddings.py:48:9: error: Returning Any from function declared to return "list[list[float]]"  [no-any-return]
Lint Backend	Type check with mypy	2026-02-08T23:19:40.9600041Z api/services/lyra_embeddings.py:54:9: error: Returning Any from function declared to return "list[float]"  [no-any-return]
Lint Backend	Type check with mypy	2026-02-08T23:19:40.9714712Z api/routes/og.py:172:1: error: Function is missing a return type annotation  [no-untyped-def]
Lint Backend	Type check with mypy	2026-02-08T23:19:40.9716033Z api/routes/og.py:361:1: error: Function is missing a return type annotation  [no-untyped-def]
Lint Backend	Type check with mypy	2026-02-08T23:19:40.9717533Z api/routes/og.py:461:1: error: Function is missing a return type annotation  [no-untyped-def]
Lint Backend	Type check with mypy	2026-02-08T23:19:40.9815804Z api/routes/streetview.py:27:1: error: Function is missing a return type annotation  [no-untyped-def]
Lint Backend	Type check with mypy	2026-02-08T23:19:40.9892355Z api/routes/sources.py:95:1: error: Function is missing a return type annotation  [no-untyped-def]
Lint Backend	Type check with mypy	2026-02-08T23:19:40.9893574Z api/routes/sources.py:167:1: error: Function is missing a return type annotation  [no-untyped-def]
Lint Backend	Type check with mypy	2026-02-08T23:19:41.0074060Z api/routes/sites.py:200:1: error: Function is missing a return type annotation  [no-untyped-def]
Lint Backend	Type check with mypy	2026-02-08T23:19:41.0075429Z api/routes/sites.py:214:1: error: Function is missing a return type annotation  [no-untyped-def]
Lint Backend	Type check with mypy	2026-02-08T23:19:41.0076819Z api/routes/sites.py:249:33: error: Incompatible types in assignment (expression has type "list[str]", target has type "int")  [assignment]
Lint Backend	Type check with mypy	2026-02-08T23:19:41.0078304Z api/routes/sites.py:253:35: error: Incompatible types in assignment (expression has type "str", target has type "int")  [assignment]
Lint Backend	Type check with mypy	2026-02-08T23:19:41.0079618Z api/routes/sites.py:349:1: error: Function is missing a return type annotation  [no-untyped-def]
Lint Backend	Type check with mypy	2026-02-08T23:19:41.0080965Z api/routes/sites.py:378:29: error: Incompatible types in assignment (expression has type "list[str]", target has type "float")  [assignment]
Lint Backend	Type check with mypy	2026-02-08T23:19:41.0082216Z api/routes/sites.py:417:1: error: Function is missing a return type annotation  [no-untyped-def]
Lint Backend	Type check with mypy	2026-02-08T23:19:41.0083000Z api/routes/sites.py:490:1: error: Function is missing a return type annotation  [no-untyped-def]
Lint Backend	Type check with mypy	2026-02-08T23:19:41.0083758Z api/routes/sites.py:596:1: error: Function is missing a return type annotation  [no-untyped-def]
Lint Backend	Type check with mypy	2026-02-08T23:19:41.0084615Z api/routes/sites.py:680:1: error: Function is missing a return type annotation  [no-untyped-def]
Lint Backend	Type check with mypy	2026-02-08T23:19:41.0085954Z api/routes/sites.py:741:1: error: Function is missing a return type annotation  [no-untyped-def]
Lint Backend	Type check with mypy	2026-02-08T23:19:41.0219322Z api/routes/radar.py:117:5: error: Need type annotation for "videos" (hint: "videos: list[<type>] = ...")  [var-annotated]
Lint Backend	Type check with mypy	2026-02-08T23:19:41.0220632Z api/routes/radar.py:152:1: error: Function is missing a return type annotation  [no-untyped-def]
Lint Backend	Type check with mypy	2026-02-08T23:19:41.0221723Z api/routes/radar.py:363:1: error: Function is missing a return type annotation  [no-untyped-def]
Lint Backend	Type check with mypy	2026-02-08T23:19:41.0359275Z api/routes/news.py:154:1: error: Function is missing a return type annotation  [no-untyped-def]
Lint Backend	Type check with mypy	2026-02-08T23:19:41.0360378Z api/routes/news.py:279:1: error: Function is missing a return type annotation  [no-untyped-def]
Lint Backend	Type check with mypy	2026-02-08T23:19:41.0361320Z api/routes/news.py:369:1: error: Function is missing a return type annotation  [no-untyped-def]
Lint Backend	Type check with mypy	2026-02-08T23:19:41.0362266Z api/routes/news.py:393:1: error: Function is missing a return type annotation  [no-untyped-def]
Lint Backend	Type check with mypy	2026-02-08T23:19:41.0363333Z api/routes/news.py:417:1: error: Function is missing a return type annotation  [no-untyped-def]
Lint Backend	Type check with mypy	2026-02-08T23:19:41.0364363Z api/routes/news.py:458:1: error: Function is missing a return type annotation  [no-untyped-def]
Lint Backend	Type check with mypy	2026-02-08T23:19:41.0801489Z api/services/lyra_agent.py:964:9: error: Need type annotation for "tool_calls" (hint: "tool_calls: list[<type>] = ...")  [var-annotated]
Lint Backend	Type check with mypy	2026-02-08T23:19:41.1368662Z api/routes/contributions.py:36:1: error: Function is missing a return type annotation  [no-untyped-def]
Lint Backend	Type check with mypy	2026-02-08T23:19:41.1369842Z api/routes/contributions.py:68:1: error: Function is missing a return type annotation  [no-untyped-def]
Lint Backend	Type check with mypy	2026-02-08T23:19:41.1371036Z api/routes/contributions.py:159:13: error: Returning Any from function declared to return "bool"  [no-any-return]
Lint Backend	Type check with mypy	2026-02-08T23:19:41.1372516Z api/routes/contributions.py:168:25: error: Incompatible types in assignment (expression has type "float", variable has type "int")  [assignment]
Lint Backend	Type check with mypy	2026-02-08T23:19:41.1374114Z api/routes/contributions.py:200:13: error: Returning Any from function declared to return "list[dict[Any, Any]]"  [no-any-return]
Lint Backend	Type check with mypy	2026-02-08T23:19:41.1376019Z api/routes/contributions.py:268:1: error: Function is missing a return type annotation  [no-untyped-def]
Lint Backend	Type check with mypy	2026-02-08T23:19:41.1377154Z api/routes/contributions.py:318:1: error: Function is missing a return type annotation  [no-untyped-def]
Lint Backend	Type check with mypy	2026-02-08T23:19:41.1378089Z api/routes/contributions.py:355:1: error: Function is missing a return type annotation  [no-untyped-def]
Lint Backend	Type check with mypy	2026-02-08T23:19:41.1431351Z api/routes/lyra.py:86:1: error: Function is missing a return type annotation  [no-untyped-def]
Lint Backend	Type check with mypy	2026-02-08T23:19:41.1432460Z api/routes/lyra.py:116:1: error: Function is missing a return type annotation  [no-untyped-def]
Lint Backend	Type check with mypy	2026-02-08T23:19:41.1433487Z api/routes/lyra.py:134:1: error: Function is missing a return type annotation  [no-untyped-def]
Lint Backend	Type check with mypy	2026-02-08T23:19:41.2459568Z pipeline/connectors/protocols/cts.py:206:9: error: Returning Any from function declared to return "dict[str, Any]"  [no-any-return]
Lint Backend	Type check with mypy	2026-02-08T23:19:41.2561970Z pipeline/connectors/protocols/arcgis.py:157:13: error: Returning Any from function declared to return "dict[str, Any]"  [no-any-return]
Lint Backend	Type check with mypy	2026-02-08T23:19:41.2563584Z pipeline/connectors/protocols/arcgis.py:209:13: error: Returning Any from function declared to return "dict[str, Any]"  [no-any-return]
Lint Backend	Type check with mypy	2026-02-08T23:19:41.2565416Z pipeline/connectors/protocols/arcgis.py:255:9: error: Returning Any from function declared to return "list[dict[str, Any]]"  [no-any-return]
Lint Backend	Type check with mypy	2026-02-08T23:19:41.2566939Z pipeline/connectors/protocols/arcgis.py:301:9: error: Returning Any from function declared to return "list[dict[str, Any]]"  [no-any-return]
Lint Backend	Type check with mypy	2026-02-08T23:19:41.2568513Z pipeline/connectors/protocols/arcgis.py:368:9: error: Returning Any from function declared to return "dict[str, Any]"  [no-any-return]
Lint Backend	Type check with mypy	2026-02-08T23:19:41.2569825Z pipeline/connectors/protocols/arcgis.py:392:9: error: Returning Any from function declared to return "int"  [no-any-return]
Lint Backend	Type check with mypy	2026-02-08T23:19:41.2744277Z pipeline/connectors/protocols/oai_pmh.py:355:49: error: Argument 1 to "int" has incompatible type "str | None"; expected "str | Buffer | SupportsInt | SupportsIndex | SupportsTrunc"  [arg-type]
Lint Backend	Type check with mypy	2026-02-08T23:19:41.2746732Z pipeline/connectors/protocols/oai_pmh.py:357:37: error: Argument 1 to "int" has incompatible type "str | None"; expected "str | Buffer | SupportsInt | SupportsIndex | SupportsTrunc"  [arg-type]
Lint Backend	Type check with mypy	2026-02-08T23:19:41.2748687Z pipeline/connectors/protocols/oai_pmh.py:446:28: error: Argument "identifier" to "OAIRecord" has incompatible type "str | None"; expected "str"  [arg-type]
Lint Backend	Type check with mypy	2026-02-08T23:19:41.2750566Z pipeline/connectors/protocols/oai_pmh.py:461:49: error: Argument 1 to "int" has incompatible type "str | None"; expected "str | Buffer | SupportsInt | SupportsIndex | SupportsTrunc"  [arg-type]
Lint Backend	Type check with mypy	2026-02-08T23:19:41.2752452Z pipeline/connectors/protocols/oai_pmh.py:472:24: error: Argument "identifier" to "OAIRecord" has incompatible type "str | None"; expected "str"  [arg-type]
Lint Backend	Type check with mypy	2026-02-08T23:19:41.2823731Z pipeline/connectors/protocols/sparql.py:145:17: error: Returning Any from function declared to return "dict[str, Any]"  [no-any-return]
Lint Backend	Type check with mypy	2026-02-08T23:19:41.2825519Z pipeline/connectors/protocols/sparql.py:208:9: error: Returning Any from function declared to return "bool"  [no-any-return]
Lint Backend	Type check with mypy	2026-02-08T23:19:41.2826968Z pipeline/connectors/protocols/sparql.py:226:9: error: Returning Any from function declared to return "str"  [no-any-return]
Lint Backend	Type check with mypy	2026-02-08T23:19:41.2828675Z pipeline/connectors/protocols/sparql.py:277:32: error: Incompatible default for argument "languages" (default has type "None", argument has type "list[str]")  [assignment]
Lint Backend	Type check with mypy	2026-02-08T23:19:41.2830239Z pipeline/connectors/protocols/sparql.py:277:32: note: PEP 484 prohibits implicit Optional. Accordingly, mypy has changed its default to no_implicit_optional=True
Lint Backend	Type check with mypy	2026-02-08T23:19:41.2831682Z pipeline/connectors/protocols/sparql.py:277:32: note: Use https://github.com/hauntsaninja/no_implicit_optional to automatically upgrade your codebase
Lint Backend	Type check with mypy	2026-02-08T23:19:41.2968501Z pipeline/connectors/protocols/mediawiki.py:134:13: error: Returning Any from function declared to return "dict[str, Any]"  [no-any-return]
Lint Backend	Type check with mypy	2026-02-08T23:19:41.2970784Z pipeline/connectors/protocols/mediawiki.py:144:26: error: Incompatible default for argument "file_type" (default has type "None", argument has type "str")  [assignment]
Lint Backend	Type check with mypy	2026-02-08T23:19:41.2972728Z pipeline/connectors/protocols/mediawiki.py:144:26: note: PEP 484 prohibits implicit Optional. Accordingly, mypy has changed its default to no_implicit_optional=True
Lint Backend	Type check with mypy	2026-02-08T23:19:41.2974522Z pipeline/connectors/protocols/mediawiki.py:144:26: note: Use https://github.com/hauntsaninja/no_implicit_optional to automatically upgrade your codebase
Lint Backend	Type check with mypy	2026-02-08T23:19:41.3082508Z pipeline/connectors/protocols/rest.py:169:9: error: Returning Any from function declared to return "dict[str, Any]"  [no-any-return]
Lint Backend	Type check with mypy	2026-02-08T23:19:41.3083539Z pipeline/connectors/protocols/rest.py:210:9: error: Returning Any from function declared to return "dict[str, Any]"  [no-any-return]
Lint Backend	Type check with mypy	2026-02-08T23:19:41.3224721Z pipeline/connectors/protocols/iiif.py:162:13: error: Returning Any from function declared to return "dict[str, Any]"  [no-any-return]
Lint Backend	Type check with mypy	2026-02-08T23:19:41.3226075Z pipeline/connectors/protocols/iiif.py:192:13: error: Returning Any from function declared to return "dict[str, Any]"  [no-any-return]
Lint Backend	Type check with mypy	2026-02-08T23:19:41.3227019Z pipeline/connectors/protocols/iiif.py:216:13: error: Returning Any from function declared to return "dict[str, Any]"  [no-any-return]
Lint Backend	Type check with mypy	2026-02-08T23:19:41.3227989Z pipeline/connectors/protocols/iiif.py:261:9: error: Need type annotation for "images" (hint: "images: list[<type>] = ...")  [var-annotated]
Lint Backend	Type check with mypy	2026-02-08T23:19:41.3228972Z pipeline/connectors/protocols/iiif.py:308:9: error: Need type annotation for "images" (hint: "images: list[<type>] = ...")  [var-annotated]
Lint Backend	Type check with mypy	2026-02-08T23:19:41.3230235Z pipeline/connectors/protocols/iiif.py:368:21: error: Returning Any from function declared to return "str"  [no-any-return]
Lint Backend	Type check with mypy	2026-02-08T23:19:41.3231111Z pipeline/connectors/protocols/iiif.py:371:17: error: Returning Any from function declared to return "str"  [no-any-return]
Lint Backend	Type check with mypy	2026-02-08T23:19:41.3231982Z pipeline/connectors/protocols/iiif.py:376:17: error: Returning Any from function declared to return "str"  [no-any-return]
Lint Backend	Type check with mypy	2026-02-08T23:19:41.3331294Z pipeline/connectors/base.py:42:25: error: Incompatible types in assignment (expression has type "None", variable has type "str")  [assignment]
Lint Backend	Type check with mypy	2026-02-08T23:19:41.3332870Z pipeline/connectors/base.py:43:27: error: Incompatible types in assignment (expression has type "None", variable has type "str")  [assignment]
Lint Backend	Type check with mypy	2026-02-08T23:19:41.3334273Z pipeline/connectors/base.py:44:24: error: Incompatible types in assignment (expression has type "None", variable has type "str")  [assignment]
Lint Backend	Type check with mypy	2026-02-08T23:19:41.3335908Z pipeline/connectors/base.py:50:21: error: Incompatible types in assignment (expression has type "None", variable has type "str")  [assignment]
Lint Backend	Type check with mypy	2026-02-08T23:19:41.3337078Z pipeline/connectors/base.py:60:20: error: Incompatible types in assignment (expression has type "None", variable has type "str")  [assignment]
Lint Backend	Type check with mypy	2026-02-08T23:19:41.3338059Z pipeline/connectors/base.py:61:24: error: Incompatible types in assignment (expression has type "None", variable has type "str")  [assignment]
Lint Backend	Type check with mypy	2026-02-08T23:19:41.3339034Z pipeline/connectors/base.py:158:31: error: Incompatible types in assignment (expression has type "None", variable has type "str")  [assignment]
Lint Backend	Type check with mypy	2026-02-08T23:19:41.3339929Z pipeline/connectors/base.py:176:13: error: Returning Any from function declared to return "bool"  [no-any-return]
Lint Backend	Type check with mypy	2026-02-08T23:19:41.3340708Z pipeline/connectors/base.py:185:17: error: Returning Any from function declared to return "bool"  [no-any-return]
Lint Backend	Type check with mypy	2026-02-08T23:19:41.3341541Z pipeline/connectors/base.py:235:5: error: Function is missing a type annotation for one or more arguments  [no-untyped-def]
Lint Backend	Type check with mypy	2026-02-08T23:19:41.3342397Z pipeline/connectors/base.py:301:5: error: Function is missing a type annotation for one or more arguments  [no-untyped-def]
Lint Backend	Type check with mypy	2026-02-08T23:19:41.3343530Z pipeline/connectors/base.py:326:5: error: Function is missing a type annotation for one or more arguments  [no-untyped-def]
Lint Backend	Type check with mypy	2026-02-08T23:19:41.3344378Z pipeline/connectors/base.py:356:5: error: Function is missing a type annotation for one or more arguments  [no-untyped-def]
Lint Backend	Type check with mypy	2026-02-08T23:19:41.3345419Z pipeline/connectors/base.py:389:5: error: Function is missing a type annotation for one or more arguments  [no-untyped-def]
Lint Backend	Type check with mypy	2026-02-08T23:19:41.3346463Z pipeline/connectors/base.py:467:37: error: Incompatible default for argument "boost_keywords" (default has type "None", argument has type "list[str]")  [assignment]
Lint Backend	Type check with mypy	2026-02-08T23:19:41.3347575Z pipeline/connectors/base.py:467:37: note: PEP 484 prohibits implicit Optional. Accordingly, mypy has changed its default to no_implicit_optional=True
Lint Backend	Type check with mypy	2026-02-08T23:19:41.3348629Z pipeline/connectors/base.py:467:37: note: Use https://github.com/hauntsaninja/no_implicit_optional to automatically upgrade your codebase
Lint Backend	Type check with mypy	2026-02-08T23:19:41.3349542Z pipeline/connectors/base.py:521:5: error: Function is missing a type annotation for one or more arguments  [no-untyped-def]
Lint Backend	Type check with mypy	2026-02-08T23:19:41.3993522Z pipeline/connectors/registry.py:200:26: error: Incompatible types in assignment (expression has type "list[BaseConnector]", variable has type "list[BaseConnector | None]")  [assignment]
Lint Backend	Type check with mypy	2026-02-08T23:19:41.3995369Z pipeline/connectors/registry.py:200:26: note: "list" is invariant -- see https://mypy.readthedocs.io/en/stable/common_issues.html#variance
Lint Backend	Type check with mypy	2026-02-08T23:19:41.3996270Z pipeline/connectors/registry.py:200:26: note: Consider using "Sequence" instead, which is covariant
Lint Backend	Type check with mypy	2026-02-08T23:19:41.3997281Z pipeline/connectors/registry.py:202:26: error: Incompatible types in assignment (expression has type "list[BaseConnector]", variable has type "list[BaseConnector | None]")  [assignment]
Lint Backend	Type check with mypy	2026-02-08T23:19:41.3998751Z pipeline/connectors/registry.py:202:26: note: "list" is invariant -- see https://mypy.readthedocs.io/en/stable/common_issues.html#variance
Lint Backend	Type check with mypy	2026-02-08T23:19:41.3999591Z pipeline/connectors/registry.py:202:26: note: Consider using "Sequence" instead, which is covariant
Lint Backend	Type check with mypy	2026-02-08T23:19:41.4000517Z pipeline/connectors/registry.py:228:35: error: Argument 1 to "search_connector" has incompatible type "BaseConnector | None"; expected "BaseConnector"  [arg-type]
Lint Backend	Type check with mypy	2026-02-08T23:19:41.4001426Z pipeline/connectors/registry.py:249:42: error: "BaseException" object is not iterable  [misc]
Lint Backend	Type check with mypy	2026-02-08T23:19:41.4002418Z pipeline/connectors/registry.py:307:26: error: Incompatible types in assignment (expression has type "list[BaseConnector]", variable has type "list[BaseConnector | None]")  [assignment]
Lint Backend	Type check with mypy	2026-02-08T23:19:41.4003550Z pipeline/connectors/registry.py:307:26: note: "list" is invariant -- see https://mypy.readthedocs.io/en/stable/common_issues.html#variance
Lint Backend	Type check with mypy	2026-02-08T23:19:41.4004363Z pipeline/connectors/registry.py:307:26: note: Consider using "Sequence" instead, which is covariant
Lint Backend	Type check with mypy	2026-02-08T23:19:41.4005557Z pipeline/connectors/registry.py:309:26: error: Incompatible types in assignment (expression has type "list[BaseConnector]", variable has type "list[BaseConnector | None]")  [assignment]
Lint Backend	Type check with mypy	2026-02-08T23:19:41.4006786Z pipeline/connectors/registry.py:309:26: note: "list" is invariant -- see https://mypy.readthedocs.io/en/stable/common_issues.html#variance
Lint Backend	Type check with mypy	2026-02-08T23:19:41.4007608Z pipeline/connectors/registry.py:309:26: note: Consider using "Sequence" instead, which is covariant
Lint Backend	Type check with mypy	2026-02-08T23:19:41.4008511Z pipeline/connectors/registry.py:329:34: error: Argument 1 to "query_connector" has incompatible type "BaseConnector | None"; expected "BaseConnector"  [arg-type]
Lint Backend	Type check with mypy	2026-02-08T23:19:41.4009415Z pipeline/connectors/registry.py:348:42: error: "BaseException" object is not iterable  [misc]
Lint Backend	Type check with mypy	2026-02-08T23:19:41.4010075Z pipeline/connectors/registry.py:444:42: error: "BaseException" object is not iterable  [misc]
Lint Backend	Type check with mypy	2026-02-08T23:19:41.4010731Z pipeline/connectors/registry.py:531:42: error: "BaseException" object is not iterable  [misc]
Lint Backend	Type check with mypy	2026-02-08T23:19:41.4011668Z pipeline/connectors/registry.py:810:33: error: Argument 1 to "append" of "list" has incompatible type "ConnectorStatus | BaseException"; expected "ConnectorStatus"  [arg-type]
Lint Backend	Type check with mypy	2026-02-08T23:19:41.4012806Z pipeline/connectors/registry.py:817:13: error: Function is missing a return type annotation  [no-untyped-def]
Lint Backend	Type check with mypy	2026-02-08T23:19:41.4013519Z pipeline/connectors/registry.py:834:40: error: "BaseException" object is not iterable  [misc]
Lint Backend	Type check with mypy	2026-02-08T23:19:41.4090870Z pipeline/connectors/vocabularies/periodo.py:42:5: error: Function is missing a type annotation for one or more arguments  [no-untyped-def]
Lint Backend	Type check with mypy	2026-02-08T23:19:41.4091964Z pipeline/connectors/vocabularies/periodo.py:46:5: error: Function is missing a type annotation for one or more arguments  [no-untyped-def]
Lint Backend	Type check with mypy	2026-02-08T23:19:41.4153569Z pipeline/connectors/vocabularies/getty_ulan.py:42:5: error: Function is missing a type annotation for one or more arguments  [no-untyped-def]
Lint Backend	Type check with mypy	2026-02-08T23:19:41.4154608Z pipeline/connectors/vocabularies/getty_ulan.py:46:5: error: Function is missing a type annotation for one or more arguments  [no-untyped-def]
Lint Backend	Type check with mypy	2026-02-08T23:19:41.4208464Z pipeline/connectors/vocabularies/getty_tgn.py:42:5: error: Function is missing a type annotation for one or more arguments  [no-untyped-def]
Lint Backend	Type check with mypy	2026-02-08T23:19:41.4209541Z pipeline/connectors/vocabularies/getty_tgn.py:46:5: error: Function is missing a type annotation for one or more arguments  [no-untyped-def]
Lint Backend	Type check with mypy	2026-02-08T23:19:41.4254002Z pipeline/connectors/vocabularies/getty_aat.py:42:5: error: Function is missing a type annotation for one or more arguments  [no-untyped-def]
Lint Backend	Type check with mypy	2026-02-08T23:19:41.4255005Z pipeline/connectors/vocabularies/getty_aat.py:46:5: error: Function is missing a type annotation for one or more arguments  [no-untyped-def]
Lint Backend	Type check with mypy	2026-02-08T23:19:41.4320808Z pipeline/connectors/vocabularies/geonames.py:42:5: error: Function is missing a type annotation for one or more arguments  [no-untyped-def]
Lint Backend	Type check with mypy	2026-02-08T23:19:41.4322090Z pipeline/connectors/vocabularies/geonames.py:49:5: error: Function is missing a type annotation for one or more arguments  [no-untyped-def]
Lint Backend	Type check with mypy	2026-02-08T23:19:41.4470646Z pipeline/connectors/texts/perseus.py:165:5: error: Function is missing a type annotation for one or more arguments  [no-untyped-def]
Lint Backend	Type check with mypy	2026-02-08T23:19:41.4471783Z pipeline/connectors/texts/perseus.py:191:5: error: Function is missing a type annotation for one or more arguments  [no-untyped-def]
Lint Backend	Type check with mypy	2026-02-08T23:19:41.4534621Z pipeline/connectors/texts/internet_archive.py:41:5: error: Function is missing a type annotation for one or more arguments  [no-untyped-def]
Lint Backend	Type check with mypy	2026-02-08T23:19:41.4535885Z pipeline/connectors/texts/internet_archive.py:45:5: error: Function is missing a type annotation for one or more arguments  [no-untyped-def]
Lint Backend	Type check with mypy	2026-02-08T23:19:41.4572865Z pipeline/connectors/texts/hathitrust.py:42:5: error: Function is missing a type annotation for one or more arguments  [no-untyped-def]
Lint Backend	Type check with mypy	2026-02-08T23:19:41.4573872Z pipeline/connectors/texts/hathitrust.py:46:5: error: Function is missing a type annotation for one or more arguments  [no-untyped-def]
Lint Backend	Type check with mypy	2026-02-08T23:19:41.4620875Z pipeline/connectors/texts/google_books.py:42:5: error: Function is missing a type annotation for one or more arguments  [no-untyped-def]
Lint Backend	Type check with mypy	2026-02-08T23:19:41.4621984Z pipeline/connectors/texts/google_books.py:46:5: error: Function is missing a type annotation for one or more arguments  [no-untyped-def]
Lint Backend	Type check with mypy	2026-02-08T23:19:41.4651625Z pipeline/connectors/texts/ctext.py:42:5: error: Function is missing a type annotation for one or more arguments  [no-untyped-def]
Lint Backend	Type check with mypy	2026-02-08T23:19:41.4652486Z pipeline/connectors/texts/ctext.py:46:5: error: Function is missing a type annotation for one or more arguments  [no-untyped-def]
Lint Backend	Type check with mypy	2026-02-08T23:19:41.4673323Z pipeline/connectors/sites/tdar.py:45:5: error: Function is missing a type annotation for one or more arguments  [no-untyped-def]
Lint Backend	Type check with mypy	2026-02-08T23:19:41.4674314Z pipeline/connectors/sites/tdar.py:49:5: error: Function is missing a type annotation for one or more arguments  [no-untyped-def]
Lint Backend	Type check with mypy	2026-02-08T23:19:41.4751105Z pipeline/connectors/sites/pleiades.py:41:5: error: Function is missing a type annotation for one or more arguments  [no-untyped-def]
Lint Backend	Type check with mypy	2026-02-08T23:19:41.4752121Z pipeline/connectors/sites/pleiades.py:45:5: error: Function is missing a type annotation for one or more arguments  [no-untyped-def]
Lint Backend	Type check with mypy	2026-02-08T23:19:41.4781522Z pipeline/connectors/sites/open_context.py:45:5: error: Function is missing a type annotation for one or more arguments  [no-untyped-def]
Lint Backend	Type check with mypy	2026-02-08T23:19:41.4782427Z pipeline/connectors/sites/open_context.py:49:5: error: Function is missing a type annotation for one or more arguments  [no-untyped-def]
Lint Backend	Type check with mypy	2026-02-08T23:19:41.4841969Z pipeline/connectors/sites/ireland_smr.py:42:5: error: Function is missing a type annotation for one or more arguments  [no-untyped-def]
Lint Backend	Type check with mypy	2026-02-08T23:19:41.4842966Z pipeline/connectors/sites/ireland_smr.py:46:5: error: Function is missing a type annotation for one or more arguments  [no-untyped-def]
Lint Backend	Type check with mypy	2026-02-08T23:19:41.4843866Z pipeline/connectors/sites/ireland_smr.py:56:29: error: "ArcGISProtocol" has no attribute "query_features"  [attr-defined]
Lint Backend	Type check with mypy	2026-02-08T23:19:41.4844734Z pipeline/connectors/sites/ireland_smr.py:102:29: error: "ArcGISProtocol" has no attribute "query_features"  [attr-defined]
Lint Backend	Type check with mypy	2026-02-08T23:19:41.4896197Z pipeline/connectors/sites/historic_england.py:42:5: error: Function is missing a type annotation for one or more arguments  [no-untyped-def]
Lint Backend	Type check with mypy	2026-02-08T23:19:41.4897208Z pipeline/connectors/sites/historic_england.py:46:5: error: Function is missing a type annotation for one or more arguments  [no-untyped-def]
Lint Backend	Type check with mypy	2026-02-08T23:19:41.4897984Z pipeline/connectors/sites/historic_england.py:57:29: error: "ArcGISProtocol" has no attribute "query_features"  [attr-defined]
Lint Backend	Type check with mypy	2026-02-08T23:19:41.4898725Z pipeline/connectors/sites/historic_england.py:102:29: error: "ArcGISProtocol" has no attribute "query_features"  [attr-defined]
Lint Backend	Type check with mypy	2026-02-08T23:19:41.4918960Z pipeline/connectors/sites/eamena.py:42:5: error: Function is missing a type annotation for one or more arguments  [no-untyped-def]
Lint Backend	Type check with mypy	2026-02-08T23:19:41.4920253Z pipeline/connectors/sites/eamena.py:46:5: error: Function is missing a type annotation for one or more arguments  [no-untyped-def]
Lint Backend	Type check with mypy	2026-02-08T23:19:41.5000449Z pipeline/connectors/sites/ariadne.py:42:5: error: Function is missing a type annotation for one or more arguments  [no-untyped-def]
Lint Backend	Type check with mypy	2026-02-08T23:19:41.5001491Z pipeline/connectors/sites/ariadne.py:46:5: error: Function is missing a type annotation for one or more arguments  [no-untyped-def]
Lint Backend	Type check with mypy	2026-02-08T23:19:41.5086549Z pipeline/connectors/papers/semantic_scholar.py:46:5: error: Function is missing a type annotation for one or more arguments  [no-untyped-def]
Lint Backend	Type check with mypy	2026-02-08T23:19:41.5087648Z pipeline/connectors/papers/semantic_scholar.py:57:5: error: Function is missing a type annotation for one or more arguments  [no-untyped-def]
Lint Backend	Type check with mypy	2026-02-08T23:19:41.5195860Z pipeline/connectors/papers/openalex.py:73:5: error: Function is missing a type annotation for one or more arguments  [no-untyped-def]
Lint Backend	Type check with mypy	2026-02-08T23:19:41.5197133Z pipeline/connectors/papers/openalex.py:85:5: error: Function is missing a type annotation for one or more arguments  [no-untyped-def]
Lint Backend	Type check with mypy	2026-02-08T23:19:41.5219276Z pipeline/connectors/papers/jstor.py:42:5: error: Function is missing a type annotation for one or more arguments  [no-untyped-def]
Lint Backend	Type check with mypy	2026-02-08T23:19:41.5221002Z pipeline/connectors/papers/jstor.py:46:5: error: Function is missing a type annotation for one or more arguments  [no-untyped-def]
Lint Backend	Type check with mypy	2026-02-08T23:19:41.5239753Z pipeline/connectors/papers/internet_archaeology.py:41:5: error: Function is missing a type annotation for one or more arguments  [no-untyped-def]
Lint Backend	Type check with mypy	2026-02-08T23:19:41.5240822Z pipeline/connectors/papers/internet_archaeology.py:45:5: error: Function is missing a type annotation for one or more arguments  [no-untyped-def]
Lint Backend	Type check with mypy	2026-02-08T23:19:41.5289595Z pipeline/connectors/papers/europe_pmc.py:42:5: error: Function is missing a type annotation for one or more arguments  [no-untyped-def]
Lint Backend	Type check with mypy	2026-02-08T23:19:41.5290899Z pipeline/connectors/papers/europe_pmc.py:46:5: error: Function is missing a type annotation for one or more arguments  [no-untyped-def]
Lint Backend	Type check with mypy	2026-02-08T23:19:41.5333894Z pipeline/connectors/papers/core.py:42:5: error: Function is missing a type annotation for one or more arguments  [no-untyped-def]
Lint Backend	Type check with mypy	2026-02-08T23:19:41.5334865Z pipeline/connectors/papers/core.py:46:5: error: Function is missing a type annotation for one or more arguments  [no-untyped-def]
Lint Backend	Type check with mypy	2026-02-08T23:19:41.5477601Z pipeline/connectors/papers/arxiv.py:76:5: error: Function is missing a type annotation for one or more arguments  [no-untyped-def]
Lint Backend	Type check with mypy	2026-02-08T23:19:41.5478744Z pipeline/connectors/papers/arxiv.py:101:5: error: Function is missing a type annotation for one or more arguments  [no-untyped-def]
Lint Backend	Type check with mypy	2026-02-08T23:19:41.5479746Z pipeline/connectors/papers/arxiv.py:370:31: error: Incompatible types in assignment (expression has type "str | None", variable has type "str")  [assignment]
Lint Backend	Type check with mypy	2026-02-08T23:19:41.5480862Z pipeline/connectors/papers/arxiv.py:431:31: error: Incompatible types in assignment (expression has type "str | None", variable has type "str")  [assignment]
Lint Backend	Type check with mypy	2026-02-08T23:19:41.5567798Z pipeline/connectors/numismatics/pas_coins.py:45:5: error: Function is missing a type annotation for one or more arguments  [no-untyped-def]
Lint Backend	Type check with mypy	2026-02-08T23:19:41.5568993Z pipeline/connectors/numismatics/pas_coins.py:49:5: error: Function is missing a type annotation for one or more arguments  [no-untyped-def]
Lint Backend	Type check with mypy	2026-02-08T23:19:41.5648443Z pipeline/connectors/numismatics/nomisma.py:43:5: error: Function is missing a type annotation for one or more arguments  [no-untyped-def]
Lint Backend	Type check with mypy	2026-02-08T23:19:41.5650209Z pipeline/connectors/numismatics/nomisma.py:48:5: error: Function is missing a type annotation for one or more arguments  [no-untyped-def]
Lint Backend	Type check with mypy	2026-02-08T23:19:41.5728124Z pipeline/connectors/numismatics/ans.py:42:5: error: Function is missing a type annotation for one or more arguments  [no-untyped-def]
Lint Backend	Type check with mypy	2026-02-08T23:19:41.5729169Z pipeline/connectors/numismatics/ans.py:46:5: error: Function is missing a type annotation for one or more arguments  [no-untyped-def]
Lint Backend	Type check with mypy	2026-02-08T23:19:41.5810733Z pipeline/connectors/museums/pas.py:42:5: error: Function is missing a type annotation for one or more arguments  [no-untyped-def]
Lint Backend	Type check with mypy	2026-02-08T23:19:41.5812278Z pipeline/connectors/museums/pas.py:46:5: error: Function is missing a type annotation for one or more arguments  [no-untyped-def]
Lint Backend	Type check with mypy	2026-02-08T23:19:41.5899051Z pipeline/connectors/museums/met_museum.py:54:5: error: Function is missing a type annotation for one or more arguments  [no-untyped-def]
Lint Backend	Type check with mypy	2026-02-08T23:19:41.5900115Z pipeline/connectors/museums/met_museum.py:61:5: error: Function is missing a type annotation for one or more arguments  [no-untyped-def]
Lint Backend	Type check with mypy	2026-02-08T23:19:41.5901090Z pipeline/connectors/museums/met_museum.py:114:13: error: Need type annotation for "items" (hint: "items: list[<type>] = ...")  [var-annotated]
Lint Backend	Type check with mypy	2026-02-08T23:19:41.5902086Z pipeline/connectors/museums/met_museum.py:148:5: error: Function is missing a type annotation for one or more arguments  [no-untyped-def]
Lint Backend	Type check with mypy	2026-02-08T23:19:41.5903046Z pipeline/connectors/museums/met_museum.py:174:5: error: Function is missing a type annotation for one or more arguments  [no-untyped-def]
Lint Backend	Type check with mypy	2026-02-08T23:19:41.5904004Z pipeline/connectors/museums/met_museum.py:224:13: error: Need type annotation for "items" (hint: "items: list[<type>] = ...")  [var-annotated]
Lint Backend	Type check with mypy	2026-02-08T23:19:41.5999917Z pipeline/connectors/museums/louvre.py:55:5: error: Function is missing a type annotation for one or more arguments  [no-untyped-def]
Lint Backend	Type check with mypy	2026-02-08T23:19:41.6001204Z pipeline/connectors/museums/louvre.py:63:5: error: Function is missing a type annotation for one or more arguments  [no-untyped-def]
Lint Backend	Type check with mypy	2026-02-08T23:19:41.6002131Z pipeline/connectors/museums/louvre.py:97:9: error: Need type annotation for "items" (hint: "items: list[<type>] = ...")  [var-annotated]
Lint Backend	Type check with mypy	2026-02-08T23:19:41.6144801Z pipeline/connectors/museums/getty.py:56:5: error: Function is missing a type annotation for one or more arguments  [no-untyped-def]
Lint Backend	Type check with mypy	2026-02-08T23:19:41.6146431Z pipeline/connectors/museums/getty.py:64:5: error: Function is missing a type annotation for one or more arguments  [no-untyped-def]
Lint Backend	Type check with mypy	2026-02-08T23:19:41.6147405Z pipeline/connectors/museums/getty.py:172:21: error: Argument "url" to "ContentItem" has incompatible type "Any | None"; expected "str"  [arg-type]
Lint Backend	Type check with mypy	2026-02-08T23:19:41.6148381Z pipeline/connectors/museums/getty.py:187:9: error: Need type annotation for "items" (hint: "items: list[<type>] = ...")  [var-annotated]
Lint Backend	Type check with mypy	2026-02-08T23:19:41.6208160Z pipeline/connectors/museums/europeana.py:48:5: error: Function is missing a type annotation for one or more arguments  [no-untyped-def]
Lint Backend	Type check with mypy	2026-02-08T23:19:41.6209401Z pipeline/connectors/museums/europeana.py:52:5: error: Function is missing a type annotation for one or more arguments  [no-untyped-def]
Lint Backend	Type check with mypy	2026-02-08T23:19:41.6299674Z pipeline/connectors/models3d/sketchfab.py:60:5: error: Function is missing a type annotation for one or more arguments  [no-untyped-def]
Lint Backend	Type check with mypy	2026-02-08T23:19:41.6300676Z pipeline/connectors/models3d/sketchfab.py:67:5: error: Function is missing a type annotation for one or more arguments  [no-untyped-def]
Lint Backend	Type check with mypy	2026-02-08T23:19:41.6301624Z pipeline/connectors/models3d/sketchfab.py:159:5: error: Function is missing a type annotation for one or more arguments  [no-untyped-def]
Lint Backend	Type check with mypy	2026-02-08T23:19:41.6302580Z pipeline/connectors/models3d/sketchfab.py:250:17: error: Returning Any from function declared to return "str | None"  [no-any-return]
Lint Backend	Type check with mypy	2026-02-08T23:19:41.6303510Z pipeline/connectors/models3d/sketchfab.py:255:17: error: Returning Any from function declared to return "str | None"  [no-any-return]
Lint Backend	Type check with mypy	2026-02-08T23:19:41.6323552Z pipeline/connectors/models3d/open_heritage_3d.py:42:5: error: Function is missing a type annotation for one or more arguments  [no-untyped-def]
Lint Backend	Type check with mypy	2026-02-08T23:19:41.6324630Z pipeline/connectors/models3d/open_heritage_3d.py:46:5: error: Function is missing a type annotation for one or more arguments  [no-untyped-def]
Lint Backend	Type check with mypy	2026-02-08T23:19:41.6393315Z pipeline/connectors/models3d/morphosource.py:50:5: error: Function is missing a type annotation for one or more arguments  [no-untyped-def]
Lint Backend	Type check with mypy	2026-02-08T23:19:41.6394342Z pipeline/connectors/models3d/morphosource.py:54:5: error: Function is missing a type annotation for one or more arguments  [no-untyped-def]
Lint Backend	Type check with mypy	2026-02-08T23:19:41.6415895Z pipeline/connectors/models3d/cyark.py:42:5: error: Function is missing a type annotation for one or more arguments  [no-untyped-def]
Lint Backend	Type check with mypy	2026-02-08T23:19:41.6416891Z pipeline/connectors/models3d/cyark.py:46:5: error: Function is missing a type annotation for one or more arguments  [no-untyped-def]
Lint Backend	Type check with mypy	2026-02-08T23:19:41.6506713Z pipeline/connectors/maps/pleiades_gis.py:49:5: error: Function is missing a type annotation for one or more arguments  [no-untyped-def]
Lint Backend	Type check with mypy	2026-02-08T23:19:41.6507863Z pipeline/connectors/maps/pleiades_gis.py:53:5: error: Function is missing a type annotation for one or more arguments  [no-untyped-def]
Lint Backend	Type check with mypy	2026-02-08T23:19:41.6508966Z pipeline/connectors/maps/pleiades_gis.py:110:32: error: Incompatible types in assignment (expression has type "ContentItem | None", variable has type "Element[str]")  [assignment]
Lint Backend	Type check with mypy	2026-02-08T23:19:41.6510246Z pipeline/connectors/maps/pleiades_gis.py:116:28: error: Incompatible types in assignment (expression has type "ContentItem | None", variable has type "Element[str]")  [assignment]
Lint Backend	Type check with mypy	2026-02-08T23:19:41.6511448Z pipeline/connectors/maps/pleiades_gis.py:121:20: error: Incompatible return value type (got "list[Element[str]]", expected "list[ContentItem]")  [return-value]
Lint Backend	Type check with mypy	2026-02-08T23:19:41.6512486Z pipeline/connectors/maps/pleiades_gis.py:127:5: error: Function is missing a type annotation for one or more arguments  [no-untyped-def]
Lint Backend	Type check with mypy	2026-02-08T23:19:41.6513427Z pipeline/connectors/maps/pleiades_gis.py:167:5: error: Function is missing a type annotation for one or more arguments  [no-untyped-def]
Lint Backend	Type check with mypy	2026-02-08T23:19:41.6543469Z pipeline/connectors/maps/loc_maps.py:45:5: error: Function is missing a type annotation for one or more arguments  [no-untyped-def]
Lint Backend	Type check with mypy	2026-02-08T23:19:41.6544538Z pipeline/connectors/maps/loc_maps.py:49:5: error: Function is missing a type annotation for one or more arguments  [no-untyped-def]
Lint Backend	Type check with mypy	2026-02-08T23:19:41.6604120Z pipeline/connectors/maps/david_rumsey.py:56:5: error: Function is missing a type annotation for one or more arguments  [no-untyped-def]
Lint Backend	Type check with mypy	2026-02-08T23:19:41.6605398Z pipeline/connectors/maps/david_rumsey.py:63:5: error: Function is missing a type annotation for one or more arguments  [no-untyped-def]
Lint Backend	Type check with mypy	2026-02-08T23:19:41.6606337Z pipeline/connectors/maps/david_rumsey.py:136:5: error: Function is missing a type annotation for one or more arguments  [no-untyped-def]
Lint Backend	Type check with mypy	2026-02-08T23:19:41.6607275Z pipeline/connectors/maps/david_rumsey.py:154:5: error: Function is missing a type annotation for one or more arguments  [no-untyped-def]
Lint Backend	Type check with mypy	2026-02-08T23:19:41.6634546Z pipeline/connectors/inscriptions/trismegistos.py:41:5: error: Function is missing a type annotation for one or more arguments  [no-untyped-def]
Lint Backend	Type check with mypy	2026-02-08T23:19:41.6635854Z pipeline/connectors/inscriptions/trismegistos.py:45:5: error: Function is missing a type annotation for one or more arguments  [no-untyped-def]
Lint Backend	Type check with mypy	2026-02-08T23:19:41.6659343Z pipeline/connectors/inscriptions/packard.py:46:5: error: Function is missing a type annotation for one or more arguments  [no-untyped-def]
Lint Backend	Type check with mypy	2026-02-08T23:19:41.6660403Z pipeline/connectors/inscriptions/packard.py:50:5: error: Function is missing a type annotation for one or more arguments  [no-untyped-def]
Lint Backend	Type check with mypy	2026-02-08T23:19:41.6705257Z pipeline/connectors/inscriptions/edh.py:55:5: error: Function is missing a type annotation for one or more arguments  [no-untyped-def]
Lint Backend	Type check with mypy	2026-02-08T23:19:41.6706348Z pipeline/connectors/inscriptions/edh.py:59:5: error: Function is missing a type annotation for one or more arguments  [no-untyped-def]
Lint Backend	Type check with mypy	2026-02-08T23:19:41.6731614Z pipeline/connectors/inscriptions/cdli.py:49:5: error: Function is missing a type annotation for one or more arguments  [no-untyped-def]
Lint Backend	Type check with mypy	2026-02-08T23:19:41.6732577Z pipeline/connectors/inscriptions/cdli.py:53:5: error: Function is missing a type annotation for one or more arguments  [no-untyped-def]
Lint Backend	Type check with mypy	2026-02-08T23:19:41.6799678Z pipeline/connectors/imagery/wikimedia.py:46:5: error: Function is missing a type annotation for one or more arguments  [no-untyped-def]
Lint Backend	Type check with mypy	2026-02-08T23:19:41.6800836Z pipeline/connectors/imagery/wikimedia.py:53:5: error: Function is missing a type annotation for one or more arguments  [no-untyped-def]
Lint Backend	Type check with mypy	2026-02-08T23:19:41.6801791Z pipeline/connectors/imagery/wikimedia.py:124:5: error: Function is missing a type annotation for one or more arguments  [no-untyped-def]
Lint Backend	Type check with mypy	2026-02-08T23:19:41.6867197Z pipeline/connectors/imagery/national_archives.py:42:5: error: Function is missing a type annotation for one or more arguments  [no-untyped-def]
Lint Backend	Type check with mypy	2026-02-08T23:19:41.6868290Z pipeline/connectors/imagery/national_archives.py:46:5: error: Function is missing a type annotation for one or more arguments  [no-untyped-def]
Lint Backend	Type check with mypy	2026-02-08T23:19:41.6930186Z pipeline/connectors/imagery/library_of_congress.py:41:5: error: Function is missing a type annotation for one or more arguments  [no-untyped-def]
Lint Backend	Type check with mypy	2026-02-08T23:19:41.6931261Z pipeline/connectors/imagery/library_of_congress.py:45:5: error: Function is missing a type annotation for one or more arguments  [no-untyped-def]
Lint Backend	Type check with mypy	2026-02-08T23:19:41.6973343Z pipeline/connectors/imagery/iiif_consortium.py:41:5: error: Function is missing a type annotation for one or more arguments  [no-untyped-def]
Lint Backend	Type check with mypy	2026-02-08T23:19:41.6974339Z pipeline/connectors/imagery/iiif_consortium.py:45:5: error: Function is missing a type annotation for one or more arguments  [no-untyped-def]
Lint Backend	Type check with mypy	2026-02-08T23:19:41.7218530Z api/routes/content.py:73:9: error: Function is missing a type annotation for one or more arguments  [no-untyped-def]
Lint Backend	Type check with mypy	2026-02-08T23:19:41.7219586Z api/routes/content.py:194:5: error: Need type annotation for "api_keys" (hint: "api_keys: dict[<type>, <type>] = ...")  [var-annotated]
Lint Backend	Type check with mypy	2026-02-08T23:19:41.7220382Z api/routes/content.py:211:1: error: Function is missing a return type annotation  [no-untyped-def]
Lint Backend	Type check with mypy	2026-02-08T23:19:41.7221416Z api/routes/content.py:259:1: error: Function is missing a return type annotation  [no-untyped-def]
Lint Backend	Type check with mypy	2026-02-08T23:19:41.7222073Z api/routes/content.py:302:1: error: Function is missing a return type annotation  [no-untyped-def]
Lint Backend	Type check with mypy	2026-02-08T23:19:41.7222733Z api/routes/content.py:346:1: error: Function is missing a return type annotation  [no-untyped-def]
Lint Backend	Type check with mypy	2026-02-08T23:19:41.7223387Z api/routes/content.py:434:1: error: Function is missing a return type annotation  [no-untyped-def]
Lint Backend	Type check with mypy	2026-02-08T23:19:41.7224037Z api/routes/content.py:567:1: error: Function is missing a return type annotation  [no-untyped-def]
Lint Backend	Type check with mypy	2026-02-08T23:19:41.7224678Z api/routes/content.py:578:1: error: Function is missing a return type annotation  [no-untyped-def]
Lint Backend	Type check with mypy	2026-02-08T23:19:41.7271944Z api/main.py:45:1: error: Function is missing a return type annotation  [no-untyped-def]
Lint Backend	Post Setup Python	﻿2026-02-08T23:19:41.7427943Z Post job cleanup.
Lint Backend	Post Setup Python	2026-02-08T23:19:41.8894755Z Cache hit occurred on the primary key setup-python-Linux-x64-24.04-Ubuntu-python-3.11.14-pip-35696bfcb44f4b5c5330ec54688b1a978b0fecba56caecbcbc6307dea380b549, not saving cache.
Lint Backend	Post Run actions/checkout@v4	﻿2026-02-08T23:19:41.9007067Z Post job cleanup.
Lint Backend	Post Run actions/checkout@v4	2026-02-08T23:19:41.9913983Z [command]/usr/bin/git version
Lint Backend	Post Run actions/checkout@v4	2026-02-08T23:19:41.9948087Z git version 2.52.0
Lint Backend	Post Run actions/checkout@v4	2026-02-08T23:19:41.9989573Z Temporarily overriding HOME='/home/runner/work/_temp/3b1ae420-4789-4128-a6b9-6e068ce26c10' before making global git config changes
Lint Backend	Post Run actions/checkout@v4	2026-02-08T23:19:41.9991077Z Adding repository directory to the temporary git global config as a safe directory
Lint Backend	Post Run actions/checkout@v4	2026-02-08T23:19:42.0005952Z [command]/usr/bin/git config --global --add safe.directory /home/runner/work/AncientMap/AncientMap
Lint Backend	Post Run actions/checkout@v4	2026-02-08T23:19:42.0040480Z [command]/usr/bin/git config --local --name-only --get-regexp core\.sshCommand
Lint Backend	Post Run actions/checkout@v4	2026-02-08T23:19:42.0072672Z [command]/usr/bin/git submodule foreach --recursive sh -c "git config --local --name-only --get-regexp 'core\.sshCommand' && git config --local --unset-all 'core.sshCommand' || :"
Lint Backend	Post Run actions/checkout@v4	2026-02-08T23:19:42.0271498Z [command]/usr/bin/git config --local --name-only --get-regexp http\.https\:\/\/github\.com\/\.extraheader
Lint Backend	Post Run actions/checkout@v4	2026-02-08T23:19:42.0291685Z http.https://github.com/.extraheader
Lint Backend	Post Run actions/checkout@v4	2026-02-08T23:19:42.0305046Z [command]/usr/bin/git config --local --unset-all http.https://github.com/.extraheader
Lint Backend	Post Run actions/checkout@v4	2026-02-08T23:19:42.0334847Z [command]/usr/bin/git submodule foreach --recursive sh -c "git config --local --name-only --get-regexp 'http\.https\:\/\/github\.com\/\.extraheader' && git config --local --unset-all 'http.https://github.com/.extraheader' || :"
Lint Backend	Post Run actions/checkout@v4	2026-02-08T23:19:42.0538755Z [command]/usr/bin/git config --local --name-only --get-regexp ^includeIf\.gitdir:
Lint Backend	Post Run actions/checkout@v4	2026-02-08T23:19:42.0568791Z [command]/usr/bin/git submodule foreach --recursive git config --local --show-origin --name-only --get-regexp remote.origin.url
Lint Backend	Complete job	﻿2026-02-08T23:19:42.0848863Z Cleaning up orphan processes
Security Scan	Set up job	﻿2026-02-08T23:18:56.6690828Z Current runner version: '2.331.0'
Security Scan	Set up job	2026-02-08T23:18:56.6716602Z ##[group]Runner Image Provisioner
Security Scan	Set up job	2026-02-08T23:18:56.6717503Z Hosted Compute Agent
Security Scan	Set up job	2026-02-08T23:18:56.6718066Z Version: 20260123.484
Security Scan	Set up job	2026-02-08T23:18:56.6718642Z Commit: 6bd6555ca37d84114959e1c76d2c01448ff61c5d
Security Scan	Set up job	2026-02-08T23:18:56.6719370Z Build Date: 2026-01-23T19:41:17Z
Security Scan	Set up job	2026-02-08T23:18:56.6720028Z Worker ID: {0cf0c4ac-4433-4a84-a9c6-85b6eb911da5}
Security Scan	Set up job	2026-02-08T23:18:56.6720707Z Azure Region: northcentralus
Security Scan	Set up job	2026-02-08T23:18:56.6721362Z ##[endgroup]
Security Scan	Set up job	2026-02-08T23:18:56.6722723Z ##[group]Operating System
Security Scan	Set up job	2026-02-08T23:18:56.6723316Z Ubuntu
Security Scan	Set up job	2026-02-08T23:18:56.6723804Z 24.04.3
Security Scan	Set up job	2026-02-08T23:18:56.6724588Z LTS
Security Scan	Set up job	2026-02-08T23:18:56.6725056Z ##[endgroup]
Security Scan	Set up job	2026-02-08T23:18:56.6725604Z ##[group]Runner Image
Security Scan	Set up job	2026-02-08T23:18:56.6726174Z Image: ubuntu-24.04
Security Scan	Set up job	2026-02-08T23:18:56.6726641Z Version: 20260201.15.1
Security Scan	Set up job	2026-02-08T23:18:56.6727672Z Included Software: https://github.com/actions/runner-images/blob/ubuntu24/20260201.15/images/ubuntu/Ubuntu2404-Readme.md
Security Scan	Set up job	2026-02-08T23:18:56.6729320Z Image Release: https://github.com/actions/runner-images/releases/tag/ubuntu24%2F20260201.15
Security Scan	Set up job	2026-02-08T23:18:56.6730247Z ##[endgroup]
Security Scan	Set up job	2026-02-08T23:18:56.6731246Z ##[group]GITHUB_TOKEN Permissions
Security Scan	Set up job	2026-02-08T23:18:56.6733619Z Contents: read
Security Scan	Set up job	2026-02-08T23:18:56.6734695Z Metadata: read
Security Scan	Set up job	2026-02-08T23:18:56.6735368Z Packages: read
Security Scan	Set up job	2026-02-08T23:18:56.6735858Z ##[endgroup]
Security Scan	Set up job	2026-02-08T23:18:56.6737933Z Secret source: Actions
Security Scan	Set up job	2026-02-08T23:18:56.6739011Z Prepare workflow directory
Security Scan	Set up job	2026-02-08T23:18:56.7077542Z Prepare all required actions
Security Scan	Set up job	2026-02-08T23:18:56.7117345Z Getting action download info
Security Scan	Set up job	2026-02-08T23:18:57.0487405Z Download action repository 'actions/checkout@v4' (SHA:34e114876b0b11c390a56381ad16ebd13914f8d5)
Security Scan	Set up job	2026-02-08T23:18:57.1350947Z Download action repository 'actions/setup-python@v5' (SHA:a26af69be951a213d495a4c3e4e4022e16d87065)
Security Scan	Set up job	2026-02-08T23:18:57.2232637Z Download action repository 'actions/setup-node@v4' (SHA:49933ea5288caeca8642d1e84afbd3f7d6820020)
Security Scan	Set up job	2026-02-08T23:18:57.4220711Z Complete job name: Security Scan
Security Scan	Run actions/checkout@v4	﻿2026-02-08T23:18:57.4911292Z ##[group]Run actions/checkout@v4
Security Scan	Run actions/checkout@v4	2026-02-08T23:18:57.4912247Z with:
Security Scan	Run actions/checkout@v4	2026-02-08T23:18:57.4912677Z   repository: ancientnerds/AncientMap
Security Scan	Run actions/checkout@v4	2026-02-08T23:18:57.4913407Z   token: ***
Security Scan	Run actions/checkout@v4	2026-02-08T23:18:57.4913778Z   ssh-strict: true
Security Scan	Run actions/checkout@v4	2026-02-08T23:18:57.4914377Z   ssh-user: git
Security Scan	Run actions/checkout@v4	2026-02-08T23:18:57.4914768Z   persist-credentials: true
Security Scan	Run actions/checkout@v4	2026-02-08T23:18:57.4915211Z   clean: true
Security Scan	Run actions/checkout@v4	2026-02-08T23:18:57.4915608Z   sparse-checkout-cone-mode: true
Security Scan	Run actions/checkout@v4	2026-02-08T23:18:57.4916108Z   fetch-depth: 1
Security Scan	Run actions/checkout@v4	2026-02-08T23:18:57.4916490Z   fetch-tags: false
Security Scan	Run actions/checkout@v4	2026-02-08T23:18:57.4916867Z   show-progress: true
Security Scan	Run actions/checkout@v4	2026-02-08T23:18:57.4917266Z   lfs: false
Security Scan	Run actions/checkout@v4	2026-02-08T23:18:57.4917623Z   submodules: false
Security Scan	Run actions/checkout@v4	2026-02-08T23:18:57.4918019Z   set-safe-directory: true
Security Scan	Run actions/checkout@v4	2026-02-08T23:18:57.4918717Z ##[endgroup]
Security Scan	Run actions/checkout@v4	2026-02-08T23:18:57.6011498Z Syncing repository: ancientnerds/AncientMap
Security Scan	Run actions/checkout@v4	2026-02-08T23:18:57.6013261Z ##[group]Getting Git version info
Security Scan	Run actions/checkout@v4	2026-02-08T23:18:57.6013972Z Working directory is '/home/runner/work/AncientMap/AncientMap'
Security Scan	Run actions/checkout@v4	2026-02-08T23:18:57.6015381Z [command]/usr/bin/git version
Security Scan	Run actions/checkout@v4	2026-02-08T23:18:57.6090266Z git version 2.52.0
Security Scan	Run actions/checkout@v4	2026-02-08T23:18:57.6118182Z ##[endgroup]
Security Scan	Run actions/checkout@v4	2026-02-08T23:18:57.6135455Z Temporarily overriding HOME='/home/runner/work/_temp/5ddeea15-4805-4865-82dd-b8b65e2f2a6d' before making global git config changes
Security Scan	Run actions/checkout@v4	2026-02-08T23:18:57.6137836Z Adding repository directory to the temporary git global config as a safe directory
Security Scan	Run actions/checkout@v4	2026-02-08T23:18:57.6150863Z [command]/usr/bin/git config --global --add safe.directory /home/runner/work/AncientMap/AncientMap
Security Scan	Run actions/checkout@v4	2026-02-08T23:18:57.6192670Z Deleting the contents of '/home/runner/work/AncientMap/AncientMap'
Security Scan	Run actions/checkout@v4	2026-02-08T23:18:57.6196710Z ##[group]Initializing the repository
Security Scan	Run actions/checkout@v4	2026-02-08T23:18:57.6201431Z [command]/usr/bin/git init /home/runner/work/AncientMap/AncientMap
Security Scan	Run actions/checkout@v4	2026-02-08T23:18:57.6295860Z hint: Using 'master' as the name for the initial branch. This default branch name
Security Scan	Run actions/checkout@v4	2026-02-08T23:18:57.6297255Z hint: will change to "main" in Git 3.0. To configure the initial branch name
Security Scan	Run actions/checkout@v4	2026-02-08T23:18:57.6299138Z hint: to use in all of your new repositories, which will suppress this warning,
Security Scan	Run actions/checkout@v4	2026-02-08T23:18:57.6299966Z hint: call:
Security Scan	Run actions/checkout@v4	2026-02-08T23:18:57.6300860Z hint:
Security Scan	Run actions/checkout@v4	2026-02-08T23:18:57.6301727Z hint: 	git config --global init.defaultBranch <name>
Security Scan	Run actions/checkout@v4	2026-02-08T23:18:57.6302755Z hint:
Security Scan	Run actions/checkout@v4	2026-02-08T23:18:57.6303747Z hint: Names commonly chosen instead of 'master' are 'main', 'trunk' and
Security Scan	Run actions/checkout@v4	2026-02-08T23:18:57.6305577Z hint: 'development'. The just-created branch can be renamed via this command:
Security Scan	Run actions/checkout@v4	2026-02-08T23:18:57.6306877Z hint:
Security Scan	Run actions/checkout@v4	2026-02-08T23:18:57.6307523Z hint: 	git branch -m <name>
Security Scan	Run actions/checkout@v4	2026-02-08T23:18:57.6308294Z hint:
Security Scan	Run actions/checkout@v4	2026-02-08T23:18:57.6309300Z hint: Disable this message with "git config set advice.defaultBranchName false"
Security Scan	Run actions/checkout@v4	2026-02-08T23:18:57.6311098Z Initialized empty Git repository in /home/runner/work/AncientMap/AncientMap/.git/
Security Scan	Run actions/checkout@v4	2026-02-08T23:18:57.6313964Z [command]/usr/bin/git remote add origin https://github.com/ancientnerds/AncientMap
Security Scan	Run actions/checkout@v4	2026-02-08T23:18:57.6348239Z ##[endgroup]
Security Scan	Run actions/checkout@v4	2026-02-08T23:18:57.6349451Z ##[group]Disabling automatic garbage collection
Security Scan	Run actions/checkout@v4	2026-02-08T23:18:57.6353135Z [command]/usr/bin/git config --local gc.auto 0
Security Scan	Run actions/checkout@v4	2026-02-08T23:18:57.6384630Z ##[endgroup]
Security Scan	Run actions/checkout@v4	2026-02-08T23:18:57.6385396Z ##[group]Setting up auth
Security Scan	Run actions/checkout@v4	2026-02-08T23:18:57.6396021Z [command]/usr/bin/git config --local --name-only --get-regexp core\.sshCommand
Security Scan	Run actions/checkout@v4	2026-02-08T23:18:57.6433340Z [command]/usr/bin/git submodule foreach --recursive sh -c "git config --local --name-only --get-regexp 'core\.sshCommand' && git config --local --unset-all 'core.sshCommand' || :"
Security Scan	Run actions/checkout@v4	2026-02-08T23:18:57.6804458Z [command]/usr/bin/git config --local --name-only --get-regexp http\.https\:\/\/github\.com\/\.extraheader
Security Scan	Run actions/checkout@v4	2026-02-08T23:18:57.6839641Z [command]/usr/bin/git submodule foreach --recursive sh -c "git config --local --name-only --get-regexp 'http\.https\:\/\/github\.com\/\.extraheader' && git config --local --unset-all 'http.https://github.com/.extraheader' || :"
Security Scan	Run actions/checkout@v4	2026-02-08T23:18:57.7090729Z [command]/usr/bin/git config --local --name-only --get-regexp ^includeIf\.gitdir:
Security Scan	Run actions/checkout@v4	2026-02-08T23:18:57.7135614Z [command]/usr/bin/git submodule foreach --recursive git config --local --show-origin --name-only --get-regexp remote.origin.url
Security Scan	Run actions/checkout@v4	2026-02-08T23:18:57.7404497Z [command]/usr/bin/git config --local http.https://github.com/.extraheader AUTHORIZATION: basic ***
Security Scan	Run actions/checkout@v4	2026-02-08T23:18:57.7441249Z ##[endgroup]
Security Scan	Run actions/checkout@v4	2026-02-08T23:18:57.7442005Z ##[group]Fetching the repository
Security Scan	Run actions/checkout@v4	2026-02-08T23:18:57.7451121Z [command]/usr/bin/git -c protocol.version=2 fetch --no-tags --prune --no-recurse-submodules --depth=1 origin +03a3ad29619381c5cd0666e84b7dc70ccf3bbee5:refs/remotes/origin/main
Security Scan	Run actions/checkout@v4	2026-02-08T23:19:15.8929589Z From https://github.com/ancientnerds/AncientMap
Security Scan	Run actions/checkout@v4	2026-02-08T23:19:15.8931796Z  * [new ref]         03a3ad29619381c5cd0666e84b7dc70ccf3bbee5 -> origin/main
Security Scan	Run actions/checkout@v4	2026-02-08T23:19:15.8960026Z ##[endgroup]
Security Scan	Run actions/checkout@v4	2026-02-08T23:19:15.8961591Z ##[group]Determining the checkout info
Security Scan	Run actions/checkout@v4	2026-02-08T23:19:15.8963322Z ##[endgroup]
Security Scan	Run actions/checkout@v4	2026-02-08T23:19:15.8967640Z [command]/usr/bin/git sparse-checkout disable
Security Scan	Run actions/checkout@v4	2026-02-08T23:19:15.9009332Z [command]/usr/bin/git config --local --unset-all extensions.worktreeConfig
Security Scan	Run actions/checkout@v4	2026-02-08T23:19:15.9036090Z ##[group]Checking out the ref
Security Scan	Run actions/checkout@v4	2026-02-08T23:19:15.9040024Z [command]/usr/bin/git checkout --progress --force -B main refs/remotes/origin/main
Security Scan	Run actions/checkout@v4	2026-02-08T23:19:16.9936059Z Updating files:  46% (1159/2468)
Security Scan	Run actions/checkout@v4	2026-02-08T23:19:17.9328037Z Updating files:  47% (1160/2468)
Security Scan	Run actions/checkout@v4	2026-02-08T23:19:18.6017937Z Updating files:  47% (1176/2468)
Security Scan	Run actions/checkout@v4	2026-02-08T23:19:18.9578227Z Updating files:  48% (1185/2468)
Security Scan	Run actions/checkout@v4	2026-02-08T23:19:19.9173154Z Updating files:  48% (1191/2468)
Security Scan	Run actions/checkout@v4	2026-02-08T23:19:20.3605428Z Updating files:  48% (1205/2468)
Security Scan	Run actions/checkout@v4	2026-02-08T23:19:20.9721762Z Updating files:  49% (1210/2468)
Security Scan	Run actions/checkout@v4	2026-02-08T23:19:22.1150826Z Updating files:  49% (1219/2468)
Security Scan	Run actions/checkout@v4	2026-02-08T23:19:22.5092237Z Updating files:  49% (1231/2468)
Security Scan	Run actions/checkout@v4	2026-02-08T23:19:23.0831537Z Updating files:  50% (1234/2468)
Security Scan	Run actions/checkout@v4	2026-02-08T23:19:23.9527765Z Updating files:  50% (1242/2468)
Security Scan	Run actions/checkout@v4	2026-02-08T23:19:24.3708751Z Updating files:  50% (1253/2468)
Security Scan	Run actions/checkout@v4	2026-02-08T23:19:24.9338245Z Updating files:  51% (1259/2468)
Security Scan	Run actions/checkout@v4	2026-02-08T23:19:25.9305662Z Updating files:  51% (1265/2468)
Security Scan	Run actions/checkout@v4	2026-02-08T23:19:26.2025047Z Updating files:  51% (1279/2468)
Security Scan	Run actions/checkout@v4	2026-02-08T23:19:26.9203603Z Updating files:  52% (1284/2468)
Security Scan	Run actions/checkout@v4	2026-02-08T23:19:28.0875412Z Updating files:  52% (1293/2468)
Security Scan	Run actions/checkout@v4	2026-02-08T23:19:28.1697360Z Updating files:  52% (1303/2468)
Security Scan	Run actions/checkout@v4	2026-02-08T23:19:28.1850772Z Updating files:  53% (1309/2468)
Security Scan	Run actions/checkout@v4	2026-02-08T23:19:28.1860310Z Updating files:  54% (1333/2468)
Security Scan	Run actions/checkout@v4	2026-02-08T23:19:28.1868229Z Updating files:  55% (1358/2468)
Security Scan	Run actions/checkout@v4	2026-02-08T23:19:28.1877746Z Updating files:  56% (1383/2468)
Security Scan	Run actions/checkout@v4	2026-02-08T23:19:28.1888496Z Updating files:  57% (1407/2468)
Security Scan	Run actions/checkout@v4	2026-02-08T23:19:28.1899111Z Updating files:  58% (1432/2468)
Security Scan	Run actions/checkout@v4	2026-02-08T23:19:28.1910131Z Updating files:  59% (1457/2468)
Security Scan	Run actions/checkout@v4	2026-02-08T23:19:28.1922369Z Updating files:  60% (1481/2468)
Security Scan	Run actions/checkout@v4	2026-02-08T23:19:28.1934733Z Updating files:  61% (1506/2468)
Security Scan	Run actions/checkout@v4	2026-02-08T23:19:28.1946814Z Updating files:  62% (1531/2468)
Security Scan	Run actions/checkout@v4	2026-02-08T23:19:28.1959556Z Updating files:  63% (1555/2468)
Security Scan	Run actions/checkout@v4	2026-02-08T23:19:28.1967706Z Updating files:  64% (1580/2468)
Security Scan	Run actions/checkout@v4	2026-02-08T23:19:28.1975881Z Updating files:  65% (1605/2468)
Security Scan	Run actions/checkout@v4	2026-02-08T23:19:28.1984631Z Updating files:  66% (1629/2468)
Security Scan	Run actions/checkout@v4	2026-02-08T23:19:28.1993765Z Updating files:  67% (1654/2468)
Security Scan	Run actions/checkout@v4	2026-02-08T23:19:28.2003816Z Updating files:  68% (1679/2468)
Security Scan	Run actions/checkout@v4	2026-02-08T23:19:28.2014803Z Updating files:  69% (1703/2468)
Security Scan	Run actions/checkout@v4	2026-02-08T23:19:28.2026381Z Updating files:  70% (1728/2468)
Security Scan	Run actions/checkout@v4	2026-02-08T23:19:28.2037751Z Updating files:  71% (1753/2468)
Security Scan	Run actions/checkout@v4	2026-02-08T23:19:28.2050194Z Updating files:  72% (1777/2468)
Security Scan	Run actions/checkout@v4	2026-02-08T23:19:28.2062711Z Updating files:  73% (1802/2468)
Security Scan	Run actions/checkout@v4	2026-02-08T23:19:28.2072018Z Updating files:  74% (1827/2468)
Security Scan	Run actions/checkout@v4	2026-02-08T23:19:28.2083928Z Updating files:  75% (1851/2468)
Security Scan	Run actions/checkout@v4	2026-02-08T23:19:28.2198668Z Updating files:  76% (1876/2468)
Security Scan	Run actions/checkout@v4	2026-02-08T23:19:28.2332462Z Updating files:  77% (1901/2468)
Security Scan	Run actions/checkout@v4	2026-02-08T23:19:28.2459306Z Updating files:  78% (1926/2468)
Security Scan	Run actions/checkout@v4	2026-02-08T23:19:28.2590338Z Updating files:  79% (1950/2468)
Security Scan	Run actions/checkout@v4	2026-02-08T23:19:28.2719300Z Updating files:  80% (1975/2468)
Security Scan	Run actions/checkout@v4	2026-02-08T23:19:28.3128532Z Updating files:  81% (2000/2468)
Security Scan	Run actions/checkout@v4	2026-02-08T23:19:28.3149048Z Updating files:  82% (2024/2468)
Security Scan	Run actions/checkout@v4	2026-02-08T23:19:28.3168790Z Updating files:  83% (2049/2468)
Security Scan	Run actions/checkout@v4	2026-02-08T23:19:28.3181456Z Updating files:  84% (2074/2468)
Security Scan	Run actions/checkout@v4	2026-02-08T23:19:28.3194944Z Updating files:  85% (2098/2468)
Security Scan	Run actions/checkout@v4	2026-02-08T23:19:28.3215936Z Updating files:  86% (2123/2468)
Security Scan	Run actions/checkout@v4	2026-02-08T23:19:28.3229792Z Updating files:  87% (2148/2468)
Security Scan	Run actions/checkout@v4	2026-02-08T23:19:28.3249599Z Updating files:  88% (2172/2468)
Security Scan	Run actions/checkout@v4	2026-02-08T23:19:28.3262927Z Updating files:  89% (2197/2468)
Security Scan	Run actions/checkout@v4	2026-02-08T23:19:28.3287495Z Updating files:  90% (2222/2468)
Security Scan	Run actions/checkout@v4	2026-02-08T23:19:28.3313899Z Updating files:  91% (2246/2468)
Security Scan	Run actions/checkout@v4	2026-02-08T23:19:28.3334562Z Updating files:  92% (2271/2468)
Security Scan	Run actions/checkout@v4	2026-02-08T23:19:28.3351092Z Updating files:  93% (2296/2468)
Security Scan	Run actions/checkout@v4	2026-02-08T23:19:28.3374206Z Updating files:  94% (2320/2468)
Security Scan	Run actions/checkout@v4	2026-02-08T23:19:28.3392450Z Updating files:  95% (2345/2468)
Security Scan	Run actions/checkout@v4	2026-02-08T23:19:28.3408581Z Updating files:  96% (2370/2468)
Security Scan	Run actions/checkout@v4	2026-02-08T23:19:28.3879710Z Updating files:  97% (2394/2468)
Security Scan	Run actions/checkout@v4	2026-02-08T23:19:28.7032571Z Updating files:  98% (2419/2468)
Security Scan	Run actions/checkout@v4	2026-02-08T23:19:28.7046849Z Updating files:  99% (2444/2468)
Security Scan	Run actions/checkout@v4	2026-02-08T23:19:28.7047420Z Updating files: 100% (2468/2468)
Security Scan	Run actions/checkout@v4	2026-02-08T23:19:28.7047810Z Updating files: 100% (2468/2468), done.
Security Scan	Run actions/checkout@v4	2026-02-08T23:19:28.7091613Z Switched to a new branch 'main'
Security Scan	Run actions/checkout@v4	2026-02-08T23:19:28.7094513Z branch 'main' set up to track 'origin/main'.
Security Scan	Run actions/checkout@v4	2026-02-08T23:19:28.7586319Z ##[endgroup]
Security Scan	Run actions/checkout@v4	2026-02-08T23:19:28.7625682Z [command]/usr/bin/git log -1 --format=%H
Security Scan	Run actions/checkout@v4	2026-02-08T23:19:28.7651813Z 03a3ad29619381c5cd0666e84b7dc70ccf3bbee5
Security Scan	Setup Python	﻿2026-02-08T23:19:28.7882189Z ##[group]Run actions/setup-python@v5
Security Scan	Setup Python	2026-02-08T23:19:28.7882470Z with:
Security Scan	Setup Python	2026-02-08T23:19:28.7882641Z   python-version: 3.11
Security Scan	Setup Python	2026-02-08T23:19:28.7882852Z   check-latest: false
Security Scan	Setup Python	2026-02-08T23:19:28.7883171Z   token: ***
Security Scan	Setup Python	2026-02-08T23:19:28.7883370Z   update-environment: true
Security Scan	Setup Python	2026-02-08T23:19:28.7883807Z   allow-prereleases: false
Security Scan	Setup Python	2026-02-08T23:19:28.7884302Z   freethreaded: false
Security Scan	Setup Python	2026-02-08T23:19:28.7884538Z ##[endgroup]
Security Scan	Setup Python	2026-02-08T23:19:28.9556998Z ##[group]Installed versions
Security Scan	Setup Python	2026-02-08T23:19:28.9668381Z Successfully set up CPython (3.11.14)
Security Scan	Setup Python	2026-02-08T23:19:28.9669071Z ##[endgroup]
Security Scan	Install pip-audit	﻿2026-02-08T23:19:28.9785664Z ##[group]Run pip install pip-audit
Security Scan	Install pip-audit	2026-02-08T23:19:28.9786037Z [36;1mpip install pip-audit[0m
Security Scan	Install pip-audit	2026-02-08T23:19:28.9833199Z shell: /usr/bin/bash -e {0}
Security Scan	Install pip-audit	2026-02-08T23:19:28.9902207Z env:
Security Scan	Install pip-audit	2026-02-08T23:19:28.9902530Z   pythonLocation: /opt/hostedtoolcache/Python/3.11.14/x64
Security Scan	Install pip-audit	2026-02-08T23:19:28.9903053Z   PKG_CONFIG_PATH: /opt/hostedtoolcache/Python/3.11.14/x64/lib/pkgconfig
Security Scan	Install pip-audit	2026-02-08T23:19:28.9903537Z   Python_ROOT_DIR: /opt/hostedtoolcache/Python/3.11.14/x64
Security Scan	Install pip-audit	2026-02-08T23:19:28.9903982Z   Python2_ROOT_DIR: /opt/hostedtoolcache/Python/3.11.14/x64
Security Scan	Install pip-audit	2026-02-08T23:19:28.9904571Z   Python3_ROOT_DIR: /opt/hostedtoolcache/Python/3.11.14/x64
Security Scan	Install pip-audit	2026-02-08T23:19:28.9904941Z   LD_LIBRARY_PATH: /opt/hostedtoolcache/Python/3.11.14/x64/lib
Security Scan	Install pip-audit	2026-02-08T23:19:28.9905263Z ##[endgroup]
Security Scan	Install pip-audit	2026-02-08T23:19:29.7598119Z Collecting pip-audit
Security Scan	Install pip-audit	2026-02-08T23:19:29.8493836Z   Downloading pip_audit-2.10.0-py3-none-any.whl.metadata (28 kB)
Security Scan	Install pip-audit	2026-02-08T23:19:29.8776427Z Collecting CacheControl>=0.13.0 (from CacheControl[filecache]>=0.13.0->pip-audit)
Security Scan	Install pip-audit	2026-02-08T23:19:29.8916863Z   Downloading cachecontrol-0.14.4-py3-none-any.whl.metadata (3.1 kB)
Security Scan	Install pip-audit	2026-02-08T23:19:29.9241268Z Collecting cyclonedx-python-lib<12,>=5 (from pip-audit)
Security Scan	Install pip-audit	2026-02-08T23:19:29.9386355Z   Downloading cyclonedx_python_lib-11.6.0-py3-none-any.whl.metadata (6.8 kB)
Security Scan	Install pip-audit	2026-02-08T23:19:29.9532374Z Collecting packaging>=23.0.0 (from pip-audit)
Security Scan	Install pip-audit	2026-02-08T23:19:29.9672568Z   Downloading packaging-26.0-py3-none-any.whl.metadata (3.3 kB)
Security Scan	Install pip-audit	2026-02-08T23:19:29.9832081Z Collecting pip-api>=0.0.28 (from pip-audit)
Security Scan	Install pip-audit	2026-02-08T23:19:29.9971866Z   Downloading pip_api-0.0.34-py3-none-any.whl.metadata (6.6 kB)
Security Scan	Install pip-audit	2026-02-08T23:19:30.0097393Z Collecting pip-requirements-parser>=32.0.0 (from pip-audit)
Security Scan	Install pip-audit	2026-02-08T23:19:30.0237376Z   Downloading pip_requirements_parser-32.0.1-py3-none-any.whl.metadata (9.3 kB)
Security Scan	Install pip-audit	2026-02-08T23:19:30.0448610Z Collecting requests>=2.31.0 (from pip-audit)
Security Scan	Install pip-audit	2026-02-08T23:19:30.0589858Z   Downloading requests-2.32.5-py3-none-any.whl.metadata (4.9 kB)
Security Scan	Install pip-audit	2026-02-08T23:19:30.1027894Z Collecting rich>=12.4 (from pip-audit)
Security Scan	Install pip-audit	2026-02-08T23:19:30.1170431Z   Downloading rich-14.3.2-py3-none-any.whl.metadata (18 kB)
Security Scan	Install pip-audit	2026-02-08T23:19:30.1388721Z Collecting tomli>=2.2.1 (from pip-audit)
Security Scan	Install pip-audit	2026-02-08T23:19:30.1527965Z   Downloading tomli-2.4.0-cp311-cp311-manylinux2014_x86_64.manylinux_2_17_x86_64.manylinux_2_28_x86_64.whl.metadata (10 kB)
Security Scan	Install pip-audit	2026-02-08T23:19:30.1637213Z Collecting tomli-w>=1.2.0 (from pip-audit)
Security Scan	Install pip-audit	2026-02-08T23:19:30.1777279Z   Downloading tomli_w-1.2.0-py3-none-any.whl.metadata (5.7 kB)
Security Scan	Install pip-audit	2026-02-08T23:19:30.1920293Z Collecting platformdirs>=4.2.0 (from pip-audit)
Security Scan	Install pip-audit	2026-02-08T23:19:30.2060043Z   Downloading platformdirs-4.5.1-py3-none-any.whl.metadata (12 kB)
Security Scan	Install pip-audit	2026-02-08T23:19:30.2235552Z Collecting license-expression<31,>=30 (from cyclonedx-python-lib<12,>=5->pip-audit)
Security Scan	Install pip-audit	2026-02-08T23:19:30.2375050Z   Downloading license_expression-30.4.4-py3-none-any.whl.metadata (11 kB)
Security Scan	Install pip-audit	2026-02-08T23:19:30.2565045Z Collecting packageurl-python<2,>=0.11 (from cyclonedx-python-lib<12,>=5->pip-audit)
Security Scan	Install pip-audit	2026-02-08T23:19:30.2704808Z   Downloading packageurl_python-0.17.6-py3-none-any.whl.metadata (5.1 kB)
Security Scan	Install pip-audit	2026-02-08T23:19:30.2877584Z Collecting py-serializable<3.0.0,>=2.1.0 (from cyclonedx-python-lib<12,>=5->pip-audit)
Security Scan	Install pip-audit	2026-02-08T23:19:30.3019712Z   Downloading py_serializable-2.1.0-py3-none-any.whl.metadata (4.3 kB)
Security Scan	Install pip-audit	2026-02-08T23:19:30.3147741Z Collecting sortedcontainers<3.0.0,>=2.4.0 (from cyclonedx-python-lib<12,>=5->pip-audit)
Security Scan	Install pip-audit	2026-02-08T23:19:30.3287017Z   Downloading sortedcontainers-2.4.0-py2.py3-none-any.whl.metadata (10 kB)
Security Scan	Install pip-audit	2026-02-08T23:19:30.3453147Z Collecting typing_extensions<5.0,>=4.6 (from cyclonedx-python-lib<12,>=5->pip-audit)
Security Scan	Install pip-audit	2026-02-08T23:19:30.3593822Z   Downloading typing_extensions-4.15.0-py3-none-any.whl.metadata (3.3 kB)
Security Scan	Install pip-audit	2026-02-08T23:19:30.3759079Z Collecting boolean.py>=4.0 (from license-expression<31,>=30->cyclonedx-python-lib<12,>=5->pip-audit)
Security Scan	Install pip-audit	2026-02-08T23:19:30.3898707Z   Downloading boolean_py-5.0-py3-none-any.whl.metadata (2.3 kB)
Security Scan	Install pip-audit	2026-02-08T23:19:30.4020140Z Collecting defusedxml<0.8.0,>=0.7.1 (from py-serializable<3.0.0,>=2.1.0->cyclonedx-python-lib<12,>=5->pip-audit)
Security Scan	Install pip-audit	2026-02-08T23:19:30.4160064Z   Downloading defusedxml-0.7.1-py2.py3-none-any.whl.metadata (32 kB)
Security Scan	Install pip-audit	2026-02-08T23:19:30.4847536Z Collecting msgpack<2.0.0,>=0.5.2 (from CacheControl>=0.13.0->CacheControl[filecache]>=0.13.0->pip-audit)
Security Scan	Install pip-audit	2026-02-08T23:19:30.4993272Z   Downloading msgpack-1.1.2-cp311-cp311-manylinux2014_x86_64.manylinux_2_17_x86_64.manylinux_2_28_x86_64.whl.metadata (8.1 kB)
Security Scan	Install pip-audit	2026-02-08T23:19:30.5183854Z Collecting filelock>=3.8.0 (from CacheControl[filecache]>=0.13.0->pip-audit)
Security Scan	Install pip-audit	2026-02-08T23:19:30.5322934Z   Downloading filelock-3.20.3-py3-none-any.whl.metadata (2.1 kB)
Security Scan	Install pip-audit	2026-02-08T23:19:30.5366319Z Requirement already satisfied: pip in /opt/hostedtoolcache/Python/3.11.14/x64/lib/python3.11/site-packages (from pip-api>=0.0.28->pip-audit) (26.0)
Security Scan	Install pip-audit	2026-02-08T23:19:30.5575226Z Collecting pyparsing (from pip-requirements-parser>=32.0.0->pip-audit)
Security Scan	Install pip-audit	2026-02-08T23:19:30.5715808Z   Downloading pyparsing-3.3.2-py3-none-any.whl.metadata (5.8 kB)
Security Scan	Install pip-audit	2026-02-08T23:19:30.6444902Z Collecting charset_normalizer<4,>=2 (from requests>=2.31.0->pip-audit)
Security Scan	Install pip-audit	2026-02-08T23:19:30.6589599Z   Downloading charset_normalizer-3.4.4-cp311-cp311-manylinux2014_x86_64.manylinux_2_17_x86_64.manylinux_2_28_x86_64.whl.metadata (37 kB)
Security Scan	Install pip-audit	2026-02-08T23:19:30.6776808Z Collecting idna<4,>=2.5 (from requests>=2.31.0->pip-audit)
Security Scan	Install pip-audit	2026-02-08T23:19:30.6915876Z   Downloading idna-3.11-py3-none-any.whl.metadata (8.4 kB)
Security Scan	Install pip-audit	2026-02-08T23:19:30.7135488Z Collecting urllib3<3,>=1.21.1 (from requests>=2.31.0->pip-audit)
Security Scan	Install pip-audit	2026-02-08T23:19:30.7275047Z   Downloading urllib3-2.6.3-py3-none-any.whl.metadata (6.9 kB)
Security Scan	Install pip-audit	2026-02-08T23:19:30.7452104Z Collecting certifi>=2017.4.17 (from requests>=2.31.0->pip-audit)
Security Scan	Install pip-audit	2026-02-08T23:19:30.7590989Z   Downloading certifi-2026.1.4-py3-none-any.whl.metadata (2.5 kB)
Security Scan	Install pip-audit	2026-02-08T23:19:30.7745588Z Collecting markdown-it-py>=2.2.0 (from rich>=12.4->pip-audit)
Security Scan	Install pip-audit	2026-02-08T23:19:30.7883583Z   Downloading markdown_it_py-4.0.0-py3-none-any.whl.metadata (7.3 kB)
Security Scan	Install pip-audit	2026-02-08T23:19:30.8085288Z Collecting pygments<3.0.0,>=2.13.0 (from rich>=12.4->pip-audit)
Security Scan	Install pip-audit	2026-02-08T23:19:30.8225864Z   Downloading pygments-2.19.2-py3-none-any.whl.metadata (2.5 kB)
Security Scan	Install pip-audit	2026-02-08T23:19:30.8329642Z Collecting mdurl~=0.1 (from markdown-it-py>=2.2.0->rich>=12.4->pip-audit)
Security Scan	Install pip-audit	2026-02-08T23:19:30.8467137Z   Downloading mdurl-0.1.2-py3-none-any.whl.metadata (1.6 kB)
Security Scan	Install pip-audit	2026-02-08T23:19:30.8670944Z Downloading pip_audit-2.10.0-py3-none-any.whl (61 kB)
Security Scan	Install pip-audit	2026-02-08T23:19:30.8888039Z Downloading cyclonedx_python_lib-11.6.0-py3-none-any.whl (511 kB)
Security Scan	Install pip-audit	2026-02-08T23:19:30.9303766Z Downloading license_expression-30.4.4-py3-none-any.whl (120 kB)
Security Scan	Install pip-audit	2026-02-08T23:19:30.9503974Z Downloading packageurl_python-0.17.6-py3-none-any.whl (36 kB)
Security Scan	Install pip-audit	2026-02-08T23:19:30.9662451Z Downloading py_serializable-2.1.0-py3-none-any.whl (23 kB)
Security Scan	Install pip-audit	2026-02-08T23:19:30.9825583Z Downloading defusedxml-0.7.1-py2.py3-none-any.whl (25 kB)
Security Scan	Install pip-audit	2026-02-08T23:19:30.9983750Z Downloading sortedcontainers-2.4.0-py2.py3-none-any.whl (29 kB)
Security Scan	Install pip-audit	2026-02-08T23:19:31.0141231Z Downloading typing_extensions-4.15.0-py3-none-any.whl (44 kB)
Security Scan	Install pip-audit	2026-02-08T23:19:31.0305947Z Downloading boolean_py-5.0-py3-none-any.whl (26 kB)
Security Scan	Install pip-audit	2026-02-08T23:19:31.0463380Z Downloading cachecontrol-0.14.4-py3-none-any.whl (22 kB)
Security Scan	Install pip-audit	2026-02-08T23:19:31.0623511Z Downloading msgpack-1.1.2-cp311-cp311-manylinux2014_x86_64.manylinux_2_17_x86_64.manylinux_2_28_x86_64.whl (426 kB)
Security Scan	Install pip-audit	2026-02-08T23:19:31.0820883Z Downloading filelock-3.20.3-py3-none-any.whl (16 kB)
Security Scan	Install pip-audit	2026-02-08T23:19:31.0976726Z Downloading packaging-26.0-py3-none-any.whl (74 kB)
Security Scan	Install pip-audit	2026-02-08T23:19:31.1136765Z Downloading pip_api-0.0.34-py3-none-any.whl (120 kB)
Security Scan	Install pip-audit	2026-02-08T23:19:31.1296108Z Downloading pip_requirements_parser-32.0.1-py3-none-any.whl (35 kB)
Security Scan	Install pip-audit	2026-02-08T23:19:31.1452321Z Downloading platformdirs-4.5.1-py3-none-any.whl (18 kB)
Security Scan	Install pip-audit	2026-02-08T23:19:31.1607979Z Downloading requests-2.32.5-py3-none-any.whl (64 kB)
Security Scan	Install pip-audit	2026-02-08T23:19:31.1773922Z Downloading charset_normalizer-3.4.4-cp311-cp311-manylinux2014_x86_64.manylinux_2_17_x86_64.manylinux_2_28_x86_64.whl (151 kB)
Security Scan	Install pip-audit	2026-02-08T23:19:31.1940310Z Downloading idna-3.11-py3-none-any.whl (71 kB)
Security Scan	Install pip-audit	2026-02-08T23:19:31.2102164Z Downloading urllib3-2.6.3-py3-none-any.whl (131 kB)
Security Scan	Install pip-audit	2026-02-08T23:19:31.2266451Z Downloading certifi-2026.1.4-py3-none-any.whl (152 kB)
Security Scan	Install pip-audit	2026-02-08T23:19:31.2431245Z Downloading rich-14.3.2-py3-none-any.whl (309 kB)
Security Scan	Install pip-audit	2026-02-08T23:19:31.2610223Z Downloading pygments-2.19.2-py3-none-any.whl (1.2 MB)
Security Scan	Install pip-audit	2026-02-08T23:19:31.2811075Z    ━━━━━━━━━━━━━━━━━━━━━━━━━━━━━━━━━━━━━━━━ 1.2/1.2 MB 57.2 MB/s  0:00:00
Security Scan	Install pip-audit	2026-02-08T23:19:31.2958392Z Downloading markdown_it_py-4.0.0-py3-none-any.whl (87 kB)
Security Scan	Install pip-audit	2026-02-08T23:19:31.3121563Z Downloading mdurl-0.1.2-py3-none-any.whl (10.0 kB)
Security Scan	Install pip-audit	2026-02-08T23:19:31.3280329Z Downloading tomli-2.4.0-cp311-cp311-manylinux2014_x86_64.manylinux_2_17_x86_64.manylinux_2_28_x86_64.whl (243 kB)
Security Scan	Install pip-audit	2026-02-08T23:19:31.3446651Z Downloading tomli_w-1.2.0-py3-none-any.whl (6.7 kB)
Security Scan	Install pip-audit	2026-02-08T23:19:31.3603981Z Downloading pyparsing-3.3.2-py3-none-any.whl (122 kB)
Security Scan	Install pip-audit	2026-02-08T23:19:31.4288911Z Installing collected packages: sortedcontainers, boolean.py, urllib3, typing_extensions, tomli-w, tomli, pyparsing, pygments, platformdirs, pip-api, packaging, packageurl-python, msgpack, mdurl, license-expression, idna, filelock, defusedxml, charset_normalizer, certifi, requests, py-serializable, pip-requirements-parser, markdown-it-py, rich, cyclonedx-python-lib, CacheControl, pip-audit
Security Scan	Install pip-audit	2026-02-08T23:19:33.1552429Z 
Security Scan	Install pip-audit	2026-02-08T23:19:33.1570583Z Successfully installed CacheControl-0.14.4 boolean.py-5.0 certifi-2026.1.4 charset_normalizer-3.4.4 cyclonedx-python-lib-11.6.0 defusedxml-0.7.1 filelock-3.20.3 idna-3.11 license-expression-30.4.4 markdown-it-py-4.0.0 mdurl-0.1.2 msgpack-1.1.2 packageurl-python-0.17.6 packaging-26.0 pip-api-0.0.34 pip-audit-2.10.0 pip-requirements-parser-32.0.1 platformdirs-4.5.1 py-serializable-2.1.0 pygments-2.19.2 pyparsing-3.3.2 requests-2.32.5 rich-14.3.2 sortedcontainers-2.4.0 tomli-2.4.0 tomli-w-1.2.0 typing_extensions-4.15.0 urllib3-2.6.3
Security Scan	Install pip-audit	2026-02-08T23:19:33.2531281Z 
Security Scan	Install pip-audit	2026-02-08T23:19:33.2531707Z [notice] A new release of pip is available: 26.0 -> 26.0.1
Security Scan	Install pip-audit	2026-02-08T23:19:33.2532375Z [notice] To update, run: pip install --upgrade pip
Security Scan	Scan Python dependencies	﻿2026-02-08T23:19:33.3286458Z ##[group]Run pip-audit -r requirements.txt --ignore-vuln GHSA-xxxx || true
Security Scan	Scan Python dependencies	2026-02-08T23:19:33.3287037Z [36;1mpip-audit -r requirements.txt --ignore-vuln GHSA-xxxx || true[0m
Security Scan	Scan Python dependencies	2026-02-08T23:19:33.3321139Z shell: /usr/bin/bash -e {0}
Security Scan	Scan Python dependencies	2026-02-08T23:19:33.3321376Z env:
Security Scan	Scan Python dependencies	2026-02-08T23:19:33.3321618Z   pythonLocation: /opt/hostedtoolcache/Python/3.11.14/x64
Security Scan	Scan Python dependencies	2026-02-08T23:19:33.3322045Z   PKG_CONFIG_PATH: /opt/hostedtoolcache/Python/3.11.14/x64/lib/pkgconfig
Security Scan	Scan Python dependencies	2026-02-08T23:19:33.3322494Z   Python_ROOT_DIR: /opt/hostedtoolcache/Python/3.11.14/x64
Security Scan	Scan Python dependencies	2026-02-08T23:19:33.3322854Z   Python2_ROOT_DIR: /opt/hostedtoolcache/Python/3.11.14/x64
Security Scan	Scan Python dependencies	2026-02-08T23:19:33.3323205Z   Python3_ROOT_DIR: /opt/hostedtoolcache/Python/3.11.14/x64
Security Scan	Scan Python dependencies	2026-02-08T23:19:33.3323568Z   LD_LIBRARY_PATH: /opt/hostedtoolcache/Python/3.11.14/x64/lib
Security Scan	Scan Python dependencies	2026-02-08T23:19:33.3323863Z ##[endgroup]
Security Scan	Scan Python dependencies	2026-02-08T23:19:55.7226410Z Found 1 known vulnerability in 1 package
Security Scan	Scan Python dependencies	2026-02-08T23:19:55.7227421Z Name  Version ID             Fix Versions
Security Scan	Scan Python dependencies	2026-02-08T23:19:55.7228102Z ----- ------- -------------- ------------
Security Scan	Scan Python dependencies	2026-02-08T23:19:55.7228506Z ecdsa 0.19.1  CVE-2024-23342
Security Scan	Setup Node.js	﻿2026-02-08T23:19:55.7789416Z ##[group]Run actions/setup-node@v4
Security Scan	Setup Node.js	2026-02-08T23:19:55.7789687Z with:
Security Scan	Setup Node.js	2026-02-08T23:19:55.7789853Z   node-version: 20
Security Scan	Setup Node.js	2026-02-08T23:19:55.7790034Z   always-auth: false
Security Scan	Setup Node.js	2026-02-08T23:19:55.7790215Z   check-latest: false
Security Scan	Setup Node.js	2026-02-08T23:19:55.7790523Z   token: ***
Security Scan	Setup Node.js	2026-02-08T23:19:55.7790682Z env:
Security Scan	Setup Node.js	2026-02-08T23:19:55.7790911Z   pythonLocation: /opt/hostedtoolcache/Python/3.11.14/x64
Security Scan	Setup Node.js	2026-02-08T23:19:55.7791508Z   PKG_CONFIG_PATH: /opt/hostedtoolcache/Python/3.11.14/x64/lib/pkgconfig
Security Scan	Setup Node.js	2026-02-08T23:19:55.7791906Z   Python_ROOT_DIR: /opt/hostedtoolcache/Python/3.11.14/x64
Security Scan	Setup Node.js	2026-02-08T23:19:55.7792262Z   Python2_ROOT_DIR: /opt/hostedtoolcache/Python/3.11.14/x64
Security Scan	Setup Node.js	2026-02-08T23:19:55.7792606Z   Python3_ROOT_DIR: /opt/hostedtoolcache/Python/3.11.14/x64
Security Scan	Setup Node.js	2026-02-08T23:19:55.7792960Z   LD_LIBRARY_PATH: /opt/hostedtoolcache/Python/3.11.14/x64/lib
Security Scan	Setup Node.js	2026-02-08T23:19:55.7793249Z ##[endgroup]
Security Scan	Setup Node.js	2026-02-08T23:19:55.9637581Z Found in cache @ /opt/hostedtoolcache/node/20.20.0/x64
Security Scan	Setup Node.js	2026-02-08T23:19:55.9643927Z ##[group]Environment details
Security Scan	Setup Node.js	2026-02-08T23:19:56.3378347Z node: v20.20.0
Security Scan	Setup Node.js	2026-02-08T23:19:56.3378808Z npm: 10.8.2
Security Scan	Setup Node.js	2026-02-08T23:19:56.3379085Z yarn: 1.22.22
Security Scan	Setup Node.js	2026-02-08T23:19:56.3379895Z ##[endgroup]
Security Scan	Scan npm dependencies	﻿2026-02-08T23:19:56.3472235Z ##[group]Run npm audit --audit-level=high || true
Security Scan	Scan npm dependencies	2026-02-08T23:19:56.3472615Z [36;1mnpm audit --audit-level=high || true[0m
Security Scan	Scan npm dependencies	2026-02-08T23:19:56.3515665Z shell: /usr/bin/bash -e {0}
Security Scan	Scan npm dependencies	2026-02-08T23:19:56.3515896Z env:
Security Scan	Scan npm dependencies	2026-02-08T23:19:56.3516144Z   pythonLocation: /opt/hostedtoolcache/Python/3.11.14/x64
Security Scan	Scan npm dependencies	2026-02-08T23:19:56.3516572Z   PKG_CONFIG_PATH: /opt/hostedtoolcache/Python/3.11.14/x64/lib/pkgconfig
Security Scan	Scan npm dependencies	2026-02-08T23:19:56.3516995Z   Python_ROOT_DIR: /opt/hostedtoolcache/Python/3.11.14/x64
Security Scan	Scan npm dependencies	2026-02-08T23:19:56.3517346Z   Python2_ROOT_DIR: /opt/hostedtoolcache/Python/3.11.14/x64
Security Scan	Scan npm dependencies	2026-02-08T23:19:56.3517712Z   Python3_ROOT_DIR: /opt/hostedtoolcache/Python/3.11.14/x64
Security Scan	Scan npm dependencies	2026-02-08T23:19:56.3518075Z   LD_LIBRARY_PATH: /opt/hostedtoolcache/Python/3.11.14/x64/lib
Security Scan	Scan npm dependencies	2026-02-08T23:19:56.3518373Z ##[endgroup]
Security Scan	Scan npm dependencies	2026-02-08T23:19:57.6978878Z # npm audit report
Security Scan	Scan npm dependencies	2026-02-08T23:19:57.6979128Z 
Security Scan	Scan npm dependencies	2026-02-08T23:19:57.6979331Z @isaacs/brace-expansion  5.0.0
Security Scan	Scan npm dependencies	2026-02-08T23:19:57.6979611Z Severity: high
Security Scan	Scan npm dependencies	2026-02-08T23:19:57.6980307Z @isaacs/brace-expansion has Uncontrolled Resource Consumption - https://github.com/advisories/GHSA-7h2j-956f-4vf2
Security Scan	Scan npm dependencies	2026-02-08T23:19:57.6981043Z fix available via `npm audit fix`
Security Scan	Scan npm dependencies	2026-02-08T23:19:57.6981387Z node_modules/@isaacs/brace-expansion
Security Scan	Scan npm dependencies	2026-02-08T23:19:57.6981575Z 
Security Scan	Scan npm dependencies	2026-02-08T23:19:57.6981676Z esbuild  <=0.24.2
Security Scan	Scan npm dependencies	2026-02-08T23:19:57.6981892Z Severity: moderate
Security Scan	Scan npm dependencies	2026-02-08T23:19:57.6982695Z esbuild enables any website to send any requests to the development server and read the response - https://github.com/advisories/GHSA-67mh-4wv8-2f99
Security Scan	Scan npm dependencies	2026-02-08T23:19:57.6983540Z fix available via `npm audit fix --force`
Security Scan	Scan npm dependencies	2026-02-08T23:19:57.6984349Z Will install vite@7.3.1, which is a breaking change
Security Scan	Scan npm dependencies	2026-02-08T23:19:57.6984941Z node_modules/esbuild
Security Scan	Scan npm dependencies	2026-02-08T23:19:57.6985309Z   vite  0.11.0 - 6.1.6
Security Scan	Scan npm dependencies	2026-02-08T23:19:57.6985754Z   Depends on vulnerable versions of esbuild
Security Scan	Scan npm dependencies	2026-02-08T23:19:57.6986107Z   node_modules/vite
Security Scan	Scan npm dependencies	2026-02-08T23:19:57.6986222Z 
Security Scan	Scan npm dependencies	2026-02-08T23:19:57.6986318Z lodash  4.0.0 - 4.17.21
Security Scan	Scan npm dependencies	2026-02-08T23:19:57.6986546Z Severity: moderate
Security Scan	Scan npm dependencies	2026-02-08T23:19:57.6987205Z Lodash has Prototype Pollution Vulnerability in `_.unset` and `_.omit` functions - https://github.com/advisories/GHSA-xxjr-mmjv-4gpg
Security Scan	Scan npm dependencies	2026-02-08T23:19:57.6987844Z fix available via `npm audit fix`
Security Scan	Scan npm dependencies	2026-02-08T23:19:57.6988090Z node_modules/lodash
Security Scan	Scan npm dependencies	2026-02-08T23:19:57.6988200Z 
Security Scan	Scan npm dependencies	2026-02-08T23:19:57.6988352Z 4 vulnerabilities (3 moderate, 1 high)
Security Scan	Scan npm dependencies	2026-02-08T23:19:57.6988528Z 
Security Scan	Scan npm dependencies	2026-02-08T23:19:57.6988718Z To address issues that do not require attention, run:
Security Scan	Scan npm dependencies	2026-02-08T23:19:57.6989007Z   npm audit fix
Security Scan	Scan npm dependencies	2026-02-08T23:19:57.6989113Z 
Security Scan	Scan npm dependencies	2026-02-08T23:19:57.6989345Z To address all issues (including breaking changes), run:
Security Scan	Scan npm dependencies	2026-02-08T23:19:57.6989646Z   npm audit fix --force
Security Scan	Post Setup Node.js	﻿2026-02-08T23:19:57.7136849Z Post job cleanup.
Security Scan	Post Setup Python	﻿2026-02-08T23:19:57.8825416Z Post job cleanup.
Security Scan	Post Run actions/checkout@v4	﻿2026-02-08T23:19:58.0561850Z Post job cleanup.
Security Scan	Post Run actions/checkout@v4	2026-02-08T23:19:58.1536245Z [command]/usr/bin/git version
Security Scan	Post Run actions/checkout@v4	2026-02-08T23:19:58.1576009Z git version 2.52.0
Security Scan	Post Run actions/checkout@v4	2026-02-08T23:19:58.1621647Z Temporarily overriding HOME='/home/runner/work/_temp/21ed5eed-e020-41e4-ad2c-cf7b83fc4e8e' before making global git config changes
Security Scan	Post Run actions/checkout@v4	2026-02-08T23:19:58.1623182Z Adding repository directory to the temporary git global config as a safe directory
Security Scan	Post Run actions/checkout@v4	2026-02-08T23:19:58.1628100Z [command]/usr/bin/git config --global --add safe.directory /home/runner/work/AncientMap/AncientMap
Security Scan	Post Run actions/checkout@v4	2026-02-08T23:19:58.1675546Z [command]/usr/bin/git config --local --name-only --get-regexp core\.sshCommand
Security Scan	Post Run actions/checkout@v4	2026-02-08T23:19:58.1711486Z [command]/usr/bin/git submodule foreach --recursive sh -c "git config --local --name-only --get-regexp 'core\.sshCommand' && git config --local --unset-all 'core.sshCommand' || :"
Security Scan	Post Run actions/checkout@v4	2026-02-08T23:19:58.1957840Z [command]/usr/bin/git config --local --name-only --get-regexp http\.https\:\/\/github\.com\/\.extraheader
Security Scan	Post Run actions/checkout@v4	2026-02-08T23:19:58.1981765Z http.https://github.com/.extraheader
Security Scan	Post Run actions/checkout@v4	2026-02-08T23:19:58.1994651Z [command]/usr/bin/git config --local --unset-all http.https://github.com/.extraheader
Security Scan	Post Run actions/checkout@v4	2026-02-08T23:19:58.2028776Z [command]/usr/bin/git submodule foreach --recursive sh -c "git config --local --name-only --get-regexp 'http\.https\:\/\/github\.com\/\.extraheader' && git config --local --unset-all 'http.https://github.com/.extraheader' || :"
Security Scan	Post Run actions/checkout@v4	2026-02-08T23:19:58.2272272Z [command]/usr/bin/git config --local --name-only --get-regexp ^includeIf\.gitdir:
Security Scan	Post Run actions/checkout@v4	2026-02-08T23:19:58.2307051Z [command]/usr/bin/git submodule foreach --recursive git config --local --show-origin --name-only --get-regexp remote.origin.url
Security Scan	Complete job	﻿2026-02-08T23:19:58.2660013Z Cleaning up orphan processes
Lint Frontend	Set up job	﻿2026-02-08T23:18:56.9786187Z Current runner version: '2.331.0'
Lint Frontend	Set up job	2026-02-08T23:18:56.9809926Z ##[group]Runner Image Provisioner
Lint Frontend	Set up job	2026-02-08T23:18:56.9810645Z Hosted Compute Agent
Lint Frontend	Set up job	2026-02-08T23:18:56.9811178Z Version: 20260123.484
Lint Frontend	Set up job	2026-02-08T23:18:56.9811734Z Commit: 6bd6555ca37d84114959e1c76d2c01448ff61c5d
Lint Frontend	Set up job	2026-02-08T23:18:56.9812329Z Build Date: 2026-01-23T19:41:17Z
Lint Frontend	Set up job	2026-02-08T23:18:56.9812933Z Worker ID: {1c850c29-d8e4-4433-b435-6adcd1e9fd00}
Lint Frontend	Set up job	2026-02-08T23:18:56.9813568Z Azure Region: westcentralus
Lint Frontend	Set up job	2026-02-08T23:18:56.9814079Z ##[endgroup]
Lint Frontend	Set up job	2026-02-08T23:18:56.9815234Z ##[group]Operating System
Lint Frontend	Set up job	2026-02-08T23:18:56.9815820Z Ubuntu
Lint Frontend	Set up job	2026-02-08T23:18:56.9816202Z 24.04.3
Lint Frontend	Set up job	2026-02-08T23:18:56.9816859Z LTS
Lint Frontend	Set up job	2026-02-08T23:18:56.9817348Z ##[endgroup]
Lint Frontend	Set up job	2026-02-08T23:18:56.9817749Z ##[group]Runner Image
Lint Frontend	Set up job	2026-02-08T23:18:56.9818219Z Image: ubuntu-24.04
Lint Frontend	Set up job	2026-02-08T23:18:56.9818682Z Version: 20260201.15.1
Lint Frontend	Set up job	2026-02-08T23:18:56.9819555Z Included Software: https://github.com/actions/runner-images/blob/ubuntu24/20260201.15/images/ubuntu/Ubuntu2404-Readme.md
Lint Frontend	Set up job	2026-02-08T23:18:56.9821012Z Image Release: https://github.com/actions/runner-images/releases/tag/ubuntu24%2F20260201.15
Lint Frontend	Set up job	2026-02-08T23:18:56.9821786Z ##[endgroup]
Lint Frontend	Set up job	2026-02-08T23:18:56.9822677Z ##[group]GITHUB_TOKEN Permissions
Lint Frontend	Set up job	2026-02-08T23:18:56.9824661Z Contents: read
Lint Frontend	Set up job	2026-02-08T23:18:56.9825151Z Metadata: read
Lint Frontend	Set up job	2026-02-08T23:18:56.9825598Z Packages: read
Lint Frontend	Set up job	2026-02-08T23:18:56.9826054Z ##[endgroup]
Lint Frontend	Set up job	2026-02-08T23:18:56.9828266Z Secret source: Actions
Lint Frontend	Set up job	2026-02-08T23:18:56.9828931Z Prepare workflow directory
Lint Frontend	Set up job	2026-02-08T23:18:57.0232580Z Prepare all required actions
Lint Frontend	Set up job	2026-02-08T23:18:57.0268730Z Getting action download info
Lint Frontend	Set up job	2026-02-08T23:18:57.3799905Z Download action repository 'actions/checkout@v4' (SHA:34e114876b0b11c390a56381ad16ebd13914f8d5)
Lint Frontend	Set up job	2026-02-08T23:18:57.4450628Z Download action repository 'actions/setup-node@v4' (SHA:49933ea5288caeca8642d1e84afbd3f7d6820020)
Lint Frontend	Set up job	2026-02-08T23:18:57.5964596Z Complete job name: Lint Frontend
Lint Frontend	Run actions/checkout@v4	﻿2026-02-08T23:18:57.6548753Z ##[group]Run actions/checkout@v4
Lint Frontend	Run actions/checkout@v4	2026-02-08T23:18:57.6549591Z with:
Lint Frontend	Run actions/checkout@v4	2026-02-08T23:18:57.6550011Z   repository: ancientnerds/AncientMap
Lint Frontend	Run actions/checkout@v4	2026-02-08T23:18:57.6550767Z   token: ***
Lint Frontend	Run actions/checkout@v4	2026-02-08T23:18:57.6551170Z   ssh-strict: true
Lint Frontend	Run actions/checkout@v4	2026-02-08T23:18:57.6551569Z   ssh-user: git
Lint Frontend	Run actions/checkout@v4	2026-02-08T23:18:57.6552173Z   persist-credentials: true
Lint Frontend	Run actions/checkout@v4	2026-02-08T23:18:57.6552616Z   clean: true
Lint Frontend	Run actions/checkout@v4	2026-02-08T23:18:57.6553046Z   sparse-checkout-cone-mode: true
Lint Frontend	Run actions/checkout@v4	2026-02-08T23:18:57.6553567Z   fetch-depth: 1
Lint Frontend	Run actions/checkout@v4	2026-02-08T23:18:57.6553949Z   fetch-tags: false
Lint Frontend	Run actions/checkout@v4	2026-02-08T23:18:57.6554402Z   show-progress: true
Lint Frontend	Run actions/checkout@v4	2026-02-08T23:18:57.6554822Z   lfs: false
Lint Frontend	Run actions/checkout@v4	2026-02-08T23:18:57.6555235Z   submodules: false
Lint Frontend	Run actions/checkout@v4	2026-02-08T23:18:57.6555638Z   set-safe-directory: true
Lint Frontend	Run actions/checkout@v4	2026-02-08T23:18:57.6556482Z ##[endgroup]
Lint Frontend	Run actions/checkout@v4	2026-02-08T23:18:57.7551796Z Syncing repository: ancientnerds/AncientMap
Lint Frontend	Run actions/checkout@v4	2026-02-08T23:18:57.7553692Z ##[group]Getting Git version info
Lint Frontend	Run actions/checkout@v4	2026-02-08T23:18:57.7554416Z Working directory is '/home/runner/work/AncientMap/AncientMap'
Lint Frontend	Run actions/checkout@v4	2026-02-08T23:18:57.7555751Z [command]/usr/bin/git version
Lint Frontend	Run actions/checkout@v4	2026-02-08T23:18:57.7606798Z git version 2.52.0
Lint Frontend	Run actions/checkout@v4	2026-02-08T23:18:57.7630185Z ##[endgroup]
Lint Frontend	Run actions/checkout@v4	2026-02-08T23:18:57.7644323Z Temporarily overriding HOME='/home/runner/work/_temp/0de57af8-b952-45b8-b2a2-768e4159bbd9' before making global git config changes
Lint Frontend	Run actions/checkout@v4	2026-02-08T23:18:57.7646951Z Adding repository directory to the temporary git global config as a safe directory
Lint Frontend	Run actions/checkout@v4	2026-02-08T23:18:57.7658973Z [command]/usr/bin/git config --global --add safe.directory /home/runner/work/AncientMap/AncientMap
Lint Frontend	Run actions/checkout@v4	2026-02-08T23:18:57.7691175Z Deleting the contents of '/home/runner/work/AncientMap/AncientMap'
Lint Frontend	Run actions/checkout@v4	2026-02-08T23:18:57.7694873Z ##[group]Initializing the repository
Lint Frontend	Run actions/checkout@v4	2026-02-08T23:18:57.7699759Z [command]/usr/bin/git init /home/runner/work/AncientMap/AncientMap
Lint Frontend	Run actions/checkout@v4	2026-02-08T23:18:57.7783588Z hint: Using 'master' as the name for the initial branch. This default branch name
Lint Frontend	Run actions/checkout@v4	2026-02-08T23:18:57.7784871Z hint: will change to "main" in Git 3.0. To configure the initial branch name
Lint Frontend	Run actions/checkout@v4	2026-02-08T23:18:57.7786552Z hint: to use in all of your new repositories, which will suppress this warning,
Lint Frontend	Run actions/checkout@v4	2026-02-08T23:18:57.7788162Z hint: call:
Lint Frontend	Run actions/checkout@v4	2026-02-08T23:18:57.7788807Z hint:
Lint Frontend	Run actions/checkout@v4	2026-02-08T23:18:57.7789696Z hint: 	git config --global init.defaultBranch <name>
Lint Frontend	Run actions/checkout@v4	2026-02-08T23:18:57.7790648Z hint:
Lint Frontend	Run actions/checkout@v4	2026-02-08T23:18:57.7791506Z hint: Names commonly chosen instead of 'master' are 'main', 'trunk' and
Lint Frontend	Run actions/checkout@v4	2026-02-08T23:18:57.7793059Z hint: 'development'. The just-created branch can be renamed via this command:
Lint Frontend	Run actions/checkout@v4	2026-02-08T23:18:57.7794256Z hint:
Lint Frontend	Run actions/checkout@v4	2026-02-08T23:18:57.7794938Z hint: 	git branch -m <name>
Lint Frontend	Run actions/checkout@v4	2026-02-08T23:18:57.7795611Z hint:
Lint Frontend	Run actions/checkout@v4	2026-02-08T23:18:57.7796858Z hint: Disable this message with "git config set advice.defaultBranchName false"
Lint Frontend	Run actions/checkout@v4	2026-02-08T23:18:57.7798498Z Initialized empty Git repository in /home/runner/work/AncientMap/AncientMap/.git/
Lint Frontend	Run actions/checkout@v4	2026-02-08T23:18:57.7801238Z [command]/usr/bin/git remote add origin https://github.com/ancientnerds/AncientMap
Lint Frontend	Run actions/checkout@v4	2026-02-08T23:18:57.7825478Z ##[endgroup]
Lint Frontend	Run actions/checkout@v4	2026-02-08T23:18:57.7826926Z ##[group]Disabling automatic garbage collection
Lint Frontend	Run actions/checkout@v4	2026-02-08T23:18:57.7830711Z [command]/usr/bin/git config --local gc.auto 0
Lint Frontend	Run actions/checkout@v4	2026-02-08T23:18:57.7853295Z ##[endgroup]
Lint Frontend	Run actions/checkout@v4	2026-02-08T23:18:57.7854589Z ##[group]Setting up auth
Lint Frontend	Run actions/checkout@v4	2026-02-08T23:18:57.7860674Z [command]/usr/bin/git config --local --name-only --get-regexp core\.sshCommand
Lint Frontend	Run actions/checkout@v4	2026-02-08T23:18:57.7885115Z [command]/usr/bin/git submodule foreach --recursive sh -c "git config --local --name-only --get-regexp 'core\.sshCommand' && git config --local --unset-all 'core.sshCommand' || :"
Lint Frontend	Run actions/checkout@v4	2026-02-08T23:18:57.8149231Z [command]/usr/bin/git config --local --name-only --get-regexp http\.https\:\/\/github\.com\/\.extraheader
Lint Frontend	Run actions/checkout@v4	2026-02-08T23:18:57.8174613Z [command]/usr/bin/git submodule foreach --recursive sh -c "git config --local --name-only --get-regexp 'http\.https\:\/\/github\.com\/\.extraheader' && git config --local --unset-all 'http.https://github.com/.extraheader' || :"
Lint Frontend	Run actions/checkout@v4	2026-02-08T23:18:57.8343948Z [command]/usr/bin/git config --local --name-only --get-regexp ^includeIf\.gitdir:
Lint Frontend	Run actions/checkout@v4	2026-02-08T23:18:57.8369283Z [command]/usr/bin/git submodule foreach --recursive git config --local --show-origin --name-only --get-regexp remote.origin.url
Lint Frontend	Run actions/checkout@v4	2026-02-08T23:18:57.8540948Z [command]/usr/bin/git config --local http.https://github.com/.extraheader AUTHORIZATION: basic ***
Lint Frontend	Run actions/checkout@v4	2026-02-08T23:18:57.8568363Z ##[endgroup]
Lint Frontend	Run actions/checkout@v4	2026-02-08T23:18:57.8569748Z ##[group]Fetching the repository
Lint Frontend	Run actions/checkout@v4	2026-02-08T23:18:57.8577479Z [command]/usr/bin/git -c protocol.version=2 fetch --no-tags --prune --no-recurse-submodules --depth=1 origin +03a3ad29619381c5cd0666e84b7dc70ccf3bbee5:refs/remotes/origin/main
Lint Frontend	Run actions/checkout@v4	2026-02-08T23:19:16.3078803Z From https://github.com/ancientnerds/AncientMap
Lint Frontend	Run actions/checkout@v4	2026-02-08T23:19:16.3079494Z  * [new ref]         03a3ad29619381c5cd0666e84b7dc70ccf3bbee5 -> origin/main
Lint Frontend	Run actions/checkout@v4	2026-02-08T23:19:16.3102501Z ##[endgroup]
Lint Frontend	Run actions/checkout@v4	2026-02-08T23:19:16.3103317Z ##[group]Determining the checkout info
Lint Frontend	Run actions/checkout@v4	2026-02-08T23:19:16.3104291Z ##[endgroup]
Lint Frontend	Run actions/checkout@v4	2026-02-08T23:19:16.3110998Z [command]/usr/bin/git sparse-checkout disable
Lint Frontend	Run actions/checkout@v4	2026-02-08T23:19:16.3143738Z [command]/usr/bin/git config --local --unset-all extensions.worktreeConfig
Lint Frontend	Run actions/checkout@v4	2026-02-08T23:19:16.3165233Z ##[group]Checking out the ref
Lint Frontend	Run actions/checkout@v4	2026-02-08T23:19:16.3169319Z [command]/usr/bin/git checkout --progress --force -B main refs/remotes/origin/main
Lint Frontend	Run actions/checkout@v4	2026-02-08T23:19:17.3950581Z Updating files:  46% (1159/2468)
Lint Frontend	Run actions/checkout@v4	2026-02-08T23:19:18.3358685Z Updating files:  47% (1160/2468)
Lint Frontend	Run actions/checkout@v4	2026-02-08T23:19:19.1533826Z Updating files:  47% (1174/2468)
Lint Frontend	Run actions/checkout@v4	2026-02-08T23:19:19.5410759Z Updating files:  48% (1185/2468)
Lint Frontend	Run actions/checkout@v4	2026-02-08T23:19:20.3940468Z Updating files:  48% (1191/2468)
Lint Frontend	Run actions/checkout@v4	2026-02-08T23:19:21.0517790Z Updating files:  48% (1202/2468)
Lint Frontend	Run actions/checkout@v4	2026-02-08T23:19:21.3594175Z Updating files:  49% (1210/2468)
Lint Frontend	Run actions/checkout@v4	2026-02-08T23:19:22.3425410Z Updating files:  49% (1213/2468)
Lint Frontend	Run actions/checkout@v4	2026-02-08T23:19:23.3650388Z Updating files:  49% (1225/2468)
Lint Frontend	Run actions/checkout@v4	2026-02-08T23:19:24.3400237Z Updating files:  50% (1234/2468)
Lint Frontend	Run actions/checkout@v4	2026-02-08T23:19:25.3553093Z Updating files:  50% (1246/2468)
Lint Frontend	Run actions/checkout@v4	2026-02-08T23:19:26.3450539Z Updating files:  51% (1259/2468)
Lint Frontend	Run actions/checkout@v4	2026-02-08T23:19:27.3191895Z Updating files:  51% (1272/2468)
Lint Frontend	Run actions/checkout@v4	2026-02-08T23:19:27.3523571Z Updating files:  52% (1284/2468)
Lint Frontend	Run actions/checkout@v4	2026-02-08T23:19:28.5936664Z Updating files:  52% (1285/2468)
Lint Frontend	Run actions/checkout@v4	2026-02-08T23:19:29.3592630Z Updating files:  52% (1297/2468)
Lint Frontend	Run actions/checkout@v4	2026-02-08T23:19:29.4290374Z Updating files:  52% (1303/2468)
Lint Frontend	Run actions/checkout@v4	2026-02-08T23:19:29.4434339Z Updating files:  53% (1309/2468)
Lint Frontend	Run actions/checkout@v4	2026-02-08T23:19:29.4437600Z Updating files:  54% (1333/2468)
Lint Frontend	Run actions/checkout@v4	2026-02-08T23:19:29.4441750Z Updating files:  55% (1358/2468)
Lint Frontend	Run actions/checkout@v4	2026-02-08T23:19:29.4445831Z Updating files:  56% (1383/2468)
Lint Frontend	Run actions/checkout@v4	2026-02-08T23:19:29.4451515Z Updating files:  57% (1407/2468)
Lint Frontend	Run actions/checkout@v4	2026-02-08T23:19:29.4455954Z Updating files:  58% (1432/2468)
Lint Frontend	Run actions/checkout@v4	2026-02-08T23:19:29.4460891Z Updating files:  59% (1457/2468)
Lint Frontend	Run actions/checkout@v4	2026-02-08T23:19:29.4466184Z Updating files:  60% (1481/2468)
Lint Frontend	Run actions/checkout@v4	2026-02-08T23:19:29.4471785Z Updating files:  61% (1506/2468)
Lint Frontend	Run actions/checkout@v4	2026-02-08T23:19:29.4477391Z Updating files:  62% (1531/2468)
Lint Frontend	Run actions/checkout@v4	2026-02-08T23:19:29.4483956Z Updating files:  63% (1555/2468)
Lint Frontend	Run actions/checkout@v4	2026-02-08T23:19:29.4487752Z Updating files:  64% (1580/2468)
Lint Frontend	Run actions/checkout@v4	2026-02-08T23:19:29.4491651Z Updating files:  65% (1605/2468)
Lint Frontend	Run actions/checkout@v4	2026-02-08T23:19:29.4495948Z Updating files:  66% (1629/2468)
Lint Frontend	Run actions/checkout@v4	2026-02-08T23:19:29.4500641Z Updating files:  67% (1654/2468)
Lint Frontend	Run actions/checkout@v4	2026-02-08T23:19:29.4505316Z Updating files:  68% (1679/2468)
Lint Frontend	Run actions/checkout@v4	2026-02-08T23:19:29.4510364Z Updating files:  69% (1703/2468)
Lint Frontend	Run actions/checkout@v4	2026-02-08T23:19:29.4515521Z Updating files:  70% (1728/2468)
Lint Frontend	Run actions/checkout@v4	2026-02-08T23:19:29.4521342Z Updating files:  71% (1753/2468)
Lint Frontend	Run actions/checkout@v4	2026-02-08T23:19:29.4526922Z Updating files:  72% (1777/2468)
Lint Frontend	Run actions/checkout@v4	2026-02-08T23:19:29.4533292Z Updating files:  73% (1802/2468)
Lint Frontend	Run actions/checkout@v4	2026-02-08T23:19:29.4538395Z Updating files:  74% (1827/2468)
Lint Frontend	Run actions/checkout@v4	2026-02-08T23:19:29.4543468Z Updating files:  75% (1851/2468)
Lint Frontend	Run actions/checkout@v4	2026-02-08T23:19:29.4636701Z Updating files:  76% (1876/2468)
Lint Frontend	Run actions/checkout@v4	2026-02-08T23:19:29.4746768Z Updating files:  77% (1901/2468)
Lint Frontend	Run actions/checkout@v4	2026-02-08T23:19:29.4851745Z Updating files:  78% (1926/2468)
Lint Frontend	Run actions/checkout@v4	2026-02-08T23:19:29.4959830Z Updating files:  79% (1950/2468)
Lint Frontend	Run actions/checkout@v4	2026-02-08T23:19:29.5065019Z Updating files:  80% (1975/2468)
Lint Frontend	Run actions/checkout@v4	2026-02-08T23:19:29.5465867Z Updating files:  81% (2000/2468)
Lint Frontend	Run actions/checkout@v4	2026-02-08T23:19:29.5481670Z Updating files:  82% (2024/2468)
Lint Frontend	Run actions/checkout@v4	2026-02-08T23:19:29.5496945Z Updating files:  83% (2049/2468)
Lint Frontend	Run actions/checkout@v4	2026-02-08T23:19:29.5506030Z Updating files:  84% (2074/2468)
Lint Frontend	Run actions/checkout@v4	2026-02-08T23:19:29.5514694Z Updating files:  85% (2098/2468)
Lint Frontend	Run actions/checkout@v4	2026-02-08T23:19:29.5530382Z Updating files:  86% (2123/2468)
Lint Frontend	Run actions/checkout@v4	2026-02-08T23:19:29.5540436Z Updating files:  87% (2148/2468)
Lint Frontend	Run actions/checkout@v4	2026-02-08T23:19:29.5552996Z Updating files:  88% (2172/2468)
Lint Frontend	Run actions/checkout@v4	2026-02-08T23:19:29.5565579Z Updating files:  89% (2197/2468)
Lint Frontend	Run actions/checkout@v4	2026-02-08T23:19:29.5583637Z Updating files:  90% (2222/2468)
Lint Frontend	Run actions/checkout@v4	2026-02-08T23:19:29.5603408Z Updating files:  91% (2246/2468)
Lint Frontend	Run actions/checkout@v4	2026-02-08T23:19:29.5616206Z Updating files:  92% (2271/2468)
Lint Frontend	Run actions/checkout@v4	2026-02-08T23:19:29.5627862Z Updating files:  93% (2296/2468)
Lint Frontend	Run actions/checkout@v4	2026-02-08T23:19:29.5649773Z Updating files:  94% (2320/2468)
Lint Frontend	Run actions/checkout@v4	2026-02-08T23:19:29.5663917Z Updating files:  95% (2345/2468)
Lint Frontend	Run actions/checkout@v4	2026-02-08T23:19:29.5676553Z Updating files:  96% (2370/2468)
Lint Frontend	Run actions/checkout@v4	2026-02-08T23:19:29.6107967Z Updating files:  97% (2394/2468)
Lint Frontend	Run actions/checkout@v4	2026-02-08T23:19:29.9246769Z Updating files:  98% (2419/2468)
Lint Frontend	Run actions/checkout@v4	2026-02-08T23:19:29.9253935Z Updating files:  99% (2444/2468)
Lint Frontend	Run actions/checkout@v4	2026-02-08T23:19:29.9254496Z Updating files: 100% (2468/2468)
Lint Frontend	Run actions/checkout@v4	2026-02-08T23:19:29.9254860Z Updating files: 100% (2468/2468), done.
Lint Frontend	Run actions/checkout@v4	2026-02-08T23:19:29.9305216Z Switched to a new branch 'main'
Lint Frontend	Run actions/checkout@v4	2026-02-08T23:19:29.9307082Z branch 'main' set up to track 'origin/main'.
Lint Frontend	Run actions/checkout@v4	2026-02-08T23:19:29.9632399Z ##[endgroup]
Lint Frontend	Run actions/checkout@v4	2026-02-08T23:19:29.9662917Z [command]/usr/bin/git log -1 --format=%H
Lint Frontend	Run actions/checkout@v4	2026-02-08T23:19:29.9684541Z 03a3ad29619381c5cd0666e84b7dc70ccf3bbee5
Lint Frontend	Setup Node.js	﻿2026-02-08T23:19:29.9877015Z ##[group]Run actions/setup-node@v4
Lint Frontend	Setup Node.js	2026-02-08T23:19:29.9877278Z with:
Lint Frontend	Setup Node.js	2026-02-08T23:19:29.9877440Z   node-version: 20
Lint Frontend	Setup Node.js	2026-02-08T23:19:29.9877613Z   cache: npm
Lint Frontend	Setup Node.js	2026-02-08T23:19:29.9877858Z   cache-dependency-path: ancient-nerds-map/package-lock.json
Lint Frontend	Setup Node.js	2026-02-08T23:19:29.9878157Z   always-auth: false
Lint Frontend	Setup Node.js	2026-02-08T23:19:29.9878335Z   check-latest: false
Lint Frontend	Setup Node.js	2026-02-08T23:19:29.9878647Z   token: ***
Lint Frontend	Setup Node.js	2026-02-08T23:19:29.9878802Z ##[endgroup]
Lint Frontend	Setup Node.js	2026-02-08T23:19:30.1519320Z Found in cache @ /opt/hostedtoolcache/node/20.20.0/x64
Lint Frontend	Setup Node.js	2026-02-08T23:19:30.1525694Z ##[group]Environment details
Lint Frontend	Setup Node.js	2026-02-08T23:19:30.4387174Z node: v20.20.0
Lint Frontend	Setup Node.js	2026-02-08T23:19:30.4387586Z npm: 10.8.2
Lint Frontend	Setup Node.js	2026-02-08T23:19:30.4387849Z yarn: 1.22.22
Lint Frontend	Setup Node.js	2026-02-08T23:19:30.4388754Z ##[endgroup]
Lint Frontend	Setup Node.js	2026-02-08T23:19:30.4409437Z [command]/opt/hostedtoolcache/node/20.20.0/x64/bin/npm config get cache
Lint Frontend	Setup Node.js	2026-02-08T23:19:30.5432319Z /home/runner/.npm
Lint Frontend	Setup Node.js	2026-02-08T23:19:30.7813980Z Cache hit for: node-cache-Linux-x64-npm-d2d6b14c854a935c705bf99182348926075d17b2affce259483f827dfb9acdb0
Lint Frontend	Setup Node.js	2026-02-08T23:19:31.9900312Z Received 55025512 of 63414120 (86.8%), 52.4 MBs/sec
Lint Frontend	Setup Node.js	2026-02-08T23:19:32.1379619Z Received 63414120 of 63414120 (100.0%), 52.6 MBs/sec
Lint Frontend	Setup Node.js	2026-02-08T23:19:32.1380172Z Cache Size: ~60 MB (63414120 B)
Lint Frontend	Setup Node.js	2026-02-08T23:19:32.1405103Z [command]/usr/bin/tar -xf /home/runner/work/_temp/c7728ef6-07a2-4964-a691-57701b40c15c/cache.tzst -P -C /home/runner/work/AncientMap/AncientMap --use-compress-program unzstd
Lint Frontend	Setup Node.js	2026-02-08T23:19:32.2540291Z Cache restored successfully
Lint Frontend	Setup Node.js	2026-02-08T23:19:32.2616805Z Cache restored from key: node-cache-Linux-x64-npm-d2d6b14c854a935c705bf99182348926075d17b2affce259483f827dfb9acdb0
Lint Frontend	Install dependencies	﻿2026-02-08T23:19:32.2735084Z ##[group]Run npm ci
Lint Frontend	Install dependencies	2026-02-08T23:19:32.2735423Z [36;1mnpm ci[0m
Lint Frontend	Install dependencies	2026-02-08T23:19:32.2765224Z shell: /usr/bin/bash -e {0}
Lint Frontend	Install dependencies	2026-02-08T23:19:32.2765493Z ##[endgroup]
Lint Frontend	Install dependencies	2026-02-08T23:19:34.8644185Z npm warn deprecated sourcemap-codec@1.4.8: Please use @jridgewell/sourcemap-codec instead
Lint Frontend	Install dependencies	2026-02-08T23:19:35.0115145Z npm warn deprecated source-map@0.8.0-beta.0: The work that was done in this beta branch won't be included in future versions
Lint Frontend	Install dependencies	2026-02-08T23:19:40.8052086Z 
Lint Frontend	Install dependencies	2026-02-08T23:19:40.8052965Z added 594 packages, and audited 595 packages in 8s
Lint Frontend	Install dependencies	2026-02-08T23:19:40.8053379Z 
Lint Frontend	Install dependencies	2026-02-08T23:19:40.8053619Z 177 packages are looking for funding
Lint Frontend	Install dependencies	2026-02-08T23:19:40.8059196Z   run `npm fund` for details
Lint Frontend	Install dependencies	2026-02-08T23:19:40.8165050Z 
Lint Frontend	Install dependencies	2026-02-08T23:19:40.8167128Z 4 vulnerabilities (3 moderate, 1 high)
Lint Frontend	Install dependencies	2026-02-08T23:19:40.8167529Z 
Lint Frontend	Install dependencies	2026-02-08T23:19:40.8167918Z To address issues that do not require attention, run:
Lint Frontend	Install dependencies	2026-02-08T23:19:40.8168434Z   npm audit fix
Lint Frontend	Install dependencies	2026-02-08T23:19:40.8168631Z 
Lint Frontend	Install dependencies	2026-02-08T23:19:40.8168980Z To address all issues (including breaking changes), run:
Lint Frontend	Install dependencies	2026-02-08T23:19:40.8169584Z   npm audit fix --force
Lint Frontend	Install dependencies	2026-02-08T23:19:40.8169830Z 
Lint Frontend	Install dependencies	2026-02-08T23:19:40.8170020Z Run `npm audit` for details.
Lint Frontend	Type check	﻿2026-02-08T23:19:40.8412564Z ##[group]Run npm run type-check || npx tsc --noEmit
Lint Frontend	Type check	2026-02-08T23:19:40.8412930Z [36;1mnpm run type-check || npx tsc --noEmit[0m
Lint Frontend	Type check	2026-02-08T23:19:40.8433318Z shell: /usr/bin/bash -e {0}
Lint Frontend	Type check	2026-02-08T23:19:40.8433568Z ##[endgroup]
Lint Frontend	Type check	2026-02-08T23:19:40.9438714Z npm error Missing script: "type-check"
Lint Frontend	Type check	2026-02-08T23:19:40.9439119Z npm error
Lint Frontend	Type check	2026-02-08T23:19:40.9439366Z npm error To see a list of scripts, run:
Lint Frontend	Type check	2026-02-08T23:19:40.9439621Z npm error   npm run
Lint Frontend	Type check	2026-02-08T23:19:40.9453502Z npm error A complete log of this run can be found in: /home/runner/.npm/_logs/2026-02-08T23_19_40_897Z-debug-0.log
Lint Frontend	Build	﻿2026-02-08T23:19:49.0577797Z ##[group]Run npm run build
Lint Frontend	Build	2026-02-08T23:19:49.0578062Z [36;1mnpm run build[0m
Lint Frontend	Build	2026-02-08T23:19:49.0597237Z shell: /usr/bin/bash -e {0}
Lint Frontend	Build	2026-02-08T23:19:49.0597509Z ##[endgroup]
Lint Frontend	Build	2026-02-08T23:19:49.1578128Z 
Lint Frontend	Build	2026-02-08T23:19:49.1578763Z > ancient-nerds-research-platform@1.0.0 build
Lint Frontend	Build	2026-02-08T23:19:49.1579149Z > tsc && vite build
Lint Frontend	Build	2026-02-08T23:19:49.1579281Z 
Lint Frontend	Build	2026-02-08T23:19:56.7182318Z [36mvite v5.4.21 [32mbuilding for production...[36m[39m
Lint Frontend	Build	2026-02-08T23:19:56.7775824Z transforming...
Lint Frontend	Build	2026-02-08T23:20:04.3797957Z [32m✓[39m 374 modules transformed.
Lint Frontend	Build	2026-02-08T23:20:10.7279423Z rendering chunks...
Lint Frontend	Build	2026-02-08T23:20:11.2018249Z computing gzip size...
Lint Frontend	Build	2026-02-08T23:20:11.2539311Z [2mdist/[22m[32mregisterSW.js                        [39m[1m[2m    0.13 kB[22m[1m[22m
Lint Frontend	Build	2026-02-08T23:20:11.2540551Z [2mdist/[22m[32mmanifest.webmanifest                 [39m[1m[2m    0.36 kB[22m[1m[22m
Lint Frontend	Build	2026-02-08T23:20:11.2541947Z [2mdist/[22m[32mradar.html                           [39m[1m[2m    2.10 kB[22m[1m[22m[2m │ gzip:   0.83 kB[22m
Lint Frontend	Build	2026-02-08T23:20:11.2543775Z [2mdist/[22m[32mnews.html                            [39m[1m[2m    2.17 kB[22m[1m[22m[2m │ gzip:   0.84 kB[22m
Lint Frontend	Build	2026-02-08T23:20:11.2545086Z [2mdist/[22m[32mindex.html                           [39m[1m[2m    5.73 kB[22m[1m[22m[2m │ gzip:   1.76 kB[22m
Lint Frontend	Build	2026-02-08T23:20:11.2546701Z [2mdist/[22m[2massets/[22m[35mnews-cards-wRP1isN9.css       [39m[1m[2m    6.18 kB[22m[1m[22m[2m │ gzip:   1.69 kB[22m
Lint Frontend	Build	2026-02-08T23:20:11.2548117Z [2mdist/[22m[2massets/[22m[35mradar-Br_T82hQ.css            [39m[1m[2m    9.64 kB[22m[1m[22m[2m │ gzip:   2.42 kB[22m
Lint Frontend	Build	2026-02-08T23:20:11.2549538Z [2mdist/[22m[2massets/[22m[35mDownloadManager-L4njKcFj.css  [39m[1m[2m    9.66 kB[22m[1m[22m[2m │ gzip:   2.33 kB[22m
Lint Frontend	Build	2026-02-08T23:20:11.2551232Z [2mdist/[22m[2massets/[22m[35mSitePopup-CoX_AcFD.css        [39m[1m[2m   38.68 kB[22m[1m[22m[2m │ gzip:   5.46 kB[22m
Lint Frontend	Build	2026-02-08T23:20:11.2552776Z [2mdist/[22m[2massets/[22m[35mindex-D5oJ34fY.css            [39m[1m[2m  217.19 kB[22m[1m[22m[2m │ gzip:  33.47 kB[22m
Lint Frontend	Build	2026-02-08T23:20:11.2554305Z [2mdist/[22m[2massets/[22m[36mindex-DoUOYpiY.js             [39m[1m[2m    0.21 kB[22m[1m[22m[2m │ gzip:   0.16 kB[22m
Lint Frontend	Build	2026-02-08T23:20:11.2555857Z [2mdist/[22m[2massets/[22m[36msiteApi-CRKrY5-z.js           [39m[1m[2m    0.44 kB[22m[1m[22m[2m │ gzip:   0.28 kB[22m
Lint Frontend	Build	2026-02-08T23:20:11.2557047Z [2mdist/[22m[2massets/[22m[36mnews-cards-CCSzfLxt.js        [39m[1m[2m    0.47 kB[22m[1m[22m[2m │ gzip:   0.33 kB[22m
Lint Frontend	Build	2026-02-08T23:20:11.2557913Z [2mdist/[22m[2massets/[22m[36mSitePopupOverlay-8bx-yK3e.js  [39m[1m[2m    0.70 kB[22m[1m[22m[2m │ gzip:   0.40 kB[22m
Lint Frontend	Build	2026-02-08T23:20:11.2558783Z [2mdist/[22m[2massets/[22m[36msignificance-D3Ofl78y.js      [39m[1m[2m    1.16 kB[22m[1m[22m[2m │ gzip:   0.57 kB[22m
Lint Frontend	Build	2026-02-08T23:20:11.2559297Z [33m
Lint Frontend	Build	2026-02-08T23:20:11.2559648Z (!) Some chunks are larger than 500 kB after minification. Consider:
Lint Frontend	Build	2026-02-08T23:20:11.2560107Z - Using dynamic import() to code-split the application
Lint Frontend	Build	2026-02-08T23:20:11.2560831Z - Use build.rollupOptions.output.manualChunks to improve chunking: https://rollupjs.org/configuration-options/#output-manualchunks
Lint Frontend	Build	2026-02-08T23:20:11.2561621Z - Adjust chunk size limit for this warning via build.chunkSizeWarningLimit.[39m
Lint Frontend	Build	2026-02-08T23:20:11.2562388Z [2mdist/[22m[2massets/[22m[36mNewsFeedPanel-BERALMPh.js     [39m[1m[2m    8.30 kB[22m[1m[22m[2m │ gzip:   2.82 kB[22m
Lint Frontend	Build	2026-02-08T23:20:11.2563263Z [2mdist/[22m[2massets/[22m[36mLyraProfileModal-D5fdZH12.js  [39m[1m[2m   12.68 kB[22m[1m[22m[2m │ gzip:   4.00 kB[22m
Lint Frontend	Build	2026-02-08T23:20:11.2564131Z [2mdist/[22m[2massets/[22m[36mContributeModal-bEV7Vx3_.js   [39m[1m[2m   14.70 kB[22m[1m[22m[2m │ gzip:   4.73 kB[22m
Lint Frontend	Build	2026-02-08T23:20:11.2564963Z [2mdist/[22m[2massets/[22m[36mnews-sRTZVbsw.js              [39m[1m[2m   16.06 kB[22m[1m[22m[2m │ gzip:   4.60 kB[22m
Lint Frontend	Build	2026-02-08T23:20:11.2566060Z [2mdist/[22m[2massets/[22m[36mDisclaimerModal-CMPxRBGa.js   [39m[1m[2m   17.09 kB[22m[1m[22m[2m │ gzip:   4.60 kB[22m
Lint Frontend	Build	2026-02-08T23:20:11.2567264Z [2mdist/[22m[2massets/[22m[36mradar-D_nD3wE6.js             [39m[1m[2m   17.79 kB[22m[1m[22m[2m │ gzip:   5.50 kB[22m
Lint Frontend	Build	2026-02-08T23:20:11.2568494Z [2mdist/[22m[2massets/[22m[36mDownloadManager-BM_uKSZx.js   [39m[1m[2m   26.36 kB[22m[1m[22m[2m │ gzip:   7.28 kB[22m
Lint Frontend	Build	2026-02-08T23:20:11.2569361Z [2mdist/[22m[2massets/[22m[36mLyraChatModal-D71o-dk8.js     [39m[1m[2m  138.26 kB[22m[1m[22m[2m │ gzip:  43.08 kB[22m
Lint Frontend	Build	2026-02-08T23:20:11.2570197Z [2mdist/[22m[2massets/[22m[36mindex-SlUPGaap.js             [39m[1m[2m  177.86 kB[22m[1m[22m[2m │ gzip:  58.02 kB[22m
Lint Frontend	Build	2026-02-08T23:20:11.2571012Z [2mdist/[22m[2massets/[22m[36mmain-Czv1831B.js              [39m[1m[33m1,042.73 kB[39m[22m[2m │ gzip: 274.33 kB[22m
Lint Frontend	Build	2026-02-08T23:20:11.2571838Z [2mdist/[22m[2massets/[22m[36mSitePopup-DOjSi1pE.js         [39m[1m[33m1,877.47 kB[39m[22m[2m │ gzip: 508.34 kB[22m
Lint Frontend	Build	2026-02-08T23:20:11.2572517Z [32m✓ built in 14.52s[39m
Lint Frontend	Build	2026-02-08T23:20:13.4744711Z 
Lint Frontend	Build	2026-02-08T23:20:13.4747895Z [36mPWA v1.2.0[39m
Lint Frontend	Build	2026-02-08T23:20:13.4750590Z mode      [35mgenerateSW[39m
Lint Frontend	Build	2026-02-08T23:20:13.4753094Z precache  [32m29 entries[39m [2m(3560.50 KiB)[22m
Lint Frontend	Build	2026-02-08T23:20:13.4754842Z files generated
Lint Frontend	Build	2026-02-08T23:20:13.4756580Z   [2mdist/sw.js[22m
Lint Frontend	Build	2026-02-08T23:20:13.4758386Z   [2mdist/workbox-f557b7ef.js[22m
Lint Frontend	Post Setup Node.js	﻿2026-02-08T23:20:13.5550035Z Post job cleanup.
Lint Frontend	Post Setup Node.js	2026-02-08T23:20:13.6967408Z Cache hit occurred on the primary key node-cache-Linux-x64-npm-d2d6b14c854a935c705bf99182348926075d17b2affce259483f827dfb9acdb0, not saving cache.
Lint Frontend	Post Run actions/checkout@v4	﻿2026-02-08T23:20:13.7071317Z Post job cleanup.
Lint Frontend	Post Run actions/checkout@v4	2026-02-08T23:20:13.7926361Z [command]/usr/bin/git version
Lint Frontend	Post Run actions/checkout@v4	2026-02-08T23:20:13.7958555Z git version 2.52.0
Lint Frontend	Post Run actions/checkout@v4	2026-02-08T23:20:13.7996746Z Temporarily overriding HOME='/home/runner/work/_temp/f1eb1cd5-3881-4401-b0e0-59650c01326b' before making global git config changes
Lint Frontend	Post Run actions/checkout@v4	2026-02-08T23:20:13.7997750Z Adding repository directory to the temporary git global config as a safe directory
Lint Frontend	Post Run actions/checkout@v4	2026-02-08T23:20:13.8002605Z [command]/usr/bin/git config --global --add safe.directory /home/runner/work/AncientMap/AncientMap
Lint Frontend	Post Run actions/checkout@v4	2026-02-08T23:20:13.8033776Z [command]/usr/bin/git config --local --name-only --get-regexp core\.sshCommand
Lint Frontend	Post Run actions/checkout@v4	2026-02-08T23:20:13.8060074Z [command]/usr/bin/git submodule foreach --recursive sh -c "git config --local --name-only --get-regexp 'core\.sshCommand' && git config --local --unset-all 'core.sshCommand' || :"
Lint Frontend	Post Run actions/checkout@v4	2026-02-08T23:20:13.8231754Z [command]/usr/bin/git config --local --name-only --get-regexp http\.https\:\/\/github\.com\/\.extraheader
Lint Frontend	Post Run actions/checkout@v4	2026-02-08T23:20:13.8248741Z http.https://github.com/.extraheader
Lint Frontend	Post Run actions/checkout@v4	2026-02-08T23:20:13.8259046Z [command]/usr/bin/git config --local --unset-all http.https://github.com/.extraheader
Lint Frontend	Post Run actions/checkout@v4	2026-02-08T23:20:13.8283768Z [command]/usr/bin/git submodule foreach --recursive sh -c "git config --local --name-only --get-regexp 'http\.https\:\/\/github\.com\/\.extraheader' && git config --local --unset-all 'http.https://github.com/.extraheader' || :"
Lint Frontend	Post Run actions/checkout@v4	2026-02-08T23:20:13.8455313Z [command]/usr/bin/git config --local --name-only --get-regexp ^includeIf\.gitdir:
Lint Frontend	Post Run actions/checkout@v4	2026-02-08T23:20:13.8481280Z [command]/usr/bin/git submodule foreach --recursive git config --local --show-origin --name-only --get-regexp remote.origin.url
Lint Frontend	Complete job	﻿2026-02-08T23:20:13.8742573Z Cleaning up orphan processes
Docker Build Test	Set up job	﻿2026-02-08T23:18:56.3550766Z Current runner version: '2.331.0'
Docker Build Test	Set up job	2026-02-08T23:18:56.3585101Z ##[group]Runner Image Provisioner
Docker Build Test	Set up job	2026-02-08T23:18:56.3586764Z Hosted Compute Agent
Docker Build Test	Set up job	2026-02-08T23:18:56.3587616Z Version: 20260123.484
Docker Build Test	Set up job	2026-02-08T23:18:56.3588621Z Commit: 6bd6555ca37d84114959e1c76d2c01448ff61c5d
Docker Build Test	Set up job	2026-02-08T23:18:56.3589916Z Build Date: 2026-01-23T19:41:17Z
Docker Build Test	Set up job	2026-02-08T23:18:56.3591298Z Worker ID: {5c46c2af-85ce-4ca6-a28a-aa05a00e901d}
Docker Build Test	Set up job	2026-02-08T23:18:56.3592709Z Azure Region: eastus
Docker Build Test	Set up job	2026-02-08T23:18:56.3593579Z ##[endgroup]
Docker Build Test	Set up job	2026-02-08T23:18:56.3595846Z ##[group]Operating System
Docker Build Test	Set up job	2026-02-08T23:18:56.3596925Z Ubuntu
Docker Build Test	Set up job	2026-02-08T23:18:56.3597738Z 24.04.3
Docker Build Test	Set up job	2026-02-08T23:18:56.3598425Z LTS
Docker Build Test	Set up job	2026-02-08T23:18:56.3599359Z ##[endgroup]
Docker Build Test	Set up job	2026-02-08T23:18:56.3600192Z ##[group]Runner Image
Docker Build Test	Set up job	2026-02-08T23:18:56.3601350Z Image: ubuntu-24.04
Docker Build Test	Set up job	2026-02-08T23:18:56.3602386Z Version: 20260201.15.1
Docker Build Test	Set up job	2026-02-08T23:18:56.3604150Z Included Software: https://github.com/actions/runner-images/blob/ubuntu24/20260201.15/images/ubuntu/Ubuntu2404-Readme.md
Docker Build Test	Set up job	2026-02-08T23:18:56.3607197Z Image Release: https://github.com/actions/runner-images/releases/tag/ubuntu24%2F20260201.15
Docker Build Test	Set up job	2026-02-08T23:18:56.3608805Z ##[endgroup]
Docker Build Test	Set up job	2026-02-08T23:18:56.3610707Z ##[group]GITHUB_TOKEN Permissions
Docker Build Test	Set up job	2026-02-08T23:18:56.3613438Z Contents: read
Docker Build Test	Set up job	2026-02-08T23:18:56.3614227Z Metadata: read
Docker Build Test	Set up job	2026-02-08T23:18:56.3615158Z Packages: read
Docker Build Test	Set up job	2026-02-08T23:18:56.3615895Z ##[endgroup]
Docker Build Test	Set up job	2026-02-08T23:18:56.3619283Z Secret source: Actions
Docker Build Test	Set up job	2026-02-08T23:18:56.3620714Z Prepare workflow directory
Docker Build Test	Set up job	2026-02-08T23:18:56.4092339Z Prepare all required actions
Docker Build Test	Set up job	2026-02-08T23:18:56.4148774Z Getting action download info
Docker Build Test	Set up job	2026-02-08T23:18:56.7266828Z Download action repository 'actions/checkout@v4' (SHA:34e114876b0b11c390a56381ad16ebd13914f8d5)
Docker Build Test	Set up job	2026-02-08T23:18:56.8437799Z Download action repository 'dorny/paths-filter@v3' (SHA:de90cc6fb38fc0963ad72b210f1f284cd68cea36)
Docker Build Test	Set up job	2026-02-08T23:18:57.0088511Z Download action repository 'docker/setup-buildx-action@v3' (SHA:8d2750c68a42422c14e847fe6c8ac0403b4cbd6f)
Docker Build Test	Set up job	2026-02-08T23:18:57.2838905Z Download action repository 'docker/build-push-action@v5' (SHA:ca052bb54ab0790a636c9b5f226502c73d547a25)
Docker Build Test	Set up job	2026-02-08T23:18:57.6784083Z Complete job name: Docker Build Test
Docker Build Test	Run actions/checkout@v4	﻿2026-02-08T23:18:57.7608553Z ##[group]Run actions/checkout@v4
Docker Build Test	Run actions/checkout@v4	2026-02-08T23:18:57.7609948Z with:
Docker Build Test	Run actions/checkout@v4	2026-02-08T23:18:57.7610939Z   repository: ancientnerds/AncientMap
Docker Build Test	Run actions/checkout@v4	2026-02-08T23:18:57.7612588Z   token: ***
Docker Build Test	Run actions/checkout@v4	2026-02-08T23:18:57.7613439Z   ssh-strict: true
Docker Build Test	Run actions/checkout@v4	2026-02-08T23:18:57.7614321Z   ssh-user: git
Docker Build Test	Run actions/checkout@v4	2026-02-08T23:18:57.7615265Z   persist-credentials: true
Docker Build Test	Run actions/checkout@v4	2026-02-08T23:18:57.7616239Z   clean: true
Docker Build Test	Run actions/checkout@v4	2026-02-08T23:18:57.7617130Z   sparse-checkout-cone-mode: true
Docker Build Test	Run actions/checkout@v4	2026-02-08T23:18:57.7618199Z   fetch-depth: 1
Docker Build Test	Run actions/checkout@v4	2026-02-08T23:18:57.7619172Z   fetch-tags: false
Docker Build Test	Run actions/checkout@v4	2026-02-08T23:18:57.7620096Z   show-progress: true
Docker Build Test	Run actions/checkout@v4	2026-02-08T23:18:57.7621008Z   lfs: false
Docker Build Test	Run actions/checkout@v4	2026-02-08T23:18:57.7621971Z   submodules: false
Docker Build Test	Run actions/checkout@v4	2026-02-08T23:18:57.7622854Z   set-safe-directory: true
Docker Build Test	Run actions/checkout@v4	2026-02-08T23:18:57.7624265Z ##[endgroup]
Docker Build Test	Run actions/checkout@v4	2026-02-08T23:18:57.8738069Z Syncing repository: ancientnerds/AncientMap
Docker Build Test	Run actions/checkout@v4	2026-02-08T23:18:57.8742516Z ##[group]Getting Git version info
Docker Build Test	Run actions/checkout@v4	2026-02-08T23:18:57.8745227Z Working directory is '/home/runner/work/AncientMap/AncientMap'
Docker Build Test	Run actions/checkout@v4	2026-02-08T23:18:57.8749049Z [command]/usr/bin/git version
Docker Build Test	Run actions/checkout@v4	2026-02-08T23:18:57.8791400Z git version 2.52.0
Docker Build Test	Run actions/checkout@v4	2026-02-08T23:18:57.8819382Z ##[endgroup]
Docker Build Test	Run actions/checkout@v4	2026-02-08T23:18:57.8843000Z Temporarily overriding HOME='/home/runner/work/_temp/0f6d1eb9-4e05-4a51-8ea6-7242b7e559a0' before making global git config changes
Docker Build Test	Run actions/checkout@v4	2026-02-08T23:18:57.8847942Z Adding repository directory to the temporary git global config as a safe directory
Docker Build Test	Run actions/checkout@v4	2026-02-08T23:18:57.8852410Z [command]/usr/bin/git config --global --add safe.directory /home/runner/work/AncientMap/AncientMap
Docker Build Test	Run actions/checkout@v4	2026-02-08T23:18:57.8890384Z Deleting the contents of '/home/runner/work/AncientMap/AncientMap'
Docker Build Test	Run actions/checkout@v4	2026-02-08T23:18:57.8893801Z ##[group]Initializing the repository
Docker Build Test	Run actions/checkout@v4	2026-02-08T23:18:57.8897950Z [command]/usr/bin/git init /home/runner/work/AncientMap/AncientMap
Docker Build Test	Run actions/checkout@v4	2026-02-08T23:18:57.9015418Z hint: Using 'master' as the name for the initial branch. This default branch name
Docker Build Test	Run actions/checkout@v4	2026-02-08T23:18:57.9020249Z hint: will change to "main" in Git 3.0. To configure the initial branch name
Docker Build Test	Run actions/checkout@v4	2026-02-08T23:18:57.9023412Z hint: to use in all of your new repositories, which will suppress this warning,
Docker Build Test	Run actions/checkout@v4	2026-02-08T23:18:57.9025595Z hint: call:
Docker Build Test	Run actions/checkout@v4	2026-02-08T23:18:57.9026782Z hint:
Docker Build Test	Run actions/checkout@v4	2026-02-08T23:18:57.9028038Z hint: 	git config --global init.defaultBranch <name>
Docker Build Test	Run actions/checkout@v4	2026-02-08T23:18:57.9029616Z hint:
Docker Build Test	Run actions/checkout@v4	2026-02-08T23:18:57.9031586Z hint: Names commonly chosen instead of 'master' are 'main', 'trunk' and
Docker Build Test	Run actions/checkout@v4	2026-02-08T23:18:57.9033787Z hint: 'development'. The just-created branch can be renamed via this command:
Docker Build Test	Run actions/checkout@v4	2026-02-08T23:18:57.9035451Z hint:
Docker Build Test	Run actions/checkout@v4	2026-02-08T23:18:57.9036456Z hint: 	git branch -m <name>
Docker Build Test	Run actions/checkout@v4	2026-02-08T23:18:57.9037603Z hint:
Docker Build Test	Run actions/checkout@v4	2026-02-08T23:18:57.9039044Z hint: Disable this message with "git config set advice.defaultBranchName false"
Docker Build Test	Run actions/checkout@v4	2026-02-08T23:18:57.9041481Z Initialized empty Git repository in /home/runner/work/AncientMap/AncientMap/.git/
Docker Build Test	Run actions/checkout@v4	2026-02-08T23:18:57.9045140Z [command]/usr/bin/git remote add origin https://github.com/ancientnerds/AncientMap
Docker Build Test	Run actions/checkout@v4	2026-02-08T23:18:57.9068512Z ##[endgroup]
Docker Build Test	Run actions/checkout@v4	2026-02-08T23:18:57.9071470Z ##[group]Disabling automatic garbage collection
Docker Build Test	Run actions/checkout@v4	2026-02-08T23:18:57.9074112Z [command]/usr/bin/git config --local gc.auto 0
Docker Build Test	Run actions/checkout@v4	2026-02-08T23:18:57.9102867Z ##[endgroup]
Docker Build Test	Run actions/checkout@v4	2026-02-08T23:18:57.9105501Z ##[group]Setting up auth
Docker Build Test	Run actions/checkout@v4	2026-02-08T23:18:57.9110365Z [command]/usr/bin/git config --local --name-only --get-regexp core\.sshCommand
Docker Build Test	Run actions/checkout@v4	2026-02-08T23:18:57.9143461Z [command]/usr/bin/git submodule foreach --recursive sh -c "git config --local --name-only --get-regexp 'core\.sshCommand' && git config --local --unset-all 'core.sshCommand' || :"
Docker Build Test	Run actions/checkout@v4	2026-02-08T23:18:57.9490419Z [command]/usr/bin/git config --local --name-only --get-regexp http\.https\:\/\/github\.com\/\.extraheader
Docker Build Test	Run actions/checkout@v4	2026-02-08T23:18:57.9523299Z [command]/usr/bin/git submodule foreach --recursive sh -c "git config --local --name-only --get-regexp 'http\.https\:\/\/github\.com\/\.extraheader' && git config --local --unset-all 'http.https://github.com/.extraheader' || :"
Docker Build Test	Run actions/checkout@v4	2026-02-08T23:18:57.9738953Z [command]/usr/bin/git config --local --name-only --get-regexp ^includeIf\.gitdir:
Docker Build Test	Run actions/checkout@v4	2026-02-08T23:18:57.9773532Z [command]/usr/bin/git submodule foreach --recursive git config --local --show-origin --name-only --get-regexp remote.origin.url
Docker Build Test	Run actions/checkout@v4	2026-02-08T23:18:58.0003108Z [command]/usr/bin/git config --local http.https://github.com/.extraheader AUTHORIZATION: basic ***
Docker Build Test	Run actions/checkout@v4	2026-02-08T23:18:58.0048874Z ##[endgroup]
Docker Build Test	Run actions/checkout@v4	2026-02-08T23:18:58.0051745Z ##[group]Fetching the repository
Docker Build Test	Run actions/checkout@v4	2026-02-08T23:18:58.0061044Z [command]/usr/bin/git -c protocol.version=2 fetch --no-tags --prune --no-recurse-submodules --depth=1 origin +03a3ad29619381c5cd0666e84b7dc70ccf3bbee5:refs/remotes/origin/main
Docker Build Test	Run actions/checkout@v4	2026-02-08T23:19:15.6347840Z From https://github.com/ancientnerds/AncientMap
Docker Build Test	Run actions/checkout@v4	2026-02-08T23:19:15.6349231Z  * [new ref]         03a3ad29619381c5cd0666e84b7dc70ccf3bbee5 -> origin/main
Docker Build Test	Run actions/checkout@v4	2026-02-08T23:19:15.6378790Z ##[endgroup]
Docker Build Test	Run actions/checkout@v4	2026-02-08T23:19:15.6379433Z ##[group]Determining the checkout info
Docker Build Test	Run actions/checkout@v4	2026-02-08T23:19:15.6381884Z ##[endgroup]
Docker Build Test	Run actions/checkout@v4	2026-02-08T23:19:15.6389493Z [command]/usr/bin/git sparse-checkout disable
Docker Build Test	Run actions/checkout@v4	2026-02-08T23:19:15.6437190Z [command]/usr/bin/git config --local --unset-all extensions.worktreeConfig
Docker Build Test	Run actions/checkout@v4	2026-02-08T23:19:15.6464561Z ##[group]Checking out the ref
Docker Build Test	Run actions/checkout@v4	2026-02-08T23:19:15.6469565Z [command]/usr/bin/git checkout --progress --force -B main refs/remotes/origin/main
Docker Build Test	Run actions/checkout@v4	2026-02-08T23:19:17.3167290Z Updating files:  46% (1149/2468)
Docker Build Test	Run actions/checkout@v4	2026-02-08T23:19:17.6671379Z Updating files:  47% (1160/2468)
Docker Build Test	Run actions/checkout@v4	2026-02-08T23:19:18.8082729Z Updating files:  47% (1168/2468)
Docker Build Test	Run actions/checkout@v4	2026-02-08T23:19:18.9375841Z Updating files:  47% (1181/2468)
Docker Build Test	Run actions/checkout@v4	2026-02-08T23:19:19.6784791Z Updating files:  48% (1185/2468)
Docker Build Test	Run actions/checkout@v4	2026-02-08T23:19:20.6998793Z Updating files:  48% (1197/2468)
Docker Build Test	Run actions/checkout@v4	2026-02-08T23:19:21.7581615Z Updating files:  49% (1210/2468)
Docker Build Test	Run actions/checkout@v4	2026-02-08T23:19:22.6570541Z Updating files:  49% (1223/2468)
Docker Build Test	Run actions/checkout@v4	2026-02-08T23:19:22.8517629Z Updating files:  49% (1232/2468)
Docker Build Test	Run actions/checkout@v4	2026-02-08T23:19:23.6617479Z Updating files:  50% (1234/2468)
Docker Build Test	Run actions/checkout@v4	2026-02-08T23:19:24.6942321Z Updating files:  50% (1244/2468)
Docker Build Test	Run actions/checkout@v4	2026-02-08T23:19:24.7328462Z Updating files:  50% (1258/2468)
Docker Build Test	Run actions/checkout@v4	2026-02-08T23:19:25.7142893Z Updating files:  51% (1259/2468)
Docker Build Test	Run actions/checkout@v4	2026-02-08T23:19:26.5590143Z Updating files:  51% (1273/2468)
Docker Build Test	Run actions/checkout@v4	2026-02-08T23:19:26.8549537Z Updating files:  52% (1284/2468)
Docker Build Test	Run actions/checkout@v4	2026-02-08T23:19:27.7225600Z Updating files:  52% (1286/2468)
Docker Build Test	Run actions/checkout@v4	2026-02-08T23:19:28.5241552Z Updating files:  52% (1297/2468)
Docker Build Test	Run actions/checkout@v4	2026-02-08T23:19:28.5389581Z Updating files:  53% (1309/2468)
Docker Build Test	Run actions/checkout@v4	2026-02-08T23:19:28.5396946Z Updating files:  54% (1333/2468)
Docker Build Test	Run actions/checkout@v4	2026-02-08T23:19:28.5404600Z Updating files:  55% (1358/2468)
Docker Build Test	Run actions/checkout@v4	2026-02-08T23:19:28.5412711Z Updating files:  56% (1383/2468)
Docker Build Test	Run actions/checkout@v4	2026-02-08T23:19:28.5422201Z Updating files:  57% (1407/2468)
Docker Build Test	Run actions/checkout@v4	2026-02-08T23:19:28.5431735Z Updating files:  58% (1432/2468)
Docker Build Test	Run actions/checkout@v4	2026-02-08T23:19:28.5441644Z Updating files:  59% (1457/2468)
Docker Build Test	Run actions/checkout@v4	2026-02-08T23:19:28.5452555Z Updating files:  60% (1481/2468)
Docker Build Test	Run actions/checkout@v4	2026-02-08T23:19:28.5463952Z Updating files:  61% (1506/2468)
Docker Build Test	Run actions/checkout@v4	2026-02-08T23:19:28.5475630Z Updating files:  62% (1531/2468)
Docker Build Test	Run actions/checkout@v4	2026-02-08T23:19:28.5487767Z Updating files:  63% (1555/2468)
Docker Build Test	Run actions/checkout@v4	2026-02-08T23:19:28.5495979Z Updating files:  64% (1580/2468)
Docker Build Test	Run actions/checkout@v4	2026-02-08T23:19:28.5504098Z Updating files:  65% (1605/2468)
Docker Build Test	Run actions/checkout@v4	2026-02-08T23:19:28.5512770Z Updating files:  66% (1629/2468)
Docker Build Test	Run actions/checkout@v4	2026-02-08T23:19:28.5522041Z Updating files:  67% (1654/2468)
Docker Build Test	Run actions/checkout@v4	2026-02-08T23:19:28.5531650Z Updating files:  68% (1679/2468)
Docker Build Test	Run actions/checkout@v4	2026-02-08T23:19:28.5542087Z Updating files:  69% (1703/2468)
Docker Build Test	Run actions/checkout@v4	2026-02-08T23:19:28.5553158Z Updating files:  70% (1728/2468)
Docker Build Test	Run actions/checkout@v4	2026-02-08T23:19:28.5564781Z Updating files:  71% (1753/2468)
Docker Build Test	Run actions/checkout@v4	2026-02-08T23:19:28.5576705Z Updating files:  72% (1777/2468)
Docker Build Test	Run actions/checkout@v4	2026-02-08T23:19:28.5589145Z Updating files:  73% (1802/2468)
Docker Build Test	Run actions/checkout@v4	2026-02-08T23:19:28.5598580Z Updating files:  74% (1827/2468)
Docker Build Test	Run actions/checkout@v4	2026-02-08T23:19:28.5608829Z Updating files:  75% (1851/2468)
Docker Build Test	Run actions/checkout@v4	2026-02-08T23:19:28.5721874Z Updating files:  76% (1876/2468)
Docker Build Test	Run actions/checkout@v4	2026-02-08T23:19:28.5853625Z Updating files:  77% (1901/2468)
Docker Build Test	Run actions/checkout@v4	2026-02-08T23:19:28.5980031Z Updating files:  78% (1926/2468)
Docker Build Test	Run actions/checkout@v4	2026-02-08T23:19:28.6113076Z Updating files:  79% (1950/2468)
Docker Build Test	Run actions/checkout@v4	2026-02-08T23:19:28.6240820Z Updating files:  80% (1975/2468)
Docker Build Test	Run actions/checkout@v4	2026-02-08T23:19:28.6585629Z Updating files:  81% (2000/2468)
Docker Build Test	Run actions/checkout@v4	2026-02-08T23:19:28.6644912Z Updating files:  81% (2007/2468)
Docker Build Test	Run actions/checkout@v4	2026-02-08T23:19:28.6665792Z Updating files:  82% (2024/2468)
Docker Build Test	Run actions/checkout@v4	2026-02-08T23:19:28.6684888Z Updating files:  83% (2049/2468)
Docker Build Test	Run actions/checkout@v4	2026-02-08T23:19:28.6697399Z Updating files:  84% (2074/2468)
Docker Build Test	Run actions/checkout@v4	2026-02-08T23:19:28.6710201Z Updating files:  85% (2098/2468)
Docker Build Test	Run actions/checkout@v4	2026-02-08T23:19:28.6731669Z Updating files:  86% (2123/2468)
Docker Build Test	Run actions/checkout@v4	2026-02-08T23:19:28.6745198Z Updating files:  87% (2148/2468)
Docker Build Test	Run actions/checkout@v4	2026-02-08T23:19:28.6763708Z Updating files:  88% (2172/2468)
Docker Build Test	Run actions/checkout@v4	2026-02-08T23:19:28.6776731Z Updating files:  89% (2197/2468)
Docker Build Test	Run actions/checkout@v4	2026-02-08T23:19:28.6798505Z Updating files:  90% (2222/2468)
Docker Build Test	Run actions/checkout@v4	2026-02-08T23:19:28.6819712Z Updating files:  91% (2246/2468)
Docker Build Test	Run actions/checkout@v4	2026-02-08T23:19:28.6837284Z Updating files:  92% (2271/2468)
Docker Build Test	Run actions/checkout@v4	2026-02-08T23:19:28.6853174Z Updating files:  93% (2296/2468)
Docker Build Test	Run actions/checkout@v4	2026-02-08T23:19:28.6875485Z Updating files:  94% (2320/2468)
Docker Build Test	Run actions/checkout@v4	2026-02-08T23:19:28.6893656Z Updating files:  95% (2345/2468)
Docker Build Test	Run actions/checkout@v4	2026-02-08T23:19:28.6910260Z Updating files:  96% (2370/2468)
Docker Build Test	Run actions/checkout@v4	2026-02-08T23:19:28.7350260Z Updating files:  97% (2394/2468)
Docker Build Test	Run actions/checkout@v4	2026-02-08T23:19:29.0523530Z Updating files:  98% (2419/2468)
Docker Build Test	Run actions/checkout@v4	2026-02-08T23:19:29.0534806Z Updating files:  99% (2444/2468)
Docker Build Test	Run actions/checkout@v4	2026-02-08T23:19:29.0535425Z Updating files: 100% (2468/2468)
Docker Build Test	Run actions/checkout@v4	2026-02-08T23:19:29.0536013Z Updating files: 100% (2468/2468), done.
Docker Build Test	Run actions/checkout@v4	2026-02-08T23:19:29.0571778Z Switched to a new branch 'main'
Docker Build Test	Run actions/checkout@v4	2026-02-08T23:19:29.0574665Z branch 'main' set up to track 'origin/main'.
Docker Build Test	Run actions/checkout@v4	2026-02-08T23:19:29.1153327Z ##[endgroup]
Docker Build Test	Run actions/checkout@v4	2026-02-08T23:19:29.1195987Z [command]/usr/bin/git log -1 --format=%H
Docker Build Test	Run actions/checkout@v4	2026-02-08T23:19:29.1223814Z 03a3ad29619381c5cd0666e84b7dc70ccf3bbee5
Docker Build Test	Check for Docker-related changes	﻿2026-02-08T23:19:29.1415301Z ##[group]Run dorny/paths-filter@v3
Docker Build Test	Check for Docker-related changes	2026-02-08T23:19:29.1415576Z with:
Docker Build Test	Check for Docker-related changes	2026-02-08T23:19:29.1416078Z   filters: docker:
Docker Build Test	Check for Docker-related changes	  - 'Dockerfile'
Docker Build Test	Check for Docker-related changes	  - 'Dockerfile.lyra'
Docker Build Test	Check for Docker-related changes	  - 'requirements*.txt'
Docker Build Test	Check for Docker-related changes	  - 'api/**'
Docker Build Test	Check for Docker-related changes	  - 'pipeline/**'
Docker Build Test	Check for Docker-related changes	  - 'docker-compose.yml'
Docker Build Test	Check for Docker-related changes	
Docker Build Test	Check for Docker-related changes	2026-02-08T23:19:29.1416936Z   token: ***
Docker Build Test	Check for Docker-related changes	2026-02-08T23:19:29.1417109Z   list-files: none
Docker Build Test	Check for Docker-related changes	2026-02-08T23:19:29.1417304Z   initial-fetch-depth: 100
Docker Build Test	Check for Docker-related changes	2026-02-08T23:19:29.1417511Z ##[endgroup]
Docker Build Test	Check for Docker-related changes	2026-02-08T23:19:29.2316257Z ##[group]Get current git ref
Docker Build Test	Check for Docker-related changes	2026-02-08T23:19:29.2355769Z [command]/usr/bin/git branch --show-current
Docker Build Test	Check for Docker-related changes	2026-02-08T23:19:29.2392721Z main
Docker Build Test	Check for Docker-related changes	2026-02-08T23:19:29.2415861Z ##[endgroup]
Docker Build Test	Check for Docker-related changes	2026-02-08T23:19:29.2416660Z Changes will be detected between 84d9e8ca737225133c48dfcf870cd693658002b1 and main
Docker Build Test	Check for Docker-related changes	2026-02-08T23:19:29.2418606Z ##[group]Ensuring 84d9e8ca737225133c48dfcf870cd693658002b1 is fetched from origin
Docker Build Test	Check for Docker-related changes	2026-02-08T23:19:29.2430343Z [command]/usr/bin/git cat-file -e 84d9e8ca737225133c48dfcf870cd693658002b1^{commit}
Docker Build Test	Check for Docker-related changes	2026-02-08T23:19:29.2455002Z fatal: Not a valid object name 84d9e8ca737225133c48dfcf870cd693658002b1^{commit}
Docker Build Test	Check for Docker-related changes	2026-02-08T23:19:29.2475090Z [command]/usr/bin/git fetch --depth=1 --no-tags origin 84d9e8ca737225133c48dfcf870cd693658002b1
Docker Build Test	Check for Docker-related changes	2026-02-08T23:19:29.3865086Z From https://github.com/ancientnerds/AncientMap
Docker Build Test	Check for Docker-related changes	2026-02-08T23:19:29.3866238Z  * branch            84d9e8ca737225133c48dfcf870cd693658002b1 -> FETCH_HEAD
Docker Build Test	Check for Docker-related changes	2026-02-08T23:19:29.3904864Z [command]/usr/bin/git cat-file -e 84d9e8ca737225133c48dfcf870cd693658002b1^{commit}
Docker Build Test	Check for Docker-related changes	2026-02-08T23:19:29.3936298Z ##[endgroup]
Docker Build Test	Check for Docker-related changes	2026-02-08T23:19:29.3936961Z ##[group]Ensuring main is fetched from origin
Docker Build Test	Check for Docker-related changes	2026-02-08T23:19:29.3951802Z [command]/usr/bin/git show-ref main
Docker Build Test	Check for Docker-related changes	2026-02-08T23:19:29.3982184Z 03a3ad29619381c5cd0666e84b7dc70ccf3bbee5 refs/heads/main
Docker Build Test	Check for Docker-related changes	2026-02-08T23:19:29.3983445Z 03a3ad29619381c5cd0666e84b7dc70ccf3bbee5 refs/remotes/origin/main
Docker Build Test	Check for Docker-related changes	2026-02-08T23:19:29.3990270Z ##[endgroup]
Docker Build Test	Check for Docker-related changes	2026-02-08T23:19:29.3991399Z ##[group]Change detection 84d9e8ca737225133c48dfcf870cd693658002b1..main
Docker Build Test	Check for Docker-related changes	2026-02-08T23:19:29.4005174Z [command]/usr/bin/git diff --no-renames --name-status -z 84d9e8ca737225133c48dfcf870cd693658002b1..refs/remotes/origin/main
Docker Build Test	Check for Docker-related changes	2026-02-08T23:19:29.4037415Z M api/services/lyra_agent.py 
Docker Build Test	Check for Docker-related changes	2026-02-08T23:19:29.4038383Z ##[endgroup]
Docker Build Test	Check for Docker-related changes	2026-02-08T23:19:29.4039503Z Detected 1 changed files
Docker Build Test	Check for Docker-related changes	2026-02-08T23:19:29.4045739Z Results:
Docker Build Test	Check for Docker-related changes	2026-02-08T23:19:29.4046334Z ##[group]Filter docker = true
Docker Build Test	Check for Docker-related changes	2026-02-08T23:19:29.4048311Z Matching files:
Docker Build Test	Check for Docker-related changes	2026-02-08T23:19:29.4048652Z api/services/lyra_agent.py [modified]
Docker Build Test	Check for Docker-related changes	2026-02-08T23:19:29.4056026Z ##[endgroup]
Docker Build Test	Check for Docker-related changes	2026-02-08T23:19:29.4056338Z Changes output set to ["docker"]
Docker Build Test	Set up Docker Buildx	﻿2026-02-08T23:19:29.4215565Z ##[group]Run docker/setup-buildx-action@v3
Docker Build Test	Set up Docker Buildx	2026-02-08T23:19:29.4216032Z with:
Docker Build Test	Set up Docker Buildx	2026-02-08T23:19:29.4216315Z   driver: docker-container
Docker Build Test	Set up Docker Buildx	2026-02-08T23:19:29.4216580Z   use: true
Docker Build Test	Set up Docker Buildx	2026-02-08T23:19:29.4216887Z   keep-state: false
Docker Build Test	Set up Docker Buildx	2026-02-08T23:19:29.4217163Z   cache-binary: true
Docker Build Test	Set up Docker Buildx	2026-02-08T23:19:29.4217401Z   cleanup: true
Docker Build Test	Set up Docker Buildx	2026-02-08T23:19:29.4217741Z   install: false
Docker Build Test	Set up Docker Buildx	2026-02-08T23:19:29.4217970Z ##[endgroup]
Docker Build Test	Set up Docker Buildx	2026-02-08T23:19:29.6747899Z ##[group]Docker info
Docker Build Test	Set up Docker Buildx	2026-02-08T23:19:29.6771398Z [command]/usr/bin/docker version
Docker Build Test	Set up Docker Buildx	2026-02-08T23:19:29.7772524Z Client: Docker Engine - Community
Docker Build Test	Set up Docker Buildx	2026-02-08T23:19:29.7773460Z  Version:           28.0.4
Docker Build Test	Set up Docker Buildx	2026-02-08T23:19:29.7774128Z  API version:       1.48
Docker Build Test	Set up Docker Buildx	2026-02-08T23:19:29.7774654Z  Go version:        go1.23.7
Docker Build Test	Set up Docker Buildx	2026-02-08T23:19:29.7776135Z  Git commit:        b8034c0
Docker Build Test	Set up Docker Buildx	2026-02-08T23:19:29.7776599Z  Built:             Tue Mar 25 15:07:16 2025
Docker Build Test	Set up Docker Buildx	2026-02-08T23:19:29.7777204Z  OS/Arch:           linux/amd64
Docker Build Test	Set up Docker Buildx	2026-02-08T23:19:29.7777597Z  Context:           default
Docker Build Test	Set up Docker Buildx	2026-02-08T23:19:29.7778136Z 
Docker Build Test	Set up Docker Buildx	2026-02-08T23:19:29.7778306Z Server: Docker Engine - Community
Docker Build Test	Set up Docker Buildx	2026-02-08T23:19:29.7778839Z  Engine:
Docker Build Test	Set up Docker Buildx	2026-02-08T23:19:29.7779166Z   Version:          28.0.4
Docker Build Test	Set up Docker Buildx	2026-02-08T23:19:29.7779637Z   API version:      1.48 (minimum version 1.24)
Docker Build Test	Set up Docker Buildx	2026-02-08T23:19:29.7780297Z   Go version:       go1.23.7
Docker Build Test	Set up Docker Buildx	2026-02-08T23:19:29.7780817Z   Git commit:       6430e49
Docker Build Test	Set up Docker Buildx	2026-02-08T23:19:29.7781485Z   Built:            Tue Mar 25 15:07:16 2025
Docker Build Test	Set up Docker Buildx	2026-02-08T23:19:29.7782003Z   OS/Arch:          linux/amd64
Docker Build Test	Set up Docker Buildx	2026-02-08T23:19:29.7782433Z   Experimental:     false
Docker Build Test	Set up Docker Buildx	2026-02-08T23:19:29.7783113Z  containerd:
Docker Build Test	Set up Docker Buildx	2026-02-08T23:19:29.7783420Z   Version:          v2.2.1
Docker Build Test	Set up Docker Buildx	2026-02-08T23:19:29.7783916Z   GitCommit:        dea7da592f5d1d2b7755e3a161be07f43fad8f75
Docker Build Test	Set up Docker Buildx	2026-02-08T23:19:29.7784494Z  runc:
Docker Build Test	Set up Docker Buildx	2026-02-08T23:19:29.7784756Z   Version:          1.3.4
Docker Build Test	Set up Docker Buildx	2026-02-08T23:19:29.7785082Z   GitCommit:        v1.3.4-0-gd6d73eb8
Docker Build Test	Set up Docker Buildx	2026-02-08T23:19:29.7785493Z  docker-init:
Docker Build Test	Set up Docker Buildx	2026-02-08T23:19:29.7785784Z   Version:          0.19.0
Docker Build Test	Set up Docker Buildx	2026-02-08T23:19:29.7786080Z   GitCommit:        de40ad0
Docker Build Test	Set up Docker Buildx	2026-02-08T23:19:29.7841004Z [command]/usr/bin/docker info
Docker Build Test	Set up Docker Buildx	2026-02-08T23:19:30.0988485Z Client: Docker Engine - Community
Docker Build Test	Set up Docker Buildx	2026-02-08T23:19:30.0988986Z  Version:    28.0.4
Docker Build Test	Set up Docker Buildx	2026-02-08T23:19:30.0989309Z  Context:    default
Docker Build Test	Set up Docker Buildx	2026-02-08T23:19:30.0989663Z  Debug Mode: false
Docker Build Test	Set up Docker Buildx	2026-02-08T23:19:30.0990016Z  Plugins:
Docker Build Test	Set up Docker Buildx	2026-02-08T23:19:30.0990341Z   buildx: Docker Buildx (Docker Inc.)
Docker Build Test	Set up Docker Buildx	2026-02-08T23:19:30.0990780Z     Version:  v0.31.1
Docker Build Test	Set up Docker Buildx	2026-02-08T23:19:30.0991391Z     Path:     /usr/libexec/docker/cli-plugins/docker-buildx
Docker Build Test	Set up Docker Buildx	2026-02-08T23:19:30.0991997Z   compose: Docker Compose (Docker Inc.)
Docker Build Test	Set up Docker Buildx	2026-02-08T23:19:30.0992422Z     Version:  v2.38.2
Docker Build Test	Set up Docker Buildx	2026-02-08T23:19:30.0992865Z     Path:     /usr/libexec/docker/cli-plugins/docker-compose
Docker Build Test	Set up Docker Buildx	2026-02-08T23:19:30.0993271Z 
Docker Build Test	Set up Docker Buildx	2026-02-08T23:19:30.0993392Z Server:
Docker Build Test	Set up Docker Buildx	2026-02-08T23:19:30.0993663Z  Containers: 0
Docker Build Test	Set up Docker Buildx	2026-02-08T23:19:30.0993968Z   Running: 0
Docker Build Test	Set up Docker Buildx	2026-02-08T23:19:30.0994268Z   Paused: 0
Docker Build Test	Set up Docker Buildx	2026-02-08T23:19:30.0994557Z   Stopped: 0
Docker Build Test	Set up Docker Buildx	2026-02-08T23:19:30.0994845Z  Images: 1
Docker Build Test	Set up Docker Buildx	2026-02-08T23:19:30.0995154Z  Server Version: 28.0.4
Docker Build Test	Set up Docker Buildx	2026-02-08T23:19:30.0995509Z  Storage Driver: overlay2
Docker Build Test	Set up Docker Buildx	2026-02-08T23:19:30.0995871Z   Backing Filesystem: extfs
Docker Build Test	Set up Docker Buildx	2026-02-08T23:19:30.0996239Z   Supports d_type: true
Docker Build Test	Set up Docker Buildx	2026-02-08T23:19:30.0996605Z   Using metacopy: false
Docker Build Test	Set up Docker Buildx	2026-02-08T23:19:30.0996967Z   Native Overlay Diff: false
Docker Build Test	Set up Docker Buildx	2026-02-08T23:19:30.0997357Z   userxattr: false
Docker Build Test	Set up Docker Buildx	2026-02-08T23:19:30.0997689Z  Logging Driver: json-file
Docker Build Test	Set up Docker Buildx	2026-02-08T23:19:30.0998087Z  Cgroup Driver: systemd
Docker Build Test	Set up Docker Buildx	2026-02-08T23:19:30.0998448Z  Cgroup Version: 2
Docker Build Test	Set up Docker Buildx	2026-02-08T23:19:30.0998711Z  Plugins:
Docker Build Test	Set up Docker Buildx	2026-02-08T23:19:30.0998974Z   Volume: local
Docker Build Test	Set up Docker Buildx	2026-02-08T23:19:30.0999308Z   Network: bridge host ipvlan macvlan null overlay
Docker Build Test	Set up Docker Buildx	2026-02-08T23:19:30.0999921Z   Log: awslogs fluentd gcplogs gelf journald json-file local splunk syslog
Docker Build Test	Set up Docker Buildx	2026-02-08T23:19:30.1000485Z  Swarm: inactive
Docker Build Test	Set up Docker Buildx	2026-02-08T23:19:30.1000809Z  Runtimes: io.containerd.runc.v2 runc
Docker Build Test	Set up Docker Buildx	2026-02-08T23:19:30.1001593Z  Default Runtime: runc
Docker Build Test	Set up Docker Buildx	2026-02-08T23:19:30.1001915Z  Init Binary: docker-init
Docker Build Test	Set up Docker Buildx	2026-02-08T23:19:30.1002815Z  containerd version: dea7da592f5d1d2b7755e3a161be07f43fad8f75
Docker Build Test	Set up Docker Buildx	2026-02-08T23:19:30.1003351Z  runc version: v1.3.4-0-gd6d73eb8
Docker Build Test	Set up Docker Buildx	2026-02-08T23:19:30.1003691Z  init version: de40ad0
Docker Build Test	Set up Docker Buildx	2026-02-08T23:19:30.1003977Z  Security Options:
Docker Build Test	Set up Docker Buildx	2026-02-08T23:19:30.1004248Z   apparmor
Docker Build Test	Set up Docker Buildx	2026-02-08T23:19:30.1004487Z   seccomp
Docker Build Test	Set up Docker Buildx	2026-02-08T23:19:30.1004734Z    Profile: builtin
Docker Build Test	Set up Docker Buildx	2026-02-08T23:19:30.1005013Z   cgroupns
Docker Build Test	Set up Docker Buildx	2026-02-08T23:19:30.1005284Z  Kernel Version: 6.11.0-1018-azure
Docker Build Test	Set up Docker Buildx	2026-02-08T23:19:30.1005654Z  Operating System: Ubuntu 24.04.3 LTS
Docker Build Test	Set up Docker Buildx	2026-02-08T23:19:30.1006017Z  OSType: linux
Docker Build Test	Set up Docker Buildx	2026-02-08T23:19:30.1006295Z  Architecture: x86_64
Docker Build Test	Set up Docker Buildx	2026-02-08T23:19:30.1006569Z  CPUs: 4
Docker Build Test	Set up Docker Buildx	2026-02-08T23:19:30.1006829Z  Total Memory: 15.62GiB
Docker Build Test	Set up Docker Buildx	2026-02-08T23:19:30.1007178Z  Name: runnervmwffz4
Docker Build Test	Set up Docker Buildx	2026-02-08T23:19:30.1007489Z  ID: 073c65d4-c458-42c9-935a-939d0489da0a
Docker Build Test	Set up Docker Buildx	2026-02-08T23:19:30.1007872Z  Docker Root Dir: /var/lib/docker
Docker Build Test	Set up Docker Buildx	2026-02-08T23:19:30.1008238Z  Debug Mode: false
Docker Build Test	Set up Docker Buildx	2026-02-08T23:19:30.1008537Z  Username: githubactions
Docker Build Test	Set up Docker Buildx	2026-02-08T23:19:30.1008892Z  Experimental: false
Docker Build Test	Set up Docker Buildx	2026-02-08T23:19:30.1009196Z  Insecure Registries:
Docker Build Test	Set up Docker Buildx	2026-02-08T23:19:30.1014157Z   ::1/128
Docker Build Test	Set up Docker Buildx	2026-02-08T23:19:30.1014472Z   127.0.0.0/8
Docker Build Test	Set up Docker Buildx	2026-02-08T23:19:30.1014790Z  Live Restore Enabled: false
Docker Build Test	Set up Docker Buildx	2026-02-08T23:19:30.1015052Z 
Docker Build Test	Set up Docker Buildx	2026-02-08T23:19:30.1019519Z ##[endgroup]
Docker Build Test	Set up Docker Buildx	2026-02-08T23:19:30.1898626Z ##[group]Buildx version
Docker Build Test	Set up Docker Buildx	2026-02-08T23:19:30.1924490Z [command]/usr/bin/docker buildx version
Docker Build Test	Set up Docker Buildx	2026-02-08T23:19:30.2591733Z github.com/docker/buildx v0.31.1 a2675950d46b2cb171b23c2015ca44fb88607531
Docker Build Test	Set up Docker Buildx	2026-02-08T23:19:30.2629189Z ##[endgroup]
Docker Build Test	Set up Docker Buildx	2026-02-08T23:19:30.2788574Z ##[group]Inspecting default docker context
Docker Build Test	Set up Docker Buildx	2026-02-08T23:19:30.2924461Z [
Docker Build Test	Set up Docker Buildx	2026-02-08T23:19:30.2924798Z   {
Docker Build Test	Set up Docker Buildx	2026-02-08T23:19:30.2925075Z     "Name": "default",
Docker Build Test	Set up Docker Buildx	2026-02-08T23:19:30.2925443Z     "Metadata": {},
Docker Build Test	Set up Docker Buildx	2026-02-08T23:19:30.2925778Z     "Endpoints": {
Docker Build Test	Set up Docker Buildx	2026-02-08T23:19:30.2926083Z       "docker": {
Docker Build Test	Set up Docker Buildx	2026-02-08T23:19:30.2926444Z         "Host": "unix:///var/run/docker.sock",
Docker Build Test	Set up Docker Buildx	2026-02-08T23:19:30.2926913Z         "SkipTLSVerify": false
Docker Build Test	Set up Docker Buildx	2026-02-08T23:19:30.2927298Z       }
Docker Build Test	Set up Docker Buildx	2026-02-08T23:19:30.2927554Z     },
Docker Build Test	Set up Docker Buildx	2026-02-08T23:19:30.2927849Z     "TLSMaterial": {},
Docker Build Test	Set up Docker Buildx	2026-02-08T23:19:30.2928202Z     "Storage": {
Docker Build Test	Set up Docker Buildx	2026-02-08T23:19:30.2928552Z       "MetadataPath": "<IN MEMORY>",
Docker Build Test	Set up Docker Buildx	2026-02-08T23:19:30.2928956Z       "TLSPath": "<IN MEMORY>"
Docker Build Test	Set up Docker Buildx	2026-02-08T23:19:30.2929328Z     }
Docker Build Test	Set up Docker Buildx	2026-02-08T23:19:30.2929598Z   }
Docker Build Test	Set up Docker Buildx	2026-02-08T23:19:30.2929868Z ]
Docker Build Test	Set up Docker Buildx	2026-02-08T23:19:30.2930481Z ##[endgroup]
Docker Build Test	Set up Docker Buildx	2026-02-08T23:19:30.2931312Z ##[group]Creating a new builder instance
Docker Build Test	Set up Docker Buildx	2026-02-08T23:19:30.4366347Z [command]/usr/bin/docker buildx create --name builder-aeda0211-f158-464e-aea7-5867a725dace --driver docker-container --buildkitd-flags --allow-insecure-entitlement security.insecure --allow-insecure-entitlement network.host --use
Docker Build Test	Set up Docker Buildx	2026-02-08T23:19:30.5171268Z builder-aeda0211-f158-464e-aea7-5867a725dace
Docker Build Test	Set up Docker Buildx	2026-02-08T23:19:30.5213184Z ##[endgroup]
Docker Build Test	Set up Docker Buildx	2026-02-08T23:19:30.5213785Z ##[group]Booting builder
Docker Build Test	Set up Docker Buildx	2026-02-08T23:19:30.5253550Z [command]/usr/bin/docker buildx inspect --bootstrap --builder builder-aeda0211-f158-464e-aea7-5867a725dace
Docker Build Test	Set up Docker Buildx	2026-02-08T23:19:30.5949872Z #1 [internal] booting buildkit
Docker Build Test	Set up Docker Buildx	2026-02-08T23:19:30.7455820Z #1 pulling image moby/buildkit:buildx-stable-1
Docker Build Test	Set up Docker Buildx	2026-02-08T23:19:35.1475906Z #1 pulling image moby/buildkit:buildx-stable-1 4.6s done
Docker Build Test	Set up Docker Buildx	2026-02-08T23:19:35.2977303Z #1 creating container buildx_buildkit_builder-aeda0211-f158-464e-aea7-5867a725dace0
Docker Build Test	Set up Docker Buildx	2026-02-08T23:19:35.5524531Z #1 creating container buildx_buildkit_builder-aeda0211-f158-464e-aea7-5867a725dace0 0.4s done
Docker Build Test	Set up Docker Buildx	2026-02-08T23:19:35.5544945Z #1 DONE 5.0s
Docker Build Test	Set up Docker Buildx	2026-02-08T23:19:35.5825218Z Name:          builder-aeda0211-f158-464e-aea7-5867a725dace
Docker Build Test	Set up Docker Buildx	2026-02-08T23:19:35.5825866Z Driver:        docker-container
Docker Build Test	Set up Docker Buildx	2026-02-08T23:19:35.5826264Z Last Activity: 2026-02-08 23:19:30 +0000 UTC
Docker Build Test	Set up Docker Buildx	2026-02-08T23:19:35.5826562Z 
Docker Build Test	Set up Docker Buildx	2026-02-08T23:19:35.5826670Z Nodes:
Docker Build Test	Set up Docker Buildx	2026-02-08T23:19:35.5827050Z Name:                  builder-aeda0211-f158-464e-aea7-5867a725dace0
Docker Build Test	Set up Docker Buildx	2026-02-08T23:19:35.5827613Z Endpoint:              unix:///var/run/docker.sock
Docker Build Test	Set up Docker Buildx	2026-02-08T23:19:35.5828526Z Status:                running
Docker Build Test	Set up Docker Buildx	2026-02-08T23:19:35.5829247Z BuildKit daemon flags: --allow-insecure-entitlement security.insecure --allow-insecure-entitlement network.host
Docker Build Test	Set up Docker Buildx	2026-02-08T23:19:35.5830040Z BuildKit version:      v0.27.1
Docker Build Test	Set up Docker Buildx	2026-02-08T23:19:35.5830509Z Platforms:             linux/amd64, linux/amd64/v2, linux/amd64/v3, linux/386
Docker Build Test	Set up Docker Buildx	2026-02-08T23:19:35.5831005Z Labels:
Docker Build Test	Set up Docker Buildx	2026-02-08T23:19:35.5831596Z  org.mobyproject.buildkit.worker.executor:         oci
Docker Build Test	Set up Docker Buildx	2026-02-08T23:19:35.5832248Z  org.mobyproject.buildkit.worker.hostname:         23e28fa12932
Docker Build Test	Set up Docker Buildx	2026-02-08T23:19:35.5832934Z  org.mobyproject.buildkit.worker.network:          host
Docker Build Test	Set up Docker Buildx	2026-02-08T23:19:35.5833672Z  org.mobyproject.buildkit.worker.oci.process-mode: sandbox
Docker Build Test	Set up Docker Buildx	2026-02-08T23:19:35.5834333Z  org.mobyproject.buildkit.worker.selinux.enabled:  false
Docker Build Test	Set up Docker Buildx	2026-02-08T23:19:35.5834973Z  org.mobyproject.buildkit.worker.snapshotter:      overlayfs
Docker Build Test	Set up Docker Buildx	2026-02-08T23:19:35.5835514Z GC Policy rule#0:
Docker Build Test	Set up Docker Buildx	2026-02-08T23:19:35.5835803Z  All:            false
Docker Build Test	Set up Docker Buildx	2026-02-08T23:19:35.5836342Z  Filters:        type==source.local,type==exec.cachemount,type==source.git.checkout
Docker Build Test	Set up Docker Buildx	2026-02-08T23:19:35.5836776Z  Keep Duration:  48h0m0s
Docker Build Test	Set up Docker Buildx	2026-02-08T23:19:35.5836989Z  Max Used Space: 488.3MiB
Docker Build Test	Set up Docker Buildx	2026-02-08T23:19:35.5837186Z GC Policy rule#1:
Docker Build Test	Set up Docker Buildx	2026-02-08T23:19:35.5837350Z  All:            false
Docker Build Test	Set up Docker Buildx	2026-02-08T23:19:35.5837531Z  Keep Duration:  1440h0m0s
Docker Build Test	Set up Docker Buildx	2026-02-08T23:19:35.5837723Z  Reserved Space: 7.451GiB
Docker Build Test	Set up Docker Buildx	2026-02-08T23:19:35.5837916Z  Max Used Space: 54.02GiB
Docker Build Test	Set up Docker Buildx	2026-02-08T23:19:35.5838097Z  Min Free Space: 13.97GiB
Docker Build Test	Set up Docker Buildx	2026-02-08T23:19:35.5838556Z GC Policy rule#2:
Docker Build Test	Set up Docker Buildx	2026-02-08T23:19:35.5838714Z  All:            false
Docker Build Test	Set up Docker Buildx	2026-02-08T23:19:35.5838894Z  Reserved Space: 7.451GiB
Docker Build Test	Set up Docker Buildx	2026-02-08T23:19:35.5839078Z  Max Used Space: 54.02GiB
Docker Build Test	Set up Docker Buildx	2026-02-08T23:19:35.5839261Z  Min Free Space: 13.97GiB
Docker Build Test	Set up Docker Buildx	2026-02-08T23:19:35.5839436Z GC Policy rule#3:
Docker Build Test	Set up Docker Buildx	2026-02-08T23:19:35.5839602Z  All:            true
Docker Build Test	Set up Docker Buildx	2026-02-08T23:19:35.5839778Z  Reserved Space: 7.451GiB
Docker Build Test	Set up Docker Buildx	2026-02-08T23:19:35.5839959Z  Max Used Space: 54.02GiB
Docker Build Test	Set up Docker Buildx	2026-02-08T23:19:35.5840151Z  Min Free Space: 13.97GiB
Docker Build Test	Set up Docker Buildx	2026-02-08T23:19:35.5879236Z ##[endgroup]
Docker Build Test	Set up Docker Buildx	2026-02-08T23:19:35.7056787Z ##[group]Inspect builder
Docker Build Test	Set up Docker Buildx	2026-02-08T23:19:35.7059696Z {
Docker Build Test	Set up Docker Buildx	2026-02-08T23:19:35.7059957Z   "nodes": [
Docker Build Test	Set up Docker Buildx	2026-02-08T23:19:35.7060584Z     {
Docker Build Test	Set up Docker Buildx	2026-02-08T23:19:35.7060952Z       "name": "builder-aeda0211-f158-464e-aea7-5867a725dace0",
Docker Build Test	Set up Docker Buildx	2026-02-08T23:19:35.7061698Z       "endpoint": "unix:///var/run/docker.sock",
Docker Build Test	Set up Docker Buildx	2026-02-08T23:19:35.7062131Z       "status": "running",
Docker Build Test	Set up Docker Buildx	2026-02-08T23:19:35.7062739Z       "buildkitd-flags": "--allow-insecure-entitlement security.insecure --allow-insecure-entitlement network.host",
Docker Build Test	Set up Docker Buildx	2026-02-08T23:19:35.7063423Z       "buildkit": "v0.27.1",
Docker Build Test	Set up Docker Buildx	2026-02-08T23:19:35.7063823Z       "platforms": "linux/amd64,linux/amd64/v2,linux/amd64/v3,linux/386",
Docker Build Test	Set up Docker Buildx	2026-02-08T23:19:35.7064168Z       "features": {
Docker Build Test	Set up Docker Buildx	2026-02-08T23:19:35.7064579Z         "Automatically load images to the Docker Engine image store": true,
Docker Build Test	Set up Docker Buildx	2026-02-08T23:19:35.7064990Z         "Cache export": true,
Docker Build Test	Set up Docker Buildx	2026-02-08T23:19:35.7065219Z         "Direct push": true,
Docker Build Test	Set up Docker Buildx	2026-02-08T23:19:35.7065441Z         "Docker exporter": true,
Docker Build Test	Set up Docker Buildx	2026-02-08T23:19:35.7065668Z         "Multi-platform build": true,
Docker Build Test	Set up Docker Buildx	2026-02-08T23:19:35.7065906Z         "OCI exporter": true
Docker Build Test	Set up Docker Buildx	2026-02-08T23:19:35.7066095Z       },
Docker Build Test	Set up Docker Buildx	2026-02-08T23:19:35.7066293Z       "labels": {
Docker Build Test	Set up Docker Buildx	2026-02-08T23:19:35.7066716Z         "org.mobyproject.buildkit.worker.executor": "oci",
Docker Build Test	Set up Docker Buildx	2026-02-08T23:19:35.7067121Z         "org.mobyproject.buildkit.worker.hostname": "23e28fa12932",
Docker Build Test	Set up Docker Buildx	2026-02-08T23:19:35.7067503Z         "org.mobyproject.buildkit.worker.network": "host",
Docker Build Test	Set up Docker Buildx	2026-02-08T23:19:35.7067901Z         "org.mobyproject.buildkit.worker.oci.process-mode": "sandbox",
Docker Build Test	Set up Docker Buildx	2026-02-08T23:19:35.7068333Z         "org.mobyproject.buildkit.worker.selinux.enabled": "false",
Docker Build Test	Set up Docker Buildx	2026-02-08T23:19:35.7068736Z         "org.mobyproject.buildkit.worker.snapshotter": "overlayfs"
Docker Build Test	Set up Docker Buildx	2026-02-08T23:19:35.7069061Z       },
Docker Build Test	Set up Docker Buildx	2026-02-08T23:19:35.7069220Z       "gcPolicy": [
Docker Build Test	Set up Docker Buildx	2026-02-08T23:19:35.7069386Z         {
Docker Build Test	Set up Docker Buildx	2026-02-08T23:19:35.7069843Z           "all": false,
Docker Build Test	Set up Docker Buildx	2026-02-08T23:19:35.7070021Z           "filter": [
Docker Build Test	Set up Docker Buildx	2026-02-08T23:19:35.7070213Z             "type==source.local",
Docker Build Test	Set up Docker Buildx	2026-02-08T23:19:35.7070440Z             "type==exec.cachemount",
Docker Build Test	Set up Docker Buildx	2026-02-08T23:19:35.7070680Z             "type==source.git.checkout"
Docker Build Test	Set up Docker Buildx	2026-02-08T23:19:35.7070901Z           ],
Docker Build Test	Set up Docker Buildx	2026-02-08T23:19:35.7071072Z           "keepDuration": "48h0m0s",
Docker Build Test	Set up Docker Buildx	2026-02-08T23:19:35.7071521Z           "maxUsedSpace": "488.3MiB"
Docker Build Test	Set up Docker Buildx	2026-02-08T23:19:35.7071734Z         },
Docker Build Test	Set up Docker Buildx	2026-02-08T23:19:35.7071881Z         {
Docker Build Test	Set up Docker Buildx	2026-02-08T23:19:35.7072036Z           "all": false,
Docker Build Test	Set up Docker Buildx	2026-02-08T23:19:35.7072229Z           "keepDuration": "1440h0m0s",
Docker Build Test	Set up Docker Buildx	2026-02-08T23:19:35.7072455Z           "reservedSpace": "7.451GiB",
Docker Build Test	Set up Docker Buildx	2026-02-08T23:19:35.7072684Z           "maxUsedSpace": "54.02GiB",
Docker Build Test	Set up Docker Buildx	2026-02-08T23:19:35.7072905Z           "minFreeSpace": "13.97GiB"
Docker Build Test	Set up Docker Buildx	2026-02-08T23:19:35.7073111Z         },
Docker Build Test	Set up Docker Buildx	2026-02-08T23:19:35.7073249Z         {
Docker Build Test	Set up Docker Buildx	2026-02-08T23:19:35.7073399Z           "all": false,
Docker Build Test	Set up Docker Buildx	2026-02-08T23:19:35.7073588Z           "reservedSpace": "7.451GiB",
Docker Build Test	Set up Docker Buildx	2026-02-08T23:19:35.7073815Z           "maxUsedSpace": "54.02GiB",
Docker Build Test	Set up Docker Buildx	2026-02-08T23:19:35.7074034Z           "minFreeSpace": "13.97GiB"
Docker Build Test	Set up Docker Buildx	2026-02-08T23:19:35.7074232Z         },
Docker Build Test	Set up Docker Buildx	2026-02-08T23:19:35.7074375Z         {
Docker Build Test	Set up Docker Buildx	2026-02-08T23:19:35.7074517Z           "all": true,
Docker Build Test	Set up Docker Buildx	2026-02-08T23:19:35.7074702Z           "reservedSpace": "7.451GiB",
Docker Build Test	Set up Docker Buildx	2026-02-08T23:19:35.7074920Z           "maxUsedSpace": "54.02GiB",
Docker Build Test	Set up Docker Buildx	2026-02-08T23:19:35.7075136Z           "minFreeSpace": "13.97GiB"
Docker Build Test	Set up Docker Buildx	2026-02-08T23:19:35.7075335Z         }
Docker Build Test	Set up Docker Buildx	2026-02-08T23:19:35.7075634Z       ]
Docker Build Test	Set up Docker Buildx	2026-02-08T23:19:35.7075770Z     }
Docker Build Test	Set up Docker Buildx	2026-02-08T23:19:35.7075914Z   ],
Docker Build Test	Set up Docker Buildx	2026-02-08T23:19:35.7076118Z   "name": "builder-aeda0211-f158-464e-aea7-5867a725dace",
Docker Build Test	Set up Docker Buildx	2026-02-08T23:19:35.7076414Z   "driver": "docker-container",
Docker Build Test	Set up Docker Buildx	2026-02-08T23:19:35.7076648Z   "lastActivity": "2026-02-08T23:19:30.000Z"
Docker Build Test	Set up Docker Buildx	2026-02-08T23:19:35.7076869Z }
Docker Build Test	Set up Docker Buildx	2026-02-08T23:19:35.7077165Z ##[endgroup]
Docker Build Test	Set up Docker Buildx	2026-02-08T23:19:35.7077460Z ##[group]BuildKit version
Docker Build Test	Set up Docker Buildx	2026-02-08T23:19:35.7077751Z builder-aeda0211-f158-464e-aea7-5867a725dace0: v0.27.1
Docker Build Test	Set up Docker Buildx	2026-02-08T23:19:35.7078250Z ##[endgroup]
Docker Build Test	Build API image	﻿2026-02-08T23:19:35.7244759Z ##[group]Run docker/build-push-action@v5
Docker Build Test	Build API image	2026-02-08T23:19:35.7245054Z with:
Docker Build Test	Build API image	2026-02-08T23:19:35.7245217Z   context: .
Docker Build Test	Build API image	2026-02-08T23:19:35.7245391Z   file: ./Dockerfile
Docker Build Test	Build API image	2026-02-08T23:19:35.7245601Z   push: false
Docker Build Test	Build API image	2026-02-08T23:19:35.7245789Z   tags: ancient-nerds-api:test
Docker Build Test	Build API image	2026-02-08T23:19:35.7246046Z   cache-from: type=gha
Docker Build Test	Build API image	2026-02-08T23:19:35.7246247Z   cache-to: type=gha,mode=max
Docker Build Test	Build API image	2026-02-08T23:19:35.7246451Z   load: false
Docker Build Test	Build API image	2026-02-08T23:19:35.7246624Z   no-cache: false
Docker Build Test	Build API image	2026-02-08T23:19:35.7246792Z   pull: false
Docker Build Test	Build API image	2026-02-08T23:19:35.7247109Z   github-token: ***
Docker Build Test	Build API image	2026-02-08T23:19:35.7247305Z ##[endgroup]
Docker Build Test	Build API image	2026-02-08T23:19:35.9643808Z ##[group]GitHub Actions runtime token ACs
Docker Build Test	Build API image	2026-02-08T23:19:35.9655059Z refs/heads/main: read/write
Docker Build Test	Build API image	2026-02-08T23:19:35.9662293Z ##[endgroup]
Docker Build Test	Build API image	2026-02-08T23:19:35.9662916Z ##[group]Docker info
Docker Build Test	Build API image	2026-02-08T23:19:35.9698639Z [command]/usr/bin/docker version
Docker Build Test	Build API image	2026-02-08T23:19:35.9917662Z Client: Docker Engine - Community
Docker Build Test	Build API image	2026-02-08T23:19:35.9918197Z  Version:           28.0.4
Docker Build Test	Build API image	2026-02-08T23:19:35.9918744Z  API version:       1.48
Docker Build Test	Build API image	2026-02-08T23:19:35.9919141Z  Go version:        go1.23.7
Docker Build Test	Build API image	2026-02-08T23:19:35.9919507Z  Git commit:        b8034c0
Docker Build Test	Build API image	2026-02-08T23:19:35.9919929Z  Built:             Tue Mar 25 15:07:16 2025
Docker Build Test	Build API image	2026-02-08T23:19:35.9920395Z  OS/Arch:           linux/amd64
Docker Build Test	Build API image	2026-02-08T23:19:35.9920770Z  Context:           default
Docker Build Test	Build API image	2026-02-08T23:19:35.9921011Z 
Docker Build Test	Build API image	2026-02-08T23:19:35.9921363Z Server: Docker Engine - Community
Docker Build Test	Build API image	2026-02-08T23:19:35.9921818Z  Engine:
Docker Build Test	Build API image	2026-02-08T23:19:35.9922123Z   Version:          28.0.4
Docker Build Test	Build API image	2026-02-08T23:19:35.9922533Z   API version:      1.48 (minimum version 1.24)
Docker Build Test	Build API image	2026-02-08T23:19:35.9923015Z   Go version:       go1.23.7
Docker Build Test	Build API image	2026-02-08T23:19:35.9923387Z   Git commit:       6430e49
Docker Build Test	Build API image	2026-02-08T23:19:35.9923775Z   Built:            Tue Mar 25 15:07:16 2025
Docker Build Test	Build API image	2026-02-08T23:19:35.9924240Z   OS/Arch:          linux/amd64
Docker Build Test	Build API image	2026-02-08T23:19:35.9924625Z   Experimental:     false
Docker Build Test	Build API image	2026-02-08T23:19:35.9924903Z  containerd:
Docker Build Test	Build API image	2026-02-08T23:19:35.9925100Z   Version:          v2.2.1
Docker Build Test	Build API image	2026-02-08T23:19:35.9925416Z   GitCommit:        dea7da592f5d1d2b7755e3a161be07f43fad8f75
Docker Build Test	Build API image	2026-02-08T23:19:35.9925783Z  runc:
Docker Build Test	Build API image	2026-02-08T23:19:35.9925967Z   Version:          1.3.4
Docker Build Test	Build API image	2026-02-08T23:19:35.9926203Z   GitCommit:        v1.3.4-0-gd6d73eb8
Docker Build Test	Build API image	2026-02-08T23:19:35.9926477Z  docker-init:
Docker Build Test	Build API image	2026-02-08T23:19:35.9926670Z   Version:          0.19.0
Docker Build Test	Build API image	2026-02-08T23:19:35.9926938Z   GitCommit:        de40ad0
Docker Build Test	Build API image	2026-02-08T23:19:35.9991585Z [command]/usr/bin/docker info
Docker Build Test	Build API image	2026-02-08T23:19:36.0609572Z Client: Docker Engine - Community
Docker Build Test	Build API image	2026-02-08T23:19:36.0610324Z  Version:    28.0.4
Docker Build Test	Build API image	2026-02-08T23:19:36.0610863Z  Context:    default
Docker Build Test	Build API image	2026-02-08T23:19:36.0611418Z  Debug Mode: false
Docker Build Test	Build API image	2026-02-08T23:19:36.0611748Z  Plugins:
Docker Build Test	Build API image	2026-02-08T23:19:36.0612109Z   buildx: Docker Buildx (Docker Inc.)
Docker Build Test	Build API image	2026-02-08T23:19:36.0612583Z     Version:  v0.31.1
Docker Build Test	Build API image	2026-02-08T23:19:36.0613063Z     Path:     /usr/libexec/docker/cli-plugins/docker-buildx
Docker Build Test	Build API image	2026-02-08T23:19:36.0613682Z   compose: Docker Compose (Docker Inc.)
Docker Build Test	Build API image	2026-02-08T23:19:36.0614147Z     Version:  v2.38.2
Docker Build Test	Build API image	2026-02-08T23:19:36.0614662Z     Path:     /usr/libexec/docker/cli-plugins/docker-compose
Docker Build Test	Build API image	2026-02-08T23:19:36.0615102Z 
Docker Build Test	Build API image	2026-02-08T23:19:36.0615224Z Server:
Docker Build Test	Build API image	2026-02-08T23:19:36.0615425Z  Containers: 1
Docker Build Test	Build API image	2026-02-08T23:19:36.0615633Z   Running: 1
Docker Build Test	Build API image	2026-02-08T23:19:36.0615841Z   Paused: 0
Docker Build Test	Build API image	2026-02-08T23:19:36.0616069Z   Stopped: 0
Docker Build Test	Build API image	2026-02-08T23:19:36.0616267Z  Images: 2
Docker Build Test	Build API image	2026-02-08T23:19:36.0616476Z  Server Version: 28.0.4
Docker Build Test	Build API image	2026-02-08T23:19:36.0617079Z  Storage Driver: overlay2
Docker Build Test	Build API image	2026-02-08T23:19:36.0617349Z   Backing Filesystem: extfs
Docker Build Test	Build API image	2026-02-08T23:19:36.0617611Z   Supports d_type: true
Docker Build Test	Build API image	2026-02-08T23:19:36.0617860Z   Using metacopy: false
Docker Build Test	Build API image	2026-02-08T23:19:36.0618102Z   Native Overlay Diff: false
Docker Build Test	Build API image	2026-02-08T23:19:36.0618410Z   userxattr: false
Docker Build Test	Build API image	2026-02-08T23:19:36.0618645Z  Logging Driver: json-file
Docker Build Test	Build API image	2026-02-08T23:19:36.0618908Z  Cgroup Driver: systemd
Docker Build Test	Build API image	2026-02-08T23:19:36.0619159Z  Cgroup Version: 2
Docker Build Test	Build API image	2026-02-08T23:19:36.0619376Z  Plugins:
Docker Build Test	Build API image	2026-02-08T23:19:36.0619581Z   Volume: local
Docker Build Test	Build API image	2026-02-08T23:19:36.0619845Z   Network: bridge host ipvlan macvlan null overlay
Docker Build Test	Build API image	2026-02-08T23:19:36.0620423Z   Log: awslogs fluentd gcplogs gelf journald json-file local splunk syslog
Docker Build Test	Build API image	2026-02-08T23:19:36.0620757Z  Swarm: inactive
Docker Build Test	Build API image	2026-02-08T23:19:36.0620955Z  Runtimes: io.containerd.runc.v2 runc
Docker Build Test	Build API image	2026-02-08T23:19:36.0621387Z  Default Runtime: runc
Docker Build Test	Build API image	2026-02-08T23:19:36.0621596Z  Init Binary: docker-init
Docker Build Test	Build API image	2026-02-08T23:19:36.0621873Z  containerd version: dea7da592f5d1d2b7755e3a161be07f43fad8f75
Docker Build Test	Build API image	2026-02-08T23:19:36.0622202Z  runc version: v1.3.4-0-gd6d73eb8
Docker Build Test	Build API image	2026-02-08T23:19:36.0622431Z  init version: de40ad0
Docker Build Test	Build API image	2026-02-08T23:19:36.0622616Z  Security Options:
Docker Build Test	Build API image	2026-02-08T23:19:36.0622787Z   apparmor
Docker Build Test	Build API image	2026-02-08T23:19:36.0622938Z   seccomp
Docker Build Test	Build API image	2026-02-08T23:19:36.0623108Z    Profile: builtin
Docker Build Test	Build API image	2026-02-08T23:19:36.0623276Z   cgroupns
Docker Build Test	Build API image	2026-02-08T23:19:36.0623443Z  Kernel Version: 6.11.0-1018-azure
Docker Build Test	Build API image	2026-02-08T23:19:36.0623675Z  Operating System: Ubuntu 24.04.3 LTS
Docker Build Test	Build API image	2026-02-08T23:19:36.0623908Z  OSType: linux
Docker Build Test	Build API image	2026-02-08T23:19:36.0624080Z  Architecture: x86_64
Docker Build Test	Build API image	2026-02-08T23:19:36.0624270Z  CPUs: 4
Docker Build Test	Build API image	2026-02-08T23:19:36.0624426Z  Total Memory: 15.62GiB
Docker Build Test	Build API image	2026-02-08T23:19:36.0624609Z  Name: runnervmwffz4
Docker Build Test	Build API image	2026-02-08T23:19:36.0624805Z  ID: 073c65d4-c458-42c9-935a-939d0489da0a
Docker Build Test	Build API image	2026-02-08T23:19:36.0625043Z  Docker Root Dir: /var/lib/docker
Docker Build Test	Build API image	2026-02-08T23:19:36.0625260Z  Debug Mode: false
Docker Build Test	Build API image	2026-02-08T23:19:36.0625434Z  Username: githubactions
Docker Build Test	Build API image	2026-02-08T23:19:36.0625657Z  Experimental: false
Docker Build Test	Build API image	2026-02-08T23:19:36.0625856Z  Insecure Registries:
Docker Build Test	Build API image	2026-02-08T23:19:36.0626066Z   ::1/128
Docker Build Test	Build API image	2026-02-08T23:19:36.0626206Z   127.0.0.0/8
Docker Build Test	Build API image	2026-02-08T23:19:36.0626375Z  Live Restore Enabled: false
Docker Build Test	Build API image	2026-02-08T23:19:36.0626512Z 
Docker Build Test	Build API image	2026-02-08T23:19:36.0634838Z ##[endgroup]
Docker Build Test	Build API image	2026-02-08T23:19:36.0635454Z ##[group]Proxy configuration
Docker Build Test	Build API image	2026-02-08T23:19:36.0639588Z No proxy configuration found
Docker Build Test	Build API image	2026-02-08T23:19:36.0640342Z ##[endgroup]
Docker Build Test	Build API image	2026-02-08T23:19:36.1387428Z ##[group]Buildx version
Docker Build Test	Build API image	2026-02-08T23:19:36.1413705Z [command]/usr/bin/docker buildx version
Docker Build Test	Build API image	2026-02-08T23:19:36.2069518Z github.com/docker/buildx v0.31.1 a2675950d46b2cb171b23c2015ca44fb88607531
Docker Build Test	Build API image	2026-02-08T23:19:36.2107849Z ##[endgroup]
Docker Build Test	Build API image	2026-02-08T23:19:36.2108209Z ##[group]Builder info
Docker Build Test	Build API image	2026-02-08T23:19:36.3110226Z {
Docker Build Test	Build API image	2026-02-08T23:19:36.3110637Z   "nodes": [
Docker Build Test	Build API image	2026-02-08T23:19:36.3110925Z     {
Docker Build Test	Build API image	2026-02-08T23:19:36.3111566Z       "name": "builder-aeda0211-f158-464e-aea7-5867a725dace0",
Docker Build Test	Build API image	2026-02-08T23:19:36.3112166Z       "endpoint": "unix:///var/run/docker.sock",
Docker Build Test	Build API image	2026-02-08T23:19:36.3112685Z       "status": "running",
Docker Build Test	Build API image	2026-02-08T23:19:36.3113534Z       "buildkitd-flags": "--allow-insecure-entitlement security.insecure --allow-insecure-entitlement network.host",
Docker Build Test	Build API image	2026-02-08T23:19:36.3114469Z       "buildkit": "v0.27.1",
Docker Build Test	Build API image	2026-02-08T23:19:36.3115027Z       "platforms": "linux/amd64,linux/amd64/v2,linux/amd64/v3,linux/386",
Docker Build Test	Build API image	2026-02-08T23:19:36.3115571Z       "features": {
Docker Build Test	Build API image	2026-02-08T23:19:36.3116072Z         "Automatically load images to the Docker Engine image store": true,
Docker Build Test	Build API image	2026-02-08T23:19:36.3116682Z         "Cache export": true,
Docker Build Test	Build API image	2026-02-08T23:19:36.3117065Z         "Direct push": true,
Docker Build Test	Build API image	2026-02-08T23:19:36.3117464Z         "Docker exporter": true,
Docker Build Test	Build API image	2026-02-08T23:19:36.3117877Z         "Multi-platform build": true,
Docker Build Test	Build API image	2026-02-08T23:19:36.3118299Z         "OCI exporter": true
Docker Build Test	Build API image	2026-02-08T23:19:36.3118642Z       },
Docker Build Test	Build API image	2026-02-08T23:19:36.3118901Z       "labels": {
Docker Build Test	Build API image	2026-02-08T23:19:36.3119374Z         "org.mobyproject.buildkit.worker.executor": "oci",
Docker Build Test	Build API image	2026-02-08T23:19:36.3120019Z         "org.mobyproject.buildkit.worker.hostname": "23e28fa12932",
Docker Build Test	Build API image	2026-02-08T23:19:36.3121332Z         "org.mobyproject.buildkit.worker.network": "host",
Docker Build Test	Build API image	2026-02-08T23:19:36.3122061Z         "org.mobyproject.buildkit.worker.oci.process-mode": "sandbox",
Docker Build Test	Build API image	2026-02-08T23:19:36.3122868Z         "org.mobyproject.buildkit.worker.selinux.enabled": "false",
Docker Build Test	Build API image	2026-02-08T23:19:36.3123617Z         "org.mobyproject.buildkit.worker.snapshotter": "overlayfs"
Docker Build Test	Build API image	2026-02-08T23:19:36.3124153Z       },
Docker Build Test	Build API image	2026-02-08T23:19:36.3124426Z       "gcPolicy": [
Docker Build Test	Build API image	2026-02-08T23:19:36.3124726Z         {
Docker Build Test	Build API image	2026-02-08T23:19:36.3124996Z           "all": false,
Docker Build Test	Build API image	2026-02-08T23:19:36.3125592Z           "filter": [
Docker Build Test	Build API image	2026-02-08T23:19:36.3125908Z             "type==source.local",
Docker Build Test	Build API image	2026-02-08T23:19:36.3126315Z             "type==exec.cachemount",
Docker Build Test	Build API image	2026-02-08T23:19:36.3126747Z             "type==source.git.checkout"
Docker Build Test	Build API image	2026-02-08T23:19:36.3127168Z           ],
Docker Build Test	Build API image	2026-02-08T23:19:36.3127481Z           "keepDuration": "48h0m0s"
Docker Build Test	Build API image	2026-02-08T23:19:36.3127869Z         },
Docker Build Test	Build API image	2026-02-08T23:19:36.3128142Z         {
Docker Build Test	Build API image	2026-02-08T23:19:36.3128420Z           "all": false,
Docker Build Test	Build API image	2026-02-08T23:19:36.3128780Z           "keepDuration": "1440h0m0s"
Docker Build Test	Build API image	2026-02-08T23:19:36.3129190Z         },
Docker Build Test	Build API image	2026-02-08T23:19:36.3129464Z         {
Docker Build Test	Build API image	2026-02-08T23:19:36.3129735Z           "all": false
Docker Build Test	Build API image	2026-02-08T23:19:36.3130048Z         },
Docker Build Test	Build API image	2026-02-08T23:19:36.3130301Z         {
Docker Build Test	Build API image	2026-02-08T23:19:36.3130575Z           "all": true
Docker Build Test	Build API image	2026-02-08T23:19:36.3130874Z         }
Docker Build Test	Build API image	2026-02-08T23:19:36.3131335Z       ]
Docker Build Test	Build API image	2026-02-08T23:19:36.3131592Z     }
Docker Build Test	Build API image	2026-02-08T23:19:36.3131853Z   ],
Docker Build Test	Build API image	2026-02-08T23:19:36.3132226Z   "name": "builder-aeda0211-f158-464e-aea7-5867a725dace",
Docker Build Test	Build API image	2026-02-08T23:19:36.3132805Z   "driver": "docker-container",
Docker Build Test	Build API image	2026-02-08T23:19:36.3133236Z   "lastActivity": "2026-02-08T23:19:30.000Z"
Docker Build Test	Build API image	2026-02-08T23:19:36.3133627Z }
Docker Build Test	Build API image	2026-02-08T23:19:36.3134201Z ##[endgroup]
Docker Build Test	Build API image	2026-02-08T23:19:36.4844896Z [command]/usr/bin/docker buildx build --cache-from type=gha --cache-to type=gha,mode=max --file ./Dockerfile --iidfile /home/runner/work/_temp/docker-actions-toolkit-LeTrcq/build-iidfile-04c50b1c18.txt --attest type=provenance,mode=max,builder-id=https://github.com/ancientnerds/AncientMap/actions/runs/21807249508 --tag ancient-nerds-api:test --metadata-file /home/runner/work/_temp/docker-actions-toolkit-LeTrcq/build-metadata-7f4264ceec.json .
Docker Build Test	Build API image	2026-02-08T23:19:36.8193488Z #0 building with "builder-aeda0211-f158-464e-aea7-5867a725dace" instance using docker-container driver
Docker Build Test	Build API image	2026-02-08T23:19:36.8194209Z 
Docker Build Test	Build API image	2026-02-08T23:19:36.8194437Z #1 [internal] load build definition from Dockerfile
Docker Build Test	Build API image	2026-02-08T23:19:36.8194940Z #1 transferring dockerfile: 2.32kB done
Docker Build Test	Build API image	2026-02-08T23:19:36.8195281Z #1 DONE 0.0s
Docker Build Test	Build API image	2026-02-08T23:19:36.8195410Z 
Docker Build Test	Build API image	2026-02-08T23:19:36.8195598Z #2 [auth] library/python:pull token for registry-1.docker.io
Docker Build Test	Build API image	2026-02-08T23:19:36.8195978Z #2 DONE 0.0s
Docker Build Test	Build API image	2026-02-08T23:19:36.8196103Z 
Docker Build Test	Build API image	2026-02-08T23:19:36.8196308Z #3 [internal] load metadata for docker.io/library/python:3.11-slim
Docker Build Test	Build API image	2026-02-08T23:19:36.9659839Z #3 DONE 0.3s
Docker Build Test	Build API image	2026-02-08T23:19:37.0748807Z 
Docker Build Test	Build API image	2026-02-08T23:19:37.0749427Z #4 [internal] load .dockerignore
Docker Build Test	Build API image	2026-02-08T23:19:37.0750035Z #4 transferring context: 2B done
Docker Build Test	Build API image	2026-02-08T23:19:37.0750518Z #4 DONE 0.0s
Docker Build Test	Build API image	2026-02-08T23:19:37.0750760Z 
Docker Build Test	Build API image	2026-02-08T23:19:37.0750957Z #5 importing cache manifest from gha:12695206697125595949
Docker Build Test	Build API image	2026-02-08T23:19:37.0751689Z #5 DONE 0.1s
Docker Build Test	Build API image	2026-02-08T23:19:37.0751838Z 
Docker Build Test	Build API image	2026-02-08T23:19:37.0752471Z #6 [builder 1/6] FROM docker.io/library/python:3.11-slim@sha256:0b23cfb7425d065008b778022a17b1551c82f8b4866ee5a7a200084b7e2eafbf
Docker Build Test	Build API image	2026-02-08T23:19:37.0753913Z #6 resolve docker.io/library/python:3.11-slim@sha256:0b23cfb7425d065008b778022a17b1551c82f8b4866ee5a7a200084b7e2eafbf done
Docker Build Test	Build API image	2026-02-08T23:19:37.0754824Z #6 DONE 0.0s
Docker Build Test	Build API image	2026-02-08T23:19:37.0755043Z 
Docker Build Test	Build API image	2026-02-08T23:19:37.0756097Z #7 [builder 3/6] RUN apt-get update && apt-get install -y --no-install-recommends     build-essential     libpq-dev     && rm -rf /var/lib/apt/lists/*
Docker Build Test	Build API image	2026-02-08T23:19:37.0757644Z #7 CACHED
Docker Build Test	Build API image	2026-02-08T23:19:37.0757870Z 
Docker Build Test	Build API image	2026-02-08T23:19:37.0758062Z #8 [builder 2/6] WORKDIR /app
Docker Build Test	Build API image	2026-02-08T23:19:37.0759317Z #8 CACHED
Docker Build Test	Build API image	2026-02-08T23:19:37.0759493Z 
Docker Build Test	Build API image	2026-02-08T23:19:37.0759630Z #9 [internal] load build context
Docker Build Test	Build API image	2026-02-08T23:19:37.1914632Z #9 transferring context: 1.66MB 0.1s done
Docker Build Test	Build API image	2026-02-08T23:19:37.1915227Z #9 DONE 0.1s
Docker Build Test	Build API image	2026-02-08T23:19:37.1915412Z 
Docker Build Test	Build API image	2026-02-08T23:19:37.1915553Z #8 [builder 2/6] WORKDIR /app
Docker Build Test	Build API image	2026-02-08T23:19:37.1917098Z #8 sha256:b89fac62741e7fd91f316b17835645d8ecc2adbbb93b1910e4a275c09ca3ff92 93B / 93B 0.0s done
Docker Build Test	Build API image	2026-02-08T23:19:37.1918235Z #8 sha256:d85099f0969e8b2306770a12dffcda300208cc3a18b876c0ad3dc0cb51aefb9b 250B / 250B 0.1s done
Docker Build Test	Build API image	2026-02-08T23:19:37.1920054Z #8 sha256:64faa99400e1388ed9f202917ada9fac34fd46c950d40cd4102364ee9d6ab804 1.29MB / 1.29MB 0.1s done
Docker Build Test	Build API image	2026-02-08T23:19:37.3294788Z #8 sha256:8cbc47ff628d718fb76f7fca9897e4e8b607a4f543008cdee760705eecea1b24 14.36MB / 14.36MB 0.1s done
Docker Build Test	Build API image	2026-02-08T23:19:37.3295991Z #8 sha256:0c8d55a45c0dc58de60579b9cc5b708de9e7957f4591fc7de941b67c7e245da0 15.73MB / 29.78MB 0.2s
Docker Build Test	Build API image	2026-02-08T23:19:37.4913058Z #8 sha256:0c8d55a45c0dc58de60579b9cc5b708de9e7957f4591fc7de941b67c7e245da0 29.78MB / 29.78MB 0.2s done
Docker Build Test	Build API image	2026-02-08T23:19:37.4914126Z #8 extracting sha256:0c8d55a45c0dc58de60579b9cc5b708de9e7957f4591fc7de941b67c7e245da0
Docker Build Test	Build API image	2026-02-08T23:19:38.1087591Z #8 extracting sha256:0c8d55a45c0dc58de60579b9cc5b708de9e7957f4591fc7de941b67c7e245da0 0.7s done
Docker Build Test	Build API image	2026-02-08T23:19:38.1089025Z #8 extracting sha256:64faa99400e1388ed9f202917ada9fac34fd46c950d40cd4102364ee9d6ab804 0.1s done
Docker Build Test	Build API image	2026-02-08T23:19:38.1089916Z #8 DONE 1.1s
Docker Build Test	Build API image	2026-02-08T23:19:38.1090107Z 
Docker Build Test	Build API image	2026-02-08T23:19:38.1090307Z #10 [builder 4/6] RUN python -m venv /opt/venv
Docker Build Test	Build API image	2026-02-08T23:19:38.1090963Z #10 sha256:a517f654c576779c59f2869213787ec5c06d3114859fa71dc590389c78a76c66 9.78MB / 9.78MB 0.2s done
Docker Build Test	Build API image	2026-02-08T23:19:38.1092241Z #10 sha256:7256cb6d8632ab1eeacbe9b515ff0d8b88519b7d8200f4f52599b1dd65a34d6c 111.47MB / 111.47MB 0.8s done
Docker Build Test	Build API image	2026-02-08T23:19:38.1092858Z #10 DONE 0.9s
Docker Build Test	Build API image	2026-02-08T23:19:38.2593658Z 
Docker Build Test	Build API image	2026-02-08T23:19:38.2594590Z #8 [builder 2/6] WORKDIR /app
Docker Build Test	Build API image	2026-02-08T23:19:38.2595717Z #8 extracting sha256:8cbc47ff628d718fb76f7fca9897e4e8b607a4f543008cdee760705eecea1b24
Docker Build Test	Build API image	2026-02-08T23:19:38.5663948Z #8 extracting sha256:8cbc47ff628d718fb76f7fca9897e4e8b607a4f543008cdee760705eecea1b24 0.5s done
Docker Build Test	Build API image	2026-02-08T23:19:38.5664793Z #8 DONE 1.5s
Docker Build Test	Build API image	2026-02-08T23:19:38.6794867Z 
Docker Build Test	Build API image	2026-02-08T23:19:38.6795340Z #8 [builder 2/6] WORKDIR /app
Docker Build Test	Build API image	2026-02-08T23:19:38.6796120Z #8 extracting sha256:d85099f0969e8b2306770a12dffcda300208cc3a18b876c0ad3dc0cb51aefb9b done
Docker Build Test	Build API image	2026-02-08T23:19:38.6797161Z #8 extracting sha256:b89fac62741e7fd91f316b17835645d8ecc2adbbb93b1910e4a275c09ca3ff92 done
Docker Build Test	Build API image	2026-02-08T23:19:38.6797954Z #8 DONE 1.5s
Docker Build Test	Build API image	2026-02-08T23:19:38.6798135Z 
Docker Build Test	Build API image	2026-02-08T23:19:38.6800332Z #11 [production  3/11] RUN apt-get update && apt-get install -y --no-install-recommends     libpq5     curl     && rm -rf /var/lib/apt/lists/*     && apt-get clean
Docker Build Test	Build API image	2026-02-08T23:19:38.6801704Z #11 0.105 Hit:1 http://deb.debian.org/debian trixie InRelease
Docker Build Test	Build API image	2026-02-08T23:19:38.6802427Z #11 0.105 Get:2 http://deb.debian.org/debian trixie-updates InRelease [47.3 kB]
Docker Build Test	Build API image	2026-02-08T23:19:38.9116278Z #11 0.112 Get:3 http://deb.debian.org/debian-security trixie-security InRelease [43.4 kB]
Docker Build Test	Build API image	2026-02-08T23:19:38.9117726Z #11 0.124 Get:4 http://deb.debian.org/debian trixie/main amd64 Packages [9670 kB]
Docker Build Test	Build API image	2026-02-08T23:19:38.9119461Z #11 0.185 Get:5 http://deb.debian.org/debian trixie-updates/main amd64 Packages [5412 B]
Docker Build Test	Build API image	2026-02-08T23:19:38.9120466Z #11 0.186 Get:6 http://deb.debian.org/debian-security trixie-security/main amd64 Packages [102 kB]
Docker Build Test	Build API image	2026-02-08T23:19:39.4739912Z #11 0.899 Fetched 9869 kB in 1s (12.1 MB/s)
Docker Build Test	Build API image	2026-02-08T23:19:40.1473153Z #11 0.899 Reading package lists...
Docker Build Test	Build API image	2026-02-08T23:19:40.8497777Z #11 1.599 Reading package lists...
Docker Build Test	Build API image	2026-02-08T23:19:41.0498870Z #11 2.286 Building dependency tree...
Docker Build Test	Build API image	2026-02-08T23:19:41.0499545Z #11 2.475 Reading state information...
Docker Build Test	Build API image	2026-02-08T23:19:41.2041968Z #11 2.629 The following additional packages will be installed:
Docker Build Test	Build API image	2026-02-08T23:19:41.2045375Z #11 2.629   libbrotli1 libcom-err2 libcurl4t64 libgnutls30t64 libgssapi-krb5-2 libidn2-0
Docker Build Test	Build API image	2026-02-08T23:19:41.2046832Z #11 2.629   libk5crypto3 libkeyutils1 libkrb5-3 libkrb5support0 libldap2 libnghttp2-14
Docker Build Test	Build API image	2026-02-08T23:19:41.3567585Z #11 2.631   libnghttp3-9 libp11-kit0 libpsl5t64 librtmp1 libsasl2-2 libsasl2-modules-db
Docker Build Test	Build API image	2026-02-08T23:19:41.3568403Z #11 2.631   libssh2-1t64 libtasn1-6 libunistring5
Docker Build Test	Build API image	2026-02-08T23:19:41.3568869Z #11 2.631 Suggested packages:
Docker Build Test	Build API image	2026-02-08T23:19:41.3569255Z #11 2.631   gnutls-bin krb5-doc krb5-user
Docker Build Test	Build API image	2026-02-08T23:19:41.3569675Z #11 2.631 Recommended packages:
Docker Build Test	Build API image	2026-02-08T23:19:41.3570287Z #11 2.631   bash-completion krb5-locales libldap-common publicsuffix libsasl2-modules
Docker Build Test	Build API image	2026-02-08T23:19:41.3770036Z #11 2.802 The following NEW packages will be installed:
Docker Build Test	Build API image	2026-02-08T23:19:41.6085308Z #11 ...
Docker Build Test	Build API image	2026-02-08T23:19:41.6090175Z 
Docker Build Test	Build API image	2026-02-08T23:19:41.6090773Z #10 [builder 4/6] RUN python -m venv /opt/venv
Docker Build Test	Build API image	2026-02-08T23:19:41.6093921Z #10 extracting sha256:7256cb6d8632ab1eeacbe9b515ff0d8b88519b7d8200f4f52599b1dd65a34d6c 2.3s done
Docker Build Test	Build API image	2026-02-08T23:19:41.6095042Z #10 extracting sha256:a517f654c576779c59f2869213787ec5c06d3114859fa71dc590389c78a76c66 0.5s done
Docker Build Test	Build API image	2026-02-08T23:19:41.6095803Z #10 DONE 3.8s
Docker Build Test	Build API image	2026-02-08T23:19:41.6095978Z 
Docker Build Test	Build API image	2026-02-08T23:19:41.6097056Z #11 [production  3/11] RUN apt-get update && apt-get install -y --no-install-recommends     libpq5     curl     && rm -rf /var/lib/apt/lists/*     && apt-get clean
Docker Build Test	Build API image	2026-02-08T23:19:41.6098363Z #11 2.802   curl libbrotli1 libcom-err2 libcurl4t64 libgnutls30t64 libgssapi-krb5-2
Docker Build Test	Build API image	2026-02-08T23:19:41.6099255Z #11 2.802   libidn2-0 libk5crypto3 libkeyutils1 libkrb5-3 libkrb5support0 libldap2
Docker Build Test	Build API image	2026-02-08T23:19:41.6100156Z #11 2.803   libnghttp2-14 libnghttp3-9 libp11-kit0 libpq5 libpsl5t64 librtmp1 libsasl2-2
Docker Build Test	Build API image	2026-02-08T23:19:41.6100983Z #11 2.803   libsasl2-modules-db libssh2-1t64 libtasn1-6 libunistring5
Docker Build Test	Build API image	2026-02-08T23:19:41.6101943Z #11 2.831 0 upgraded, 23 newly installed, 0 to remove and 0 not upgraded.
Docker Build Test	Build API image	2026-02-08T23:19:41.6102577Z #11 2.831 Need to get 5111 kB of archives.
Docker Build Test	Build API image	2026-02-08T23:19:41.6103179Z #11 2.831 After this operation, 15.8 MB of additional disk space will be used.
Docker Build Test	Build API image	2026-02-08T23:19:41.6104109Z #11 2.831 Get:1 http://deb.debian.org/debian trixie/main amd64 libbrotli1 amd64 1.1.0-2+b7 [307 kB]
Docker Build Test	Build API image	2026-02-08T23:19:41.6105141Z #11 2.837 Get:2 http://deb.debian.org/debian trixie/main amd64 libkrb5support0 amd64 1.21.3-5 [33.0 kB]
Docker Build Test	Build API image	2026-02-08T23:19:41.6106181Z #11 2.838 Get:3 http://deb.debian.org/debian trixie/main amd64 libcom-err2 amd64 1.47.2-3+b7 [25.0 kB]
Docker Build Test	Build API image	2026-02-08T23:19:41.6107206Z #11 2.840 Get:4 http://deb.debian.org/debian trixie/main amd64 libk5crypto3 amd64 1.21.3-5 [81.5 kB]
Docker Build Test	Build API image	2026-02-08T23:19:41.6108327Z #11 2.840 Get:5 http://deb.debian.org/debian trixie/main amd64 libkeyutils1 amd64 1.6.3-6 [9456 B]
Docker Build Test	Build API image	2026-02-08T23:19:41.6109319Z #11 2.840 Get:6 http://deb.debian.org/debian trixie/main amd64 libkrb5-3 amd64 1.21.3-5 [326 kB]
Docker Build Test	Build API image	2026-02-08T23:19:41.6110324Z #11 2.851 Get:7 http://deb.debian.org/debian trixie/main amd64 libgssapi-krb5-2 amd64 1.21.3-5 [138 kB]
Docker Build Test	Build API image	2026-02-08T23:19:41.6111520Z #11 2.851 Get:8 http://deb.debian.org/debian trixie/main amd64 libunistring5 amd64 1.3-2 [477 kB]
Docker Build Test	Build API image	2026-02-08T23:19:41.6112509Z #11 2.857 Get:9 http://deb.debian.org/debian trixie/main amd64 libidn2-0 amd64 2.3.8-2 [109 kB]
Docker Build Test	Build API image	2026-02-08T23:19:41.6113573Z #11 2.860 Get:10 http://deb.debian.org/debian trixie/main amd64 libsasl2-modules-db amd64 2.1.28+dfsg1-9 [19.8 kB]
Docker Build Test	Build API image	2026-02-08T23:19:41.6114677Z #11 2.860 Get:11 http://deb.debian.org/debian trixie/main amd64 libsasl2-2 amd64 2.1.28+dfsg1-9 [57.5 kB]
Docker Build Test	Build API image	2026-02-08T23:19:41.6115697Z #11 2.860 Get:12 http://deb.debian.org/debian trixie/main amd64 libldap2 amd64 2.6.10+dfsg-1 [194 kB]
Docker Build Test	Build API image	2026-02-08T23:19:41.6116713Z #11 2.861 Get:13 http://deb.debian.org/debian trixie/main amd64 libnghttp2-14 amd64 1.64.0-1.1 [76.0 kB]
Docker Build Test	Build API image	2026-02-08T23:19:41.6117740Z #11 2.862 Get:14 http://deb.debian.org/debian trixie/main amd64 libnghttp3-9 amd64 1.8.0-1 [67.7 kB]
Docker Build Test	Build API image	2026-02-08T23:19:41.6118737Z #11 2.863 Get:15 http://deb.debian.org/debian trixie/main amd64 libpsl5t64 amd64 0.21.2-1.1+b1 [57.2 kB]
Docker Build Test	Build API image	2026-02-08T23:19:41.6120109Z #11 2.864 Get:16 http://deb.debian.org/debian trixie/main amd64 libp11-kit0 amd64 0.25.5-3 [425 kB]
Docker Build Test	Build API image	2026-02-08T23:19:41.6120836Z #11 2.866 Get:17 http://deb.debian.org/debian trixie/main amd64 libtasn1-6 amd64 4.20.0-2 [49.9 kB]
Docker Build Test	Build API image	2026-02-08T23:19:41.6121776Z #11 2.867 Get:18 http://deb.debian.org/debian trixie/main amd64 libgnutls30t64 amd64 3.8.9-3+deb13u1 [1466 kB]
Docker Build Test	Build API image	2026-02-08T23:19:41.6122468Z #11 2.873 Get:19 http://deb.debian.org/debian trixie/main amd64 librtmp1 amd64 2.4+20151223.gitfa8646d.1-2+b5 [58.8 kB]
Docker Build Test	Build API image	2026-02-08T23:19:41.6123095Z #11 2.873 Get:20 http://deb.debian.org/debian trixie/main amd64 libssh2-1t64 amd64 1.11.1-1 [245 kB]
Docker Build Test	Build API image	2026-02-08T23:19:41.6123880Z #11 2.874 Get:21 http://deb.debian.org/debian trixie/main amd64 libcurl4t64 amd64 8.14.1-2+deb13u2 [391 kB]
Docker Build Test	Build API image	2026-02-08T23:19:41.6124455Z #11 2.876 Get:22 http://deb.debian.org/debian trixie/main amd64 curl amd64 8.14.1-2+deb13u2 [270 kB]
Docker Build Test	Build API image	2026-02-08T23:19:41.6124992Z #11 2.877 Get:23 http://deb.debian.org/debian trixie/main amd64 libpq5 amd64 17.7-0+deb13u1 [228 kB]
Docker Build Test	Build API image	2026-02-08T23:19:41.6125441Z #11 3.033 debconf: unable to initialize frontend: Dialog
Docker Build Test	Build API image	2026-02-08T23:19:41.7662405Z #11 3.034 debconf: (TERM is not set, so the dialog frontend is not usable.)
Docker Build Test	Build API image	2026-02-08T23:19:41.7664256Z #11 3.034 debconf: falling back to frontend: Readline
Docker Build Test	Build API image	2026-02-08T23:19:41.7664845Z #11 3.034 debconf: unable to initialize frontend: Readline
Docker Build Test	Build API image	2026-02-08T23:19:41.7667700Z #11 3.034 debconf: (Can't locate Term/ReadLine.pm in @INC (you may need to install the Term::ReadLine module) (@INC entries checked: /etc/perl /usr/local/lib/x86_64-linux-gnu/perl/5.40.1 /usr/local/share/perl/5.40.1 /usr/lib/x86_64-linux-gnu/perl5/5.40 /usr/share/perl5 /usr/lib/x86_64-linux-gnu/perl-base /usr/lib/x86_64-linux-gnu/perl/5.40 /usr/share/perl/5.40 /usr/local/lib/site_perl) at /usr/share/perl5/Debconf/FrontEnd/Readline.pm line 8, <STDIN> line 23.)
Docker Build Test	Build API image	2026-02-08T23:19:41.7670566Z #11 3.034 debconf: falling back to frontend: Teletype
Docker Build Test	Build API image	2026-02-08T23:19:41.7671293Z #11 3.041 debconf: unable to initialize frontend: Teletype
Docker Build Test	Build API image	2026-02-08T23:19:41.7671940Z #11 3.041 debconf: (This frontend requires a controlling tty.)
Docker Build Test	Build API image	2026-02-08T23:19:41.7672549Z #11 3.041 debconf: falling back to frontend: Noninteractive
Docker Build Test	Build API image	2026-02-08T23:19:42.1420316Z #11 3.567 Fetched 5111 kB in 0s (79.9 MB/s)
Docker Build Test	Build API image	2026-02-08T23:19:42.2627731Z #11 ...
Docker Build Test	Build API image	2026-02-08T23:19:42.2628417Z 
Docker Build Test	Build API image	2026-02-08T23:19:42.2628996Z #12 [builder 5/6] COPY requirements-api.txt .
Docker Build Test	Build API image	2026-02-08T23:19:42.2629646Z #12 DONE 0.8s
Docker Build Test	Build API image	2026-02-08T23:19:42.2630097Z 
Docker Build Test	Build API image	2026-02-08T23:19:42.2630981Z #11 [production  3/11] RUN apt-get update && apt-get install -y --no-install-recommends     libpq5     curl     && rm -rf /var/lib/apt/lists/*     && apt-get clean
Docker Build Test	Build API image	2026-02-08T23:19:42.2633749Z #11 3.644 Selecting previously unselected package libbrotli1:amd64.
Docker Build Test	Build API image	2026-02-08T23:19:42.2635109Z #11 3.644 (Reading database ... 
Docker Build Test	Build API image	2026-02-08T23:19:42.2636218Z (Reading database ... 5%
Docker Build Test	Build API image	2026-02-08T23:19:42.2636785Z (Reading database ... 10%
Docker Build Test	Build API image	2026-02-08T23:19:42.2637140Z (Reading database ... 15%
Docker Build Test	Build API image	2026-02-08T23:19:42.2637499Z (Reading database ... 20%
Docker Build Test	Build API image	2026-02-08T23:19:42.2637861Z (Reading database ... 25%
Docker Build Test	Build API image	2026-02-08T23:19:42.2638202Z (Reading database ... 30%
Docker Build Test	Build API image	2026-02-08T23:19:42.2638560Z (Reading database ... 35%
Docker Build Test	Build API image	2026-02-08T23:19:42.2638916Z (Reading database ... 40%
Docker Build Test	Build API image	2026-02-08T23:19:42.2639254Z (Reading database ... 45%
Docker Build Test	Build API image	2026-02-08T23:19:42.2639602Z (Reading database ... 50%
Docker Build Test	Build API image	2026-02-08T23:19:42.2639942Z (Reading database ... 55%
Docker Build Test	Build API image	2026-02-08T23:19:42.2640302Z (Reading database ... 60%
Docker Build Test	Build API image	2026-02-08T23:19:42.2640652Z (Reading database ... 65%
Docker Build Test	Build API image	2026-02-08T23:19:42.2641017Z (Reading database ... 70%
Docker Build Test	Build API image	2026-02-08T23:19:42.2641840Z (Reading database ... 75%
Docker Build Test	Build API image	2026-02-08T23:19:42.2642218Z (Reading database ... 80%
Docker Build Test	Build API image	2026-02-08T23:19:42.2642564Z (Reading database ... 85%
Docker Build Test	Build API image	2026-02-08T23:19:42.2642926Z (Reading database ... 90%
Docker Build Test	Build API image	2026-02-08T23:19:42.2643267Z (Reading database ... 95%
Docker Build Test	Build API image	2026-02-08T23:19:42.2643638Z (Reading database ... 100%
Docker Build Test	Build API image	2026-02-08T23:19:42.2644175Z (Reading database ... 5645 files and directories currently installed.)
Docker Build Test	Build API image	2026-02-08T23:19:42.2645290Z #11 3.651 Preparing to unpack .../00-libbrotli1_1.1.0-2+b7_amd64.deb ...
Docker Build Test	Build API image	2026-02-08T23:19:42.2645967Z #11 3.654 Unpacking libbrotli1:amd64 (1.1.0-2+b7) ...
Docker Build Test	Build API image	2026-02-08T23:19:42.2646633Z #11 3.687 Selecting previously unselected package libkrb5support0:amd64.
Docker Build Test	Build API image	2026-02-08T23:19:42.3951763Z #11 3.690 Preparing to unpack .../01-libkrb5support0_1.21.3-5_amd64.deb ...
Docker Build Test	Build API image	2026-02-08T23:19:42.3952498Z #11 3.692 Unpacking libkrb5support0:amd64 (1.21.3-5) ...
Docker Build Test	Build API image	2026-02-08T23:19:42.3953111Z #11 3.712 Selecting previously unselected package libcom-err2:amd64.
Docker Build Test	Build API image	2026-02-08T23:19:42.3954331Z #11 3.713 Preparing to unpack .../02-libcom-err2_1.47.2-3+b7_amd64.deb ...
Docker Build Test	Build API image	2026-02-08T23:19:42.3954977Z #11 3.714 Unpacking libcom-err2:amd64 (1.47.2-3+b7) ...
Docker Build Test	Build API image	2026-02-08T23:19:42.3955615Z #11 3.734 Selecting previously unselected package libk5crypto3:amd64.
Docker Build Test	Build API image	2026-02-08T23:19:42.3956316Z #11 3.736 Preparing to unpack .../03-libk5crypto3_1.21.3-5_amd64.deb ...
Docker Build Test	Build API image	2026-02-08T23:19:42.3956925Z #11 3.737 Unpacking libk5crypto3:amd64 (1.21.3-5) ...
Docker Build Test	Build API image	2026-02-08T23:19:42.3957556Z #11 3.760 Selecting previously unselected package libkeyutils1:amd64.
Docker Build Test	Build API image	2026-02-08T23:19:42.3958242Z #11 3.761 Preparing to unpack .../04-libkeyutils1_1.6.3-6_amd64.deb ...
Docker Build Test	Build API image	2026-02-08T23:19:42.3959061Z #11 3.763 Unpacking libkeyutils1:amd64 (1.6.3-6) ...
Docker Build Test	Build API image	2026-02-08T23:19:42.3959944Z #11 3.781 Selecting previously unselected package libkrb5-3:amd64.
Docker Build Test	Build API image	2026-02-08T23:19:42.3960866Z #11 3.782 Preparing to unpack .../05-libkrb5-3_1.21.3-5_amd64.deb ...
Docker Build Test	Build API image	2026-02-08T23:19:42.3961658Z #11 3.784 Unpacking libkrb5-3:amd64 (1.21.3-5) ...
Docker Build Test	Build API image	2026-02-08T23:19:42.3962340Z #11 3.820 Selecting previously unselected package libgssapi-krb5-2:amd64.
Docker Build Test	Build API image	2026-02-08T23:19:42.5008781Z #11 3.822 Preparing to unpack .../06-libgssapi-krb5-2_1.21.3-5_amd64.deb ...
Docker Build Test	Build API image	2026-02-08T23:19:42.5011609Z #11 3.823 Unpacking libgssapi-krb5-2:amd64 (1.21.3-5) ...
Docker Build Test	Build API image	2026-02-08T23:19:42.5012868Z #11 3.850 Selecting previously unselected package libunistring5:amd64.
Docker Build Test	Build API image	2026-02-08T23:19:42.5013890Z #11 3.852 Preparing to unpack .../07-libunistring5_1.3-2_amd64.deb ...
Docker Build Test	Build API image	2026-02-08T23:19:42.5014730Z #11 3.853 Unpacking libunistring5:amd64 (1.3-2) ...
Docker Build Test	Build API image	2026-02-08T23:19:42.5015404Z #11 3.897 Selecting previously unselected package libidn2-0:amd64.
Docker Build Test	Build API image	2026-02-08T23:19:42.5016134Z #11 3.899 Preparing to unpack .../08-libidn2-0_2.3.8-2_amd64.deb ...
Docker Build Test	Build API image	2026-02-08T23:19:42.5016762Z #11 3.900 Unpacking libidn2-0:amd64 (2.3.8-2) ...
Docker Build Test	Build API image	2026-02-08T23:19:42.5017441Z #11 3.925 Selecting previously unselected package libsasl2-modules-db:amd64.
Docker Build Test	Build API image	2026-02-08T23:19:42.6011403Z #11 3.927 Preparing to unpack .../09-libsasl2-modules-db_2.1.28+dfsg1-9_amd64.deb ...
Docker Build Test	Build API image	2026-02-08T23:19:42.6012935Z #11 3.928 Unpacking libsasl2-modules-db:amd64 (2.1.28+dfsg1-9) ...
Docker Build Test	Build API image	2026-02-08T23:19:42.6013722Z #11 3.947 Selecting previously unselected package libsasl2-2:amd64.
Docker Build Test	Build API image	2026-02-08T23:19:42.6014483Z #11 3.948 Preparing to unpack .../10-libsasl2-2_2.1.28+dfsg1-9_amd64.deb ...
Docker Build Test	Build API image	2026-02-08T23:19:42.6015179Z #11 3.949 Unpacking libsasl2-2:amd64 (2.1.28+dfsg1-9) ...
Docker Build Test	Build API image	2026-02-08T23:19:42.6015819Z #11 3.969 Selecting previously unselected package libldap2:amd64.
Docker Build Test	Build API image	2026-02-08T23:19:42.6016548Z #11 3.971 Preparing to unpack .../11-libldap2_2.6.10+dfsg-1_amd64.deb ...
Docker Build Test	Build API image	2026-02-08T23:19:42.6017239Z #11 3.972 Unpacking libldap2:amd64 (2.6.10+dfsg-1) ...
Docker Build Test	Build API image	2026-02-08T23:19:42.6017914Z #11 3.998 Selecting previously unselected package libnghttp2-14:amd64.
Docker Build Test	Build API image	2026-02-08T23:19:42.6018690Z #11 4.000 Preparing to unpack .../12-libnghttp2-14_1.64.0-1.1_amd64.deb ...
Docker Build Test	Build API image	2026-02-08T23:19:42.6019373Z #11 4.001 Unpacking libnghttp2-14:amd64 (1.64.0-1.1) ...
Docker Build Test	Build API image	2026-02-08T23:19:42.6020069Z #11 4.024 Selecting previously unselected package libnghttp3-9:amd64.
Docker Build Test	Build API image	2026-02-08T23:19:42.6020842Z #11 4.026 Preparing to unpack .../13-libnghttp3-9_1.8.0-1_amd64.deb ...
Docker Build Test	Build API image	2026-02-08T23:19:42.7051264Z #11 4.029 Unpacking libnghttp3-9:amd64 (1.8.0-1) ...
Docker Build Test	Build API image	2026-02-08T23:19:42.7052487Z #11 4.050 Selecting previously unselected package libpsl5t64:amd64.
Docker Build Test	Build API image	2026-02-08T23:19:42.7053440Z #11 4.051 Preparing to unpack .../14-libpsl5t64_0.21.2-1.1+b1_amd64.deb ...
Docker Build Test	Build API image	2026-02-08T23:19:42.7054783Z #11 4.052 Unpacking libpsl5t64:amd64 (0.21.2-1.1+b1) ...
Docker Build Test	Build API image	2026-02-08T23:19:42.7055229Z #11 4.071 Selecting previously unselected package libp11-kit0:amd64.
Docker Build Test	Build API image	2026-02-08T23:19:42.7056579Z #11 4.073 Preparing to unpack .../15-libp11-kit0_0.25.5-3_amd64.deb ...
Docker Build Test	Build API image	2026-02-08T23:19:42.7057372Z #11 4.074 Unpacking libp11-kit0:amd64 (0.25.5-3) ...
Docker Build Test	Build API image	2026-02-08T23:19:42.7058031Z #11 4.110 Selecting previously unselected package libtasn1-6:amd64.
Docker Build Test	Build API image	2026-02-08T23:19:42.7058756Z #11 4.111 Preparing to unpack .../16-libtasn1-6_4.20.0-2_amd64.deb ...
Docker Build Test	Build API image	2026-02-08T23:19:42.7059734Z #11 4.112 Unpacking libtasn1-6:amd64 (4.20.0-2) ...
Docker Build Test	Build API image	2026-02-08T23:19:42.7060379Z #11 4.130 Selecting previously unselected package libgnutls30t64:amd64.
Docker Build Test	Build API image	2026-02-08T23:19:42.8078133Z #11 4.132 Preparing to unpack .../17-libgnutls30t64_3.8.9-3+deb13u1_amd64.deb ...
Docker Build Test	Build API image	2026-02-08T23:19:42.8081560Z #11 4.133 Unpacking libgnutls30t64:amd64 (3.8.9-3+deb13u1) ...
Docker Build Test	Build API image	2026-02-08T23:19:42.8082234Z #11 4.191 Selecting previously unselected package librtmp1:amd64.
Docker Build Test	Build API image	2026-02-08T23:19:42.8083056Z #11 4.193 Preparing to unpack .../18-librtmp1_2.4+20151223.gitfa8646d.1-2+b5_amd64.deb ...
Docker Build Test	Build API image	2026-02-08T23:19:42.8083842Z #11 4.194 Unpacking librtmp1:amd64 (2.4+20151223.gitfa8646d.1-2+b5) ...
Docker Build Test	Build API image	2026-02-08T23:19:42.8084549Z #11 4.212 Selecting previously unselected package libssh2-1t64:amd64.
Docker Build Test	Build API image	2026-02-08T23:19:42.8085249Z #11 4.213 Preparing to unpack .../19-libssh2-1t64_1.11.1-1_amd64.deb ...
Docker Build Test	Build API image	2026-02-08T23:19:42.8085852Z #11 4.215 Unpacking libssh2-1t64:amd64 (1.11.1-1) ...
Docker Build Test	Build API image	2026-02-08T23:19:42.9236664Z #11 4.240 Selecting previously unselected package libcurl4t64:amd64.
Docker Build Test	Build API image	2026-02-08T23:19:42.9237761Z #11 4.241 Preparing to unpack .../20-libcurl4t64_8.14.1-2+deb13u2_amd64.deb ...
Docker Build Test	Build API image	2026-02-08T23:19:42.9238537Z #11 4.242 Unpacking libcurl4t64:amd64 (8.14.1-2+deb13u2) ...
Docker Build Test	Build API image	2026-02-08T23:19:42.9239162Z #11 4.275 Selecting previously unselected package curl.
Docker Build Test	Build API image	2026-02-08T23:19:42.9239830Z #11 4.277 Preparing to unpack .../21-curl_8.14.1-2+deb13u2_amd64.deb ...
Docker Build Test	Build API image	2026-02-08T23:19:42.9240483Z #11 4.278 Unpacking curl (8.14.1-2+deb13u2) ...
Docker Build Test	Build API image	2026-02-08T23:19:42.9241664Z #11 4.309 Selecting previously unselected package libpq5:amd64.
Docker Build Test	Build API image	2026-02-08T23:19:42.9242418Z #11 4.310 Preparing to unpack .../22-libpq5_17.7-0+deb13u1_amd64.deb ...
Docker Build Test	Build API image	2026-02-08T23:19:42.9243051Z #11 4.311 Unpacking libpq5:amd64 (17.7-0+deb13u1) ...
Docker Build Test	Build API image	2026-02-08T23:19:42.9243600Z #11 4.348 Setting up libkeyutils1:amd64 (1.6.3-6) ...
Docker Build Test	Build API image	2026-02-08T23:19:43.0680692Z #11 4.352 Setting up libbrotli1:amd64 (1.1.0-2+b7) ...
Docker Build Test	Build API image	2026-02-08T23:19:43.0682345Z #11 4.355 Setting up libnghttp2-14:amd64 (1.64.0-1.1) ...
Docker Build Test	Build API image	2026-02-08T23:19:43.0683114Z #11 4.358 Setting up libcom-err2:amd64 (1.47.2-3+b7) ...
Docker Build Test	Build API image	2026-02-08T23:19:43.0683822Z #11 4.361 Setting up libkrb5support0:amd64 (1.21.3-5) ...
Docker Build Test	Build API image	2026-02-08T23:19:43.0684575Z #11 4.366 Setting up libsasl2-modules-db:amd64 (2.1.28+dfsg1-9) ...
Docker Build Test	Build API image	2026-02-08T23:19:43.0685305Z #11 4.369 Setting up libp11-kit0:amd64 (0.25.5-3) ...
Docker Build Test	Build API image	2026-02-08T23:19:43.0685963Z #11 4.372 Setting up libunistring5:amd64 (1.3-2) ...
Docker Build Test	Build API image	2026-02-08T23:19:43.0686491Z #11 4.375 Setting up libk5crypto3:amd64 (1.21.3-5) ...
Docker Build Test	Build API image	2026-02-08T23:19:43.0687180Z #11 4.378 Setting up libsasl2-2:amd64 (2.1.28+dfsg1-9) ...
Docker Build Test	Build API image	2026-02-08T23:19:43.0687791Z #11 4.382 Setting up libnghttp3-9:amd64 (1.8.0-1) ...
Docker Build Test	Build API image	2026-02-08T23:19:43.0688286Z #11 4.384 Setting up libtasn1-6:amd64 (4.20.0-2) ...
Docker Build Test	Build API image	2026-02-08T23:19:43.0688770Z #11 4.386 Setting up libkrb5-3:amd64 (1.21.3-5) ...
Docker Build Test	Build API image	2026-02-08T23:19:43.0689257Z #11 4.389 Setting up libssh2-1t64:amd64 (1.11.1-1) ...
Docker Build Test	Build API image	2026-02-08T23:19:43.0689771Z #11 4.392 Setting up libldap2:amd64 (2.6.10+dfsg-1) ...
Docker Build Test	Build API image	2026-02-08T23:19:43.0690570Z #11 4.395 Setting up libidn2-0:amd64 (2.3.8-2) ...
Docker Build Test	Build API image	2026-02-08T23:19:43.0691540Z #11 4.398 Setting up libgssapi-krb5-2:amd64 (1.21.3-5) ...
Docker Build Test	Build API image	2026-02-08T23:19:43.0692543Z #11 4.402 Setting up libgnutls30t64:amd64 (3.8.9-3+deb13u1) ...
Docker Build Test	Build API image	2026-02-08T23:19:43.0693736Z #11 4.405 Setting up libpsl5t64:amd64 (0.21.2-1.1+b1) ...
Docker Build Test	Build API image	2026-02-08T23:19:43.0694260Z #11 4.408 Setting up libpq5:amd64 (17.7-0+deb13u1) ...
Docker Build Test	Build API image	2026-02-08T23:19:43.0695938Z #11 4.411 Setting up librtmp1:amd64 (2.4+20151223.gitfa8646d.1-2+b5) ...
Docker Build Test	Build API image	2026-02-08T23:19:43.0696869Z #11 4.414 Setting up libcurl4t64:amd64 (8.14.1-2+deb13u2) ...
Docker Build Test	Build API image	2026-02-08T23:19:43.0697481Z #11 4.417 Setting up curl (8.14.1-2+deb13u2) ...
Docker Build Test	Build API image	2026-02-08T23:19:43.0698041Z #11 4.420 Processing triggers for libc-bin (2.41-12+deb13u1) ...
Docker Build Test	Build API image	2026-02-08T23:19:43.0698544Z #11 DONE 4.5s
Docker Build Test	Build API image	2026-02-08T23:19:43.0698706Z 
Docker Build Test	Build API image	2026-02-08T23:19:43.0699259Z #13 [builder 6/6] RUN pip install --no-cache-dir --upgrade pip &&     pip install --no-cache-dir -r requirements-api.txt
Docker Build Test	Build API image	2026-02-08T23:19:43.0700601Z #13 0.445 Requirement already satisfied: pip in /opt/venv/lib/python3.11/site-packages (24.0)
Docker Build Test	Build API image	2026-02-08T23:19:43.0701455Z #13 0.549 Collecting pip
Docker Build Test	Build API image	2026-02-08T23:19:43.0701986Z #13 0.578   Downloading pip-26.0.1-py3-none-any.whl.metadata (4.7 kB)
Docker Build Test	Build API image	2026-02-08T23:19:43.0702625Z #13 0.587 Downloading pip-26.0.1-py3-none-any.whl (1.8 MB)
Docker Build Test	Build API image	2026-02-08T23:19:43.0703881Z #13 0.639    ━━━━━━━━━━━━━━━━━━━━━━━━━━━━━━━━━━━━━━━━ 1.8/1.8 MB 35.6 MB/s eta 0:00:00
Docker Build Test	Build API image	2026-02-08T23:19:43.0704561Z #13 0.698 Installing collected packages: pip
Docker Build Test	Build API image	2026-02-08T23:19:43.0705005Z #13 0.698   Attempting uninstall: pip
Docker Build Test	Build API image	2026-02-08T23:19:43.0705451Z #13 0.702     Found existing installation: pip 24.0
Docker Build Test	Build API image	2026-02-08T23:19:43.0705911Z #13 0.762     Uninstalling pip-24.0:
Docker Build Test	Build API image	2026-02-08T23:19:43.2003750Z #13 ...
Docker Build Test	Build API image	2026-02-08T23:19:43.2004020Z 
Docker Build Test	Build API image	2026-02-08T23:19:43.2004706Z #14 [production  4/11] RUN groupadd --gid 1000 appgroup &&     useradd --uid 1000 --gid appgroup --shell /bin/bash --create-home appuser
Docker Build Test	Build API image	2026-02-08T23:19:43.2005655Z #14 DONE 0.1s
Docker Build Test	Build API image	2026-02-08T23:19:43.4436900Z 
Docker Build Test	Build API image	2026-02-08T23:19:43.4437915Z #13 [builder 6/6] RUN pip install --no-cache-dir --upgrade pip &&     pip install --no-cache-dir -r requirements-api.txt
Docker Build Test	Build API image	2026-02-08T23:19:43.4438730Z #13 1.064       Successfully uninstalled pip-24.0
Docker Build Test	Build API image	2026-02-08T23:19:44.0152227Z #13 1.786 Successfully installed pip-26.0.1
Docker Build Test	Build API image	2026-02-08T23:19:44.4852048Z #13 2.256 Collecting psycopg2-binary>=2.9.9 (from -r requirements-api.txt (line 5))
Docker Build Test	Build API image	2026-02-08T23:19:44.6671439Z #13 2.287   Downloading psycopg2_binary-2.9.11-cp311-cp311-manylinux2014_x86_64.manylinux_2_17_x86_64.whl.metadata (4.9 kB)
Docker Build Test	Build API image	2026-02-08T23:19:44.7277482Z #13 2.499 Collecting sqlalchemy>=2.0.0 (from -r requirements-api.txt (line 6))
Docker Build Test	Build API image	2026-02-08T23:19:44.8302577Z #13 2.503   Downloading sqlalchemy-2.0.46-cp311-cp311-manylinux2014_x86_64.manylinux_2_17_x86_64.manylinux_2_28_x86_64.whl.metadata (9.5 kB)
Docker Build Test	Build API image	2026-02-08T23:19:44.8304329Z #13 2.517 Collecting geoalchemy2>=0.14.0 (from -r requirements-api.txt (line 7))
Docker Build Test	Build API image	2026-02-08T23:19:44.8305688Z #13 2.522   Downloading geoalchemy2-0.18.1-py3-none-any.whl.metadata (2.3 kB)
Docker Build Test	Build API image	2026-02-08T23:19:44.8306744Z #13 2.542 Collecting alembic>=1.13.0 (from -r requirements-api.txt (line 8))
Docker Build Test	Build API image	2026-02-08T23:19:44.8307500Z #13 2.546   Downloading alembic-1.18.3-py3-none-any.whl.metadata (7.2 kB)
Docker Build Test	Build API image	2026-02-08T23:19:44.8308267Z #13 2.575 Collecting fastapi>=0.109.0 (from -r requirements-api.txt (line 11))
Docker Build Test	Build API image	2026-02-08T23:19:44.8308928Z #13 2.578   Downloading fastapi-0.128.5-py3-none-any.whl.metadata (30 kB)
Docker Build Test	Build API image	2026-02-08T23:19:44.8309817Z #13 2.598 Collecting uvicorn>=0.27.0 (from uvicorn[standard]>=0.27.0->-r requirements-api.txt (line 12))
Docker Build Test	Build API image	2026-02-08T23:19:44.8310580Z #13 2.601   Downloading uvicorn-0.40.0-py3-none-any.whl.metadata (6.7 kB)
Docker Build Test	Build API image	2026-02-08T23:19:44.9338878Z #13 2.705 Collecting pydantic>=2.5.0 (from -r requirements-api.txt (line 13))
Docker Build Test	Build API image	2026-02-08T23:19:45.1707482Z #13 2.709   Downloading pydantic-2.12.5-py3-none-any.whl.metadata (90 kB)
Docker Build Test	Build API image	2026-02-08T23:19:45.1708556Z #13 2.723 Collecting pydantic-settings>=2.1.0 (from -r requirements-api.txt (line 14))
Docker Build Test	Build API image	2026-02-08T23:19:45.1709371Z #13 2.726   Downloading pydantic_settings-2.12.0-py3-none-any.whl.metadata (3.4 kB)
Docker Build Test	Build API image	2026-02-08T23:19:45.1710262Z #13 2.734 Collecting python-jose>=3.3.0 (from python-jose[cryptography]>=3.3.0->-r requirements-api.txt (line 15))
Docker Build Test	Build API image	2026-02-08T23:19:45.1711403Z #13 2.738   Downloading python_jose-3.5.0-py2.py3-none-any.whl.metadata (5.5 kB)
Docker Build Test	Build API image	2026-02-08T23:19:45.1712575Z #13 2.745 Collecting passlib>=1.7.4 (from passlib[bcrypt]>=1.7.4->-r requirements-api.txt (line 16))
Docker Build Test	Build API image	2026-02-08T23:19:45.1713347Z #13 2.749   Downloading passlib-1.7.4-py2.py3-none-any.whl.metadata (1.7 kB)
Docker Build Test	Build API image	2026-02-08T23:19:45.1714008Z #13 2.760 Collecting slowapi>=0.1.9 (from -r requirements-api.txt (line 17))
Docker Build Test	Build API image	2026-02-08T23:19:45.1714665Z #13 2.765   Downloading slowapi-0.1.9-py3-none-any.whl.metadata (3.0 kB)
Docker Build Test	Build API image	2026-02-08T23:19:45.1715359Z #13 2.772 Collecting python-multipart>=0.0.6 (from -r requirements-api.txt (line 18))
Docker Build Test	Build API image	2026-02-08T23:19:45.1716261Z #13 2.777   Downloading python_multipart-0.0.22-py3-none-any.whl.metadata (1.8 kB)
Docker Build Test	Build API image	2026-02-08T23:19:45.1716940Z #13 2.788 Collecting httpx>=0.26.0 (from -r requirements-api.txt (line 21))
Docker Build Test	Build API image	2026-02-08T23:19:45.1717567Z #13 2.791   Downloading httpx-0.28.1-py3-none-any.whl.metadata (7.1 kB)
Docker Build Test	Build API image	2026-02-08T23:19:45.4249863Z #13 3.196 Collecting aiohttp>=3.9.0 (from -r requirements-api.txt (line 22))
Docker Build Test	Build API image	2026-02-08T23:19:45.5445678Z #13 3.200   Downloading aiohttp-3.13.3-cp311-cp311-manylinux2014_x86_64.manylinux_2_17_x86_64.manylinux_2_28_x86_64.whl.metadata (8.1 kB)
Docker Build Test	Build API image	2026-02-08T23:19:45.5447400Z #13 3.210 Collecting tenacity>=8.2.0 (from -r requirements-api.txt (line 23))
Docker Build Test	Build API image	2026-02-08T23:19:45.5448289Z #13 3.213   Downloading tenacity-9.1.4-py3-none-any.whl.metadata (1.2 kB)
Docker Build Test	Build API image	2026-02-08T23:19:45.5448957Z #13 3.220 Collecting aiofiles>=23.2.0 (from -r requirements-api.txt (line 24))
Docker Build Test	Build API image	2026-02-08T23:19:45.5449614Z #13 3.223   Downloading aiofiles-25.1.0-py3-none-any.whl.metadata (6.3 kB)
Docker Build Test	Build API image	2026-02-08T23:19:45.5450254Z #13 3.266 Collecting langchain>=0.3 (from -r requirements-api.txt (line 27))
Docker Build Test	Build API image	2026-02-08T23:19:45.5450906Z #13 3.270   Downloading langchain-1.2.9-py3-none-any.whl.metadata (5.7 kB)
Docker Build Test	Build API image	2026-02-08T23:19:45.5451859Z #13 3.283 Collecting langchain-anthropic>=0.3 (from -r requirements-api.txt (line 28))
Docker Build Test	Build API image	2026-02-08T23:19:45.5452608Z #13 3.288   Downloading langchain_anthropic-1.3.2-py3-none-any.whl.metadata (3.2 kB)
Docker Build Test	Build API image	2026-02-08T23:19:45.5453324Z #13 3.316 Collecting langchain-core>=0.3 (from -r requirements-api.txt (line 29))
Docker Build Test	Build API image	2026-02-08T23:19:45.7573811Z #13 3.319   Downloading langchain_core-1.2.9-py3-none-any.whl.metadata (4.4 kB)
Docker Build Test	Build API image	2026-02-08T23:19:45.7575109Z #13 3.337 Collecting qdrant-client>=1.7.0 (from -r requirements-api.txt (line 30))
Docker Build Test	Build API image	2026-02-08T23:19:45.7576265Z #13 3.343   Downloading qdrant_client-1.16.2-py3-none-any.whl.metadata (11 kB)
Docker Build Test	Build API image	2026-02-08T23:19:45.7577237Z #13 3.354 Collecting fastembed>=0.4.0 (from -r requirements-api.txt (line 31))
Docker Build Test	Build API image	2026-02-08T23:19:45.7578029Z #13 3.358   Downloading fastembed-0.7.4-py3-none-any.whl.metadata (10 kB)
Docker Build Test	Build API image	2026-02-08T23:19:45.7578820Z #13 3.370 Collecting voyageai>=0.3 (from -r requirements-api.txt (line 32))
Docker Build Test	Build API image	2026-02-08T23:19:45.7579577Z #13 3.374   Downloading voyageai-0.3.7-py3-none-any.whl.metadata (2.9 kB)
Docker Build Test	Build API image	2026-02-08T23:19:45.7580276Z #13 3.393 Collecting anthropic>=0.40 (from -r requirements-api.txt (line 33))
Docker Build Test	Build API image	2026-02-08T23:19:45.7580995Z #13 3.397   Downloading anthropic-0.79.0-py3-none-any.whl.metadata (28 kB)
Docker Build Test	Build API image	2026-02-08T23:19:45.7581852Z #13 3.528 Collecting Pillow>=10.0.0 (from -r requirements-api.txt (line 36))
Docker Build Test	Build API image	2026-02-08T23:19:45.8593273Z #13 3.575   Downloading pillow-12.1.0-cp311-cp311-manylinux_2_27_x86_64.manylinux_2_28_x86_64.whl.metadata (8.8 kB)
Docker Build Test	Build API image	2026-02-08T23:19:45.8594175Z #13 3.586 Collecting python-dotenv>=1.0.0 (from -r requirements-api.txt (line 39))
Docker Build Test	Build API image	2026-02-08T23:19:45.8594876Z #13 3.591   Downloading python_dotenv-1.2.1-py3-none-any.whl.metadata (25 kB)
Docker Build Test	Build API image	2026-02-08T23:19:45.8595513Z #13 3.619 Collecting pyyaml>=6.0.0 (from -r requirements-api.txt (line 40))
Docker Build Test	Build API image	2026-02-08T23:19:45.8596474Z #13 3.624   Downloading pyyaml-6.0.3-cp311-cp311-manylinux2014_x86_64.manylinux_2_17_x86_64.manylinux_2_28_x86_64.whl.metadata (2.4 kB)
Docker Build Test	Build API image	2026-02-08T23:19:45.8597345Z #13 3.631 Collecting loguru>=0.7.0 (from -r requirements-api.txt (line 41))
Docker Build Test	Build API image	2026-02-08T23:19:45.9651475Z #13 3.634   Downloading loguru-0.7.3-py3-none-any.whl.metadata (22 kB)
Docker Build Test	Build API image	2026-02-08T23:19:45.9652821Z #13 3.736 Collecting greenlet>=1 (from sqlalchemy>=2.0.0->-r requirements-api.txt (line 6))
Docker Build Test	Build API image	2026-02-08T23:19:46.0678624Z #13 3.740   Downloading greenlet-3.3.1-cp311-cp311-manylinux_2_24_x86_64.manylinux_2_28_x86_64.whl.metadata (3.7 kB)
Docker Build Test	Build API image	2026-02-08T23:19:46.0680318Z #13 3.751 Collecting typing-extensions>=4.6.0 (from sqlalchemy>=2.0.0->-r requirements-api.txt (line 6))
Docker Build Test	Build API image	2026-02-08T23:19:46.0681860Z #13 3.754   Downloading typing_extensions-4.15.0-py3-none-any.whl.metadata (3.3 kB)
Docker Build Test	Build API image	2026-02-08T23:19:46.0683176Z #13 3.771 Collecting packaging (from geoalchemy2>=0.14.0->-r requirements-api.txt (line 7))
Docker Build Test	Build API image	2026-02-08T23:19:46.0684829Z #13 3.774   Downloading packaging-26.0-py3-none-any.whl.metadata (3.3 kB)
Docker Build Test	Build API image	2026-02-08T23:19:46.0686011Z #13 3.791 Collecting Mako (from alembic>=1.13.0->-r requirements-api.txt (line 8))
Docker Build Test	Build API image	2026-02-08T23:19:46.0686737Z #13 3.795   Downloading mako-1.3.10-py3-none-any.whl.metadata (2.9 kB)
Docker Build Test	Build API image	2026-02-08T23:19:46.0687529Z #13 3.813 Collecting starlette<1.0.0,>=0.40.0 (from fastapi>=0.109.0->-r requirements-api.txt (line 11))
Docker Build Test	Build API image	2026-02-08T23:19:46.0688132Z #13 3.816   Downloading starlette-0.52.1-py3-none-any.whl.metadata (6.3 kB)
Docker Build Test	Build API image	2026-02-08T23:19:46.0688688Z #13 3.827 Collecting typing-inspection>=0.4.2 (from fastapi>=0.109.0->-r requirements-api.txt (line 11))
Docker Build Test	Build API image	2026-02-08T23:19:46.0689247Z #13 3.831   Downloading typing_inspection-0.4.2-py3-none-any.whl.metadata (2.6 kB)
Docker Build Test	Build API image	2026-02-08T23:19:46.0689823Z #13 3.836 Collecting annotated-doc>=0.0.2 (from fastapi>=0.109.0->-r requirements-api.txt (line 11))
Docker Build Test	Build API image	2026-02-08T23:19:46.0690355Z #13 3.839   Downloading annotated_doc-0.0.4-py3-none-any.whl.metadata (6.6 kB)
Docker Build Test	Build API image	2026-02-08T23:19:46.2848444Z #13 3.852 Collecting anyio<5,>=3.6.2 (from starlette<1.0.0,>=0.40.0->fastapi>=0.109.0->-r requirements-api.txt (line 11))
Docker Build Test	Build API image	2026-02-08T23:19:46.2849872Z #13 3.855   Downloading anyio-4.12.1-py3-none-any.whl.metadata (4.3 kB)
Docker Build Test	Build API image	2026-02-08T23:19:46.2851451Z #13 3.865 Collecting idna>=2.8 (from anyio<5,>=3.6.2->starlette<1.0.0,>=0.40.0->fastapi>=0.109.0->-r requirements-api.txt (line 11))
Docker Build Test	Build API image	2026-02-08T23:19:46.2852378Z #13 3.869   Downloading idna-3.11-py3-none-any.whl.metadata (8.4 kB)
Docker Build Test	Build API image	2026-02-08T23:19:46.2853169Z #13 3.882 Collecting click>=7.0 (from uvicorn>=0.27.0->uvicorn[standard]>=0.27.0->-r requirements-api.txt (line 12))
Docker Build Test	Build API image	2026-02-08T23:19:46.2854002Z #13 3.885   Downloading click-8.3.1-py3-none-any.whl.metadata (2.6 kB)
Docker Build Test	Build API image	2026-02-08T23:19:46.2854776Z #13 3.892 Collecting h11>=0.8 (from uvicorn>=0.27.0->uvicorn[standard]>=0.27.0->-r requirements-api.txt (line 12))
Docker Build Test	Build API image	2026-02-08T23:19:46.2855554Z #13 3.895   Downloading h11-0.16.0-py3-none-any.whl.metadata (8.3 kB)
Docker Build Test	Build API image	2026-02-08T23:19:46.2856286Z #13 3.902 Collecting annotated-types>=0.6.0 (from pydantic>=2.5.0->-r requirements-api.txt (line 13))
Docker Build Test	Build API image	2026-02-08T23:19:46.2857067Z #13 3.905   Downloading annotated_types-0.7.0-py3-none-any.whl.metadata (15 kB)
Docker Build Test	Build API image	2026-02-08T23:19:46.6953825Z #13 4.466 Collecting pydantic-core==2.41.5 (from pydantic>=2.5.0->-r requirements-api.txt (line 13))
Docker Build Test	Build API image	2026-02-08T23:19:46.8643326Z #13 4.470   Downloading pydantic_core-2.41.5-cp311-cp311-manylinux_2_17_x86_64.manylinux2014_x86_64.whl.metadata (7.3 kB)
Docker Build Test	Build API image	2026-02-08T23:19:46.8644743Z #13 4.481 Collecting ecdsa!=0.15 (from python-jose>=3.3.0->python-jose[cryptography]>=3.3.0->-r requirements-api.txt (line 15))
Docker Build Test	Build API image	2026-02-08T23:19:46.8645843Z #13 4.485   Downloading ecdsa-0.19.1-py2.py3-none-any.whl.metadata (29 kB)
Docker Build Test	Build API image	2026-02-08T23:19:46.8646951Z #13 4.495 Collecting rsa!=4.1.1,!=4.4,<5.0,>=4.0 (from python-jose>=3.3.0->python-jose[cryptography]>=3.3.0->-r requirements-api.txt (line 15))
Docker Build Test	Build API image	2026-02-08T23:19:46.8647947Z #13 4.498   Downloading rsa-4.9.1-py3-none-any.whl.metadata (5.6 kB)
Docker Build Test	Build API image	2026-02-08T23:19:46.8648911Z #13 4.511 Collecting pyasn1>=0.5.0 (from python-jose>=3.3.0->python-jose[cryptography]>=3.3.0->-r requirements-api.txt (line 15))
Docker Build Test	Build API image	2026-02-08T23:19:46.8649884Z #13 4.515   Downloading pyasn1-0.6.2-py3-none-any.whl.metadata (8.4 kB)
Docker Build Test	Build API image	2026-02-08T23:19:46.8650656Z #13 4.533 Collecting limits>=2.3 (from slowapi>=0.1.9->-r requirements-api.txt (line 17))
Docker Build Test	Build API image	2026-02-08T23:19:46.8651576Z #13 4.536   Downloading limits-5.8.0-py3-none-any.whl.metadata (10 kB)
Docker Build Test	Build API image	2026-02-08T23:19:46.8652582Z #13 4.551 Collecting certifi (from httpx>=0.26.0->-r requirements-api.txt (line 21))
Docker Build Test	Build API image	2026-02-08T23:19:46.8653174Z #13 4.556   Downloading certifi-2026.1.4-py3-none-any.whl.metadata (2.5 kB)
Docker Build Test	Build API image	2026-02-08T23:19:46.8653771Z #13 4.635 Collecting httpcore==1.* (from httpx>=0.26.0->-r requirements-api.txt (line 21))
Docker Build Test	Build API image	2026-02-08T23:19:46.9655144Z #13 4.639   Downloading httpcore-1.0.9-py3-none-any.whl.metadata (21 kB)
Docker Build Test	Build API image	2026-02-08T23:19:46.9656487Z #13 4.651 Collecting aiohappyeyeballs>=2.5.0 (from aiohttp>=3.9.0->-r requirements-api.txt (line 22))
Docker Build Test	Build API image	2026-02-08T23:19:46.9657655Z #13 4.655   Downloading aiohappyeyeballs-2.6.1-py3-none-any.whl.metadata (5.9 kB)
Docker Build Test	Build API image	2026-02-08T23:19:46.9658569Z #13 4.661 Collecting aiosignal>=1.4.0 (from aiohttp>=3.9.0->-r requirements-api.txt (line 22))
Docker Build Test	Build API image	2026-02-08T23:19:46.9659285Z #13 4.665   Downloading aiosignal-1.4.0-py3-none-any.whl.metadata (3.7 kB)
Docker Build Test	Build API image	2026-02-08T23:19:46.9659985Z #13 4.675 Collecting attrs>=17.3.0 (from aiohttp>=3.9.0->-r requirements-api.txt (line 22))
Docker Build Test	Build API image	2026-02-08T23:19:46.9660697Z #13 4.678   Downloading attrs-25.4.0-py3-none-any.whl.metadata (10 kB)
Docker Build Test	Build API image	2026-02-08T23:19:46.9661570Z #13 4.732 Collecting frozenlist>=1.1.1 (from aiohttp>=3.9.0->-r requirements-api.txt (line 22))
Docker Build Test	Build API image	2026-02-08T23:19:46.9662603Z #13 4.737   Downloading frozenlist-1.8.0-cp311-cp311-manylinux1_x86_64.manylinux_2_28_x86_64.manylinux_2_5_x86_64.whl.metadata (20 kB)
Docker Build Test	Build API image	2026-02-08T23:19:47.1498982Z #13 4.921 Collecting multidict<7.0,>=4.5 (from aiohttp>=3.9.0->-r requirements-api.txt (line 22))
Docker Build Test	Build API image	2026-02-08T23:19:47.3491059Z #13 4.925   Downloading multidict-6.7.1-cp311-cp311-manylinux2014_x86_64.manylinux_2_17_x86_64.manylinux_2_28_x86_64.whl.metadata (5.3 kB)
Docker Build Test	Build API image	2026-02-08T23:19:47.3492672Z #13 4.966 Collecting propcache>=0.2.0 (from aiohttp>=3.9.0->-r requirements-api.txt (line 22))
Docker Build Test	Build API image	2026-02-08T23:19:47.3494003Z #13 4.970   Downloading propcache-0.4.1-cp311-cp311-manylinux2014_x86_64.manylinux_2_17_x86_64.manylinux_2_28_x86_64.whl.metadata (13 kB)
Docker Build Test	Build API image	2026-02-08T23:19:47.3913615Z #13 5.163 Collecting yarl<2.0,>=1.17.0 (from aiohttp>=3.9.0->-r requirements-api.txt (line 22))
Docker Build Test	Build API image	2026-02-08T23:19:47.5223310Z #13 5.166   Downloading yarl-1.22.0-cp311-cp311-manylinux2014_x86_64.manylinux_2_17_x86_64.manylinux_2_28_x86_64.whl.metadata (75 kB)
Docker Build Test	Build API image	2026-02-08T23:19:47.5225329Z #13 5.293 Collecting langgraph<1.1.0,>=1.0.7 (from langchain>=0.3->-r requirements-api.txt (line 27))
Docker Build Test	Build API image	2026-02-08T23:19:47.6311720Z #13 5.297   Downloading langgraph-1.0.8-py3-none-any.whl.metadata (7.4 kB)
Docker Build Test	Build API image	2026-02-08T23:19:47.6313068Z #13 5.310 Collecting jsonpatch<2.0.0,>=1.33.0 (from langchain-core>=0.3->-r requirements-api.txt (line 29))
Docker Build Test	Build API image	2026-02-08T23:19:47.6314425Z #13 5.314   Downloading jsonpatch-1.33-py2.py3-none-any.whl.metadata (3.0 kB)
Docker Build Test	Build API image	2026-02-08T23:19:47.6315567Z #13 5.355 Collecting langsmith<1.0.0,>=0.3.45 (from langchain-core>=0.3->-r requirements-api.txt (line 29))
Docker Build Test	Build API image	2026-02-08T23:19:47.6316517Z #13 5.359   Downloading langsmith-0.6.9-py3-none-any.whl.metadata (15 kB)
Docker Build Test	Build API image	2026-02-08T23:19:47.6317415Z #13 5.402 Collecting uuid-utils<1.0,>=0.12.0 (from langchain-core>=0.3->-r requirements-api.txt (line 29))
Docker Build Test	Build API image	2026-02-08T23:19:47.7524543Z #13 5.406   Downloading uuid_utils-0.14.0-cp39-abi3-manylinux_2_17_x86_64.manylinux2014_x86_64.whl.metadata (4.9 kB)
Docker Build Test	Build API image	2026-02-08T23:19:47.7526373Z #13 5.416 Collecting jsonpointer>=1.9 (from jsonpatch<2.0.0,>=1.33.0->langchain-core>=0.3->-r requirements-api.txt (line 29))
Docker Build Test	Build API image	2026-02-08T23:19:47.7527278Z #13 5.420   Downloading jsonpointer-3.0.0-py2.py3-none-any.whl.metadata (2.3 kB)
Docker Build Test	Build API image	2026-02-08T23:19:47.7528315Z #13 5.434 Collecting langgraph-checkpoint<5.0.0,>=2.1.0 (from langgraph<1.1.0,>=1.0.7->langchain>=0.3->-r requirements-api.txt (line 27))
Docker Build Test	Build API image	2026-02-08T23:19:47.7529254Z #13 5.437   Downloading langgraph_checkpoint-4.0.0-py3-none-any.whl.metadata (4.9 kB)
Docker Build Test	Build API image	2026-02-08T23:19:47.7529940Z #13 5.445 Collecting langgraph-prebuilt<1.1.0,>=1.0.7 (from langgraph<1.1.0,>=1.0.7->langchain>=0.3->-r requirements-api.txt (line 27))
Docker Build Test	Build API image	2026-02-08T23:19:47.7530615Z #13 5.450   Downloading langgraph_prebuilt-1.0.7-py3-none-any.whl.metadata (5.2 kB)
Docker Build Test	Build API image	2026-02-08T23:19:47.7531700Z #13 5.462 Collecting langgraph-sdk<0.4.0,>=0.3.0 (from langgraph<1.1.0,>=1.0.7->langchain>=0.3->-r requirements-api.txt (line 27))
Docker Build Test	Build API image	2026-02-08T23:19:47.7532355Z #13 5.465   Downloading langgraph_sdk-0.3.4-py3-none-any.whl.metadata (1.6 kB)
Docker Build Test	Build API image	2026-02-08T23:19:47.7532950Z #13 5.523 Collecting xxhash>=3.5.0 (from langgraph<1.1.0,>=1.0.7->langchain>=0.3->-r requirements-api.txt (line 27))
Docker Build Test	Build API image	2026-02-08T23:19:47.9565004Z #13 5.532   Downloading xxhash-3.6.0-cp311-cp311-manylinux2014_x86_64.manylinux_2_17_x86_64.manylinux_2_28_x86_64.whl.metadata (13 kB)
Docker Build Test	Build API image	2026-02-08T23:19:47.9567167Z #13 5.573 Collecting ormsgpack>=1.12.0 (from langgraph-checkpoint<5.0.0,>=2.1.0->langgraph<1.1.0,>=1.0.7->langchain>=0.3->-r requirements-api.txt (line 27))
Docker Build Test	Build API image	2026-02-08T23:19:47.9568699Z #13 5.577   Downloading ormsgpack-1.12.2-cp311-cp311-manylinux_2_17_x86_64.manylinux2014_x86_64.whl.metadata (3.2 kB)
Docker Build Test	Build API image	2026-02-08T23:19:48.0011761Z #13 5.772 Collecting orjson>=3.10.1 (from langgraph-sdk<0.4.0,>=0.3.0->langgraph<1.1.0,>=1.0.7->langchain>=0.3->-r requirements-api.txt (line 27))
Docker Build Test	Build API image	2026-02-08T23:19:48.1064577Z #13 5.776   Downloading orjson-3.11.7-cp311-cp311-manylinux_2_17_x86_64.manylinux2014_x86_64.whl.metadata (41 kB)
Docker Build Test	Build API image	2026-02-08T23:19:48.1066463Z #13 5.799 Collecting requests-toolbelt>=1.0.0 (from langsmith<1.0.0,>=0.3.45->langchain-core>=0.3->-r requirements-api.txt (line 29))
Docker Build Test	Build API image	2026-02-08T23:19:48.1068040Z #13 5.803   Downloading requests_toolbelt-1.0.0-py2.py3-none-any.whl.metadata (14 kB)
Docker Build Test	Build API image	2026-02-08T23:19:48.1069352Z #13 5.821 Collecting requests>=2.0.0 (from langsmith<1.0.0,>=0.3.45->langchain-core>=0.3->-r requirements-api.txt (line 29))
Docker Build Test	Build API image	2026-02-08T23:19:48.1070266Z #13 5.824   Downloading requests-2.32.5-py3-none-any.whl.metadata (4.9 kB)
Docker Build Test	Build API image	2026-02-08T23:19:48.1071317Z #13 5.877 Collecting zstandard>=0.23.0 (from langsmith<1.0.0,>=0.3.45->langchain-core>=0.3->-r requirements-api.txt (line 29))
Docker Build Test	Build API image	2026-02-08T23:19:48.2110597Z #13 5.881   Downloading zstandard-0.25.0-cp311-cp311-manylinux2014_x86_64.manylinux_2_17_x86_64.whl.metadata (3.3 kB)
Docker Build Test	Build API image	2026-02-08T23:19:48.2111975Z #13 5.894 Collecting distro<2,>=1.7.0 (from anthropic>=0.40->-r requirements-api.txt (line 33))
Docker Build Test	Build API image	2026-02-08T23:19:48.2112677Z #13 5.901   Downloading distro-1.9.0-py3-none-any.whl.metadata (6.8 kB)
Docker Build Test	Build API image	2026-02-08T23:19:48.2113415Z #13 5.907 Collecting docstring-parser<1,>=0.15 (from anthropic>=0.40->-r requirements-api.txt (line 33))
Docker Build Test	Build API image	2026-02-08T23:19:48.2114196Z #13 5.911   Downloading docstring_parser-0.17.0-py3-none-any.whl.metadata (3.5 kB)
Docker Build Test	Build API image	2026-02-08T23:19:48.2114896Z #13 5.969 Collecting jiter<1,>=0.4.0 (from anthropic>=0.40->-r requirements-api.txt (line 33))
Docker Build Test	Build API image	2026-02-08T23:19:48.2115680Z #13 5.973   Downloading jiter-0.13.0-cp311-cp311-manylinux_2_17_x86_64.manylinux2014_x86_64.whl.metadata (5.2 kB)
Docker Build Test	Build API image	2026-02-08T23:19:48.2116457Z #13 5.982 Collecting sniffio (from anthropic>=0.40->-r requirements-api.txt (line 33))
Docker Build Test	Build API image	2026-02-08T23:19:48.3652827Z #13 5.986   Downloading sniffio-1.3.1-py3-none-any.whl.metadata (3.9 kB)
Docker Build Test	Build API image	2026-02-08T23:19:48.7009271Z #13 6.472 Collecting grpcio>=1.41.0 (from qdrant-client>=1.7.0->-r requirements-api.txt (line 30))
Docker Build Test	Build API image	2026-02-08T23:19:48.8467574Z #13 6.476   Downloading grpcio-1.78.0-cp311-cp311-manylinux2014_x86_64.manylinux_2_17_x86_64.whl.metadata (3.8 kB)
Docker Build Test	Build API image	2026-02-08T23:19:48.8468756Z #13 6.618 Collecting numpy>=1.21 (from qdrant-client>=1.7.0->-r requirements-api.txt (line 30))
Docker Build Test	Build API image	2026-02-08T23:19:48.9830284Z #13 6.622   Downloading numpy-2.4.2-cp311-cp311-manylinux_2_27_x86_64.manylinux_2_28_x86_64.whl.metadata (6.6 kB)
Docker Build Test	Build API image	2026-02-08T23:19:48.9832471Z #13 6.631 Collecting portalocker<4.0,>=2.7.0 (from qdrant-client>=1.7.0->-r requirements-api.txt (line 30))
Docker Build Test	Build API image	2026-02-08T23:19:48.9833338Z #13 6.635   Downloading portalocker-3.2.0-py3-none-any.whl.metadata (8.7 kB)
Docker Build Test	Build API image	2026-02-08T23:19:48.9833914Z #13 6.754 Collecting protobuf>=3.20.0 (from qdrant-client>=1.7.0->-r requirements-api.txt (line 30))
Docker Build Test	Build API image	2026-02-08T23:19:49.1647033Z #13 6.758   Downloading protobuf-6.33.5-cp39-abi3-manylinux2014_x86_64.whl.metadata (593 bytes)
Docker Build Test	Build API image	2026-02-08T23:19:49.1648961Z #13 6.781 Collecting urllib3<3,>=1.26.14 (from qdrant-client>=1.7.0->-r requirements-api.txt (line 30))
Docker Build Test	Build API image	2026-02-08T23:19:49.1650099Z #13 6.785   Downloading urllib3-2.6.3-py3-none-any.whl.metadata (6.9 kB)
Docker Build Test	Build API image	2026-02-08T23:19:49.1769072Z #13 6.948 Collecting huggingface-hub<2.0,>=0.20 (from fastembed>=0.4.0->-r requirements-api.txt (line 31))
Docker Build Test	Build API image	2026-02-08T23:19:49.2797004Z #13 6.952   Downloading huggingface_hub-1.4.1-py3-none-any.whl.metadata (13 kB)
Docker Build Test	Build API image	2026-02-08T23:19:49.2798075Z #13 6.994 Collecting mmh3<6.0.0,>=4.1.0 (from fastembed>=0.4.0->-r requirements-api.txt (line 31))
Docker Build Test	Build API image	2026-02-08T23:19:49.2799731Z #13 6.999   Downloading mmh3-5.2.0-cp311-cp311-manylinux1_x86_64.manylinux_2_28_x86_64.manylinux_2_5_x86_64.whl.metadata (14 kB)
Docker Build Test	Build API image	2026-02-08T23:19:49.2800997Z #13 7.051 Collecting onnxruntime!=1.20.0,>=1.17.0 (from fastembed>=0.4.0->-r requirements-api.txt (line 31))
Docker Build Test	Build API image	2026-02-08T23:19:49.4257283Z #13 7.056   Downloading onnxruntime-1.24.1-cp311-cp311-manylinux_2_27_x86_64.manylinux_2_28_x86_64.whl.metadata (4.9 kB)
Docker Build Test	Build API image	2026-02-08T23:19:49.4259407Z #13 7.059 Collecting Pillow>=10.0.0 (from -r requirements-api.txt (line 36))
Docker Build Test	Build API image	2026-02-08T23:19:49.4260662Z #13 7.063   Downloading pillow-11.3.0-cp311-cp311-manylinux_2_27_x86_64.manylinux_2_28_x86_64.whl.metadata (9.0 kB)
Docker Build Test	Build API image	2026-02-08T23:19:49.4261910Z #13 7.078 Collecting py-rust-stemmers<0.2.0,>=0.1.0 (from fastembed>=0.4.0->-r requirements-api.txt (line 31))
Docker Build Test	Build API image	2026-02-08T23:19:49.4262850Z #13 7.082   Downloading py_rust_stemmers-0.1.5-cp311-cp311-manylinux_2_28_x86_64.whl.metadata (3.4 kB)
Docker Build Test	Build API image	2026-02-08T23:19:49.4263803Z #13 7.197 Collecting tokenizers<1.0,>=0.15 (from fastembed>=0.4.0->-r requirements-api.txt (line 31))
Docker Build Test	Build API image	2026-02-08T23:19:49.5463518Z #13 7.201   Downloading tokenizers-0.22.2-cp39-abi3-manylinux_2_17_x86_64.manylinux2014_x86_64.whl.metadata (7.3 kB)
Docker Build Test	Build API image	2026-02-08T23:19:49.5465141Z #13 7.221 Collecting tqdm<5.0,>=4.66 (from fastembed>=0.4.0->-r requirements-api.txt (line 31))
Docker Build Test	Build API image	2026-02-08T23:19:49.5466284Z #13 7.225   Downloading tqdm-4.67.3-py3-none-any.whl.metadata (57 kB)
Docker Build Test	Build API image	2026-02-08T23:19:49.5467098Z #13 7.257 Collecting filelock (from huggingface-hub<2.0,>=0.20->fastembed>=0.4.0->-r requirements-api.txt (line 31))
Docker Build Test	Build API image	2026-02-08T23:19:49.5467924Z #13 7.261   Downloading filelock-3.20.3-py3-none-any.whl.metadata (2.1 kB)
Docker Build Test	Build API image	2026-02-08T23:19:49.5468769Z #13 7.273 Collecting fsspec>=2023.5.0 (from huggingface-hub<2.0,>=0.20->fastembed>=0.4.0->-r requirements-api.txt (line 31))
Docker Build Test	Build API image	2026-02-08T23:19:49.5469619Z #13 7.277   Downloading fsspec-2026.2.0-py3-none-any.whl.metadata (10 kB)
Docker Build Test	Build API image	2026-02-08T23:19:49.5470469Z #13 7.317 Collecting hf-xet<2.0.0,>=1.2.0 (from huggingface-hub<2.0,>=0.20->fastembed>=0.4.0->-r requirements-api.txt (line 31))
Docker Build Test	Build API image	2026-02-08T23:19:49.6480268Z #13 7.321   Downloading hf_xet-1.2.0-cp37-abi3-manylinux_2_17_x86_64.manylinux2014_x86_64.whl.metadata (4.9 kB)
Docker Build Test	Build API image	2026-02-08T23:19:49.6482028Z #13 7.331 Collecting shellingham (from huggingface-hub<2.0,>=0.20->fastembed>=0.4.0->-r requirements-api.txt (line 31))
Docker Build Test	Build API image	2026-02-08T23:19:49.6483157Z #13 7.334   Downloading shellingham-1.5.4-py2.py3-none-any.whl.metadata (3.5 kB)
Docker Build Test	Build API image	2026-02-08T23:19:49.6483976Z #13 7.345 Collecting typer-slim (from huggingface-hub<2.0,>=0.20->fastembed>=0.4.0->-r requirements-api.txt (line 31))
Docker Build Test	Build API image	2026-02-08T23:19:49.6484748Z #13 7.349   Downloading typer_slim-0.21.1-py3-none-any.whl.metadata (16 kB)
Docker Build Test	Build API image	2026-02-08T23:19:49.6485613Z #13 7.415 Collecting charset_normalizer<4,>=2 (from requests>=2.0.0->langsmith<1.0.0,>=0.3.45->langchain-core>=0.3->-r requirements-api.txt (line 29))
Docker Build Test	Build API image	2026-02-08T23:19:49.6486567Z #13 7.419   Downloading charset_normalizer-3.4.4-cp311-cp311-manylinux2014_x86_64.manylinux_2_17_x86_64.manylinux_2_28_x86_64.whl.metadata (37 kB)
Docker Build Test	Build API image	2026-02-08T23:19:49.7514025Z #13 7.445 Collecting aiolimiter (from voyageai>=0.3->-r requirements-api.txt (line 32))
Docker Build Test	Build API image	2026-02-08T23:19:49.7515204Z #13 7.450   Downloading aiolimiter-1.2.1-py3-none-any.whl.metadata (4.5 kB)
Docker Build Test	Build API image	2026-02-08T23:19:49.7516078Z #13 7.456 Collecting ffmpeg-python (from voyageai>=0.3->-r requirements-api.txt (line 32))
Docker Build Test	Build API image	2026-02-08T23:19:49.7517134Z #13 7.460   Downloading ffmpeg_python-0.2.0-py3-none-any.whl.metadata (1.7 kB)
Docker Build Test	Build API image	2026-02-08T23:19:49.7517890Z #13 7.468 Collecting langchain-text-splitters>=0.3.8 (from voyageai>=0.3->-r requirements-api.txt (line 32))
Docker Build Test	Build API image	2026-02-08T23:19:49.7518704Z #13 7.471   Downloading langchain_text_splitters-1.1.0-py3-none-any.whl.metadata (2.7 kB)
Docker Build Test	Build API image	2026-02-08T23:19:49.7519614Z #13 7.490 Collecting six>=1.9.0 (from ecdsa!=0.15->python-jose>=3.3.0->python-jose[cryptography]>=3.3.0->-r requirements-api.txt (line 15))
Docker Build Test	Build API image	2026-02-08T23:19:49.7520590Z #13 7.494   Downloading six-1.17.0-py2.py3-none-any.whl.metadata (1.7 kB)
Docker Build Test	Build API image	2026-02-08T23:19:49.7521492Z #13 7.511 Collecting h2<5,>=3 (from httpx[http2]>=0.20.0->qdrant-client>=1.7.0->-r requirements-api.txt (line 30))
Docker Build Test	Build API image	2026-02-08T23:19:49.7522218Z #13 7.515   Downloading h2-4.3.0-py3-none-any.whl.metadata (5.1 kB)
Docker Build Test	Build API image	2026-02-08T23:19:49.7522993Z #13 7.523 Collecting hyperframe<7,>=6.1 (from h2<5,>=3->httpx[http2]>=0.20.0->qdrant-client>=1.7.0->-r requirements-api.txt (line 30))
Docker Build Test	Build API image	2026-02-08T23:19:49.9013166Z #13 7.526   Downloading hyperframe-6.1.0-py3-none-any.whl.metadata (4.3 kB)
Docker Build Test	Build API image	2026-02-08T23:19:49.9014306Z #13 7.532 Collecting hpack<5,>=4.1 (from h2<5,>=3->httpx[http2]>=0.20.0->qdrant-client>=1.7.0->-r requirements-api.txt (line 30))
Docker Build Test	Build API image	2026-02-08T23:19:49.9015283Z #13 7.536   Downloading hpack-4.1.0-py3-none-any.whl.metadata (4.6 kB)
Docker Build Test	Build API image	2026-02-08T23:19:49.9016103Z #13 7.549 Collecting deprecated>=1.2 (from limits>=2.3->slowapi>=0.1.9->-r requirements-api.txt (line 17))
Docker Build Test	Build API image	2026-02-08T23:19:49.9017308Z #13 7.553   Downloading deprecated-1.3.1-py2.py3-none-any.whl.metadata (5.9 kB)
Docker Build Test	Build API image	2026-02-08T23:19:49.9018432Z #13 7.672 Collecting wrapt<3,>=1.10 (from deprecated>=1.2->limits>=2.3->slowapi>=0.1.9->-r requirements-api.txt (line 17))
Docker Build Test	Build API image	2026-02-08T23:19:50.1198457Z #13 7.676   Downloading wrapt-2.1.1-cp311-cp311-manylinux1_x86_64.manylinux_2_28_x86_64.manylinux_2_5_x86_64.whl.metadata (7.4 kB)
Docker Build Test	Build API image	2026-02-08T23:19:50.1200995Z #13 7.687 Collecting flatbuffers (from onnxruntime!=1.20.0,>=1.17.0->fastembed>=0.4.0->-r requirements-api.txt (line 31))
Docker Build Test	Build API image	2026-02-08T23:19:50.1202209Z #13 7.691   Downloading flatbuffers-25.12.19-py2.py3-none-any.whl.metadata (1.0 kB)
Docker Build Test	Build API image	2026-02-08T23:19:50.1203206Z #13 7.705 Collecting sympy (from onnxruntime!=1.20.0,>=1.17.0->fastembed>=0.4.0->-r requirements-api.txt (line 31))
Docker Build Test	Build API image	2026-02-08T23:19:50.1203928Z #13 7.710   Downloading sympy-1.14.0-py3-none-any.whl.metadata (12 kB)
Docker Build Test	Build API image	2026-02-08T23:19:50.1204591Z #13 7.743 Collecting bcrypt>=3.1.0 (from passlib[bcrypt]>=1.7.4->-r requirements-api.txt (line 16))
Docker Build Test	Build API image	2026-02-08T23:19:50.1205451Z #13 7.747   Downloading bcrypt-5.0.0-cp39-abi3-manylinux_2_34_x86_64.whl.metadata (10 kB)
Docker Build Test	Build API image	2026-02-08T23:19:50.1206266Z #13 7.891 Collecting cryptography>=3.4.0 (from python-jose[cryptography]>=3.3.0->-r requirements-api.txt (line 15))
Docker Build Test	Build API image	2026-02-08T23:19:50.2207022Z #13 7.895   Downloading cryptography-46.0.4-cp311-abi3-manylinux_2_34_x86_64.whl.metadata (5.7 kB)
Docker Build Test	Build API image	2026-02-08T23:19:50.2208571Z #13 7.977 Collecting cffi>=2.0.0 (from cryptography>=3.4.0->python-jose[cryptography]>=3.3.0->-r requirements-api.txt (line 15))
Docker Build Test	Build API image	2026-02-08T23:19:50.2210133Z #13 7.981   Downloading cffi-2.0.0-cp311-cp311-manylinux2014_x86_64.manylinux_2_17_x86_64.whl.metadata (2.6 kB)
Docker Build Test	Build API image	2026-02-08T23:19:50.2211943Z #13 7.989 Collecting pycparser (from cffi>=2.0.0->cryptography>=3.4.0->python-jose[cryptography]>=3.3.0->-r requirements-api.txt (line 15))
Docker Build Test	Build API image	2026-02-08T23:19:50.2213068Z #13 7.992   Downloading pycparser-3.0-py3-none-any.whl.metadata (8.2 kB)
Docker Build Test	Build API image	2026-02-08T23:19:50.3418854Z #13 8.018 Collecting httptools>=0.6.3 (from uvicorn[standard]>=0.27.0->-r requirements-api.txt (line 12))
Docker Build Test	Build API image	2026-02-08T23:19:50.3421297Z #13 8.022   Downloading httptools-0.7.1-cp311-cp311-manylinux1_x86_64.manylinux_2_28_x86_64.manylinux_2_5_x86_64.whl.metadata (3.5 kB)
Docker Build Test	Build API image	2026-02-08T23:19:50.3422335Z #13 8.052 Collecting uvloop>=0.15.1 (from uvicorn[standard]>=0.27.0->-r requirements-api.txt (line 12))
Docker Build Test	Build API image	2026-02-08T23:19:50.3423299Z #13 8.056   Downloading uvloop-0.22.1-cp311-cp311-manylinux2014_x86_64.manylinux_2_17_x86_64.manylinux_2_28_x86_64.whl.metadata (4.9 kB)
Docker Build Test	Build API image	2026-02-08T23:19:50.3424552Z #13 8.113 Collecting watchfiles>=0.13 (from uvicorn[standard]>=0.27.0->-r requirements-api.txt (line 12))
Docker Build Test	Build API image	2026-02-08T23:19:50.4998337Z #13 8.120   Downloading watchfiles-1.1.1-cp311-cp311-manylinux_2_17_x86_64.manylinux2014_x86_64.whl.metadata (4.9 kB)
Docker Build Test	Build API image	2026-02-08T23:19:50.5796058Z #13 8.351 Collecting websockets>=10.4 (from uvicorn[standard]>=0.27.0->-r requirements-api.txt (line 12))
Docker Build Test	Build API image	2026-02-08T23:19:50.6872115Z #13 8.354   Downloading websockets-16.0-cp311-cp311-manylinux1_x86_64.manylinux_2_28_x86_64.manylinux_2_5_x86_64.whl.metadata (6.8 kB)
Docker Build Test	Build API image	2026-02-08T23:19:50.6874095Z #13 8.370 Collecting future (from ffmpeg-python->voyageai>=0.3->-r requirements-api.txt (line 32))
Docker Build Test	Build API image	2026-02-08T23:19:50.6874885Z #13 8.383   Downloading future-1.0.0-py3-none-any.whl.metadata (4.0 kB)
Docker Build Test	Build API image	2026-02-08T23:19:50.6875649Z #13 8.427 Collecting MarkupSafe>=0.9.2 (from Mako->alembic>=1.13.0->-r requirements-api.txt (line 8))
Docker Build Test	Build API image	2026-02-08T23:19:50.6876855Z #13 8.431   Downloading markupsafe-3.0.3-cp311-cp311-manylinux2014_x86_64.manylinux_2_17_x86_64.manylinux_2_28_x86_64.whl.metadata (2.7 kB)
Docker Build Test	Build API image	2026-02-08T23:19:50.6878044Z #13 8.442 Collecting mpmath<1.4,>=1.1.0 (from sympy->onnxruntime!=1.20.0,>=1.17.0->fastembed>=0.4.0->-r requirements-api.txt (line 31))
Docker Build Test	Build API image	2026-02-08T23:19:50.6878944Z #13 8.446   Downloading mpmath-1.3.0-py3-none-any.whl.metadata (8.6 kB)
Docker Build Test	Build API image	2026-02-08T23:19:50.6879788Z #13 8.458 Downloading psycopg2_binary-2.9.11-cp311-cp311-manylinux2014_x86_64.manylinux_2_17_x86_64.whl (4.2 MB)
Docker Build Test	Build API image	2026-02-08T23:19:50.7902335Z #13 8.498    ━━━━━━━━━━━━━━━━━━━━━━━━━━━━━━━━━━━━━━━━ 4.2/4.2 MB 133.5 MB/s  0:00:00
Docker Build Test	Build API image	2026-02-08T23:19:50.7906391Z #13 8.502 Downloading sqlalchemy-2.0.46-cp311-cp311-manylinux2014_x86_64.manylinux_2_17_x86_64.manylinux_2_28_x86_64.whl (3.3 MB)
Docker Build Test	Build API image	2026-02-08T23:19:50.7907875Z #13 8.528    ━━━━━━━━━━━━━━━━━━━━━━━━━━━━━━━━━━━━━━━━ 3.3/3.3 MB 131.1 MB/s  0:00:00
Docker Build Test	Build API image	2026-02-08T23:19:50.7908662Z #13 8.534 Downloading geoalchemy2-0.18.1-py3-none-any.whl (81 kB)
Docker Build Test	Build API image	2026-02-08T23:19:50.7909350Z #13 8.538 Downloading alembic-1.18.3-py3-none-any.whl (262 kB)
Docker Build Test	Build API image	2026-02-08T23:19:50.7909807Z #13 8.542 Downloading fastapi-0.128.5-py3-none-any.whl (103 kB)
Docker Build Test	Build API image	2026-02-08T23:19:50.7910268Z #13 8.545 Downloading starlette-0.52.1-py3-none-any.whl (74 kB)
Docker Build Test	Build API image	2026-02-08T23:19:50.7910693Z #13 8.549 Downloading anyio-4.12.1-py3-none-any.whl (113 kB)
Docker Build Test	Build API image	2026-02-08T23:19:50.7911313Z #13 8.553 Downloading uvicorn-0.40.0-py3-none-any.whl (68 kB)
Docker Build Test	Build API image	2026-02-08T23:19:50.7911785Z #13 8.557 Downloading pydantic-2.12.5-py3-none-any.whl (463 kB)
Docker Build Test	Build API image	2026-02-08T23:19:50.7912446Z #13 8.561 Downloading pydantic_core-2.41.5-cp311-cp311-manylinux_2_17_x86_64.manylinux2014_x86_64.whl (2.1 MB)
Docker Build Test	Build API image	2026-02-08T23:19:50.8926416Z #13 8.570    ━━━━━━━━━━━━━━━━━━━━━━━━━━━━━━━━━━━━━━━━ 2.1/2.1 MB 266.4 MB/s  0:00:00
Docker Build Test	Build API image	2026-02-08T23:19:50.8927285Z #13 8.574 Downloading pydantic_settings-2.12.0-py3-none-any.whl (51 kB)
Docker Build Test	Build API image	2026-02-08T23:19:50.8928024Z #13 8.577 Downloading python_jose-3.5.0-py2.py3-none-any.whl (34 kB)
Docker Build Test	Build API image	2026-02-08T23:19:50.8928523Z #13 8.581 Downloading rsa-4.9.1-py3-none-any.whl (34 kB)
Docker Build Test	Build API image	2026-02-08T23:19:50.8928955Z #13 8.584 Downloading passlib-1.7.4-py2.py3-none-any.whl (525 kB)
Docker Build Test	Build API image	2026-02-08T23:19:50.8929537Z #13 8.588    ━━━━━━━━━━━━━━━━━━━━━━━━━━━━━━━━━━━━━━━━ 525.6/525.6 kB 329.4 MB/s  0:00:00
Docker Build Test	Build API image	2026-02-08T23:19:50.8929982Z #13 8.592 Downloading slowapi-0.1.9-py3-none-any.whl (14 kB)
Docker Build Test	Build API image	2026-02-08T23:19:50.8930451Z #13 8.595 Downloading python_multipart-0.0.22-py3-none-any.whl (24 kB)
Docker Build Test	Build API image	2026-02-08T23:19:50.8930914Z #13 8.599 Downloading httpx-0.28.1-py3-none-any.whl (73 kB)
Docker Build Test	Build API image	2026-02-08T23:19:50.8931729Z #13 8.602 Downloading httpcore-1.0.9-py3-none-any.whl (78 kB)
Docker Build Test	Build API image	2026-02-08T23:19:50.8932420Z #13 8.607 Downloading aiohttp-3.13.3-cp311-cp311-manylinux2014_x86_64.manylinux_2_17_x86_64.manylinux_2_28_x86_64.whl (1.7 MB)
Docker Build Test	Build API image	2026-02-08T23:19:50.8933223Z #13 8.617    ━━━━━━━━━━━━━━━━━━━━━━━━━━━━━━━━━━━━━━━━ 1.7/1.7 MB 242.4 MB/s  0:00:00
Docker Build Test	Build API image	2026-02-08T23:19:50.8933925Z #13 8.621 Downloading multidict-6.7.1-cp311-cp311-manylinux2014_x86_64.manylinux_2_17_x86_64.manylinux_2_28_x86_64.whl (246 kB)
Docker Build Test	Build API image	2026-02-08T23:19:50.8935090Z #13 8.625 Downloading yarl-1.22.0-cp311-cp311-manylinux2014_x86_64.manylinux_2_17_x86_64.manylinux_2_28_x86_64.whl (365 kB)
Docker Build Test	Build API image	2026-02-08T23:19:50.8935766Z #13 8.631 Downloading tenacity-9.1.4-py3-none-any.whl (28 kB)
Docker Build Test	Build API image	2026-02-08T23:19:50.8936200Z #13 8.634 Downloading aiofiles-25.1.0-py3-none-any.whl (14 kB)
Docker Build Test	Build API image	2026-02-08T23:19:50.8936632Z #13 8.638 Downloading langchain-1.2.9-py3-none-any.whl (111 kB)
Docker Build Test	Build API image	2026-02-08T23:19:50.8937095Z #13 8.642 Downloading langchain_core-1.2.9-py3-none-any.whl (496 kB)
Docker Build Test	Build API image	2026-02-08T23:19:50.8937945Z #13 8.648 Downloading pyyaml-6.0.3-cp311-cp311-manylinux2014_x86_64.manylinux_2_17_x86_64.manylinux_2_28_x86_64.whl (806 kB)
Docker Build Test	Build API image	2026-02-08T23:19:50.8938661Z #13 8.652    ━━━━━━━━━━━━━━━━━━━━━━━━━━━━━━━━━━━━━━━━ 806.6/806.6 kB 460.1 MB/s  0:00:00
Docker Build Test	Build API image	2026-02-08T23:19:50.8939086Z #13 8.655 Downloading jsonpatch-1.33-py2.py3-none-any.whl (12 kB)
Docker Build Test	Build API image	2026-02-08T23:19:50.8939496Z #13 8.659 Downloading langgraph-1.0.8-py3-none-any.whl (158 kB)
Docker Build Test	Build API image	2026-02-08T23:19:50.8939902Z #13 8.664 Downloading langgraph_checkpoint-4.0.0-py3-none-any.whl (46 kB)
Docker Build Test	Build API image	2026-02-08T23:19:51.0071362Z #13 8.668 Downloading langgraph_prebuilt-1.0.7-py3-none-any.whl (35 kB)
Docker Build Test	Build API image	2026-02-08T23:19:51.0072450Z #13 8.672 Downloading langgraph_sdk-0.3.4-py3-none-any.whl (67 kB)
Docker Build Test	Build API image	2026-02-08T23:19:51.0073344Z #13 8.675 Downloading langsmith-0.6.9-py3-none-any.whl (319 kB)
Docker Build Test	Build API image	2026-02-08T23:19:51.0074283Z #13 8.683 Downloading typing_extensions-4.15.0-py3-none-any.whl (44 kB)
Docker Build Test	Build API image	2026-02-08T23:19:51.0075291Z #13 8.686 Downloading uuid_utils-0.14.0-cp39-abi3-manylinux_2_17_x86_64.manylinux2014_x86_64.whl (341 kB)
Docker Build Test	Build API image	2026-02-08T23:19:51.0076155Z #13 8.691 Downloading langchain_anthropic-1.3.2-py3-none-any.whl (46 kB)
Docker Build Test	Build API image	2026-02-08T23:19:51.0076740Z #13 8.695 Downloading anthropic-0.79.0-py3-none-any.whl (405 kB)
Docker Build Test	Build API image	2026-02-08T23:19:51.0077261Z #13 8.702 Downloading distro-1.9.0-py3-none-any.whl (20 kB)
Docker Build Test	Build API image	2026-02-08T23:19:51.0077803Z #13 8.705 Downloading docstring_parser-0.17.0-py3-none-any.whl (36 kB)
Docker Build Test	Build API image	2026-02-08T23:19:51.0078544Z #13 8.709 Downloading jiter-0.13.0-cp311-cp311-manylinux_2_17_x86_64.manylinux2014_x86_64.whl (362 kB)
Docker Build Test	Build API image	2026-02-08T23:19:51.0079286Z #13 8.715 Downloading qdrant_client-1.16.2-py3-none-any.whl (377 kB)
Docker Build Test	Build API image	2026-02-08T23:19:51.0079857Z #13 8.720 Downloading portalocker-3.2.0-py3-none-any.whl (22 kB)
Docker Build Test	Build API image	2026-02-08T23:19:51.0080299Z #13 8.724 Downloading urllib3-2.6.3-py3-none-any.whl (131 kB)
Docker Build Test	Build API image	2026-02-08T23:19:51.0080656Z #13 8.729 Downloading fastembed-0.7.4-py3-none-any.whl (108 kB)
Docker Build Test	Build API image	2026-02-08T23:19:51.0081294Z #13 8.736 Downloading pillow-11.3.0-cp311-cp311-manylinux_2_27_x86_64.manylinux_2_28_x86_64.whl (6.6 MB)
Docker Build Test	Build API image	2026-02-08T23:19:51.1098802Z #13 8.778    ━━━━━━━━━━━━━━━━━━━━━━━━━━━━━━━━━━━━━━━━ 6.6/6.6 MB 161.2 MB/s  0:00:00
Docker Build Test	Build API image	2026-02-08T23:19:51.1099673Z #13 8.782 Downloading loguru-0.7.3-py3-none-any.whl (61 kB)
Docker Build Test	Build API image	2026-02-08T23:19:51.1100461Z #13 8.786 Downloading huggingface_hub-1.4.1-py3-none-any.whl (553 kB)
Docker Build Test	Build API image	2026-02-08T23:19:51.1101763Z #13 8.789    ━━━━━━━━━━━━━━━━━━━━━━━━━━━━━━━━━━━━━━━━ 553.3/553.3 kB 634.9 MB/s  0:00:00
Docker Build Test	Build API image	2026-02-08T23:19:51.1102801Z #13 8.793 Downloading hf_xet-1.2.0-cp37-abi3-manylinux_2_17_x86_64.manylinux2014_x86_64.whl (3.3 MB)
Docker Build Test	Build API image	2026-02-08T23:19:51.1104075Z #13 8.805    ━━━━━━━━━━━━━━━━━━━━━━━━━━━━━━━━━━━━━━━━ 3.3/3.3 MB 307.7 MB/s  0:00:00
Docker Build Test	Build API image	2026-02-08T23:19:51.1105033Z #13 8.809 Downloading mmh3-5.2.0-cp311-cp311-manylinux1_x86_64.manylinux_2_28_x86_64.manylinux_2_5_x86_64.whl (103 kB)
Docker Build Test	Build API image	2026-02-08T23:19:51.1105872Z #13 8.815 Downloading py_rust_stemmers-0.1.5-cp311-cp311-manylinux_2_28_x86_64.whl (324 kB)
Docker Build Test	Build API image	2026-02-08T23:19:51.1106509Z #13 8.820 Downloading requests-2.32.5-py3-none-any.whl (64 kB)
Docker Build Test	Build API image	2026-02-08T23:19:51.1107455Z #13 8.824 Downloading charset_normalizer-3.4.4-cp311-cp311-manylinux2014_x86_64.manylinux_2_17_x86_64.manylinux_2_28_x86_64.whl (151 kB)
Docker Build Test	Build API image	2026-02-08T23:19:51.1108241Z #13 8.827 Downloading idna-3.11-py3-none-any.whl (71 kB)
Docker Build Test	Build API image	2026-02-08T23:19:51.1108887Z #13 8.831 Downloading tokenizers-0.22.2-cp39-abi3-manylinux_2_17_x86_64.manylinux2014_x86_64.whl (3.3 MB)
Docker Build Test	Build API image	2026-02-08T23:19:51.1109936Z #13 8.843    ━━━━━━━━━━━━━━━━━━━━━━━━━━━━━━━━━━━━━━━━ 3.3/3.3 MB 306.8 MB/s  0:00:00
Docker Build Test	Build API image	2026-02-08T23:19:51.1110414Z #13 8.847 Downloading tqdm-4.67.3-py3-none-any.whl (78 kB)
Docker Build Test	Build API image	2026-02-08T23:19:51.1110863Z #13 8.853 Downloading voyageai-0.3.7-py3-none-any.whl (34 kB)
Docker Build Test	Build API image	2026-02-08T23:19:51.1111504Z #13 8.856 Downloading python_dotenv-1.2.1-py3-none-any.whl (21 kB)
Docker Build Test	Build API image	2026-02-08T23:19:51.1112041Z #13 8.860 Downloading aiohappyeyeballs-2.6.1-py3-none-any.whl (15 kB)
Docker Build Test	Build API image	2026-02-08T23:19:51.1112483Z #13 8.863 Downloading aiosignal-1.4.0-py3-none-any.whl (7.5 kB)
Docker Build Test	Build API image	2026-02-08T23:19:51.1113044Z #13 8.867 Downloading annotated_doc-0.0.4-py3-none-any.whl (5.3 kB)
Docker Build Test	Build API image	2026-02-08T23:19:51.1113450Z #13 8.870 Downloading annotated_types-0.7.0-py3-none-any.whl (13 kB)
Docker Build Test	Build API image	2026-02-08T23:19:51.1113828Z #13 8.874 Downloading attrs-25.4.0-py3-none-any.whl (67 kB)
Docker Build Test	Build API image	2026-02-08T23:19:51.1114191Z #13 8.877 Downloading certifi-2026.1.4-py3-none-any.whl (152 kB)
Docker Build Test	Build API image	2026-02-08T23:19:51.1114553Z #13 8.881 Downloading click-8.3.1-py3-none-any.whl (108 kB)
Docker Build Test	Build API image	2026-02-08T23:19:51.2379453Z #13 8.885 Downloading ecdsa-0.19.1-py2.py3-none-any.whl (150 kB)
Docker Build Test	Build API image	2026-02-08T23:19:51.2380612Z #13 8.890 Downloading frozenlist-1.8.0-cp311-cp311-manylinux1_x86_64.manylinux_2_28_x86_64.manylinux_2_5_x86_64.whl (231 kB)
Docker Build Test	Build API image	2026-02-08T23:19:51.2381810Z #13 8.894 Downloading fsspec-2026.2.0-py3-none-any.whl (202 kB)
Docker Build Test	Build API image	2026-02-08T23:19:51.2382735Z #13 8.898 Downloading greenlet-3.3.1-cp311-cp311-manylinux_2_24_x86_64.manylinux_2_28_x86_64.whl (590 kB)
Docker Build Test	Build API image	2026-02-08T23:19:51.2383939Z #13 8.900    ━━━━━━━━━━━━━━━━━━━━━━━━━━━━━━━━━━━━━━━━ 590.3/590.3 kB 590.7 MB/s  0:00:00
Docker Build Test	Build API image	2026-02-08T23:19:51.2384512Z #13 8.904 Downloading grpcio-1.78.0-cp311-cp311-manylinux2014_x86_64.manylinux_2_17_x86_64.whl (6.7 MB)
Docker Build Test	Build API image	2026-02-08T23:19:51.2385126Z #13 8.926    ━━━━━━━━━━━━━━━━━━━━━━━━━━━━━━━━━━━━━━━━ 6.7/6.7 MB 331.9 MB/s  0:00:00
Docker Build Test	Build API image	2026-02-08T23:19:51.2385496Z #13 8.930 Downloading h11-0.16.0-py3-none-any.whl (37 kB)
Docker Build Test	Build API image	2026-02-08T23:19:51.2385842Z #13 8.934 Downloading h2-4.3.0-py3-none-any.whl (61 kB)
Docker Build Test	Build API image	2026-02-08T23:19:51.2386163Z #13 8.937 Downloading hpack-4.1.0-py3-none-any.whl (34 kB)
Docker Build Test	Build API image	2026-02-08T23:19:51.2386523Z #13 8.941 Downloading hyperframe-6.1.0-py3-none-any.whl (13 kB)
Docker Build Test	Build API image	2026-02-08T23:19:51.2386912Z #13 8.945 Downloading jsonpointer-3.0.0-py2.py3-none-any.whl (7.6 kB)
Docker Build Test	Build API image	2026-02-08T23:19:51.2387354Z #13 8.949 Downloading langchain_text_splitters-1.1.0-py3-none-any.whl (34 kB)
Docker Build Test	Build API image	2026-02-08T23:19:51.2387759Z #13 8.952 Downloading limits-5.8.0-py3-none-any.whl (60 kB)
Docker Build Test	Build API image	2026-02-08T23:19:51.2388162Z #13 8.956 Downloading deprecated-1.3.1-py2.py3-none-any.whl (11 kB)
Docker Build Test	Build API image	2026-02-08T23:19:51.2388782Z #13 8.959 Downloading wrapt-2.1.1-cp311-cp311-manylinux1_x86_64.manylinux_2_28_x86_64.manylinux_2_5_x86_64.whl (113 kB)
Docker Build Test	Build API image	2026-02-08T23:19:51.2389452Z #13 8.963 Downloading numpy-2.4.2-cp311-cp311-manylinux_2_27_x86_64.manylinux_2_28_x86_64.whl (16.9 MB)
Docker Build Test	Build API image	2026-02-08T23:19:51.3385370Z #13 9.009    ━━━━━━━━━━━━━━━━━━━━━━━━━━━━━━━━━━━━━━━━ 16.9/16.9 MB 381.9 MB/s  0:00:00
Docker Build Test	Build API image	2026-02-08T23:19:51.3386527Z #13 9.017 Downloading onnxruntime-1.24.1-cp311-cp311-manylinux_2_27_x86_64.manylinux_2_28_x86_64.whl (17.1 MB)
Docker Build Test	Build API image	2026-02-08T23:19:51.3387474Z #13 9.089    ━━━━━━━━━━━━━━━━━━━━━━━━━━━━━━━━━━━━━━━━ 17.1/17.1 MB 240.6 MB/s  0:00:00
Docker Build Test	Build API image	2026-02-08T23:19:51.3388145Z #13 9.093 Downloading orjson-3.11.7-cp311-cp311-manylinux_2_17_x86_64.manylinux2014_x86_64.whl (133 kB)
Docker Build Test	Build API image	2026-02-08T23:19:51.3388985Z #13 9.098 Downloading ormsgpack-1.12.2-cp311-cp311-manylinux_2_17_x86_64.manylinux2014_x86_64.whl (212 kB)
Docker Build Test	Build API image	2026-02-08T23:19:51.3389655Z #13 9.102 Downloading packaging-26.0-py3-none-any.whl (74 kB)
Docker Build Test	Build API image	2026-02-08T23:19:51.3390396Z #13 9.106 Downloading bcrypt-5.0.0-cp39-abi3-manylinux_2_34_x86_64.whl (278 kB)
Docker Build Test	Build API image	2026-02-08T23:19:51.3391558Z #13 9.110 Downloading propcache-0.4.1-cp311-cp311-manylinux2014_x86_64.manylinux_2_17_x86_64.manylinux_2_28_x86_64.whl (210 kB)
Docker Build Test	Build API image	2026-02-08T23:19:51.4653208Z #13 9.114 Downloading protobuf-6.33.5-cp39-abi3-manylinux2014_x86_64.whl (323 kB)
Docker Build Test	Build API image	2026-02-08T23:19:51.4654464Z #13 9.118 Downloading pyasn1-0.6.2-py3-none-any.whl (83 kB)
Docker Build Test	Build API image	2026-02-08T23:19:51.4656524Z #13 9.122 Downloading cryptography-46.0.4-cp311-abi3-manylinux_2_34_x86_64.whl (4.5 MB)
Docker Build Test	Build API image	2026-02-08T23:19:51.4658146Z #13 9.135    ━━━━━━━━━━━━━━━━━━━━━━━━━━━━━━━━━━━━━━━━ 4.5/4.5 MB 394.5 MB/s  0:00:00
Docker Build Test	Build API image	2026-02-08T23:19:51.4659089Z #13 9.139 Downloading cffi-2.0.0-cp311-cp311-manylinux2014_x86_64.manylinux_2_17_x86_64.whl (215 kB)
Docker Build Test	Build API image	2026-02-08T23:19:51.4659959Z #13 9.143 Downloading requests_toolbelt-1.0.0-py2.py3-none-any.whl (54 kB)
Docker Build Test	Build API image	2026-02-08T23:19:51.4660405Z #13 9.147 Downloading six-1.17.0-py2.py3-none-any.whl (11 kB)
Docker Build Test	Build API image	2026-02-08T23:19:51.4660834Z #13 9.150 Downloading typing_inspection-0.4.2-py3-none-any.whl (14 kB)
Docker Build Test	Build API image	2026-02-08T23:19:51.4661627Z #13 9.167 Downloading httptools-0.7.1-cp311-cp311-manylinux1_x86_64.manylinux_2_28_x86_64.manylinux_2_5_x86_64.whl (456 kB)
Docker Build Test	Build API image	2026-02-08T23:19:51.4662426Z #13 9.172 Downloading uvloop-0.22.1-cp311-cp311-manylinux2014_x86_64.manylinux_2_17_x86_64.manylinux_2_28_x86_64.whl (3.8 MB)
Docker Build Test	Build API image	2026-02-08T23:19:51.4663126Z #13 9.187    ━━━━━━━━━━━━━━━━━━━━━━━━━━━━━━━━━━━━━━━━ 3.8/3.8 MB 268.7 MB/s  0:00:00
Docker Build Test	Build API image	2026-02-08T23:19:51.4663656Z #13 9.191 Downloading watchfiles-1.1.1-cp311-cp311-manylinux_2_17_x86_64.manylinux2014_x86_64.whl (456 kB)
Docker Build Test	Build API image	2026-02-08T23:19:51.4664368Z #13 9.196 Downloading websockets-16.0-cp311-cp311-manylinux1_x86_64.manylinux_2_28_x86_64.manylinux_2_5_x86_64.whl (184 kB)
Docker Build Test	Build API image	2026-02-08T23:19:51.4665135Z #13 9.203 Downloading xxhash-3.6.0-cp311-cp311-manylinux2014_x86_64.manylinux_2_17_x86_64.manylinux_2_28_x86_64.whl (193 kB)
Docker Build Test	Build API image	2026-02-08T23:19:51.4665842Z #13 9.206 Downloading zstandard-0.25.0-cp311-cp311-manylinux2014_x86_64.manylinux_2_17_x86_64.whl (5.6 MB)
Docker Build Test	Build API image	2026-02-08T23:19:51.6905622Z #13 9.237    ━━━━━━━━━━━━━━━━━━━━━━━━━━━━━━━━━━━━━━━━ 5.6/5.6 MB 192.1 MB/s  0:00:00
Docker Build Test	Build API image	2026-02-08T23:19:51.6906539Z #13 9.241 Downloading aiolimiter-1.2.1-py3-none-any.whl (6.7 kB)
Docker Build Test	Build API image	2026-02-08T23:19:51.6907333Z #13 9.244 Downloading ffmpeg_python-0.2.0-py3-none-any.whl (25 kB)
Docker Build Test	Build API image	2026-02-08T23:19:51.6908152Z #13 9.247 Downloading filelock-3.20.3-py3-none-any.whl (16 kB)
Docker Build Test	Build API image	2026-02-08T23:19:51.6908980Z #13 9.251 Downloading flatbuffers-25.12.19-py2.py3-none-any.whl (26 kB)
Docker Build Test	Build API image	2026-02-08T23:19:51.6909602Z #13 9.254 Downloading future-1.0.0-py3-none-any.whl (491 kB)
Docker Build Test	Build API image	2026-02-08T23:19:51.6910052Z #13 9.264 Downloading mako-1.3.10-py3-none-any.whl (78 kB)
Docker Build Test	Build API image	2026-02-08T23:19:51.6910794Z #13 9.268 Downloading markupsafe-3.0.3-cp311-cp311-manylinux2014_x86_64.manylinux_2_17_x86_64.manylinux_2_28_x86_64.whl (22 kB)
Docker Build Test	Build API image	2026-02-08T23:19:51.6911749Z #13 9.272 Downloading pycparser-3.0-py3-none-any.whl (48 kB)
Docker Build Test	Build API image	2026-02-08T23:19:51.6912280Z #13 9.276 Downloading shellingham-1.5.4-py2.py3-none-any.whl (9.8 kB)
Docker Build Test	Build API image	2026-02-08T23:19:51.6912793Z #13 9.279 Downloading sniffio-1.3.1-py3-none-any.whl (10 kB)
Docker Build Test	Build API image	2026-02-08T23:19:51.6913208Z #13 9.283 Downloading sympy-1.14.0-py3-none-any.whl (6.3 MB)
Docker Build Test	Build API image	2026-02-08T23:19:51.6913743Z #13 9.300    ━━━━━━━━━━━━━━━━━━━━━━━━━━━━━━━━━━━━━━━━ 6.3/6.3 MB 387.8 MB/s  0:00:00
Docker Build Test	Build API image	2026-02-08T23:19:51.6914453Z #13 9.305 Downloading mpmath-1.3.0-py3-none-any.whl (536 kB)
Docker Build Test	Build API image	2026-02-08T23:19:51.6914946Z #13 9.308    ━━━━━━━━━━━━━━━━━━━━━━━━━━━━━━━━━━━━━━━━ 536.2/536.2 kB 614.2 MB/s  0:00:00
Docker Build Test	Build API image	2026-02-08T23:19:51.6915373Z #13 9.311 Downloading typer_slim-0.21.1-py3-none-any.whl (47 kB)
Docker Build Test	Build API image	2026-02-08T23:19:51.8464738Z #13 9.617 Installing collected packages: py-rust-stemmers, passlib, mpmath, flatbuffers, zstandard, xxhash, wrapt, websockets, uvloop, uuid-utils, urllib3, typing-extensions, tqdm, tenacity, sympy, sniffio, six, shellingham, pyyaml, python-multipart, python-dotenv, pycparser, pyasn1, psycopg2-binary, protobuf, propcache, portalocker, Pillow, packaging, ormsgpack, orjson, numpy, multidict, mmh3, MarkupSafe, loguru, jsonpointer, jiter, idna, hyperframe, httptools, hpack, hf-xet, h11, greenlet, future, fsspec, frozenlist, filelock, docstring-parser, distro, click, charset_normalizer, certifi, bcrypt, attrs, annotated-types, annotated-doc, aiolimiter, aiohappyeyeballs, aiofiles, yarl, uvicorn, typing-inspection, typer-slim, sqlalchemy, rsa, requests, pydantic-core, onnxruntime, Mako, jsonpatch, httpcore, h2, grpcio, ffmpeg-python, ecdsa, deprecated, cffi, anyio, aiosignal, watchfiles, starlette, requests-toolbelt, python-jose, pydantic, limits, httpx, geoalchemy2, cryptography, alembic, aiohttp, slowapi, pydantic-settings, langsmith, langgraph-sdk, huggingface-hub, fastapi, anthropic, tokenizers, qdrant-client, langchain-core, langgraph-checkpoint, langchain-text-splitters, langchain-anthropic, fastembed, voyageai, langgraph-prebuilt, langgraph, langchain
Docker Build Test	Build API image	2026-02-08T23:20:05.3108410Z #13 23.08 
Docker Build Test	Build API image	2026-02-08T23:20:05.4670200Z #13 23.09 Successfully installed Mako-1.3.10 MarkupSafe-3.0.3 Pillow-11.3.0 aiofiles-25.1.0 aiohappyeyeballs-2.6.1 aiohttp-3.13.3 aiolimiter-1.2.1 aiosignal-1.4.0 alembic-1.18.3 annotated-doc-0.0.4 annotated-types-0.7.0 anthropic-0.79.0 anyio-4.12.1 attrs-25.4.0 bcrypt-5.0.0 certifi-2026.1.4 cffi-2.0.0 charset_normalizer-3.4.4 click-8.3.1 cryptography-46.0.4 deprecated-1.3.1 distro-1.9.0 docstring-parser-0.17.0 ecdsa-0.19.1 fastapi-0.128.5 fastembed-0.7.4 ffmpeg-python-0.2.0 filelock-3.20.3 flatbuffers-25.12.19 frozenlist-1.8.0 fsspec-2026.2.0 future-1.0.0 geoalchemy2-0.18.1 greenlet-3.3.1 grpcio-1.78.0 h11-0.16.0 h2-4.3.0 hf-xet-1.2.0 hpack-4.1.0 httpcore-1.0.9 httptools-0.7.1 httpx-0.28.1 huggingface-hub-1.4.1 hyperframe-6.1.0 idna-3.11 jiter-0.13.0 jsonpatch-1.33 jsonpointer-3.0.0 langchain-1.2.9 langchain-anthropic-1.3.2 langchain-core-1.2.9 langchain-text-splitters-1.1.0 langgraph-1.0.8 langgraph-checkpoint-4.0.0 langgraph-prebuilt-1.0.7 langgraph-sdk-0.3.4 langsmith-0.6.9 limits-5.8.0 loguru-0.7.3 mmh3-5.2.0 mpmath-1.3.0 multidict-6.7.1 numpy-2.4.2 onnxruntime-1.24.1 orjson-3.11.7 ormsgpack-1.12.2 packaging-26.0 passlib-1.7.4 portalocker-3.2.0 propcache-0.4.1 protobuf-6.33.5 psycopg2-binary-2.9.11 py-rust-stemmers-0.1.5 pyasn1-0.6.2 pycparser-3.0 pydantic-2.12.5 pydantic-core-2.41.5 pydantic-settings-2.12.0 python-dotenv-1.2.1 python-jose-3.5.0 python-multipart-0.0.22 pyyaml-6.0.3 qdrant-client-1.16.2 requests-2.32.5 requests-toolbelt-1.0.0 rsa-4.9.1 shellingham-1.5.4 six-1.17.0 slowapi-0.1.9 sniffio-1.3.1 sqlalchemy-2.0.46 starlette-0.52.1 sympy-1.14.0 tenacity-9.1.4 tokenizers-0.22.2 tqdm-4.67.3 typer-slim-0.21.1 typing-extensions-4.15.0 typing-inspection-0.4.2 urllib3-2.6.3 uuid-utils-0.14.0 uvicorn-0.40.0 uvloop-0.22.1 voyageai-0.3.7 watchfiles-1.1.1 websockets-16.0 wrapt-2.1.1 xxhash-3.6.0 yarl-1.22.0 zstandard-0.25.0
Docker Build Test	Build API image	2026-02-08T23:20:07.3773407Z #13 DONE 25.1s
Docker Build Test	Build API image	2026-02-08T23:20:08.6247036Z 
Docker Build Test	Build API image	2026-02-08T23:20:08.6247716Z #15 [production  5/11] COPY --from=builder /opt/venv /opt/venv
Docker Build Test	Build API image	2026-02-08T23:20:11.7086720Z #15 DONE 3.1s
Docker Build Test	Build API image	2026-02-08T23:20:11.8345682Z 
Docker Build Test	Build API image	2026-02-08T23:20:11.8346810Z #16 [production  6/11] COPY api/ ./api/
Docker Build Test	Build API image	2026-02-08T23:20:11.8347352Z #16 DONE 0.1s
Docker Build Test	Build API image	2026-02-08T23:20:12.0502109Z 
Docker Build Test	Build API image	2026-02-08T23:20:12.0502625Z #17 [production  7/11] COPY pipeline/ ./pipeline/
Docker Build Test	Build API image	2026-02-08T23:20:12.0503222Z #17 DONE 0.0s
Docker Build Test	Build API image	2026-02-08T23:20:12.0503420Z 
Docker Build Test	Build API image	2026-02-08T23:20:12.0503972Z #18 [production  8/11] COPY ancient-nerds-map/src/data/seshat/ ./ancient-nerds-map/src/data/seshat/
Docker Build Test	Build API image	2026-02-08T23:20:12.0505176Z #18 DONE 0.0s
Docker Build Test	Build API image	2026-02-08T23:20:12.0505367Z 
Docker Build Test	Build API image	2026-02-08T23:20:12.0505546Z #19 [production  9/11] COPY font[s]/ ./fonts/
Docker Build Test	Build API image	2026-02-08T23:20:12.0505968Z #19 DONE 0.0s
Docker Build Test	Build API image	2026-02-08T23:20:12.0506095Z 
Docker Build Test	Build API image	2026-02-08T23:20:12.0506206Z #20 [production 10/11] COPY log[o]/ ./logo/
Docker Build Test	Build API image	2026-02-08T23:20:12.0506502Z #20 DONE 0.0s
Docker Build Test	Build API image	2026-02-08T23:20:12.0506624Z 
Docker Build Test	Build API image	2026-02-08T23:20:12.0506807Z #21 [production 11/11] RUN chown -R appuser:appgroup /app
Docker Build Test	Build API image	2026-02-08T23:20:12.0635409Z #21 DONE 0.2s
Docker Build Test	Build API image	2026-02-08T23:20:12.2154739Z 
Docker Build Test	Build API image	2026-02-08T23:20:12.2155314Z #22 exporting to GitHub Actions Cache
Docker Build Test	Build API image	2026-02-08T23:20:12.2155815Z #22 preparing build cache for export
Docker Build Test	Build API image	2026-02-08T23:20:41.9645075Z #22 writing layer sha256:03aee9d4f495b43a53c930f7342243af3685dab58190b39696ffc14219e3d13b
Docker Build Test	Build API image	2026-02-08T23:20:42.1260448Z #22 writing layer sha256:03aee9d4f495b43a53c930f7342243af3685dab58190b39696ffc14219e3d13b 0.2s done
Docker Build Test	Build API image	2026-02-08T23:20:42.3019161Z #22 writing layer sha256:2307ff23110da22ce8e8105027ef70d0aa2dff1c9504f2387c9304a5b9234643
Docker Build Test	Build API image	2026-02-08T23:20:48.5590470Z #22 writing layer sha256:2307ff23110da22ce8e8105027ef70d0aa2dff1c9504f2387c9304a5b9234643 6.4s done
Docker Build Test	Build API image	2026-02-08T23:20:48.6715564Z #22 writing layer sha256:4dfef8431edbf3a356173bba777a19a3d035742440f1a79af474fb668a2f2609 0.1s done
Docker Build Test	Build API image	2026-02-08T23:20:48.8635347Z #22 writing layer sha256:7d650643336c516bae508ec88ace874b33a56766aeaa43a3c688d8d7ff4a0d8e 0.1s done
Docker Build Test	Build API image	2026-02-08T23:20:49.0253755Z #22 writing layer sha256:7f1daf256de9e84eebff7ef0432c567ec9ea26bce36de60cafa1c58b1df301c2
Docker Build Test	Build API image	2026-02-08T23:20:54.6488271Z #22 writing layer sha256:7f1daf256de9e84eebff7ef0432c567ec9ea26bce36de60cafa1c58b1df301c2 5.8s done
Docker Build Test	Build API image	2026-02-08T23:20:54.8585481Z #22 writing layer sha256:c423515e352c8ec53443524d3c4c487c6b62a09ec59dca5d824897f91f3956cc
Docker Build Test	Build API image	2026-02-08T23:20:55.0452515Z #22 writing layer sha256:c423515e352c8ec53443524d3c4c487c6b62a09ec59dca5d824897f91f3956cc 0.3s done
Docker Build Test	Build API image	2026-02-08T23:20:55.2058047Z #22 writing layer sha256:d19cc1367f48a42f05dc3e4ffa1c15168b35df24af2fe4524feecf0d2a8dae56
Docker Build Test	Build API image	2026-02-08T23:20:55.2110904Z #22 writing layer sha256:d19cc1367f48a42f05dc3e4ffa1c15168b35df24af2fe4524feecf0d2a8dae56 0.2s done
Docker Build Test	Build API image	2026-02-08T23:20:55.3951707Z #22 writing layer sha256:da7104f97adf4d9acc02942240f81fc1ae9de7269753ab312da4364d395ad70e
Docker Build Test	Build API image	2026-02-08T23:20:55.4199220Z #22 writing layer sha256:da7104f97adf4d9acc02942240f81fc1ae9de7269753ab312da4364d395ad70e 0.2s done
Docker Build Test	Build API image	2026-02-08T23:20:55.5234559Z #22 writing layer sha256:ebf1f6061876898643ed75dbeb4f858e4a46ba4c6e7c0543065ed7c4d7df0e74 0.1s done
Docker Build Test	Build API image	2026-02-08T23:20:55.6802372Z #22 preparing build cache for export 43.6s done
Docker Build Test	Build API image	2026-02-08T23:20:55.6803931Z #22 DONE 43.6s
Docker Build Test	Build API image	2026-02-08T23:20:55.7048074Z 
Docker Build Test	Build API image	2026-02-08T23:20:55.7048627Z #23 resolving provenance for metadata file
Docker Build Test	Build API image	2026-02-08T23:20:55.7048988Z #23 DONE 0.0s
Docker Build Test	Build API image	2026-02-08T23:20:55.7050083Z WARNING: No output specified with docker-container driver. Build result will only remain in the build cache. To push result image into registry use --push or to load image into docker use --load
Docker Build Test	Build API image	2026-02-08T23:20:55.7133186Z ##[group]Metadata
Docker Build Test	Build API image	2026-02-08T23:20:55.7133588Z {
Docker Build Test	Build API image	2026-02-08T23:20:55.7133887Z   "buildx.build.provenance": {
Docker Build Test	Build API image	2026-02-08T23:20:55.7134270Z     "builder": {
Docker Build Test	Build API image	2026-02-08T23:20:55.7134792Z       "id": "https://github.com/ancientnerds/AncientMap/actions/runs/21807249508"
Docker Build Test	Build API image	2026-02-08T23:20:55.7135420Z     },
Docker Build Test	Build API image	2026-02-08T23:20:55.7135808Z     "buildType": "https://mobyproject.org/buildkit@v1",
Docker Build Test	Build API image	2026-02-08T23:20:55.7136307Z     "materials": [
Docker Build Test	Build API image	2026-02-08T23:20:55.7136579Z       {
Docker Build Test	Build API image	2026-02-08T23:20:55.7137013Z         "uri": "pkg:docker/python@3.11-slim?platform=linux%2Famd64",
Docker Build Test	Build API image	2026-02-08T23:20:55.7137513Z         "digest": {
Docker Build Test	Build API image	2026-02-08T23:20:55.7137951Z           "sha256": "0b23cfb7425d065008b778022a17b1551c82f8b4866ee5a7a200084b7e2eafbf"
Docker Build Test	Build API image	2026-02-08T23:20:55.7138502Z         }
Docker Build Test	Build API image	2026-02-08T23:20:55.7138728Z       }
Docker Build Test	Build API image	2026-02-08T23:20:55.7138948Z     ],
Docker Build Test	Build API image	2026-02-08T23:20:55.7139185Z     "invocation": {
Docker Build Test	Build API image	2026-02-08T23:20:55.7139470Z       "configSource": {
Docker Build Test	Build API image	2026-02-08T23:20:55.7140076Z         "entryPoint": "Dockerfile"
Docker Build Test	Build API image	2026-02-08T23:20:55.7140438Z       },
Docker Build Test	Build API image	2026-02-08T23:20:55.7140689Z       "parameters": {
Docker Build Test	Build API image	2026-02-08T23:20:55.7141009Z         "frontend": "dockerfile.v0",
Docker Build Test	Build API image	2026-02-08T23:20:55.7141554Z         "locals": [
Docker Build Test	Build API image	2026-02-08T23:20:55.7141831Z           {
Docker Build Test	Build API image	2026-02-08T23:20:55.7142078Z             "name": "context"
Docker Build Test	Build API image	2026-02-08T23:20:55.7142398Z           },
Docker Build Test	Build API image	2026-02-08T23:20:55.7142638Z           {
Docker Build Test	Build API image	2026-02-08T23:20:55.7142892Z             "name": "dockerfile"
Docker Build Test	Build API image	2026-02-08T23:20:55.7143210Z           }
Docker Build Test	Build API image	2026-02-08T23:20:55.7143448Z         ]
Docker Build Test	Build API image	2026-02-08T23:20:55.7143897Z       },
Docker Build Test	Build API image	2026-02-08T23:20:55.7144143Z       "environment": {
Docker Build Test	Build API image	2026-02-08T23:20:55.7144471Z         "github_actor": "ancientnerds",
Docker Build Test	Build API image	2026-02-08T23:20:55.7144850Z         "github_actor_id": "257604322",
Docker Build Test	Build API image	2026-02-08T23:20:55.7145220Z         "github_event_name": "push",
Docker Build Test	Build API image	2026-02-08T23:20:55.7145592Z         "github_event_payload": {
Docker Build Test	Build API image	2026-02-08T23:20:55.7146024Z           "after": "03a3ad29619381c5cd0666e84b7dc70ccf3bbee5",
Docker Build Test	Build API image	2026-02-08T23:20:55.7146479Z           "base_ref": null,
Docker Build Test	Build API image	2026-02-08T23:20:55.7146885Z           "before": "84d9e8ca737225133c48dfcf870cd693658002b1",
Docker Build Test	Build API image	2026-02-08T23:20:55.7147331Z           "commits": [
Docker Build Test	Build API image	2026-02-08T23:20:55.7147617Z             {
Docker Build Test	Build API image	2026-02-08T23:20:55.7147873Z               "author": {
Docker Build Test	Build API image	2026-02-08T23:20:55.7148243Z                 "email": "ancient.nerds@protonmail.com",
Docker Build Test	Build API image	2026-02-08T23:20:55.7148699Z                 "name": "Ancient Nerds",
Docker Build Test	Build API image	2026-02-08T23:20:55.7149079Z                 "username": "ancientnerds"
Docker Build Test	Build API image	2026-02-08T23:20:55.7149443Z               },
Docker Build Test	Build API image	2026-02-08T23:20:55.7149721Z               "committer": {
Docker Build Test	Build API image	2026-02-08T23:20:55.7150098Z                 "email": "ancient.nerds@protonmail.com",
Docker Build Test	Build API image	2026-02-08T23:20:55.7150520Z                 "name": "Ancient Nerds",
Docker Build Test	Build API image	2026-02-08T23:20:55.7150902Z                 "username": "ancientnerds"
Docker Build Test	Build API image	2026-02-08T23:20:55.7151417Z               },
Docker Build Test	Build API image	2026-02-08T23:20:55.7151705Z               "distinct": true,
Docker Build Test	Build API image	2026-02-08T23:20:55.7152107Z               "id": "03a3ad29619381c5cd0666e84b7dc70ccf3bbee5",
Docker Build Test	Build API image	2026-02-08T23:20:55.7154711Z               "message": "Fix news cards missing in Lyra chat: isolate filter extraction failure\n\n_extract_news_filters (Haiku LLM call) was running before site-specific\nnews fetch with no error handling. When it failed, all news was lost.\nNow site-specific news fetches first (always works), and the filter\nextraction is wrapped in try/except so failures don't kill the response.\n\nCo-Authored-By: Claude Opus 4.6 <noreply@anthropic.com>",
Docker Build Test	Build API image	2026-02-08T23:20:55.7157300Z               "timestamp": "2026-02-09T00:18:38+01:00",
Docker Build Test	Build API image	2026-02-08T23:20:55.7157815Z               "tree_id": "9373e4feea4d55bc63397ae831b1e81c4244e661",
Docker Build Test	Build API image	2026-02-08T23:20:55.7158646Z               "url": "https://github.com/ancientnerds/AncientMap/commit/03a3ad29619381c5cd0666e84b7dc70ccf3bbee5"
Docker Build Test	Build API image	2026-02-08T23:20:55.7159396Z             }
Docker Build Test	Build API image	2026-02-08T23:20:55.7159644Z           ],
Docker Build Test	Build API image	2026-02-08T23:20:55.7160220Z           "compare": "https://github.com/ancientnerds/AncientMap/compare/84d9e8ca7372...03a3ad296193",
Docker Build Test	Build API image	2026-02-08T23:20:55.7160923Z           "created": false,
Docker Build Test	Build API image	2026-02-08T23:20:55.7161455Z           "deleted": false,
Docker Build Test	Build API image	2026-02-08T23:20:55.7161788Z           "forced": false,
Docker Build Test	Build API image	2026-02-08T23:20:55.7162102Z           "head_commit": {
Docker Build Test	Build API image	2026-02-08T23:20:55.7162420Z             "author": {
Docker Build Test	Build API image	2026-02-08T23:20:55.7162780Z               "email": "ancient.nerds@protonmail.com",
Docker Build Test	Build API image	2026-02-08T23:20:55.7163236Z               "name": "Ancient Nerds",
Docker Build Test	Build API image	2026-02-08T23:20:55.7163624Z               "username": "ancientnerds"
Docker Build Test	Build API image	2026-02-08T23:20:55.7164000Z             },
Docker Build Test	Build API image	2026-02-08T23:20:55.7164270Z             "committer": {
Docker Build Test	Build API image	2026-02-08T23:20:55.7164642Z               "email": "ancient.nerds@protonmail.com",
Docker Build Test	Build API image	2026-02-08T23:20:55.7165070Z               "name": "Ancient Nerds",
Docker Build Test	Build API image	2026-02-08T23:20:55.7165440Z               "username": "ancientnerds"
Docker Build Test	Build API image	2026-02-08T23:20:55.7165798Z             },
Docker Build Test	Build API image	2026-02-08T23:20:55.7166068Z             "distinct": true,
Docker Build Test	Build API image	2026-02-08T23:20:55.7166474Z             "id": "03a3ad29619381c5cd0666e84b7dc70ccf3bbee5",
Docker Build Test	Build API image	2026-02-08T23:20:55.7169048Z             "message": "Fix news cards missing in Lyra chat: isolate filter extraction failure\n\n_extract_news_filters (Haiku LLM call) was running before site-specific\nnews fetch with no error handling. When it failed, all news was lost.\nNow site-specific news fetches first (always works), and the filter\nextraction is wrapped in try/except so failures don't kill the response.\n\nCo-Authored-By: Claude Opus 4.6 <noreply@anthropic.com>",
Docker Build Test	Build API image	2026-02-08T23:20:55.7173136Z             "timestamp": "2026-02-09T00:18:38+01:00",
Docker Build Test	Build API image	2026-02-08T23:20:55.7173913Z             "tree_id": "9373e4feea4d55bc63397ae831b1e81c4244e661",
Docker Build Test	Build API image	2026-02-08T23:20:55.7174783Z             "url": "https://github.com/ancientnerds/AncientMap/commit/03a3ad29619381c5cd0666e84b7dc70ccf3bbee5"
Docker Build Test	Build API image	2026-02-08T23:20:55.7175565Z           },
Docker Build Test	Build API image	2026-02-08T23:20:55.7175858Z           "pusher": {
Docker Build Test	Build API image	2026-02-08T23:20:55.7176219Z             "email": "ancientnerdsdao@gmail.com",
Docker Build Test	Build API image	2026-02-08T23:20:55.7176644Z             "name": "ancientnerds"
Docker Build Test	Build API image	2026-02-08T23:20:55.7177003Z           },
Docker Build Test	Build API image	2026-02-08T23:20:55.7177275Z           "ref": "refs/heads/main",
Docker Build Test	Build API image	2026-02-08T23:20:55.7177636Z           "repository": {
Docker Build Test	Build API image	2026-02-08T23:20:55.7177967Z             "allow_forking": true,
Docker Build Test	Build API image	2026-02-08T23:20:55.7178665Z             "archive_url": "https://api.github.com/repos/ancientnerds/AncientMap/{archive_format}{/ref}",
Docker Build Test	Build API image	2026-02-08T23:20:55.7179395Z             "archived": false,
Docker Build Test	Build API image	2026-02-08T23:20:55.7180023Z             "assignees_url": "https://api.github.com/repos/ancientnerds/AncientMap/assignees{/user}",
Docker Build Test	Build API image	2026-02-08T23:20:55.7180993Z             "blobs_url": "https://api.github.com/repos/ancientnerds/AncientMap/git/blobs{/sha}",
Docker Build Test	Build API image	2026-02-08T23:20:55.7182251Z             "branches_url": "https://api.github.com/repos/ancientnerds/AncientMap/branches{/branch}",
Docker Build Test	Build API image	2026-02-08T23:20:55.7182813Z             "clone_url": "https://github.com/ancientnerds/AncientMap.git",
Docker Build Test	Build API image	2026-02-08T23:20:55.7183692Z             "collaborators_url": "https://api.github.com/repos/ancientnerds/AncientMap/collaborators{/collaborator}",
Docker Build Test	Build API image	2026-02-08T23:20:55.7184654Z             "comments_url": "https://api.github.com/repos/ancientnerds/AncientMap/comments{/number}",
Docker Build Test	Build API image	2026-02-08T23:20:55.7185212Z             "commits_url": "https://api.github.com/repos/ancientnerds/AncientMap/commits{/sha}",
Docker Build Test	Build API image	2026-02-08T23:20:55.7185774Z             "compare_url": "https://api.github.com/repos/ancientnerds/AncientMap/compare/{base}...{head}",
Docker Build Test	Build API image	2026-02-08T23:20:55.7186354Z             "contents_url": "https://api.github.com/repos/ancientnerds/AncientMap/contents/{+path}",
Docker Build Test	Build API image	2026-02-08T23:20:55.7186923Z             "contributors_url": "https://api.github.com/repos/ancientnerds/AncientMap/contributors",
Docker Build Test	Build API image	2026-02-08T23:20:55.7187326Z             "created_at": 1769641073,
Docker Build Test	Build API image	2026-02-08T23:20:55.7187555Z             "default_branch": "main",
Docker Build Test	Build API image	2026-02-08T23:20:55.7187949Z             "deployments_url": "https://api.github.com/repos/ancientnerds/AncientMap/deployments",
Docker Build Test	Build API image	2026-02-08T23:20:55.7188821Z             "description": "Explore over 5,000 archaeological sites worldwide on an interactive 3D globe. Discover ancient civilizations, megalithic structures, and historical empires.",
Docker Build Test	Build API image	2026-02-08T23:20:55.7189515Z             "disabled": false,
Docker Build Test	Build API image	2026-02-08T23:20:55.7189866Z             "downloads_url": "https://api.github.com/repos/ancientnerds/AncientMap/downloads",
Docker Build Test	Build API image	2026-02-08T23:20:55.7190366Z             "events_url": "https://api.github.com/repos/ancientnerds/AncientMap/events",
Docker Build Test	Build API image	2026-02-08T23:20:55.7190718Z             "fork": false,
Docker Build Test	Build API image	2026-02-08T23:20:55.7190904Z             "forks": 0,
Docker Build Test	Build API image	2026-02-08T23:20:55.7191265Z             "forks_count": 0,
Docker Build Test	Build API image	2026-02-08T23:20:55.7191811Z             "forks_url": "https://api.github.com/repos/ancientnerds/AncientMap/forks",
Docker Build Test	Build API image	2026-02-08T23:20:55.7192325Z             "full_name": "ancientnerds/AncientMap",
Docker Build Test	Build API image	2026-02-08T23:20:55.7192759Z             "git_commits_url": "https://api.github.com/repos/ancientnerds/AncientMap/git/commits{/sha}",
Docker Build Test	Build API image	2026-02-08T23:20:55.7193329Z             "git_refs_url": "https://api.github.com/repos/ancientnerds/AncientMap/git/refs{/sha}",
Docker Build Test	Build API image	2026-02-08T23:20:55.7194113Z             "git_tags_url": "https://api.github.com/repos/ancientnerds/AncientMap/git/tags{/sha}",
Docker Build Test	Build API image	2026-02-08T23:20:55.7194569Z             "git_url": "git://github.com/ancientnerds/AncientMap.git",
Docker Build Test	Build API image	2026-02-08T23:20:55.7194878Z             "has_discussions": false,
Docker Build Test	Build API image	2026-02-08T23:20:55.7195102Z             "has_downloads": true,
Docker Build Test	Build API image	2026-02-08T23:20:55.7195323Z             "has_issues": true,
Docker Build Test	Build API image	2026-02-08T23:20:55.7195525Z             "has_pages": false,
Docker Build Test	Build API image	2026-02-08T23:20:55.7195865Z             "has_projects": true,
Docker Build Test	Build API image	2026-02-08T23:20:55.7196225Z             "has_wiki": true,
Docker Build Test	Build API image	2026-02-08T23:20:55.7196547Z             "homepage": null,
Docker Build Test	Build API image	2026-02-08T23:20:55.7197170Z             "hooks_url": "https://api.github.com/repos/ancientnerds/AncientMap/hooks",
Docker Build Test	Build API image	2026-02-08T23:20:55.7197707Z             "html_url": "https://github.com/ancientnerds/AncientMap",
Docker Build Test	Build API image	2026-02-08T23:20:55.7197999Z             "id": 1144665413,
Docker Build Test	Build API image	2026-02-08T23:20:55.7198203Z             "is_template": false,
Docker Build Test	Build API image	2026-02-08T23:20:55.7198628Z             "issue_comment_url": "https://api.github.com/repos/ancientnerds/AncientMap/issues/comments{/number}",
Docker Build Test	Build API image	2026-02-08T23:20:55.7199276Z             "issue_events_url": "https://api.github.com/repos/ancientnerds/AncientMap/issues/events{/number}",
Docker Build Test	Build API image	2026-02-08T23:20:55.7199855Z             "issues_url": "https://api.github.com/repos/ancientnerds/AncientMap/issues{/number}",
Docker Build Test	Build API image	2026-02-08T23:20:55.7200379Z             "keys_url": "https://api.github.com/repos/ancientnerds/AncientMap/keys{/key_id}",
Docker Build Test	Build API image	2026-02-08T23:20:55.7200900Z             "labels_url": "https://api.github.com/repos/ancientnerds/AncientMap/labels{/name}",
Docker Build Test	Build API image	2026-02-08T23:20:55.7201499Z             "language": "Python",
Docker Build Test	Build API image	2026-02-08T23:20:55.7201863Z             "languages_url": "https://api.github.com/repos/ancientnerds/AncientMap/languages",
Docker Build Test	Build API image	2026-02-08T23:20:55.7202234Z             "license": {
Docker Build Test	Build API image	2026-02-08T23:20:55.7202423Z               "key": "other",
Docker Build Test	Build API image	2026-02-08T23:20:55.7202699Z               "name": "Other",
Docker Build Test	Build API image	2026-02-08T23:20:55.7203085Z               "node_id": "MDc6TGljZW5zZTA=",
Docker Build Test	Build API image	2026-02-08T23:20:55.7203447Z               "spdx_id": "NOASSERTION",
Docker Build Test	Build API image	2026-02-08T23:20:55.7203679Z               "url": null
Docker Build Test	Build API image	2026-02-08T23:20:55.7203978Z             },
Docker Build Test	Build API image	2026-02-08T23:20:55.7204190Z             "master_branch": "main",
Docker Build Test	Build API image	2026-02-08T23:20:55.7204543Z             "merges_url": "https://api.github.com/repos/ancientnerds/AncientMap/merges",
Docker Build Test	Build API image	2026-02-08T23:20:55.7205104Z             "milestones_url": "https://api.github.com/repos/ancientnerds/AncientMap/milestones{/number}",
Docker Build Test	Build API image	2026-02-08T23:20:55.7205533Z             "mirror_url": null,
Docker Build Test	Build API image	2026-02-08T23:20:55.7205740Z             "name": "AncientMap",
Docker Build Test	Build API image	2026-02-08T23:20:55.7205959Z             "node_id": "R_kgDORDo1RQ",
Docker Build Test	Build API image	2026-02-08T23:20:55.7206486Z             "notifications_url": "https://api.github.com/repos/ancientnerds/AncientMap/notifications{?since,all,participating}",
Docker Build Test	Build API image	2026-02-08T23:20:55.7207007Z             "open_issues": 0,
Docker Build Test	Build API image	2026-02-08T23:20:55.7207224Z             "open_issues_count": 0,
Docker Build Test	Build API image	2026-02-08T23:20:55.7207433Z             "owner": {
Docker Build Test	Build API image	2026-02-08T23:20:55.7207733Z               "avatar_url": "https://avatars.githubusercontent.com/u/257604322?v=4",
Docker Build Test	Build API image	2026-02-08T23:20:55.7208106Z               "email": "ancientnerdsdao@gmail.com",
Docker Build Test	Build API image	2026-02-08T23:20:55.7208487Z               "events_url": "https://api.github.com/users/ancientnerds/events{/privacy}",
Docker Build Test	Build API image	2026-02-08T23:20:55.7208952Z               "followers_url": "https://api.github.com/users/ancientnerds/followers",
Docker Build Test	Build API image	2026-02-08T23:20:55.7209449Z               "following_url": "https://api.github.com/users/ancientnerds/following{/other_user}",
Docker Build Test	Build API image	2026-02-08T23:20:55.7209950Z               "gists_url": "https://api.github.com/users/ancientnerds/gists{/gist_id}",
Docker Build Test	Build API image	2026-02-08T23:20:55.7210301Z               "gravatar_id": "",
Docker Build Test	Build API image	2026-02-08T23:20:55.7210559Z               "html_url": "https://github.com/ancientnerds",
Docker Build Test	Build API image	2026-02-08T23:20:55.7210829Z               "id": 257604322,
Docker Build Test	Build API image	2026-02-08T23:20:55.7211384Z               "login": "ancientnerds",
Docker Build Test	Build API image	2026-02-08T23:20:55.7211615Z               "name": "ancientnerds",
Docker Build Test	Build API image	2026-02-08T23:20:55.7211844Z               "node_id": "U_kgDOD1q64g",
Docker Build Test	Build API image	2026-02-08T23:20:55.7212183Z               "organizations_url": "https://api.github.com/users/ancientnerds/orgs",
Docker Build Test	Build API image	2026-02-08T23:20:55.7212690Z               "received_events_url": "https://api.github.com/users/ancientnerds/received_events",
Docker Build Test	Build API image	2026-02-08T23:20:55.7213167Z               "repos_url": "https://api.github.com/users/ancientnerds/repos",
Docker Build Test	Build API image	2026-02-08T23:20:55.7213491Z               "site_admin": false,
Docker Build Test	Build API image	2026-02-08T23:20:55.7214001Z               "starred_url": "https://api.github.com/users/ancientnerds/starred{/owner}{/repo}",
Docker Build Test	Build API image	2026-02-08T23:20:55.7214520Z               "subscriptions_url": "https://api.github.com/users/ancientnerds/subscriptions",
Docker Build Test	Build API image	2026-02-08T23:20:55.7214901Z               "type": "User",
Docker Build Test	Build API image	2026-02-08T23:20:55.7215153Z               "url": "https://api.github.com/users/ancientnerds",
Docker Build Test	Build API image	2026-02-08T23:20:55.7215445Z               "user_view_type": "public"
Docker Build Test	Build API image	2026-02-08T23:20:55.7215668Z             },
Docker Build Test	Build API image	2026-02-08T23:20:55.7215831Z             "private": false,
Docker Build Test	Build API image	2026-02-08T23:20:55.7216191Z             "pulls_url": "https://api.github.com/repos/ancientnerds/AncientMap/pulls{/number}",
Docker Build Test	Build API image	2026-02-08T23:20:55.7216580Z             "pushed_at": 1770592725,
Docker Build Test	Build API image	2026-02-08T23:20:55.7216955Z             "releases_url": "https://api.github.com/repos/ancientnerds/AncientMap/releases{/id}",
Docker Build Test	Build API image	2026-02-08T23:20:55.7217339Z             "size": 1070841,
Docker Build Test	Build API image	2026-02-08T23:20:55.7217597Z             "ssh_url": "git@github.com:ancientnerds/AncientMap.git",
Docker Build Test	Build API image	2026-02-08T23:20:55.7217898Z             "stargazers": 0,
Docker Build Test	Build API image	2026-02-08T23:20:55.7218098Z             "stargazers_count": 0,
Docker Build Test	Build API image	2026-02-08T23:20:55.7218469Z             "stargazers_url": "https://api.github.com/repos/ancientnerds/AncientMap/stargazers",
Docker Build Test	Build API image	2026-02-08T23:20:55.7219011Z             "statuses_url": "https://api.github.com/repos/ancientnerds/AncientMap/statuses/{sha}",
Docker Build Test	Build API image	2026-02-08T23:20:55.7219558Z             "subscribers_url": "https://api.github.com/repos/ancientnerds/AncientMap/subscribers",
Docker Build Test	Build API image	2026-02-08T23:20:55.7220117Z             "subscription_url": "https://api.github.com/repos/ancientnerds/AncientMap/subscription",
Docker Build Test	Build API image	2026-02-08T23:20:55.7220585Z             "svn_url": "https://github.com/ancientnerds/AncientMap",
Docker Build Test	Build API image	2026-02-08T23:20:55.7220984Z             "tags_url": "https://api.github.com/repos/ancientnerds/AncientMap/tags",
Docker Build Test	Build API image	2026-02-08T23:20:55.7221624Z             "teams_url": "https://api.github.com/repos/ancientnerds/AncientMap/teams",
Docker Build Test	Build API image	2026-02-08T23:20:55.7221993Z             "topics": [],
Docker Build Test	Build API image	2026-02-08T23:20:55.7222335Z             "trees_url": "https://api.github.com/repos/ancientnerds/AncientMap/git/trees{/sha}",
Docker Build Test	Build API image	2026-02-08T23:20:55.7222744Z             "updated_at": "2026-02-08T23:17:07Z",
Docker Build Test	Build API image	2026-02-08T23:20:55.7223067Z             "url": "https://api.github.com/repos/ancientnerds/AncientMap",
Docker Build Test	Build API image	2026-02-08T23:20:55.7223393Z             "visibility": "public",
Docker Build Test	Build API image	2026-02-08T23:20:55.7223622Z             "watchers": 0,
Docker Build Test	Build API image	2026-02-08T23:20:55.7223817Z             "watchers_count": 0,
Docker Build Test	Build API image	2026-02-08T23:20:55.7224051Z             "web_commit_signoff_required": false
Docker Build Test	Build API image	2026-02-08T23:20:55.7224282Z           },
Docker Build Test	Build API image	2026-02-08T23:20:55.7224437Z           "sender": {
Docker Build Test	Build API image	2026-02-08T23:20:55.7224725Z             "avatar_url": "https://avatars.githubusercontent.com/u/257604322?v=4",
Docker Build Test	Build API image	2026-02-08T23:20:55.7225192Z             "events_url": "https://api.github.com/users/ancientnerds/events{/privacy}",
Docker Build Test	Build API image	2026-02-08T23:20:55.7225656Z             "followers_url": "https://api.github.com/users/ancientnerds/followers",
Docker Build Test	Build API image	2026-02-08T23:20:55.7226154Z             "following_url": "https://api.github.com/users/ancientnerds/following{/other_user}",
Docker Build Test	Build API image	2026-02-08T23:20:55.7226655Z             "gists_url": "https://api.github.com/users/ancientnerds/gists{/gist_id}",
Docker Build Test	Build API image	2026-02-08T23:20:55.7227002Z             "gravatar_id": "",
Docker Build Test	Build API image	2026-02-08T23:20:55.7227255Z             "html_url": "https://github.com/ancientnerds",
Docker Build Test	Build API image	2026-02-08T23:20:55.7227525Z             "id": 257604322,
Docker Build Test	Build API image	2026-02-08T23:20:55.7227860Z             "login": "ancientnerds",
Docker Build Test	Build API image	2026-02-08T23:20:55.7228087Z             "node_id": "U_kgDOD1q64g",
Docker Build Test	Build API image	2026-02-08T23:20:55.7228424Z             "organizations_url": "https://api.github.com/users/ancientnerds/orgs",
Docker Build Test	Build API image	2026-02-08T23:20:55.7228920Z             "received_events_url": "https://api.github.com/users/ancientnerds/received_events",
Docker Build Test	Build API image	2026-02-08T23:20:55.7229384Z             "repos_url": "https://api.github.com/users/ancientnerds/repos",
Docker Build Test	Build API image	2026-02-08T23:20:55.7229708Z             "site_admin": false,
Docker Build Test	Build API image	2026-02-08T23:20:55.7230054Z             "starred_url": "https://api.github.com/users/ancientnerds/starred{/owner}{/repo}",
Docker Build Test	Build API image	2026-02-08T23:20:55.7230698Z             "subscriptions_url": "https://api.github.com/users/ancientnerds/subscriptions",
Docker Build Test	Build API image	2026-02-08T23:20:55.7231069Z             "type": "User",
Docker Build Test	Build API image	2026-02-08T23:20:55.7231623Z             "url": "https://api.github.com/users/ancientnerds",
Docker Build Test	Build API image	2026-02-08T23:20:55.7232103Z             "user_view_type": "public"
Docker Build Test	Build API image	2026-02-08T23:20:55.7232468Z           }
Docker Build Test	Build API image	2026-02-08T23:20:55.7232710Z         },
Docker Build Test	Build API image	2026-02-08T23:20:55.7232982Z         "github_job": "docker-build",
Docker Build Test	Build API image	2026-02-08T23:20:55.7233293Z         "github_ref": "refs/heads/main",
Docker Build Test	Build API image	2026-02-08T23:20:55.7233524Z         "github_ref_name": "main",
Docker Build Test	Build API image	2026-02-08T23:20:55.7233750Z         "github_ref_protected": "true",
Docker Build Test	Build API image	2026-02-08T23:20:55.7233977Z         "github_ref_type": "branch",
Docker Build Test	Build API image	2026-02-08T23:20:55.7234239Z         "github_repository": "ancientnerds/AncientMap",
Docker Build Test	Build API image	2026-02-08T23:20:55.7234520Z         "github_repository_id": "1144665413",
Docker Build Test	Build API image	2026-02-08T23:20:55.7234787Z         "github_repository_owner": "ancientnerds",
Docker Build Test	Build API image	2026-02-08T23:20:55.7235072Z         "github_repository_owner_id": "257604322",
Docker Build Test	Build API image	2026-02-08T23:20:55.7235320Z         "github_run_attempt": "1",
Docker Build Test	Build API image	2026-02-08T23:20:55.7235541Z         "github_run_id": "21807249508",
Docker Build Test	Build API image	2026-02-08T23:20:55.7235767Z         "github_run_number": "190",
Docker Build Test	Build API image	2026-02-08T23:20:55.7235990Z         "github_runner_arch": "X64",
Docker Build Test	Build API image	2026-02-08T23:20:55.7236249Z         "github_runner_environment": "github-hosted",
Docker Build Test	Build API image	2026-02-08T23:20:55.7236529Z         "github_runner_image_os": "ubuntu24",
Docker Build Test	Build API image	2026-02-08T23:20:55.7236835Z         "github_runner_image_version": "20260201.15.1",
Docker Build Test	Build API image	2026-02-08T23:20:55.7237131Z         "github_runner_name": "GitHub Actions 1000000888",
Docker Build Test	Build API image	2026-02-08T23:20:55.7237401Z         "github_runner_os": "Linux",
Docker Build Test	Build API image	2026-02-08T23:20:55.7237727Z         "github_runner_tracking_id": "github_38ce34a6-ae00-46a6-bba9-54fc55d91edb",
Docker Build Test	Build API image	2026-02-08T23:20:55.7238113Z         "github_server_url": "https://github.com",
Docker Build Test	Build API image	2026-02-08T23:20:55.7238391Z         "github_triggering_actor": "ancientnerds",
Docker Build Test	Build API image	2026-02-08T23:20:55.7238645Z         "github_workflow": "CI",
Docker Build Test	Build API image	2026-02-08T23:20:55.7239024Z         "github_workflow_ref": "ancientnerds/AncientMap/.github/workflows/ci.yml@refs/heads/main",
Docker Build Test	Build API image	2026-02-08T23:20:55.7239528Z         "github_workflow_sha": "03a3ad29619381c5cd0666e84b7dc70ccf3bbee5",
Docker Build Test	Build API image	2026-02-08T23:20:55.7239859Z         "platform": "linux/amd64"
Docker Build Test	Build API image	2026-02-08T23:20:55.7240064Z       }
Docker Build Test	Build API image	2026-02-08T23:20:55.7240208Z     }
Docker Build Test	Build API image	2026-02-08T23:20:55.7240342Z   },
Docker Build Test	Build API image	2026-02-08T23:20:55.7240854Z   "buildx.build.ref": "builder-aeda0211-f158-464e-aea7-5867a725dace/builder-aeda0211-f158-464e-aea7-5867a725dace0/xjscbbvg6az8e5zpoigrroqwl"
Docker Build Test	Build API image	2026-02-08T23:20:55.7241688Z }
Docker Build Test	Build API image	2026-02-08T23:20:55.7242032Z ##[endgroup]
Docker Build Test	Build Lyra image	﻿2026-02-08T23:20:55.7307722Z ##[group]Run docker/build-push-action@v5
Docker Build Test	Build Lyra image	2026-02-08T23:20:55.7308000Z with:
Docker Build Test	Build Lyra image	2026-02-08T23:20:55.7308170Z   context: .
Docker Build Test	Build Lyra image	2026-02-08T23:20:55.7308341Z   file: ./Dockerfile.lyra
Docker Build Test	Build Lyra image	2026-02-08T23:20:55.7308541Z   push: false
Docker Build Test	Build Lyra image	2026-02-08T23:20:55.7308719Z   tags: ancient-nerds-lyra:test
Docker Build Test	Build Lyra image	2026-02-08T23:20:55.7308939Z   cache-from: type=gha
Docker Build Test	Build Lyra image	2026-02-08T23:20:55.7309139Z   cache-to: type=gha,mode=max
Docker Build Test	Build Lyra image	2026-02-08T23:20:55.7309352Z   load: false
Docker Build Test	Build Lyra image	2026-02-08T23:20:55.7309515Z   no-cache: false
Docker Build Test	Build Lyra image	2026-02-08T23:20:55.7309677Z   pull: false
Docker Build Test	Build Lyra image	2026-02-08T23:20:55.7309977Z   github-token: ***
Docker Build Test	Build Lyra image	2026-02-08T23:20:55.7310157Z ##[endgroup]
Docker Build Test	Build Lyra image	2026-02-08T23:20:55.9594289Z ##[group]GitHub Actions runtime token ACs
Docker Build Test	Build Lyra image	2026-02-08T23:20:55.9606008Z refs/heads/main: read/write
Docker Build Test	Build Lyra image	2026-02-08T23:20:55.9606832Z ##[endgroup]
Docker Build Test	Build Lyra image	2026-02-08T23:20:55.9607377Z ##[group]Docker info
Docker Build Test	Build Lyra image	2026-02-08T23:20:55.9651296Z [command]/usr/bin/docker version
Docker Build Test	Build Lyra image	2026-02-08T23:20:55.9848381Z Client: Docker Engine - Community
Docker Build Test	Build Lyra image	2026-02-08T23:20:55.9849096Z  Version:           28.0.4
Docker Build Test	Build Lyra image	2026-02-08T23:20:55.9849628Z  API version:       1.48
Docker Build Test	Build Lyra image	2026-02-08T23:20:55.9851474Z  Go version:        go1.23.7
Docker Build Test	Build Lyra image	2026-02-08T23:20:55.9851837Z  Git commit:        b8034c0
Docker Build Test	Build Lyra image	2026-02-08T23:20:55.9852196Z  Built:             Tue Mar 25 15:07:16 2025
Docker Build Test	Build Lyra image	2026-02-08T23:20:55.9852609Z  OS/Arch:           linux/amd64
Docker Build Test	Build Lyra image	2026-02-08T23:20:55.9852960Z  Context:           default
Docker Build Test	Build Lyra image	2026-02-08T23:20:55.9853179Z 
Docker Build Test	Build Lyra image	2026-02-08T23:20:55.9853324Z Server: Docker Engine - Community
Docker Build Test	Build Lyra image	2026-02-08T23:20:55.9853686Z  Engine:
Docker Build Test	Build Lyra image	2026-02-08T23:20:55.9853941Z   Version:          28.0.4
Docker Build Test	Build Lyra image	2026-02-08T23:20:55.9854312Z   API version:      1.48 (minimum version 1.24)
Docker Build Test	Build Lyra image	2026-02-08T23:20:55.9854731Z   Go version:       go1.23.7
Docker Build Test	Build Lyra image	2026-02-08T23:20:55.9855199Z   Git commit:       6430e49
Docker Build Test	Build Lyra image	2026-02-08T23:20:55.9855548Z   Built:            Tue Mar 25 15:07:16 2025
Docker Build Test	Build Lyra image	2026-02-08T23:20:55.9855944Z   OS/Arch:          linux/amd64
Docker Build Test	Build Lyra image	2026-02-08T23:20:55.9856312Z   Experimental:     false
Docker Build Test	Build Lyra image	2026-02-08T23:20:55.9856622Z  containerd:
Docker Build Test	Build Lyra image	2026-02-08T23:20:55.9856891Z   Version:          v2.2.1
Docker Build Test	Build Lyra image	2026-02-08T23:20:55.9857339Z   GitCommit:        dea7da592f5d1d2b7755e3a161be07f43fad8f75
Docker Build Test	Build Lyra image	2026-02-08T23:20:55.9857813Z  runc:
Docker Build Test	Build Lyra image	2026-02-08T23:20:55.9858075Z   Version:          1.3.4
Docker Build Test	Build Lyra image	2026-02-08T23:20:55.9858407Z   GitCommit:        v1.3.4-0-gd6d73eb8
Docker Build Test	Build Lyra image	2026-02-08T23:20:55.9858791Z  docker-init:
Docker Build Test	Build Lyra image	2026-02-08T23:20:55.9859061Z   Version:          0.19.0
Docker Build Test	Build Lyra image	2026-02-08T23:20:55.9859392Z   GitCommit:        de40ad0
Docker Build Test	Build Lyra image	2026-02-08T23:20:55.9905477Z [command]/usr/bin/docker info
Docker Build Test	Build Lyra image	2026-02-08T23:20:56.0357731Z Client: Docker Engine - Community
Docker Build Test	Build Lyra image	2026-02-08T23:20:56.0358290Z  Version:    28.0.4
Docker Build Test	Build Lyra image	2026-02-08T23:20:56.0358612Z  Context:    default
Docker Build Test	Build Lyra image	2026-02-08T23:20:56.0359003Z  Debug Mode: false
Docker Build Test	Build Lyra image	2026-02-08T23:20:56.0359385Z  Plugins:
Docker Build Test	Build Lyra image	2026-02-08T23:20:56.0359724Z   buildx: Docker Buildx (Docker Inc.)
Docker Build Test	Build Lyra image	2026-02-08T23:20:56.0360191Z     Version:  v0.31.1
Docker Build Test	Build Lyra image	2026-02-08T23:20:56.0360683Z     Path:     /usr/libexec/docker/cli-plugins/docker-buildx
Docker Build Test	Build Lyra image	2026-02-08T23:20:56.0361481Z   compose: Docker Compose (Docker Inc.)
Docker Build Test	Build Lyra image	2026-02-08T23:20:56.0361978Z     Version:  v2.38.2
Docker Build Test	Build Lyra image	2026-02-08T23:20:56.0362492Z     Path:     /usr/libexec/docker/cli-plugins/docker-compose
Docker Build Test	Build Lyra image	2026-02-08T23:20:56.0362957Z 
Docker Build Test	Build Lyra image	2026-02-08T23:20:56.0363080Z Server:
Docker Build Test	Build Lyra image	2026-02-08T23:20:56.0363376Z  Containers: 1
Docker Build Test	Build Lyra image	2026-02-08T23:20:56.0363695Z   Running: 1
Docker Build Test	Build Lyra image	2026-02-08T23:20:56.0364001Z   Paused: 0
Docker Build Test	Build Lyra image	2026-02-08T23:20:56.0364280Z   Stopped: 0
Docker Build Test	Build Lyra image	2026-02-08T23:20:56.0364579Z  Images: 2
Docker Build Test	Build Lyra image	2026-02-08T23:20:56.0364893Z  Server Version: 28.0.4
Docker Build Test	Build Lyra image	2026-02-08T23:20:56.0365290Z  Storage Driver: overlay2
Docker Build Test	Build Lyra image	2026-02-08T23:20:56.0365705Z   Backing Filesystem: extfs
Docker Build Test	Build Lyra image	2026-02-08T23:20:56.0366119Z   Supports d_type: true
Docker Build Test	Build Lyra image	2026-02-08T23:20:56.0366483Z   Using metacopy: false
Docker Build Test	Build Lyra image	2026-02-08T23:20:56.0366885Z   Native Overlay Diff: false
Docker Build Test	Build Lyra image	2026-02-08T23:20:56.0367261Z   userxattr: false
Docker Build Test	Build Lyra image	2026-02-08T23:20:56.0367615Z  Logging Driver: json-file
Docker Build Test	Build Lyra image	2026-02-08T23:20:56.0368017Z  Cgroup Driver: systemd
Docker Build Test	Build Lyra image	2026-02-08T23:20:56.0368318Z  Cgroup Version: 2
Docker Build Test	Build Lyra image	2026-02-08T23:20:56.0368593Z  Plugins:
Docker Build Test	Build Lyra image	2026-02-08T23:20:56.0368837Z   Volume: local
Docker Build Test	Build Lyra image	2026-02-08T23:20:56.0369163Z   Network: bridge host ipvlan macvlan null overlay
Docker Build Test	Build Lyra image	2026-02-08T23:20:56.0370197Z   Log: awslogs fluentd gcplogs gelf journald json-file local splunk syslog
Docker Build Test	Build Lyra image	2026-02-08T23:20:56.0370765Z  Swarm: inactive
Docker Build Test	Build Lyra image	2026-02-08T23:20:56.0371241Z  Runtimes: runc io.containerd.runc.v2
Docker Build Test	Build Lyra image	2026-02-08T23:20:56.0371637Z  Default Runtime: runc
Docker Build Test	Build Lyra image	2026-02-08T23:20:56.0371961Z  Init Binary: docker-init
Docker Build Test	Build Lyra image	2026-02-08T23:20:56.0372412Z  containerd version: dea7da592f5d1d2b7755e3a161be07f43fad8f75
Docker Build Test	Build Lyra image	2026-02-08T23:20:56.0372924Z  runc version: v1.3.4-0-gd6d73eb8
Docker Build Test	Build Lyra image	2026-02-08T23:20:56.0373278Z  init version: de40ad0
Docker Build Test	Build Lyra image	2026-02-08T23:20:56.0373593Z  Security Options:
Docker Build Test	Build Lyra image	2026-02-08T23:20:56.0373799Z   apparmor
Docker Build Test	Build Lyra image	2026-02-08T23:20:56.0374141Z   seccomp
Docker Build Test	Build Lyra image	2026-02-08T23:20:56.0374293Z    Profile: builtin
Docker Build Test	Build Lyra image	2026-02-08T23:20:56.0374471Z   cgroupns
Docker Build Test	Build Lyra image	2026-02-08T23:20:56.0374638Z  Kernel Version: 6.11.0-1018-azure
Docker Build Test	Build Lyra image	2026-02-08T23:20:56.0374874Z  Operating System: Ubuntu 24.04.3 LTS
Docker Build Test	Build Lyra image	2026-02-08T23:20:56.0375109Z  OSType: linux
Docker Build Test	Build Lyra image	2026-02-08T23:20:56.0375276Z  Architecture: x86_64
Docker Build Test	Build Lyra image	2026-02-08T23:20:56.0375461Z  CPUs: 4
Docker Build Test	Build Lyra image	2026-02-08T23:20:56.0375611Z  Total Memory: 15.62GiB
Docker Build Test	Build Lyra image	2026-02-08T23:20:56.0375797Z  Name: runnervmwffz4
Docker Build Test	Build Lyra image	2026-02-08T23:20:56.0375987Z  ID: 073c65d4-c458-42c9-935a-939d0489da0a
Docker Build Test	Build Lyra image	2026-02-08T23:20:56.0376230Z  Docker Root Dir: /var/lib/docker
Docker Build Test	Build Lyra image	2026-02-08T23:20:56.0376437Z  Debug Mode: false
Docker Build Test	Build Lyra image	2026-02-08T23:20:56.0376615Z  Username: githubactions
Docker Build Test	Build Lyra image	2026-02-08T23:20:56.0376827Z  Experimental: false
Docker Build Test	Build Lyra image	2026-02-08T23:20:56.0377012Z  Insecure Registries:
Docker Build Test	Build Lyra image	2026-02-08T23:20:56.0377214Z   ::1/128
Docker Build Test	Build Lyra image	2026-02-08T23:20:56.0377359Z   127.0.0.0/8
Docker Build Test	Build Lyra image	2026-02-08T23:20:56.0377529Z  Live Restore Enabled: false
Docker Build Test	Build Lyra image	2026-02-08T23:20:56.0377681Z 
Docker Build Test	Build Lyra image	2026-02-08T23:20:56.0378245Z ##[endgroup]
Docker Build Test	Build Lyra image	2026-02-08T23:20:56.0378751Z ##[group]Proxy configuration
Docker Build Test	Build Lyra image	2026-02-08T23:20:56.0382341Z No proxy configuration found
Docker Build Test	Build Lyra image	2026-02-08T23:20:56.0382917Z ##[endgroup]
Docker Build Test	Build Lyra image	2026-02-08T23:20:56.1028709Z ##[group]Buildx version
Docker Build Test	Build Lyra image	2026-02-08T23:20:56.1055463Z [command]/usr/bin/docker buildx version
Docker Build Test	Build Lyra image	2026-02-08T23:20:56.1808578Z github.com/docker/buildx v0.31.1 a2675950d46b2cb171b23c2015ca44fb88607531
Docker Build Test	Build Lyra image	2026-02-08T23:20:56.1845989Z ##[endgroup]
Docker Build Test	Build Lyra image	2026-02-08T23:20:56.1846503Z ##[group]Builder info
Docker Build Test	Build Lyra image	2026-02-08T23:20:56.3102461Z {
Docker Build Test	Build Lyra image	2026-02-08T23:20:56.3102933Z   "nodes": [
Docker Build Test	Build Lyra image	2026-02-08T23:20:56.3103239Z     {
Docker Build Test	Build Lyra image	2026-02-08T23:20:56.3103666Z       "name": "builder-aeda0211-f158-464e-aea7-5867a725dace0",
Docker Build Test	Build Lyra image	2026-02-08T23:20:56.3104264Z       "endpoint": "unix:///var/run/docker.sock",
Docker Build Test	Build Lyra image	2026-02-08T23:20:56.3104715Z       "status": "running",
Docker Build Test	Build Lyra image	2026-02-08T23:20:56.3105429Z       "buildkitd-flags": "--allow-insecure-entitlement security.insecure --allow-insecure-entitlement network.host",
Docker Build Test	Build Lyra image	2026-02-08T23:20:56.3105970Z       "buildkit": "v0.27.1",
Docker Build Test	Build Lyra image	2026-02-08T23:20:56.3106314Z       "platforms": "linux/amd64,linux/amd64/v2,linux/amd64/v3,linux/386",
Docker Build Test	Build Lyra image	2026-02-08T23:20:56.3106632Z       "features": {
Docker Build Test	Build Lyra image	2026-02-08T23:20:56.3106916Z         "Automatically load images to the Docker Engine image store": true,
Docker Build Test	Build Lyra image	2026-02-08T23:20:56.3107258Z         "Cache export": true,
Docker Build Test	Build Lyra image	2026-02-08T23:20:56.3107470Z         "Direct push": true,
Docker Build Test	Build Lyra image	2026-02-08T23:20:56.3107678Z         "Docker exporter": true,
Docker Build Test	Build Lyra image	2026-02-08T23:20:56.3107903Z         "Multi-platform build": true,
Docker Build Test	Build Lyra image	2026-02-08T23:20:56.3108135Z         "OCI exporter": true
Docker Build Test	Build Lyra image	2026-02-08T23:20:56.3108327Z       },
Docker Build Test	Build Lyra image	2026-02-08T23:20:56.3108476Z       "labels": {
Docker Build Test	Build Lyra image	2026-02-08T23:20:56.3108711Z         "org.mobyproject.buildkit.worker.executor": "oci",
Docker Build Test	Build Lyra image	2026-02-08T23:20:56.3109090Z         "org.mobyproject.buildkit.worker.hostname": "23e28fa12932",
Docker Build Test	Build Lyra image	2026-02-08T23:20:56.3109454Z         "org.mobyproject.buildkit.worker.network": "host",
Docker Build Test	Build Lyra image	2026-02-08T23:20:56.3109849Z         "org.mobyproject.buildkit.worker.oci.process-mode": "sandbox",
Docker Build Test	Build Lyra image	2026-02-08T23:20:56.3110290Z         "org.mobyproject.buildkit.worker.selinux.enabled": "false",
Docker Build Test	Build Lyra image	2026-02-08T23:20:56.3110700Z         "org.mobyproject.buildkit.worker.snapshotter": "overlayfs"
Docker Build Test	Build Lyra image	2026-02-08T23:20:56.3110998Z       },
Docker Build Test	Build Lyra image	2026-02-08T23:20:56.3111369Z       "gcPolicy": [
Docker Build Test	Build Lyra image	2026-02-08T23:20:56.3111655Z         {
Docker Build Test	Build Lyra image	2026-02-08T23:20:56.3111808Z           "all": false,
Docker Build Test	Build Lyra image	2026-02-08T23:20:56.3112371Z           "filter": [
Docker Build Test	Build Lyra image	2026-02-08T23:20:56.3112553Z             "type==source.local",
Docker Build Test	Build Lyra image	2026-02-08T23:20:56.3112782Z             "type==exec.cachemount",
Docker Build Test	Build Lyra image	2026-02-08T23:20:56.3113015Z             "type==source.git.checkout"
Docker Build Test	Build Lyra image	2026-02-08T23:20:56.3113240Z           ],
Docker Build Test	Build Lyra image	2026-02-08T23:20:56.3113404Z           "keepDuration": "48h0m0s"
Docker Build Test	Build Lyra image	2026-02-08T23:20:56.3113610Z         },
Docker Build Test	Build Lyra image	2026-02-08T23:20:56.3113765Z         {
Docker Build Test	Build Lyra image	2026-02-08T23:20:56.3113912Z           "all": false,
Docker Build Test	Build Lyra image	2026-02-08T23:20:56.3114099Z           "keepDuration": "1440h0m0s"
Docker Build Test	Build Lyra image	2026-02-08T23:20:56.3114301Z         },
Docker Build Test	Build Lyra image	2026-02-08T23:20:56.3114445Z         {
Docker Build Test	Build Lyra image	2026-02-08T23:20:56.3114747Z           "all": false
Docker Build Test	Build Lyra image	2026-02-08T23:20:56.3114925Z         },
Docker Build Test	Build Lyra image	2026-02-08T23:20:56.3115060Z         {
Docker Build Test	Build Lyra image	2026-02-08T23:20:56.3115200Z           "all": true
Docker Build Test	Build Lyra image	2026-02-08T23:20:56.3115357Z         }
Docker Build Test	Build Lyra image	2026-02-08T23:20:56.3115499Z       ]
Docker Build Test	Build Lyra image	2026-02-08T23:20:56.3115632Z     }
Docker Build Test	Build Lyra image	2026-02-08T23:20:56.3115771Z   ],
Docker Build Test	Build Lyra image	2026-02-08T23:20:56.3115973Z   "name": "builder-aeda0211-f158-464e-aea7-5867a725dace",
Docker Build Test	Build Lyra image	2026-02-08T23:20:56.3116277Z   "driver": "docker-container",
Docker Build Test	Build Lyra image	2026-02-08T23:20:56.3116505Z   "lastActivity": "2026-02-08T23:19:36.000Z"
Docker Build Test	Build Lyra image	2026-02-08T23:20:56.3116723Z }
Docker Build Test	Build Lyra image	2026-02-08T23:20:56.3117093Z ##[endgroup]
Docker Build Test	Build Lyra image	2026-02-08T23:20:56.4821340Z [command]/usr/bin/docker buildx build --cache-from type=gha --cache-to type=gha,mode=max --file ./Dockerfile.lyra --iidfile /home/runner/work/_temp/docker-actions-toolkit-phgsFX/build-iidfile-da17bd4d76.txt --attest type=provenance,mode=max,builder-id=https://github.com/ancientnerds/AncientMap/actions/runs/21807249508 --tag ancient-nerds-lyra:test --metadata-file /home/runner/work/_temp/docker-actions-toolkit-phgsFX/build-metadata-7b274a05f4.json .
Docker Build Test	Build Lyra image	2026-02-08T23:20:56.7118477Z #0 building with "builder-aeda0211-f158-464e-aea7-5867a725dace" instance using docker-container driver
Docker Build Test	Build Lyra image	2026-02-08T23:20:56.7119677Z 
Docker Build Test	Build Lyra image	2026-02-08T23:20:56.7119984Z #1 [internal] load build definition from Dockerfile.lyra
Docker Build Test	Build Lyra image	2026-02-08T23:20:56.7120631Z #1 transferring dockerfile: 1.90kB done
Docker Build Test	Build Lyra image	2026-02-08T23:20:56.7121250Z #1 DONE 0.0s
Docker Build Test	Build Lyra image	2026-02-08T23:20:56.7121455Z 
Docker Build Test	Build Lyra image	2026-02-08T23:20:56.7121645Z #2 [internal] load metadata for docker.io/library/python:3.11-slim
Docker Build Test	Build Lyra image	2026-02-08T23:20:56.7122425Z #2 DONE 0.1s
Docker Build Test	Build Lyra image	2026-02-08T23:20:56.8790208Z 
Docker Build Test	Build Lyra image	2026-02-08T23:20:56.8790647Z #3 [internal] load .dockerignore
Docker Build Test	Build Lyra image	2026-02-08T23:20:56.8791286Z #3 transferring context: 2B done
Docker Build Test	Build Lyra image	2026-02-08T23:20:56.8791673Z #3 DONE 0.0s
Docker Build Test	Build Lyra image	2026-02-08T23:20:56.8791832Z 
Docker Build Test	Build Lyra image	2026-02-08T23:20:56.8792063Z #4 importing cache manifest from gha:12695206697125595949
Docker Build Test	Build Lyra image	2026-02-08T23:20:56.8792546Z #4 DONE 0.0s
Docker Build Test	Build Lyra image	2026-02-08T23:20:56.8792711Z 
Docker Build Test	Build Lyra image	2026-02-08T23:20:56.8793361Z #5 [builder 1/6] FROM docker.io/library/python:3.11-slim@sha256:0b23cfb7425d065008b778022a17b1551c82f8b4866ee5a7a200084b7e2eafbf
Docker Build Test	Build Lyra image	2026-02-08T23:20:56.8794764Z #5 resolve docker.io/library/python:3.11-slim@sha256:0b23cfb7425d065008b778022a17b1551c82f8b4866ee5a7a200084b7e2eafbf done
Docker Build Test	Build Lyra image	2026-02-08T23:20:56.8795596Z #5 DONE 0.0s
Docker Build Test	Build Lyra image	2026-02-08T23:20:56.8795748Z 
Docker Build Test	Build Lyra image	2026-02-08T23:20:56.8796456Z #6 [builder 3/6] RUN apt-get update && apt-get install -y --no-install-recommends     build-essential     libpq-dev     && rm -rf /var/lib/apt/lists/*
Docker Build Test	Build Lyra image	2026-02-08T23:20:56.8797421Z #6 CACHED
Docker Build Test	Build Lyra image	2026-02-08T23:20:56.8797576Z 
Docker Build Test	Build Lyra image	2026-02-08T23:20:56.8797708Z #7 [builder 2/6] WORKDIR /app
Docker Build Test	Build Lyra image	2026-02-08T23:20:56.8798049Z #7 CACHED
Docker Build Test	Build Lyra image	2026-02-08T23:20:56.8798199Z 
Docker Build Test	Build Lyra image	2026-02-08T23:20:56.8798327Z #8 [internal] load build context
Docker Build Test	Build Lyra image	2026-02-08T23:20:56.8798721Z #8 transferring context: 10.37kB 0.0s done
Docker Build Test	Build Lyra image	2026-02-08T23:20:56.8799120Z #8 DONE 0.0s
Docker Build Test	Build Lyra image	2026-02-08T23:20:56.8799274Z 
Docker Build Test	Build Lyra image	2026-02-08T23:20:56.8799447Z #9 [builder 4/6] RUN python -m venv /opt/venv
Docker Build Test	Build Lyra image	2026-02-08T23:20:56.8799867Z #9 CACHED
Docker Build Test	Build Lyra image	2026-02-08T23:20:56.8800011Z 
Docker Build Test	Build Lyra image	2026-02-08T23:20:56.8800193Z #10 [builder 5/6] COPY requirements.lyra.txt .
Docker Build Test	Build Lyra image	2026-02-08T23:20:56.8800616Z #10 DONE 0.0s
Docker Build Test	Build Lyra image	2026-02-08T23:20:56.8800774Z 
Docker Build Test	Build Lyra image	2026-02-08T23:20:56.8801735Z #11 [production 3/7] RUN apt-get update && apt-get install -y --no-install-recommends     libpq5     curl     ffmpeg     && rm -rf /var/lib/apt/lists/*     && apt-get clean
Docker Build Test	Build Lyra image	2026-02-08T23:20:56.8803286Z #11 0.106 Hit:1 http://deb.debian.org/debian trixie InRelease
Docker Build Test	Build Lyra image	2026-02-08T23:20:57.1098834Z #11 0.106 Get:2 http://deb.debian.org/debian trixie-updates InRelease [47.3 kB]
Docker Build Test	Build Lyra image	2026-02-08T23:20:57.1101036Z #11 0.114 Get:3 http://deb.debian.org/debian-security trixie-security InRelease [43.4 kB]
Docker Build Test	Build Lyra image	2026-02-08T23:20:57.1102140Z #11 0.127 Get:4 http://deb.debian.org/debian trixie/main amd64 Packages [9670 kB]
Docker Build Test	Build Lyra image	2026-02-08T23:20:57.1103006Z #11 0.186 Get:5 http://deb.debian.org/debian trixie-updates/main amd64 Packages [5412 B]
Docker Build Test	Build Lyra image	2026-02-08T23:20:57.1103994Z #11 0.187 Get:6 http://deb.debian.org/debian-security trixie-security/main amd64 Packages [102 kB]
Docker Build Test	Build Lyra image	2026-02-08T23:20:57.6255633Z #11 0.853 Fetched 9869 kB in 1s (12.7 MB/s)
Docker Build Test	Build Lyra image	2026-02-08T23:20:58.1157271Z #11 0.853 Reading package lists...
Docker Build Test	Build Lyra image	2026-02-08T23:20:58.6272338Z #11 1.362 Reading package lists...
Docker Build Test	Build Lyra image	2026-02-08T23:20:58.7715618Z #11 1.864 Building dependency tree...
Docker Build Test	Build Lyra image	2026-02-08T23:20:58.8776899Z #11 1.999 Reading state information...
Docker Build Test	Build Lyra image	2026-02-08T23:20:59.0667343Z #11 2.139 The following additional packages will be installed:
Docker Build Test	Build Lyra image	2026-02-08T23:20:59.0669217Z #11 2.139   fontconfig fontconfig-config fonts-dejavu-core fonts-dejavu-mono libaom3
Docker Build Test	Build Lyra image	2026-02-08T23:20:59.0670249Z #11 2.139   libasound2-data libasound2t64 libass9 libasyncns0 libatomic1 libavc1394-0
Docker Build Test	Build Lyra image	2026-02-08T23:20:59.0671433Z #11 2.139   libavcodec61 libavdevice61 libavfilter10 libavformat61 libavutil59 libblas3
Docker Build Test	Build Lyra image	2026-02-08T23:20:59.0672364Z #11 2.139   libbluray2 libbrotli1 libbs2b0 libcaca0 libcairo-gobject2 libcairo2
Docker Build Test	Build Lyra image	2026-02-08T23:20:59.0673302Z #11 2.139   libcdio-cdda2t64 libcdio-paranoia2t64 libcdio19t64 libchromaprint1 libcjson1
Docker Build Test	Build Lyra image	2026-02-08T23:20:59.0674290Z #11 2.139   libcodec2-1.2 libcom-err2 libcurl4t64 libdatrie1 libdav1d7 libdbus-1-3
Docker Build Test	Build Lyra image	2026-02-08T23:20:59.0675156Z #11 2.140   libdc1394-25 libdecor-0-0 libdeflate0 libdrm-amdgpu1 libdrm-common
Docker Build Test	Build Lyra image	2026-02-08T23:20:59.0676004Z #11 2.140   libdrm-intel1 libdrm2 libdvdnav4 libdvdread8t64 libedit2 libelf1t64
Docker Build Test	Build Lyra image	2026-02-08T23:20:59.0676908Z #11 2.140   libexpat1 libfftw3-double3 libflac14 libflite1 libfontconfig1 libfreetype6
Docker Build Test	Build Lyra image	2026-02-08T23:20:59.0677892Z #11 2.140   libfribidi0 libgbm1 libgdk-pixbuf-2.0-0 libgdk-pixbuf2.0-common libgfortran5
Docker Build Test	Build Lyra image	2026-02-08T23:20:59.0678822Z #11 2.140   libgl1 libgl1-mesa-dri libglib2.0-0t64 libglvnd0 libglx-mesa0 libglx0
Docker Build Test	Build Lyra image	2026-02-08T23:20:59.0679711Z #11 2.140   libgme0 libgnutls30t64 libgomp1 libgraphite2-3 libgsm1 libgssapi-krb5-2
Docker Build Test	Build Lyra image	2026-02-08T23:20:59.0680634Z #11 2.140   libharfbuzz0b libhwy1t64 libidn2-0 libiec61883-0 libjack-jackd2-0 libjbig0
Docker Build Test	Build Lyra image	2026-02-08T23:20:59.0681662Z #11 2.140   libjpeg62-turbo libjxl0.11 libk5crypto3 libkeyutils1 libkrb5-3
Docker Build Test	Build Lyra image	2026-02-08T23:20:59.0682532Z #11 2.140   libkrb5support0 liblapack3 liblcms2-2 libldap2 liblerc4 liblilv-0-0
Docker Build Test	Build Lyra image	2026-02-08T23:20:59.0683379Z #11 2.140   libllvm19 libmbedcrypto16 libmp3lame0 libmpg123-0t64 libmysofa1
Docker Build Test	Build Lyra image	2026-02-08T23:20:59.0684232Z #11 2.140   libnghttp2-14 libnghttp3-9 libnorm1t64 libnuma1 libogg0 libopenal-data
Docker Build Test	Build Lyra image	2026-02-08T23:20:59.0685173Z #11 2.140   libopenal1 libopenjp2-7 libopenmpt0t64 libopus0 libp11-kit0 libpango-1.0-0
Docker Build Test	Build Lyra image	2026-02-08T23:20:59.0686086Z #11 2.140   libpangocairo-1.0-0 libpangoft2-1.0-0 libpciaccess0 libpgm-5.3-0t64
Docker Build Test	Build Lyra image	2026-02-08T23:20:59.0686988Z #11 2.140   libpixman-1-0 libplacebo349 libpng16-16t64 libpocketsphinx3 libpostproc58
Docker Build Test	Build Lyra image	2026-02-08T23:20:59.0687888Z #11 2.140   libpsl5t64 libpulse0 librabbitmq4 librav1e0.7 libraw1394-11 librist4
Docker Build Test	Build Lyra image	2026-02-08T23:20:59.0688714Z #11 2.140   librsvg2-2 librtmp1 librubberband2 libsamplerate0 libsasl2-2
Docker Build Test	Build Lyra image	2026-02-08T23:20:59.0689578Z #11 2.141   libsasl2-modules-db libsdl2-2.0-0 libsensors-config libsensors5 libserd-0-0
Docker Build Test	Build Lyra image	2026-02-08T23:20:59.0690512Z #11 2.141   libsharpyuv0 libshine3 libslang2 libsnappy1v5 libsndfile1 libsodium23
Docker Build Test	Build Lyra image	2026-02-08T23:20:59.0692604Z #11 2.141   libsord-0-0 libsoxr0 libspeex1 libsphinxbase3t64 libsratom-0-0
Docker Build Test	Build Lyra image	2026-02-08T23:20:59.0693446Z #11 2.141   libsrt1.5-gnutls libssh-4 libssh2-1t64 libsvtav1enc2 libswresample5
Docker Build Test	Build Lyra image	2026-02-08T23:20:59.0694389Z #11 2.141   libswscale8 libtasn1-6 libthai-data libthai0 libtheoradec1 libtheoraenc1
Docker Build Test	Build Lyra image	2026-02-08T23:20:59.0695783Z #11 2.141   libtiff6 libtwolame0 libudfread0 libunibreak6 libunistring5 libusb-1.0-0
Docker Build Test	Build Lyra image	2026-02-08T23:20:59.0696652Z #11 2.141   libva-drm2 libva-x11-2 libva2 libvdpau1 libvidstab1.1 libvorbis0a
Docker Build Test	Build Lyra image	2026-02-08T23:20:59.0697541Z #11 2.141   libvorbisenc2 libvorbisfile3 libvpl2 libvpx9 libvulkan1 libwayland-client0
Docker Build Test	Build Lyra image	2026-02-08T23:20:59.0698501Z #11 2.141   libwayland-cursor0 libwayland-egl1 libwayland-server0 libwebp7 libwebpmux3
Docker Build Test	Build Lyra image	2026-02-08T23:20:59.0699379Z #11 2.141   libx11-6 libx11-data libx11-xcb1 libx264-164 libx265-215 libxau6
Docker Build Test	Build Lyra image	2026-02-08T23:20:59.0700209Z #11 2.141   libxcb-dri3-0 libxcb-glx0 libxcb-present0 libxcb-randr0 libxcb-render0
Docker Build Test	Build Lyra image	2026-02-08T23:20:59.0701552Z #11 2.141   libxcb-shape0 libxcb-shm0 libxcb-sync1 libxcb-xfixes0 libxcb1 libxcursor1
Docker Build Test	Build Lyra image	2026-02-08T23:20:59.0702490Z #11 2.141   libxdmcp6 libxext6 libxfixes3 libxi6 libxkbcommon0 libxml2 libxrandr2
Docker Build Test	Build Lyra image	2026-02-08T23:20:59.0703400Z #11 2.141   libxrender1 libxshmfence1 libxss1 libxv1 libxvidcore4 libxxf86vm1 libz3-4
Docker Build Test	Build Lyra image	2026-02-08T23:20:59.0704322Z #11 2.141   libzimg2 libzix-0-0 libzmq5 libzvbi-common libzvbi0t64 mesa-libgallium
Docker Build Test	Build Lyra image	2026-02-08T23:20:59.0705123Z #11 2.142   ocl-icd-libopencl1 shared-mime-info x11-common xkb-data
Docker Build Test	Build Lyra image	2026-02-08T23:20:59.0705709Z #11 2.143 Suggested packages:
Docker Build Test	Build Lyra image	2026-02-08T23:20:59.0706280Z #11 2.143   ffmpeg-doc alsa-utils libasound2-plugins libcuda1 libnvcuvid1
Docker Build Test	Build Lyra image	2026-02-08T23:20:59.0707126Z #11 2.143   libnvidia-encode1 libbluray-bdj libdvdcss2 libfftw3-bin libfftw3-dev
Docker Build Test	Build Lyra image	2026-02-08T23:20:59.0708016Z #11 2.143   low-memory-monitor gnutls-bin krb5-doc krb5-user jackd2 liblcms2-utils
Docker Build Test	Build Lyra image	2026-02-08T23:20:59.0708932Z #11 2.143   libportaudio2 libsndio7.0 opus-tools pciutils pulseaudio libraw1394-doc
Docker Build Test	Build Lyra image	2026-02-08T23:20:59.0709804Z #11 2.143   librsvg2-bin xdg-utils lm-sensors serdi sordi speex opencl-icd
Docker Build Test	Build Lyra image	2026-02-08T23:20:59.0710425Z #11 2.143 Recommended packages:
Docker Build Test	Build Lyra image	2026-02-08T23:20:59.0711010Z #11 2.143   bash-completion alsa-ucm-conf alsa-topology-conf libaacs0 dbus
Docker Build Test	Build Lyra image	2026-02-08T23:20:59.0712052Z #11 2.143   default-libdecor-0-plugin-1 | libdecor-0-plugin-1 libgdk-pixbuf2.0-bin
Docker Build Test	Build Lyra image	2026-02-08T23:20:59.0713000Z #11 2.143   libglib2.0-data xdg-user-dirs krb5-locales libldap-common pocketsphinx-en-us
Docker Build Test	Build Lyra image	2026-02-08T23:20:59.0713956Z #11 2.143   publicsuffix librsvg2-common libsasl2-modules va-driver-all | va-driver
Docker Build Test	Build Lyra image	2026-02-08T23:20:59.0714827Z #11 2.143   vdpau-driver-all | vdpau-driver mesa-vulkan-drivers | vulkan-icd
Docker Build Test	Build Lyra image	2026-02-08T23:20:59.8689038Z #11 3.095 The following NEW packages will be installed:
Docker Build Test	Build Lyra image	2026-02-08T23:20:59.9703555Z #11 3.096   curl ffmpeg fontconfig fontconfig-config fonts-dejavu-core fonts-dejavu-mono
Docker Build Test	Build Lyra image	2026-02-08T23:20:59.9704671Z #11 3.096   libaom3 libasound2-data libasound2t64 libass9 libasyncns0 libatomic1
Docker Build Test	Build Lyra image	2026-02-08T23:20:59.9706299Z #11 3.096   libavc1394-0 libavcodec61 libavdevice61 libavfilter10 libavformat61
Docker Build Test	Build Lyra image	2026-02-08T23:20:59.9707178Z #11 3.096   libavutil59 libblas3 libbluray2 libbrotli1 libbs2b0 libcaca0
Docker Build Test	Build Lyra image	2026-02-08T23:20:59.9708051Z #11 3.096   libcairo-gobject2 libcairo2 libcdio-cdda2t64 libcdio-paranoia2t64
Docker Build Test	Build Lyra image	2026-02-08T23:20:59.9709020Z #11 3.096   libcdio19t64 libchromaprint1 libcjson1 libcodec2-1.2 libcom-err2 libcurl4t64
Docker Build Test	Build Lyra image	2026-02-08T23:20:59.9709983Z #11 3.096   libdatrie1 libdav1d7 libdbus-1-3 libdc1394-25 libdecor-0-0 libdeflate0
Docker Build Test	Build Lyra image	2026-02-08T23:20:59.9710933Z #11 3.096   libdrm-amdgpu1 libdrm-common libdrm-intel1 libdrm2 libdvdnav4 libdvdread8t64
Docker Build Test	Build Lyra image	2026-02-08T23:20:59.9712021Z #11 3.096   libedit2 libelf1t64 libexpat1 libfftw3-double3 libflac14 libflite1
Docker Build Test	Build Lyra image	2026-02-08T23:20:59.9712877Z #11 3.096   libfontconfig1 libfreetype6 libfribidi0 libgbm1 libgdk-pixbuf-2.0-0
Docker Build Test	Build Lyra image	2026-02-08T23:20:59.9713788Z #11 3.096   libgdk-pixbuf2.0-common libgfortran5 libgl1 libgl1-mesa-dri libglib2.0-0t64
Docker Build Test	Build Lyra image	2026-02-08T23:20:59.9714653Z #11 3.096   libglvnd0 libglx-mesa0 libglx0 libgme0 libgnutls30t64 libgomp1
Docker Build Test	Build Lyra image	2026-02-08T23:20:59.9716324Z #11 3.096   libgraphite2-3 libgsm1 libgssapi-krb5-2 libharfbuzz0b libhwy1t64 libidn2-0
Docker Build Test	Build Lyra image	2026-02-08T23:20:59.9717781Z #11 3.096   libiec61883-0 libjack-jackd2-0 libjbig0 libjpeg62-turbo libjxl0.11
Docker Build Test	Build Lyra image	2026-02-08T23:20:59.9720455Z #11 3.096   libk5crypto3 libkeyutils1 libkrb5-3 libkrb5support0 liblapack3 liblcms2-2
Docker Build Test	Build Lyra image	2026-02-08T23:20:59.9722016Z #11 3.096   libldap2 liblerc4 liblilv-0-0 libllvm19 libmbedcrypto16 libmp3lame0
Docker Build Test	Build Lyra image	2026-02-08T23:20:59.9722973Z #11 3.096   libmpg123-0t64 libmysofa1 libnghttp2-14 libnghttp3-9 libnorm1t64 libnuma1
Docker Build Test	Build Lyra image	2026-02-08T23:20:59.9723889Z #11 3.096   libogg0 libopenal-data libopenal1 libopenjp2-7 libopenmpt0t64 libopus0
Docker Build Test	Build Lyra image	2026-02-08T23:20:59.9724959Z #11 3.096   libp11-kit0 libpango-1.0-0 libpangocairo-1.0-0 libpangoft2-1.0-0
Docker Build Test	Build Lyra image	2026-02-08T23:20:59.9726000Z #11 3.096   libpciaccess0 libpgm-5.3-0t64 libpixman-1-0 libplacebo349 libpng16-16t64
Docker Build Test	Build Lyra image	2026-02-08T23:20:59.9727877Z #11 3.096   libpocketsphinx3 libpostproc58 libpq5 libpsl5t64 libpulse0 librabbitmq4
Docker Build Test	Build Lyra image	2026-02-08T23:20:59.9729185Z #11 3.096   librav1e0.7 libraw1394-11 librist4 librsvg2-2 librtmp1 librubberband2
Docker Build Test	Build Lyra image	2026-02-08T23:20:59.9730423Z #11 3.096   libsamplerate0 libsasl2-2 libsasl2-modules-db libsdl2-2.0-0
Docker Build Test	Build Lyra image	2026-02-08T23:20:59.9731936Z #11 3.096   libsensors-config libsensors5 libserd-0-0 libsharpyuv0 libshine3 libslang2
Docker Build Test	Build Lyra image	2026-02-08T23:20:59.9732966Z #11 3.096   libsnappy1v5 libsndfile1 libsodium23 libsord-0-0 libsoxr0 libspeex1
Docker Build Test	Build Lyra image	2026-02-08T23:20:59.9733645Z #11 3.096   libsphinxbase3t64 libsratom-0-0 libsrt1.5-gnutls libssh-4 libssh2-1t64
Docker Build Test	Build Lyra image	2026-02-08T23:20:59.9734153Z #11 3.096   libsvtav1enc2 libswresample5 libswscale8 libtasn1-6 libthai-data libthai0
Docker Build Test	Build Lyra image	2026-02-08T23:20:59.9734674Z #11 3.096   libtheoradec1 libtheoraenc1 libtiff6 libtwolame0 libudfread0 libunibreak6
Docker Build Test	Build Lyra image	2026-02-08T23:20:59.9735152Z #11 3.096   libunistring5 libusb-1.0-0 libva-drm2 libva-x11-2 libva2 libvdpau1
Docker Build Test	Build Lyra image	2026-02-08T23:20:59.9735659Z #11 3.096   libvidstab1.1 libvorbis0a libvorbisenc2 libvorbisfile3 libvpl2 libvpx9
Docker Build Test	Build Lyra image	2026-02-08T23:20:59.9736118Z #11 3.096   libvulkan1 libwayland-client0 libwayland-cursor0 libwayland-egl1
Docker Build Test	Build Lyra image	2026-02-08T23:20:59.9736647Z #11 3.096   libwayland-server0 libwebp7 libwebpmux3 libx11-6 libx11-data libx11-xcb1
Docker Build Test	Build Lyra image	2026-02-08T23:20:59.9737160Z #11 3.096   libx264-164 libx265-215 libxau6 libxcb-dri3-0 libxcb-glx0 libxcb-present0
Docker Build Test	Build Lyra image	2026-02-08T23:20:59.9737631Z #11 3.096   libxcb-randr0 libxcb-render0 libxcb-shape0 libxcb-shm0 libxcb-sync1
Docker Build Test	Build Lyra image	2026-02-08T23:20:59.9738144Z #11 3.096   libxcb-xfixes0 libxcb1 libxcursor1 libxdmcp6 libxext6 libxfixes3 libxi6
Docker Build Test	Build Lyra image	2026-02-08T23:20:59.9738621Z #11 3.096   libxkbcommon0 libxml2 libxrandr2 libxrender1 libxshmfence1 libxss1 libxv1
Docker Build Test	Build Lyra image	2026-02-08T23:20:59.9739126Z #11 3.096   libxvidcore4 libxxf86vm1 libz3-4 libzimg2 libzix-0-0 libzmq5 libzvbi-common
Docker Build Test	Build Lyra image	2026-02-08T23:20:59.9739651Z #11 3.097   libzvbi0t64 mesa-libgallium ocl-icd-libopencl1 shared-mime-info x11-common
Docker Build Test	Build Lyra image	2026-02-08T23:20:59.9740018Z #11 3.097   xkb-data
Docker Build Test	Build Lyra image	2026-02-08T23:20:59.9740298Z #11 3.129 0 upgraded, 216 newly installed, 0 to remove and 0 not upgraded.
Docker Build Test	Build Lyra image	2026-02-08T23:20:59.9740675Z #11 3.129 Need to get 135 MB of archives.
Docker Build Test	Build Lyra image	2026-02-08T23:20:59.9741005Z #11 3.129 After this operation, 471 MB of additional disk space will be used.
Docker Build Test	Build Lyra image	2026-02-08T23:20:59.9741817Z #11 3.129 Get:1 http://deb.debian.org/debian trixie/main amd64 libexpat1 amd64 2.7.1-2 [108 kB]
Docker Build Test	Build Lyra image	2026-02-08T23:20:59.9742392Z #11 3.132 Get:2 http://deb.debian.org/debian trixie/main amd64 libbrotli1 amd64 1.1.0-2+b7 [307 kB]
Docker Build Test	Build Lyra image	2026-02-08T23:20:59.9743032Z #11 3.134 Get:3 http://deb.debian.org/debian trixie/main amd64 libkrb5support0 amd64 1.21.3-5 [33.0 kB]
Docker Build Test	Build Lyra image	2026-02-08T23:20:59.9743610Z #11 3.135 Get:4 http://deb.debian.org/debian trixie/main amd64 libcom-err2 amd64 1.47.2-3+b7 [25.0 kB]
Docker Build Test	Build Lyra image	2026-02-08T23:20:59.9744215Z #11 3.136 Get:5 http://deb.debian.org/debian trixie/main amd64 libk5crypto3 amd64 1.21.3-5 [81.5 kB]
Docker Build Test	Build Lyra image	2026-02-08T23:20:59.9744775Z #11 3.136 Get:6 http://deb.debian.org/debian trixie/main amd64 libkeyutils1 amd64 1.6.3-6 [9456 B]
Docker Build Test	Build Lyra image	2026-02-08T23:20:59.9745368Z #11 3.136 Get:7 http://deb.debian.org/debian trixie/main amd64 libkrb5-3 amd64 1.21.3-5 [326 kB]
Docker Build Test	Build Lyra image	2026-02-08T23:20:59.9745928Z #11 3.138 Get:8 http://deb.debian.org/debian trixie/main amd64 libgssapi-krb5-2 amd64 1.21.3-5 [138 kB]
Docker Build Test	Build Lyra image	2026-02-08T23:20:59.9746673Z #11 3.140 Get:9 http://deb.debian.org/debian trixie/main amd64 libunistring5 amd64 1.3-2 [477 kB]
Docker Build Test	Build Lyra image	2026-02-08T23:20:59.9747211Z #11 3.142 Get:10 http://deb.debian.org/debian trixie/main amd64 libidn2-0 amd64 2.3.8-2 [109 kB]
Docker Build Test	Build Lyra image	2026-02-08T23:20:59.9748243Z #11 3.143 Get:11 http://deb.debian.org/debian trixie/main amd64 libsasl2-modules-db amd64 2.1.28+dfsg1-9 [19.8 kB]
Docker Build Test	Build Lyra image	2026-02-08T23:20:59.9750284Z #11 3.144 Get:12 http://deb.debian.org/debian trixie/main amd64 libsasl2-2 amd64 2.1.28+dfsg1-9 [57.5 kB]
Docker Build Test	Build Lyra image	2026-02-08T23:20:59.9751954Z #11 3.144 Get:13 http://deb.debian.org/debian trixie/main amd64 libldap2 amd64 2.6.10+dfsg-1 [194 kB]
Docker Build Test	Build Lyra image	2026-02-08T23:20:59.9753450Z #11 3.145 Get:14 http://deb.debian.org/debian trixie/main amd64 libnghttp2-14 amd64 1.64.0-1.1 [76.0 kB]
Docker Build Test	Build Lyra image	2026-02-08T23:20:59.9754609Z #11 3.146 Get:15 http://deb.debian.org/debian trixie/main amd64 libnghttp3-9 amd64 1.8.0-1 [67.7 kB]
Docker Build Test	Build Lyra image	2026-02-08T23:20:59.9755663Z #11 3.146 Get:16 http://deb.debian.org/debian trixie/main amd64 libpsl5t64 amd64 0.21.2-1.1+b1 [57.2 kB]
Docker Build Test	Build Lyra image	2026-02-08T23:20:59.9756796Z #11 3.147 Get:17 http://deb.debian.org/debian trixie/main amd64 libp11-kit0 amd64 0.25.5-3 [425 kB]
Docker Build Test	Build Lyra image	2026-02-08T23:20:59.9757524Z #11 3.149 Get:18 http://deb.debian.org/debian trixie/main amd64 libtasn1-6 amd64 4.20.0-2 [49.9 kB]
Docker Build Test	Build Lyra image	2026-02-08T23:20:59.9758176Z #11 3.152 Get:19 http://deb.debian.org/debian trixie/main amd64 libgnutls30t64 amd64 3.8.9-3+deb13u1 [1466 kB]
Docker Build Test	Build Lyra image	2026-02-08T23:20:59.9758914Z #11 3.157 Get:20 http://deb.debian.org/debian trixie/main amd64 librtmp1 amd64 2.4+20151223.gitfa8646d.1-2+b5 [58.8 kB]
Docker Build Test	Build Lyra image	2026-02-08T23:20:59.9759587Z #11 3.158 Get:21 http://deb.debian.org/debian trixie/main amd64 libssh2-1t64 amd64 1.11.1-1 [245 kB]
Docker Build Test	Build Lyra image	2026-02-08T23:20:59.9760183Z #11 3.159 Get:22 http://deb.debian.org/debian trixie/main amd64 libcurl4t64 amd64 8.14.1-2+deb13u2 [391 kB]
Docker Build Test	Build Lyra image	2026-02-08T23:20:59.9760760Z #11 3.161 Get:23 http://deb.debian.org/debian trixie/main amd64 curl amd64 8.14.1-2+deb13u2 [270 kB]
Docker Build Test	Build Lyra image	2026-02-08T23:20:59.9761501Z #11 3.162 Get:24 http://deb.debian.org/debian trixie/main amd64 libaom3 amd64 3.12.1-1 [1871 kB]
Docker Build Test	Build Lyra image	2026-02-08T23:20:59.9762058Z #11 3.170 Get:25 http://deb.debian.org/debian trixie/main amd64 libdrm-common all 2.4.124-2 [8288 B]
Docker Build Test	Build Lyra image	2026-02-08T23:20:59.9762598Z #11 3.171 Get:26 http://deb.debian.org/debian trixie/main amd64 libdrm2 amd64 2.4.124-2 [39.0 kB]
Docker Build Test	Build Lyra image	2026-02-08T23:20:59.9763132Z #11 3.171 Get:27 http://deb.debian.org/debian trixie/main amd64 libva2 amd64 2.22.0-3 [79.4 kB]
Docker Build Test	Build Lyra image	2026-02-08T23:20:59.9763669Z #11 3.172 Get:28 http://deb.debian.org/debian trixie/main amd64 libva-drm2 amd64 2.22.0-3 [18.3 kB]
Docker Build Test	Build Lyra image	2026-02-08T23:20:59.9764211Z #11 3.172 Get:29 http://deb.debian.org/debian trixie/main amd64 libxau6 amd64 1:1.0.11-1 [20.4 kB]
Docker Build Test	Build Lyra image	2026-02-08T23:20:59.9764791Z #11 3.172 Get:30 http://deb.debian.org/debian trixie/main amd64 libxdmcp6 amd64 1:1.1.5-1 [27.8 kB]
Docker Build Test	Build Lyra image	2026-02-08T23:20:59.9765331Z #11 3.173 Get:31 http://deb.debian.org/debian trixie/main amd64 libxcb1 amd64 1.17.0-2+b1 [144 kB]
Docker Build Test	Build Lyra image	2026-02-08T23:20:59.9765888Z #11 3.173 Get:32 http://deb.debian.org/debian trixie/main amd64 libx11-data all 2:1.8.12-1 [343 kB]
Docker Build Test	Build Lyra image	2026-02-08T23:20:59.9766436Z #11 3.175 Get:33 http://deb.debian.org/debian trixie/main amd64 libx11-6 amd64 2:1.8.12-1 [815 kB]
Docker Build Test	Build Lyra image	2026-02-08T23:20:59.9767025Z #11 3.178 Get:34 http://deb.debian.org/debian trixie/main amd64 libx11-xcb1 amd64 2:1.8.12-1 [247 kB]
Docker Build Test	Build Lyra image	2026-02-08T23:20:59.9767601Z #11 3.179 Get:35 http://deb.debian.org/debian trixie/main amd64 libxcb-dri3-0 amd64 1.17.0-2+b1 [107 kB]
Docker Build Test	Build Lyra image	2026-02-08T23:20:59.9768215Z #11 3.180 Get:36 http://deb.debian.org/debian trixie/main amd64 libxext6 amd64 2:1.3.4-1+b3 [50.4 kB]
Docker Build Test	Build Lyra image	2026-02-08T23:20:59.9768779Z #11 3.181 Get:37 http://deb.debian.org/debian trixie/main amd64 libxfixes3 amd64 1:6.0.0-2+b4 [20.2 kB]
Docker Build Test	Build Lyra image	2026-02-08T23:20:59.9769382Z #11 3.182 Get:38 http://deb.debian.org/debian trixie/main amd64 libva-x11-2 amd64 2.22.0-3 [23.1 kB]
Docker Build Test	Build Lyra image	2026-02-08T23:20:59.9769956Z #11 3.182 Get:39 http://deb.debian.org/debian trixie/main amd64 libvdpau1 amd64 1.5-3+b1 [27.2 kB]
Docker Build Test	Build Lyra image	2026-02-08T23:20:59.9770522Z #11 3.182 Get:40 http://deb.debian.org/debian trixie/main amd64 libvpl2 amd64 1:2.14.0-1+b1 [129 kB]
Docker Build Test	Build Lyra image	2026-02-08T23:20:59.9771458Z #11 3.183 Get:41 http://deb.debian.org/debian trixie/main amd64 ocl-icd-libopencl1 amd64 2.3.3-1 [42.9 kB]
Docker Build Test	Build Lyra image	2026-02-08T23:20:59.9772127Z #11 3.183 Get:42 http://deb.debian.org/debian trixie/main amd64 libavutil59 amd64 7:7.1.3-0+deb13u1 [417 kB]
Docker Build Test	Build Lyra image	2026-02-08T23:20:59.9772753Z #11 3.185 Get:43 http://deb.debian.org/debian trixie/main amd64 libpng16-16t64 amd64 1.6.48-1+deb13u1 [283 kB]
Docker Build Test	Build Lyra image	2026-02-08T23:20:59.9773398Z #11 3.186 Get:44 http://deb.debian.org/debian trixie/main amd64 libfreetype6 amd64 2.13.3+dfsg-1 [452 kB]
Docker Build Test	Build Lyra image	2026-02-08T23:20:59.9774111Z #11 3.188 Get:45 http://deb.debian.org/debian trixie/main amd64 fonts-dejavu-mono all 2.37-8 [489 kB]
Docker Build Test	Build Lyra image	2026-02-08T23:20:59.9774683Z #11 3.191 Get:46 http://deb.debian.org/debian trixie/main amd64 fonts-dejavu-core all 2.37-8 [840 kB]
Docker Build Test	Build Lyra image	2026-02-08T23:20:59.9775309Z #11 3.194 Get:47 http://deb.debian.org/debian trixie/main amd64 fontconfig-config amd64 2.15.0-2.3 [318 kB]
Docker Build Test	Build Lyra image	2026-02-08T23:20:59.9775912Z #11 3.196 Get:48 http://deb.debian.org/debian trixie/main amd64 libfontconfig1 amd64 2.15.0-2.3 [392 kB]
Docker Build Test	Build Lyra image	2026-02-08T23:20:59.9776483Z #11 3.198 Get:49 http://deb.debian.org/debian trixie/main amd64 libpixman-1-0 amd64 0.44.0-3 [248 kB]
Docker Build Test	Build Lyra image	2026-02-08T23:21:00.0708893Z #11 3.200 Get:50 http://deb.debian.org/debian trixie/main amd64 libxcb-render0 amd64 1.17.0-2+b1 [115 kB]
Docker Build Test	Build Lyra image	2026-02-08T23:21:00.0710393Z #11 3.200 Get:51 http://deb.debian.org/debian trixie/main amd64 libxcb-shm0 amd64 1.17.0-2+b1 [105 kB]
Docker Build Test	Build Lyra image	2026-02-08T23:21:00.0711578Z #11 3.201 Get:52 http://deb.debian.org/debian trixie/main amd64 libxrender1 amd64 1:0.9.12-1 [27.9 kB]
Docker Build Test	Build Lyra image	2026-02-08T23:21:00.0713442Z #11 3.201 Get:53 http://deb.debian.org/debian trixie/main amd64 libcairo2 amd64 1.18.4-1+b1 [538 kB]
Docker Build Test	Build Lyra image	2026-02-08T23:21:00.0718215Z #11 3.203 Get:54 http://deb.debian.org/debian trixie/main amd64 libcodec2-1.2 amd64 1.2.0-3 [8170 kB]
Docker Build Test	Build Lyra image	2026-02-08T23:21:00.0719644Z #11 3.234 Get:55 http://deb.debian.org/debian trixie/main amd64 libdav1d7 amd64 1.5.1-1 [559 kB]
Docker Build Test	Build Lyra image	2026-02-08T23:21:00.0721055Z #11 3.236 Get:56 http://deb.debian.org/debian trixie/main amd64 libatomic1 amd64 14.2.0-19 [9308 B]
Docker Build Test	Build Lyra image	2026-02-08T23:21:00.0722732Z #11 3.237 Get:57 http://deb.debian.org/debian trixie/main amd64 libglib2.0-0t64 amd64 2.84.4-3~deb13u2 [1518 kB]
Docker Build Test	Build Lyra image	2026-02-08T23:21:00.0724383Z #11 3.243 Get:58 http://deb.debian.org/debian trixie/main amd64 libgsm1 amd64 1.0.22-1+b2 [29.3 kB]
Docker Build Test	Build Lyra image	2026-02-08T23:21:00.0725682Z #11 3.243 Get:59 http://deb.debian.org/debian trixie/main amd64 libhwy1t64 amd64 1.2.0-2+b2 [676 kB]
Docker Build Test	Build Lyra image	2026-02-08T23:21:00.0727133Z #11 3.246 Get:60 http://deb.debian.org/debian trixie/main amd64 liblcms2-2 amd64 2.16-2 [160 kB]
Docker Build Test	Build Lyra image	2026-02-08T23:21:00.0728525Z #11 3.247 Get:61 http://deb.debian.org/debian trixie/main amd64 libjxl0.11 amd64 0.11.1-4 [1132 kB]
Docker Build Test	Build Lyra image	2026-02-08T23:21:00.0729722Z #11 3.251 Get:62 http://deb.debian.org/debian trixie/main amd64 libmp3lame0 amd64 3.100-6+b3 [363 kB]
Docker Build Test	Build Lyra image	2026-02-08T23:21:00.0730801Z #11 3.252 Get:63 http://deb.debian.org/debian trixie/main amd64 libopenjp2-7 amd64 2.5.3-2.1~deb13u1 [205 kB]
Docker Build Test	Build Lyra image	2026-02-08T23:21:00.0732007Z #11 3.253 Get:64 http://deb.debian.org/debian trixie/main amd64 libopus0 amd64 1.5.2-2 [2852 kB]
Docker Build Test	Build Lyra image	2026-02-08T23:21:00.0733947Z #11 3.263 Get:65 http://deb.debian.org/debian trixie/main amd64 librav1e0.7 amd64 0.7.1-9+b2 [946 kB]
Docker Build Test	Build Lyra image	2026-02-08T23:21:00.0735672Z #11 3.275 Get:66 http://deb.debian.org/debian trixie/main amd64 libcairo-gobject2 amd64 1.18.4-1+b1 [130 kB]
Docker Build Test	Build Lyra image	2026-02-08T23:21:00.0736906Z #11 3.276 Get:67 http://deb.debian.org/debian trixie/main amd64 libgdk-pixbuf2.0-common all 2.42.12+dfsg-4 [311 kB]
Docker Build Test	Build Lyra image	2026-02-08T23:21:00.0738646Z #11 3.278 Get:68 http://deb.debian.org/debian trixie/main amd64 libxml2 amd64 2.12.7+dfsg+really2.9.14-2.1+deb13u2 [698 kB]
Docker Build Test	Build Lyra image	2026-02-08T23:21:00.0740230Z #11 3.281 Get:69 http://deb.debian.org/debian trixie/main amd64 shared-mime-info amd64 2.4-5+b2 [760 kB]
Docker Build Test	Build Lyra image	2026-02-08T23:21:00.0742751Z #11 3.284 Get:70 http://deb.debian.org/debian trixie/main amd64 libjpeg62-turbo amd64 1:2.1.5-4 [168 kB]
Docker Build Test	Build Lyra image	2026-02-08T23:21:00.0744825Z #11 3.285 Get:71 http://deb.debian.org/debian trixie/main amd64 libdeflate0 amd64 1.23-2 [47.3 kB]
Docker Build Test	Build Lyra image	2026-02-08T23:21:00.0746366Z #11 3.286 Get:72 http://deb.debian.org/debian trixie/main amd64 libjbig0 amd64 2.1-6.1+b2 [32.1 kB]
Docker Build Test	Build Lyra image	2026-02-08T23:21:00.0747820Z #11 3.286 Get:73 http://deb.debian.org/debian trixie/main amd64 liblerc4 amd64 4.0.0+ds-5 [183 kB]
Docker Build Test	Build Lyra image	2026-02-08T23:21:00.0749024Z #11 3.287 Get:74 http://deb.debian.org/debian trixie/main amd64 libsharpyuv0 amd64 1.5.0-0.1 [116 kB]
Docker Build Test	Build Lyra image	2026-02-08T23:21:00.0750423Z #11 3.288 Get:75 http://deb.debian.org/debian trixie/main amd64 libwebp7 amd64 1.5.0-0.1 [318 kB]
Docker Build Test	Build Lyra image	2026-02-08T23:21:00.0752274Z #11 3.289 Get:76 http://deb.debian.org/debian trixie/main amd64 libtiff6 amd64 4.7.0-3+deb13u1 [346 kB]
Docker Build Test	Build Lyra image	2026-02-08T23:21:00.0753923Z #11 3.291 Get:77 http://deb.debian.org/debian trixie/main amd64 libgdk-pixbuf-2.0-0 amd64 2.42.12+dfsg-4 [141 kB]
Docker Build Test	Build Lyra image	2026-02-08T23:21:00.0755434Z #11 3.292 Get:78 http://deb.debian.org/debian trixie/main amd64 fontconfig amd64 2.15.0-2.3 [463 kB]
Docker Build Test	Build Lyra image	2026-02-08T23:21:00.0756909Z #11 3.294 Get:79 http://deb.debian.org/debian trixie/main amd64 libfribidi0 amd64 1.0.16-1 [26.5 kB]
Docker Build Test	Build Lyra image	2026-02-08T23:21:00.0758433Z #11 3.295 Get:80 http://deb.debian.org/debian trixie/main amd64 libgraphite2-3 amd64 1.3.14-2+b1 [75.4 kB]
Docker Build Test	Build Lyra image	2026-02-08T23:21:00.0759524Z #11 3.296 Get:81 http://deb.debian.org/debian trixie/main amd64 libharfbuzz0b amd64 10.2.0-1+b1 [479 kB]
Docker Build Test	Build Lyra image	2026-02-08T23:21:00.0760572Z #11 3.297 Get:82 http://deb.debian.org/debian trixie/main amd64 libthai-data all 0.1.29-2 [168 kB]
Docker Build Test	Build Lyra image	2026-02-08T23:21:00.0761765Z #11 3.298 Get:83 http://deb.debian.org/debian trixie/main amd64 libdatrie1 amd64 0.2.13-3+b1 [38.1 kB]
Docker Build Test	Build Lyra image	2026-02-08T23:21:00.1736024Z #11 3.300 Get:84 http://deb.debian.org/debian trixie/main amd64 libthai0 amd64 0.1.29-2+b1 [49.4 kB]
Docker Build Test	Build Lyra image	2026-02-08T23:21:00.1737132Z #11 3.302 Get:85 http://deb.debian.org/debian trixie/main amd64 libpango-1.0-0 amd64 1.56.3-1 [226 kB]
Docker Build Test	Build Lyra image	2026-02-08T23:21:00.1738111Z #11 3.304 Get:86 http://deb.debian.org/debian trixie/main amd64 libpangoft2-1.0-0 amd64 1.56.3-1 [55.6 kB]
Docker Build Test	Build Lyra image	2026-02-08T23:21:00.1739241Z #11 3.304 Get:87 http://deb.debian.org/debian trixie/main amd64 libpangocairo-1.0-0 amd64 1.56.3-1 [35.7 kB]
Docker Build Test	Build Lyra image	2026-02-08T23:21:00.1740238Z #11 3.304 Get:88 http://deb.debian.org/debian trixie/main amd64 librsvg2-2 amd64 2.60.0+dfsg-1 [1789 kB]
Docker Build Test	Build Lyra image	2026-02-08T23:21:00.1741350Z #11 3.310 Get:89 http://deb.debian.org/debian trixie/main amd64 libshine3 amd64 3.1.1-2+b2 [23.1 kB]
Docker Build Test	Build Lyra image	2026-02-08T23:21:00.1742303Z #11 3.311 Get:90 http://deb.debian.org/debian trixie/main amd64 libsnappy1v5 amd64 1.2.2-1 [29.3 kB]
Docker Build Test	Build Lyra image	2026-02-08T23:21:00.1743204Z #11 3.311 Get:91 http://deb.debian.org/debian trixie/main amd64 libspeex1 amd64 1.2.1-3 [56.8 kB]
Docker Build Test	Build Lyra image	2026-02-08T23:21:00.1744047Z #11 3.312 Get:92 http://deb.debian.org/debian trixie/main amd64 libsvtav1enc2 amd64 2.3.0+dfsg-1 [2489 kB]
Docker Build Test	Build Lyra image	2026-02-08T23:21:00.1744906Z #11 3.321 Get:93 http://deb.debian.org/debian trixie/main amd64 libgomp1 amd64 14.2.0-19 [137 kB]
Docker Build Test	Build Lyra image	2026-02-08T23:21:00.1745689Z #11 3.323 Get:94 http://deb.debian.org/debian trixie/main amd64 libsoxr0 amd64 0.1.3-4+b2 [81.0 kB]
Docker Build Test	Build Lyra image	2026-02-08T23:21:00.1746683Z #11 3.323 Get:95 http://deb.debian.org/debian trixie/main amd64 libswresample5 amd64 7:7.1.3-0+deb13u1 [101 kB]
Docker Build Test	Build Lyra image	2026-02-08T23:21:00.1747778Z #11 3.323 Get:96 http://deb.debian.org/debian trixie/main amd64 libtheoradec1 amd64 1.2.0~alpha1+dfsg-6 [58.4 kB]
Docker Build Test	Build Lyra image	2026-02-08T23:21:00.1748714Z #11 3.324 Get:97 http://deb.debian.org/debian trixie/main amd64 libogg0 amd64 1.3.5-3+b2 [23.8 kB]
Docker Build Test	Build Lyra image	2026-02-08T23:21:00.1749607Z #11 3.325 Get:98 http://deb.debian.org/debian trixie/main amd64 libtheoraenc1 amd64 1.2.0~alpha1+dfsg-6 [108 kB]
Docker Build Test	Build Lyra image	2026-02-08T23:21:00.1750516Z #11 3.326 Get:99 http://deb.debian.org/debian trixie/main amd64 libtwolame0 amd64 0.4.0-2+b2 [51.3 kB]
Docker Build Test	Build Lyra image	2026-02-08T23:21:00.1751619Z #11 3.326 Get:100 http://deb.debian.org/debian trixie/main amd64 libvorbis0a amd64 1.3.7-3 [90.0 kB]
Docker Build Test	Build Lyra image	2026-02-08T23:21:00.1752571Z #11 3.327 Get:101 http://deb.debian.org/debian trixie/main amd64 libvorbisenc2 amd64 1.3.7-3 [75.4 kB]
Docker Build Test	Build Lyra image	2026-02-08T23:21:00.1753672Z #11 3.328 Get:102 http://deb.debian.org/debian trixie/main amd64 libvpx9 amd64 1.15.0-2.1 [1115 kB]
Docker Build Test	Build Lyra image	2026-02-08T23:21:00.1754457Z #11 3.332 Get:103 http://deb.debian.org/debian trixie/main amd64 libwebpmux3 amd64 1.5.0-0.1 [126 kB]
Docker Build Test	Build Lyra image	2026-02-08T23:21:00.1755380Z #11 3.333 Get:104 http://deb.debian.org/debian trixie/main amd64 libx264-164 amd64 2:0.164.3108+git31e19f9-2+b1 [558 kB]
Docker Build Test	Build Lyra image	2026-02-08T23:21:00.1756426Z #11 3.335 Get:105 http://deb.debian.org/debian trixie/main amd64 libnuma1 amd64 2.0.19-1 [22.2 kB]
Docker Build Test	Build Lyra image	2026-02-08T23:21:00.1757285Z #11 3.336 Get:106 http://deb.debian.org/debian trixie/main amd64 libx265-215 amd64 4.1-2 [1237 kB]
Docker Build Test	Build Lyra image	2026-02-08T23:21:00.1758329Z #11 3.341 Get:107 http://deb.debian.org/debian trixie/main amd64 libxvidcore4 amd64 2:1.3.7-1+b2 [252 kB]
Docker Build Test	Build Lyra image	2026-02-08T23:21:00.1759196Z #11 3.342 Get:108 http://deb.debian.org/debian trixie/main amd64 libzvbi-common all 0.2.44-1 [71.4 kB]
Docker Build Test	Build Lyra image	2026-02-08T23:21:00.1760060Z #11 3.344 Get:109 http://deb.debian.org/debian trixie/main amd64 libzvbi0t64 amd64 0.2.44-1 [278 kB]
Docker Build Test	Build Lyra image	2026-02-08T23:21:00.1761059Z #11 3.350 Get:110 http://deb.debian.org/debian trixie/main amd64 libavcodec61 amd64 7:7.1.3-0+deb13u1 [5808 kB]
Docker Build Test	Build Lyra image	2026-02-08T23:21:00.1762245Z #11 3.373 Get:111 http://deb.debian.org/debian trixie/main amd64 libasound2-data all 1.2.14-1 [21.1 kB]
Docker Build Test	Build Lyra image	2026-02-08T23:21:00.1763137Z #11 3.373 Get:112 http://deb.debian.org/debian trixie/main amd64 libasound2t64 amd64 1.2.14-1 [381 kB]
Docker Build Test	Build Lyra image	2026-02-08T23:21:00.1763952Z #11 3.375 Get:113 http://deb.debian.org/debian trixie/main amd64 libraw1394-11 amd64 2.1.2-2+b2 [38.8 kB]
Docker Build Test	Build Lyra image	2026-02-08T23:21:00.1764828Z #11 3.375 Get:114 http://deb.debian.org/debian trixie/main amd64 libavc1394-0 amd64 0.5.4-5+b2 [18.2 kB]
Docker Build Test	Build Lyra image	2026-02-08T23:21:00.1765739Z #11 3.376 Get:115 http://deb.debian.org/debian trixie/main amd64 libunibreak6 amd64 6.1-3 [21.9 kB]
Docker Build Test	Build Lyra image	2026-02-08T23:21:00.1766674Z #11 3.376 Get:116 http://deb.debian.org/debian trixie/main amd64 libass9 amd64 1:0.17.3-1+b1 [114 kB]
Docker Build Test	Build Lyra image	2026-02-08T23:21:00.1767577Z #11 3.377 Get:117 http://deb.debian.org/debian trixie/main amd64 libudfread0 amd64 1.1.2-1+b2 [17.7 kB]
Docker Build Test	Build Lyra image	2026-02-08T23:21:00.1768468Z #11 3.377 Get:118 http://deb.debian.org/debian trixie/main amd64 libbluray2 amd64 1:1.3.4-1+b2 [138 kB]
Docker Build Test	Build Lyra image	2026-02-08T23:21:00.1769459Z #11 3.378 Get:119 http://deb.debian.org/debian trixie/main amd64 libchromaprint1 amd64 1.5.1-7 [42.9 kB]
Docker Build Test	Build Lyra image	2026-02-08T23:21:00.1770418Z #11 3.379 Get:120 http://deb.debian.org/debian trixie/main amd64 libdvdread8t64 amd64 6.1.3-2 [86.2 kB]
Docker Build Test	Build Lyra image	2026-02-08T23:21:00.1771420Z #11 3.379 Get:121 http://deb.debian.org/debian trixie/main amd64 libdvdnav4 amd64 6.1.1-3+b1 [44.5 kB]
Docker Build Test	Build Lyra image	2026-02-08T23:21:00.1772250Z #11 3.380 Get:122 http://deb.debian.org/debian trixie/main amd64 libgme0 amd64 0.6.3-7+b2 [131 kB]
Docker Build Test	Build Lyra image	2026-02-08T23:21:00.1773149Z #11 3.380 Get:123 http://deb.debian.org/debian trixie/main amd64 libmpg123-0t64 amd64 1.32.10-1 [149 kB]
Docker Build Test	Build Lyra image	2026-02-08T23:21:00.1774140Z #11 3.381 Get:124 http://deb.debian.org/debian trixie/main amd64 libvorbisfile3 amd64 1.3.7-3 [20.9 kB]
Docker Build Test	Build Lyra image	2026-02-08T23:21:00.1775166Z #11 3.382 Get:125 http://deb.debian.org/debian trixie/main amd64 libopenmpt0t64 amd64 0.7.13-1+b1 [855 kB]
Docker Build Test	Build Lyra image	2026-02-08T23:21:00.1776093Z #11 3.385 Get:126 http://deb.debian.org/debian trixie/main amd64 librabbitmq4 amd64 0.15.0-1 [41.8 kB]
Docker Build Test	Build Lyra image	2026-02-08T23:21:00.1776981Z #11 3.386 Get:127 http://deb.debian.org/debian trixie/main amd64 libcjson1 amd64 1.7.18-3.1+deb13u1 [29.8 kB]
Docker Build Test	Build Lyra image	2026-02-08T23:21:00.1777936Z #11 3.386 Get:128 http://deb.debian.org/debian trixie/main amd64 libmbedcrypto16 amd64 3.6.5-0.1~deb13u1 [361 kB]
Docker Build Test	Build Lyra image	2026-02-08T23:21:00.1778928Z #11 3.387 Get:129 http://deb.debian.org/debian trixie/main amd64 librist4 amd64 0.2.11+dfsg-1 [72.1 kB]
Docker Build Test	Build Lyra image	2026-02-08T23:21:00.1779921Z #11 3.388 Get:130 http://deb.debian.org/debian trixie/main amd64 libsrt1.5-gnutls amd64 1.5.4-1 [345 kB]
Docker Build Test	Build Lyra image	2026-02-08T23:21:00.1780871Z #11 3.389 Get:131 http://deb.debian.org/debian trixie/main amd64 libssh-4 amd64 0.11.2-1+deb13u1 [209 kB]
Docker Build Test	Build Lyra image	2026-02-08T23:21:00.1781906Z #11 3.390 Get:132 http://deb.debian.org/debian trixie/main amd64 libnorm1t64 amd64 1.5.9+dfsg-3.1+b2 [221 kB]
Docker Build Test	Build Lyra image	2026-02-08T23:21:00.1783075Z #11 3.391 Get:133 http://deb.debian.org/debian trixie/main amd64 libpgm-5.3-0t64 amd64 5.3.128~dfsg-2.1+b1 [162 kB]
Docker Build Test	Build Lyra image	2026-02-08T23:21:00.1784290Z #11 3.392 Get:134 http://deb.debian.org/debian-security trixie-security/main amd64 libsodium23 amd64 1.0.18-1+deb13u1 [165 kB]
Docker Build Test	Build Lyra image	2026-02-08T23:21:00.1785327Z #11 3.394 Get:135 http://deb.debian.org/debian trixie/main amd64 libzmq5 amd64 4.3.5-1+b3 [283 kB]
Docker Build Test	Build Lyra image	2026-02-08T23:21:00.1786211Z #11 3.396 Get:136 http://deb.debian.org/debian trixie/main amd64 libavformat61 amd64 7:7.1.3-0+deb13u1 [1193 kB]
Docker Build Test	Build Lyra image	2026-02-08T23:21:00.1787299Z #11 3.401 Get:137 http://deb.debian.org/debian trixie/main amd64 libbs2b0 amd64 3.1.0+dfsg-8+b1 [12.5 kB]
Docker Build Test	Build Lyra image	2026-02-08T23:21:00.2760948Z #11 3.401 Get:138 http://deb.debian.org/debian trixie/main amd64 libflite1 amd64 2.2-7 [12.8 MB]
Docker Build Test	Build Lyra image	2026-02-08T23:21:00.2762755Z #11 3.444 Get:139 http://deb.debian.org/debian trixie/main amd64 libserd-0-0 amd64 0.32.4-1 [47.0 kB]
Docker Build Test	Build Lyra image	2026-02-08T23:21:00.2764238Z #11 3.444 Get:140 http://deb.debian.org/debian trixie/main amd64 libzix-0-0 amd64 0.6.2-1 [23.1 kB]
Docker Build Test	Build Lyra image	2026-02-08T23:21:00.2765409Z #11 3.445 Get:141 http://deb.debian.org/debian trixie/main amd64 libsord-0-0 amd64 0.16.18-1 [18.0 kB]
Docker Build Test	Build Lyra image	2026-02-08T23:21:00.2766553Z #11 3.445 Get:142 http://deb.debian.org/debian trixie/main amd64 libsratom-0-0 amd64 0.6.18-1 [17.7 kB]
Docker Build Test	Build Lyra image	2026-02-08T23:21:00.2767750Z #11 3.446 Get:143 http://deb.debian.org/debian trixie/main amd64 liblilv-0-0 amd64 0.24.26-1 [43.5 kB]
Docker Build Test	Build Lyra image	2026-02-08T23:21:00.2768862Z #11 3.446 Get:144 http://deb.debian.org/debian trixie/main amd64 libmysofa1 amd64 1.3.3+dfsg-1 [1158 kB]
Docker Build Test	Build Lyra image	2026-02-08T23:21:00.2769948Z #11 3.450 Get:145 http://deb.debian.org/debian trixie/main amd64 libvulkan1 amd64 1.4.309.0-1 [130 kB]
Docker Build Test	Build Lyra image	2026-02-08T23:21:00.2770964Z #11 3.451 Get:146 http://deb.debian.org/debian trixie/main amd64 libplacebo349 amd64 7.349.0-3 [2542 kB]
Docker Build Test	Build Lyra image	2026-02-08T23:21:00.2774193Z #11 3.460 Get:147 http://deb.debian.org/debian trixie/main amd64 libblas3 amd64 3.12.1-6 [160 kB]
Docker Build Test	Build Lyra image	2026-02-08T23:21:00.2775293Z #11 3.461 Get:148 http://deb.debian.org/debian trixie/main amd64 libgfortran5 amd64 14.2.0-19 [836 kB]
Docker Build Test	Build Lyra image	2026-02-08T23:21:00.2776330Z #11 3.464 Get:149 http://deb.debian.org/debian trixie/main amd64 liblapack3 amd64 3.12.1-6 [2447 kB]
Docker Build Test	Build Lyra image	2026-02-08T23:21:00.2780803Z #11 3.472 Get:150 http://deb.debian.org/debian trixie/main amd64 libasyncns0 amd64 0.8-6+b5 [12.0 kB]
Docker Build Test	Build Lyra image	2026-02-08T23:21:00.2783548Z #11 3.473 Get:151 http://deb.debian.org/debian trixie/main amd64 libdbus-1-3 amd64 1.16.2-2 [178 kB]
Docker Build Test	Build Lyra image	2026-02-08T23:21:00.2784869Z #11 3.474 Get:152 http://deb.debian.org/debian trixie/main amd64 libflac14 amd64 1.5.0+ds-2 [210 kB]
Docker Build Test	Build Lyra image	2026-02-08T23:21:00.2786030Z #11 3.474 Get:153 http://deb.debian.org/debian trixie/main amd64 libsndfile1 amd64 1.2.2-2+b1 [199 kB]
Docker Build Test	Build Lyra image	2026-02-08T23:21:00.2787218Z #11 3.475 Get:154 http://deb.debian.org/debian trixie/main amd64 libpulse0 amd64 17.0+dfsg1-2+b1 [276 kB]
Docker Build Test	Build Lyra image	2026-02-08T23:21:00.2788803Z #11 3.477 Get:155 http://deb.debian.org/debian trixie/main amd64 libsphinxbase3t64 amd64 0.8+5prealpha+1-21+b1 [121 kB]
Docker Build Test	Build Lyra image	2026-02-08T23:21:00.2790334Z #11 3.477 Get:156 http://deb.debian.org/debian trixie/main amd64 libpocketsphinx3 amd64 0.8+5prealpha+1-15+b4 [126 kB]
Docker Build Test	Build Lyra image	2026-02-08T23:21:00.2793804Z #11 3.478 Get:157 http://deb.debian.org/debian trixie/main amd64 libpostproc58 amd64 7:7.1.3-0+deb13u1 [88.3 kB]
Docker Build Test	Build Lyra image	2026-02-08T23:21:00.2801475Z #11 3.479 Get:158 http://deb.debian.org/debian trixie/main amd64 libfftw3-double3 amd64 3.3.10-2+b1 [781 kB]
Docker Build Test	Build Lyra image	2026-02-08T23:21:00.2802717Z #11 3.482 Get:159 http://deb.debian.org/debian trixie/main amd64 libsamplerate0 amd64 0.2.2-4+b2 [950 kB]
Docker Build Test	Build Lyra image	2026-02-08T23:21:00.2807475Z #11 3.485 Get:160 http://deb.debian.org/debian trixie/main amd64 librubberband2 amd64 3.3.0+dfsg-2+b3 [142 kB]
Docker Build Test	Build Lyra image	2026-02-08T23:21:00.2810881Z #11 3.486 Get:161 http://deb.debian.org/debian trixie/main amd64 libswscale8 amd64 7:7.1.3-0+deb13u1 [233 kB]
Docker Build Test	Build Lyra image	2026-02-08T23:21:00.2812268Z #11 3.487 Get:162 http://deb.debian.org/debian trixie/main amd64 libvidstab1.1 amd64 1.1.0-2+b2 [38.9 kB]
Docker Build Test	Build Lyra image	2026-02-08T23:21:00.2813817Z #11 3.488 Get:163 http://deb.debian.org/debian trixie/main amd64 libzimg2 amd64 3.0.5+ds1-1+b2 [244 kB]
Docker Build Test	Build Lyra image	2026-02-08T23:21:00.2815726Z #11 3.489 Get:164 http://deb.debian.org/debian trixie/main amd64 libavfilter10 amd64 7:7.1.3-0+deb13u1 [4109 kB]
Docker Build Test	Build Lyra image	2026-02-08T23:21:00.2819570Z #11 3.503 Get:165 http://deb.debian.org/debian trixie/main amd64 libslang2 amd64 2.3.3-5+b2 [549 kB]
Docker Build Test	Build Lyra image	2026-02-08T23:21:00.4065577Z #11 3.506 Get:166 http://deb.debian.org/debian trixie/main amd64 libcaca0 amd64 0.99.beta20-5 [202 kB]
Docker Build Test	Build Lyra image	2026-02-08T23:21:00.4067107Z #11 3.507 Get:167 http://deb.debian.org/debian trixie/main amd64 libcdio19t64 amd64 2.2.0-4 [61.3 kB]
Docker Build Test	Build Lyra image	2026-02-08T23:21:00.4068697Z #11 3.508 Get:168 http://deb.debian.org/debian trixie/main amd64 libcdio-cdda2t64 amd64 10.2+2.0.2-1+b1 [17.7 kB]
Docker Build Test	Build Lyra image	2026-02-08T23:21:00.4069797Z #11 3.508 Get:169 http://deb.debian.org/debian trixie/main amd64 libcdio-paranoia2t64 amd64 10.2+2.0.2-1+b1 [17.4 kB]
Docker Build Test	Build Lyra image	2026-02-08T23:21:00.4070899Z #11 3.509 Get:170 http://deb.debian.org/debian trixie/main amd64 libusb-1.0-0 amd64 2:1.0.28-1 [59.6 kB]
Docker Build Test	Build Lyra image	2026-02-08T23:21:00.4072232Z #11 3.510 Get:171 http://deb.debian.org/debian trixie/main amd64 libdc1394-25 amd64 2.2.6-5 [111 kB]
Docker Build Test	Build Lyra image	2026-02-08T23:21:00.4073167Z #11 3.510 Get:172 http://deb.debian.org/debian trixie/main amd64 libglvnd0 amd64 1.7.0-1+b2 [52.0 kB]
Docker Build Test	Build Lyra image	2026-02-08T23:21:00.4074086Z #11 3.511 Get:173 http://deb.debian.org/debian trixie/main amd64 libxcb-glx0 amd64 1.17.0-2+b1 [122 kB]
Docker Build Test	Build Lyra image	2026-02-08T23:21:00.4075024Z #11 3.511 Get:174 http://deb.debian.org/debian trixie/main amd64 libxcb-present0 amd64 1.17.0-2+b1 [106 kB]
Docker Build Test	Build Lyra image	2026-02-08T23:21:00.4076136Z #11 3.512 Get:175 http://deb.debian.org/debian trixie/main amd64 libxcb-xfixes0 amd64 1.17.0-2+b1 [109 kB]
Docker Build Test	Build Lyra image	2026-02-08T23:21:00.4077221Z #11 3.512 Get:176 http://deb.debian.org/debian trixie/main amd64 libxxf86vm1 amd64 1:1.1.4-1+b4 [19.3 kB]
Docker Build Test	Build Lyra image	2026-02-08T23:21:00.4078563Z #11 3.513 Get:177 http://deb.debian.org/debian trixie/main amd64 libdrm-amdgpu1 amd64 2.4.124-2 [22.6 kB]
Docker Build Test	Build Lyra image	2026-02-08T23:21:00.4079906Z #11 3.513 Get:178 http://deb.debian.org/debian trixie/main amd64 libpciaccess0 amd64 0.17-3+b3 [51.9 kB]
Docker Build Test	Build Lyra image	2026-02-08T23:21:00.4080959Z #11 3.514 Get:179 http://deb.debian.org/debian trixie/main amd64 libdrm-intel1 amd64 2.4.124-2 [64.1 kB]
Docker Build Test	Build Lyra image	2026-02-08T23:21:00.4082139Z #11 3.515 Get:180 http://deb.debian.org/debian trixie/main amd64 libelf1t64 amd64 0.192-4 [189 kB]
Docker Build Test	Build Lyra image	2026-02-08T23:21:00.4083147Z #11 3.516 Get:181 http://deb.debian.org/debian trixie/main amd64 libedit2 amd64 3.1-20250104-1 [93.8 kB]
Docker Build Test	Build Lyra image	2026-02-08T23:21:00.4084145Z #11 3.517 Get:182 http://deb.debian.org/debian trixie/main amd64 libz3-4 amd64 4.13.3-1 [8560 kB]
Docker Build Test	Build Lyra image	2026-02-08T23:21:00.4085181Z #11 3.564 Get:183 http://deb.debian.org/debian trixie/main amd64 libllvm19 amd64 1:19.1.7-3+b1 [26.0 MB]
Docker Build Test	Build Lyra image	2026-02-08T23:21:00.5477796Z #11 3.663 Get:184 http://deb.debian.org/debian trixie/main amd64 libsensors-config all 1:3.6.2-2 [16.2 kB]
Docker Build Test	Build Lyra image	2026-02-08T23:21:00.5478977Z #11 3.663 Get:185 http://deb.debian.org/debian trixie/main amd64 libsensors5 amd64 1:3.6.2-2 [37.5 kB]
Docker Build Test	Build Lyra image	2026-02-08T23:21:00.5479951Z #11 3.664 Get:186 http://deb.debian.org/debian trixie/main amd64 libxcb-randr0 amd64 1.17.0-2+b1 [117 kB]
Docker Build Test	Build Lyra image	2026-02-08T23:21:00.5480977Z #11 3.664 Get:187 http://deb.debian.org/debian trixie/main amd64 libxcb-sync1 amd64 1.17.0-2+b1 [109 kB]
Docker Build Test	Build Lyra image	2026-02-08T23:21:00.5482150Z #11 3.666 Get:188 http://deb.debian.org/debian trixie/main amd64 libxshmfence1 amd64 1.3.3-1 [10.9 kB]
Docker Build Test	Build Lyra image	2026-02-08T23:21:00.5483174Z #11 3.667 Get:189 http://deb.debian.org/debian trixie/main amd64 mesa-libgallium amd64 25.0.7-2 [9629 kB]
Docker Build Test	Build Lyra image	2026-02-08T23:21:00.5484086Z #11 3.699 Get:190 http://deb.debian.org/debian trixie/main amd64 libwayland-server0 amd64 1.23.1-3 [34.4 kB]
Docker Build Test	Build Lyra image	2026-02-08T23:21:00.5484716Z #11 3.699 Get:191 http://deb.debian.org/debian trixie/main amd64 libgbm1 amd64 25.0.7-2 [44.4 kB]
Docker Build Test	Build Lyra image	2026-02-08T23:21:00.5485298Z #11 3.700 Get:192 http://deb.debian.org/debian trixie/main amd64 libgl1-mesa-dri amd64 25.0.7-2 [46.1 kB]
Docker Build Test	Build Lyra image	2026-02-08T23:21:00.5486166Z #11 3.700 Get:193 http://deb.debian.org/debian trixie/main amd64 libglx-mesa0 amd64 25.0.7-2 [143 kB]
Docker Build Test	Build Lyra image	2026-02-08T23:21:00.5486734Z #11 3.701 Get:194 http://deb.debian.org/debian trixie/main amd64 libglx0 amd64 1.7.0-1+b2 [34.9 kB]
Docker Build Test	Build Lyra image	2026-02-08T23:21:00.5487282Z #11 3.702 Get:195 http://deb.debian.org/debian trixie/main amd64 libgl1 amd64 1.7.0-1+b2 [89.5 kB]
Docker Build Test	Build Lyra image	2026-02-08T23:21:00.5487835Z #11 3.702 Get:196 http://deb.debian.org/debian trixie/main amd64 libiec61883-0 amd64 1.2.0-7 [30.6 kB]
Docker Build Test	Build Lyra image	2026-02-08T23:21:00.5488441Z #11 3.702 Get:197 http://deb.debian.org/debian trixie/main amd64 libjack-jackd2-0 amd64 1.9.22~dfsg-4 [287 kB]
Docker Build Test	Build Lyra image	2026-02-08T23:21:00.5489200Z #11 3.704 Get:198 http://deb.debian.org/debian trixie/main amd64 libopenal-data all 1:1.24.2-1 [168 kB]
Docker Build Test	Build Lyra image	2026-02-08T23:21:00.5489802Z #11 3.705 Get:199 http://deb.debian.org/debian trixie/main amd64 libopenal1 amd64 1:1.24.2-1 [637 kB]
Docker Build Test	Build Lyra image	2026-02-08T23:21:00.5490420Z #11 3.707 Get:200 http://deb.debian.org/debian trixie/main amd64 libwayland-client0 amd64 1.23.1-3 [26.8 kB]
Docker Build Test	Build Lyra image	2026-02-08T23:21:00.5491017Z #11 3.708 Get:201 http://deb.debian.org/debian trixie/main amd64 libdecor-0-0 amd64 0.2.2-2 [15.5 kB]
Docker Build Test	Build Lyra image	2026-02-08T23:21:00.5491827Z #11 3.708 Get:202 http://deb.debian.org/debian trixie/main amd64 libwayland-cursor0 amd64 1.23.1-3 [11.9 kB]
Docker Build Test	Build Lyra image	2026-02-08T23:21:00.5492431Z #11 3.709 Get:203 http://deb.debian.org/debian trixie/main amd64 libwayland-egl1 amd64 1.23.1-3 [5860 B]
Docker Build Test	Build Lyra image	2026-02-08T23:21:00.5493009Z #11 3.709 Get:204 http://deb.debian.org/debian trixie/main amd64 libxcursor1 amd64 1:1.2.3-1 [39.7 kB]
Docker Build Test	Build Lyra image	2026-02-08T23:21:00.5493573Z #11 3.709 Get:205 http://deb.debian.org/debian trixie/main amd64 libxi6 amd64 2:1.8.2-1 [78.9 kB]
Docker Build Test	Build Lyra image	2026-02-08T23:21:00.5494105Z #11 3.710 Get:206 http://deb.debian.org/debian trixie/main amd64 xkb-data all 2.42-1 [790 kB]
Docker Build Test	Build Lyra image	2026-02-08T23:21:00.5494652Z #11 3.712 Get:207 http://deb.debian.org/debian trixie/main amd64 libxkbcommon0 amd64 1.7.0-2 [113 kB]
Docker Build Test	Build Lyra image	2026-02-08T23:21:00.5495228Z #11 3.713 Get:208 http://deb.debian.org/debian trixie/main amd64 libxrandr2 amd64 2:1.5.4-1+b3 [36.3 kB]
Docker Build Test	Build Lyra image	2026-02-08T23:21:00.5495810Z #11 3.714 Get:209 http://deb.debian.org/debian trixie/main amd64 x11-common all 1:7.7+24+deb13u1 [217 kB]
Docker Build Test	Build Lyra image	2026-02-08T23:21:00.5496382Z #11 3.714 Get:210 http://deb.debian.org/debian trixie/main amd64 libxss1 amd64 1:1.2.3-1+b3 [17.0 kB]
Docker Build Test	Build Lyra image	2026-02-08T23:21:00.5496962Z #11 3.715 Get:211 http://deb.debian.org/debian trixie/main amd64 libsdl2-2.0-0 amd64 2.32.4+dfsg-1 [669 kB]
Docker Build Test	Build Lyra image	2026-02-08T23:21:00.5497571Z #11 3.717 Get:212 http://deb.debian.org/debian trixie/main amd64 libxcb-shape0 amd64 1.17.0-2+b1 [106 kB]
Docker Build Test	Build Lyra image	2026-02-08T23:21:00.5498157Z #11 3.718 Get:213 http://deb.debian.org/debian trixie/main amd64 libxv1 amd64 2:1.0.11-1.1+b3 [23.4 kB]
Docker Build Test	Build Lyra image	2026-02-08T23:21:00.5498760Z #11 3.718 Get:214 http://deb.debian.org/debian trixie/main amd64 libavdevice61 amd64 7:7.1.3-0+deb13u1 [119 kB]
Docker Build Test	Build Lyra image	2026-02-08T23:21:00.5499375Z #11 3.719 Get:215 http://deb.debian.org/debian trixie/main amd64 ffmpeg amd64 7:7.1.3-0+deb13u1 [1995 kB]
Docker Build Test	Build Lyra image	2026-02-08T23:21:00.5500282Z #11 3.726 Get:216 http://deb.debian.org/debian trixie/main amd64 libpq5 amd64 17.7-0+deb13u1 [228 kB]
Docker Build Test	Build Lyra image	2026-02-08T23:21:00.7030232Z #11 3.869 debconf: unable to initialize frontend: Dialog
Docker Build Test	Build Lyra image	2026-02-08T23:21:00.7031004Z #11 3.869 debconf: (TERM is not set, so the dialog frontend is not usable.)
Docker Build Test	Build Lyra image	2026-02-08T23:21:00.7031777Z #11 3.869 debconf: falling back to frontend: Readline
Docker Build Test	Build Lyra image	2026-02-08T23:21:00.7032310Z #11 3.869 debconf: unable to initialize frontend: Readline
Docker Build Test	Build Lyra image	2026-02-08T23:21:00.7034661Z #11 3.869 debconf: (Can't locate Term/ReadLine.pm in @INC (you may need to install the Term::ReadLine module) (@INC entries checked: /etc/perl /usr/local/lib/x86_64-linux-gnu/perl/5.40.1 /usr/local/share/perl/5.40.1 /usr/lib/x86_64-linux-gnu/perl5/5.40 /usr/share/perl5 /usr/lib/x86_64-linux-gnu/perl-base /usr/lib/x86_64-linux-gnu/perl/5.40 /usr/share/perl/5.40 /usr/local/lib/site_perl) at /usr/share/perl5/Debconf/FrontEnd/Readline.pm line 8, <STDIN> line 216.)
Docker Build Test	Build Lyra image	2026-02-08T23:21:00.7036661Z #11 3.869 debconf: falling back to frontend: Teletype
Docker Build Test	Build Lyra image	2026-02-08T23:21:00.7037387Z #11 3.875 debconf: unable to initialize frontend: Teletype
Docker Build Test	Build Lyra image	2026-02-08T23:21:00.7037834Z #11 3.875 debconf: (This frontend requires a controlling tty.)
Docker Build Test	Build Lyra image	2026-02-08T23:21:00.7038193Z #11 3.875 debconf: falling back to frontend: Noninteractive
Docker Build Test	Build Lyra image	2026-02-08T23:21:04.6585005Z #11 7.886 Preconfiguring packages ...
Docker Build Test	Build Lyra image	2026-02-08T23:21:04.7644375Z #11 7.944 Fetched 135 MB in 1s (220 MB/s)
Docker Build Test	Build Lyra image	2026-02-08T23:21:04.7645314Z #11 7.961 Selecting previously unselected package libexpat1:amd64.
Docker Build Test	Build Lyra image	2026-02-08T23:21:04.7645913Z #11 7.961 (Reading database ... 
Docker Build Test	Build Lyra image	2026-02-08T23:21:04.7646284Z (Reading database ... 5%
Docker Build Test	Build Lyra image	2026-02-08T23:21:04.7646639Z (Reading database ... 10%
Docker Build Test	Build Lyra image	2026-02-08T23:21:04.7647319Z (Reading database ... 15%
Docker Build Test	Build Lyra image	2026-02-08T23:21:04.7647647Z (Reading database ... 20%
Docker Build Test	Build Lyra image	2026-02-08T23:21:04.7647877Z (Reading database ... 25%
Docker Build Test	Build Lyra image	2026-02-08T23:21:04.7648120Z (Reading database ... 30%
Docker Build Test	Build Lyra image	2026-02-08T23:21:04.7648433Z (Reading database ... 35%
Docker Build Test	Build Lyra image	2026-02-08T23:21:04.7648652Z (Reading database ... 40%
Docker Build Test	Build Lyra image	2026-02-08T23:21:04.7648882Z (Reading database ... 45%
Docker Build Test	Build Lyra image	2026-02-08T23:21:04.7649179Z (Reading database ... 50%
Docker Build Test	Build Lyra image	2026-02-08T23:21:04.7649403Z (Reading database ... 55%
Docker Build Test	Build Lyra image	2026-02-08T23:21:04.7649611Z (Reading database ... 60%
Docker Build Test	Build Lyra image	2026-02-08T23:21:04.7649862Z (Reading database ... 65%
Docker Build Test	Build Lyra image	2026-02-08T23:21:04.7650143Z (Reading database ... 70%
Docker Build Test	Build Lyra image	2026-02-08T23:21:04.7650379Z (Reading database ... 75%
Docker Build Test	Build Lyra image	2026-02-08T23:21:04.7650725Z (Reading database ... 80%
Docker Build Test	Build Lyra image	2026-02-08T23:21:04.7651400Z (Reading database ... 85%
Docker Build Test	Build Lyra image	2026-02-08T23:21:04.7651751Z (Reading database ... 90%
Docker Build Test	Build Lyra image	2026-02-08T23:21:04.7652504Z (Reading database ... 95%
Docker Build Test	Build Lyra image	2026-02-08T23:21:04.7652882Z (Reading database ... 100%
Docker Build Test	Build Lyra image	2026-02-08T23:21:04.7653604Z (Reading database ... 5645 files and directories currently installed.)
Docker Build Test	Build Lyra image	2026-02-08T23:21:04.7654616Z #11 7.967 Preparing to unpack .../000-libexpat1_2.7.1-2_amd64.deb ...
Docker Build Test	Build Lyra image	2026-02-08T23:21:04.7655239Z #11 7.969 Unpacking libexpat1:amd64 (2.7.1-2) ...
Docker Build Test	Build Lyra image	2026-02-08T23:21:04.7655851Z #11 7.992 Selecting previously unselected package libbrotli1:amd64.
Docker Build Test	Build Lyra image	2026-02-08T23:21:04.8645851Z #11 7.994 Preparing to unpack .../001-libbrotli1_1.1.0-2+b7_amd64.deb ...
Docker Build Test	Build Lyra image	2026-02-08T23:21:04.8648846Z #11 7.995 Unpacking libbrotli1:amd64 (1.1.0-2+b7) ...
Docker Build Test	Build Lyra image	2026-02-08T23:21:04.8649573Z #11 8.024 Selecting previously unselected package libkrb5support0:amd64.
Docker Build Test	Build Lyra image	2026-02-08T23:21:04.8650403Z #11 8.026 Preparing to unpack .../002-libkrb5support0_1.21.3-5_amd64.deb ...
Docker Build Test	Build Lyra image	2026-02-08T23:21:04.8651351Z #11 8.027 Unpacking libkrb5support0:amd64 (1.21.3-5) ...
Docker Build Test	Build Lyra image	2026-02-08T23:21:04.8652036Z #11 8.046 Selecting previously unselected package libcom-err2:amd64.
Docker Build Test	Build Lyra image	2026-02-08T23:21:04.8652791Z #11 8.048 Preparing to unpack .../003-libcom-err2_1.47.2-3+b7_amd64.deb ...
Docker Build Test	Build Lyra image	2026-02-08T23:21:04.8653694Z #11 8.051 Unpacking libcom-err2:amd64 (1.47.2-3+b7) ...
Docker Build Test	Build Lyra image	2026-02-08T23:21:04.8654562Z #11 8.070 Selecting previously unselected package libk5crypto3:amd64.
Docker Build Test	Build Lyra image	2026-02-08T23:21:04.8655309Z #11 8.072 Preparing to unpack .../004-libk5crypto3_1.21.3-5_amd64.deb ...
Docker Build Test	Build Lyra image	2026-02-08T23:21:04.8656139Z #11 8.073 Unpacking libk5crypto3:amd64 (1.21.3-5) ...
Docker Build Test	Build Lyra image	2026-02-08T23:21:04.8657171Z #11 8.092 Selecting previously unselected package libkeyutils1:amd64.
Docker Build Test	Build Lyra image	2026-02-08T23:21:04.9875879Z #11 8.093 Preparing to unpack .../005-libkeyutils1_1.6.3-6_amd64.deb ...
Docker Build Test	Build Lyra image	2026-02-08T23:21:04.9876657Z #11 8.095 Unpacking libkeyutils1:amd64 (1.6.3-6) ...
Docker Build Test	Build Lyra image	2026-02-08T23:21:04.9877173Z #11 8.112 Selecting previously unselected package libkrb5-3:amd64.
Docker Build Test	Build Lyra image	2026-02-08T23:21:04.9877757Z #11 8.114 Preparing to unpack .../006-libkrb5-3_1.21.3-5_amd64.deb ...
Docker Build Test	Build Lyra image	2026-02-08T23:21:04.9878256Z #11 8.115 Unpacking libkrb5-3:amd64 (1.21.3-5) ...
Docker Build Test	Build Lyra image	2026-02-08T23:21:04.9878792Z #11 8.149 Selecting previously unselected package libgssapi-krb5-2:amd64.
Docker Build Test	Build Lyra image	2026-02-08T23:21:04.9879583Z #11 8.151 Preparing to unpack .../007-libgssapi-krb5-2_1.21.3-5_amd64.deb ...
Docker Build Test	Build Lyra image	2026-02-08T23:21:04.9880260Z #11 8.152 Unpacking libgssapi-krb5-2:amd64 (1.21.3-5) ...
Docker Build Test	Build Lyra image	2026-02-08T23:21:04.9880920Z #11 8.172 Selecting previously unselected package libunistring5:amd64.
Docker Build Test	Build Lyra image	2026-02-08T23:21:04.9883345Z #11 8.174 Preparing to unpack .../008-libunistring5_1.3-2_amd64.deb ...
Docker Build Test	Build Lyra image	2026-02-08T23:21:04.9884377Z #11 8.175 Unpacking libunistring5:amd64 (1.3-2) ...
Docker Build Test	Build Lyra image	2026-02-08T23:21:04.9885022Z #11 8.215 Selecting previously unselected package libidn2-0:amd64.
Docker Build Test	Build Lyra image	2026-02-08T23:21:05.1010749Z #11 8.216 Preparing to unpack .../009-libidn2-0_2.3.8-2_amd64.deb ...
Docker Build Test	Build Lyra image	2026-02-08T23:21:05.1011581Z #11 8.218 Unpacking libidn2-0:amd64 (2.3.8-2) ...
Docker Build Test	Build Lyra image	2026-02-08T23:21:05.1012154Z #11 8.238 Selecting previously unselected package libsasl2-modules-db:amd64.
Docker Build Test	Build Lyra image	2026-02-08T23:21:05.1012899Z #11 8.239 Preparing to unpack .../010-libsasl2-modules-db_2.1.28+dfsg1-9_amd64.deb ...
Docker Build Test	Build Lyra image	2026-02-08T23:21:05.1013858Z #11 8.240 Unpacking libsasl2-modules-db:amd64 (2.1.28+dfsg1-9) ...
Docker Build Test	Build Lyra image	2026-02-08T23:21:05.1014436Z #11 8.257 Selecting previously unselected package libsasl2-2:amd64.
Docker Build Test	Build Lyra image	2026-02-08T23:21:05.1015045Z #11 8.258 Preparing to unpack .../011-libsasl2-2_2.1.28+dfsg1-9_amd64.deb ...
Docker Build Test	Build Lyra image	2026-02-08T23:21:05.1015601Z #11 8.259 Unpacking libsasl2-2:amd64 (2.1.28+dfsg1-9) ...
Docker Build Test	Build Lyra image	2026-02-08T23:21:05.1016134Z #11 8.277 Selecting previously unselected package libldap2:amd64.
Docker Build Test	Build Lyra image	2026-02-08T23:21:05.1016722Z #11 8.278 Preparing to unpack .../012-libldap2_2.6.10+dfsg-1_amd64.deb ...
Docker Build Test	Build Lyra image	2026-02-08T23:21:05.1017258Z #11 8.279 Unpacking libldap2:amd64 (2.6.10+dfsg-1) ...
Docker Build Test	Build Lyra image	2026-02-08T23:21:05.1017821Z #11 8.307 Selecting previously unselected package libnghttp2-14:amd64.
Docker Build Test	Build Lyra image	2026-02-08T23:21:05.1018574Z #11 8.308 Preparing to unpack .../013-libnghttp2-14_1.64.0-1.1_amd64.deb ...
Docker Build Test	Build Lyra image	2026-02-08T23:21:05.1019246Z #11 8.309 Unpacking libnghttp2-14:amd64 (1.64.0-1.1) ...
Docker Build Test	Build Lyra image	2026-02-08T23:21:05.1019841Z #11 8.329 Selecting previously unselected package libnghttp3-9:amd64.
Docker Build Test	Build Lyra image	2026-02-08T23:21:05.2553078Z #11 8.330 Preparing to unpack .../014-libnghttp3-9_1.8.0-1_amd64.deb ...
Docker Build Test	Build Lyra image	2026-02-08T23:21:05.2553818Z #11 8.331 Unpacking libnghttp3-9:amd64 (1.8.0-1) ...
Docker Build Test	Build Lyra image	2026-02-08T23:21:05.2554444Z #11 8.350 Selecting previously unselected package libpsl5t64:amd64.
Docker Build Test	Build Lyra image	2026-02-08T23:21:05.2555181Z #11 8.352 Preparing to unpack .../015-libpsl5t64_0.21.2-1.1+b1_amd64.deb ...
Docker Build Test	Build Lyra image	2026-02-08T23:21:05.2555866Z #11 8.353 Unpacking libpsl5t64:amd64 (0.21.2-1.1+b1) ...
Docker Build Test	Build Lyra image	2026-02-08T23:21:05.2556288Z #11 8.373 Selecting previously unselected package libp11-kit0:amd64.
Docker Build Test	Build Lyra image	2026-02-08T23:21:05.2556844Z #11 8.374 Preparing to unpack .../016-libp11-kit0_0.25.5-3_amd64.deb ...
Docker Build Test	Build Lyra image	2026-02-08T23:21:05.2557737Z #11 8.375 Unpacking libp11-kit0:amd64 (0.25.5-3) ...
Docker Build Test	Build Lyra image	2026-02-08T23:21:05.2558593Z #11 8.406 Selecting previously unselected package libtasn1-6:amd64.
Docker Build Test	Build Lyra image	2026-02-08T23:21:05.2559906Z #11 8.407 Preparing to unpack .../017-libtasn1-6_4.20.0-2_amd64.deb ...
Docker Build Test	Build Lyra image	2026-02-08T23:21:05.2560559Z #11 8.408 Unpacking libtasn1-6:amd64 (4.20.0-2) ...
Docker Build Test	Build Lyra image	2026-02-08T23:21:05.2562129Z #11 8.426 Selecting previously unselected package libgnutls30t64:amd64.
Docker Build Test	Build Lyra image	2026-02-08T23:21:05.2563502Z #11 8.427 Preparing to unpack .../018-libgnutls30t64_3.8.9-3+deb13u1_amd64.deb ...
Docker Build Test	Build Lyra image	2026-02-08T23:21:05.2564278Z #11 8.428 Unpacking libgnutls30t64:amd64 (3.8.9-3+deb13u1) ...
Docker Build Test	Build Lyra image	2026-02-08T23:21:05.2564963Z #11 8.483 Selecting previously unselected package librtmp1:amd64.
Docker Build Test	Build Lyra image	2026-02-08T23:21:05.3584478Z #11 8.484 Preparing to unpack .../019-librtmp1_2.4+20151223.gitfa8646d.1-2+b5_amd64.deb ...
Docker Build Test	Build Lyra image	2026-02-08T23:21:05.3585270Z #11 8.485 Unpacking librtmp1:amd64 (2.4+20151223.gitfa8646d.1-2+b5) ...
Docker Build Test	Build Lyra image	2026-02-08T23:21:05.3586369Z #11 8.503 Selecting previously unselected package libssh2-1t64:amd64.
Docker Build Test	Build Lyra image	2026-02-08T23:21:05.3587377Z #11 8.504 Preparing to unpack .../020-libssh2-1t64_1.11.1-1_amd64.deb ...
Docker Build Test	Build Lyra image	2026-02-08T23:21:05.3588132Z #11 8.505 Unpacking libssh2-1t64:amd64 (1.11.1-1) ...
Docker Build Test	Build Lyra image	2026-02-08T23:21:05.3588833Z #11 8.527 Selecting previously unselected package libcurl4t64:amd64.
Docker Build Test	Build Lyra image	2026-02-08T23:21:05.3589523Z #11 8.529 Preparing to unpack .../021-libcurl4t64_8.14.1-2+deb13u2_amd64.deb ...
Docker Build Test	Build Lyra image	2026-02-08T23:21:05.3591706Z #11 8.530 Unpacking libcurl4t64:amd64 (8.14.1-2+deb13u2) ...
Docker Build Test	Build Lyra image	2026-02-08T23:21:05.3592746Z #11 8.559 Selecting previously unselected package curl.
Docker Build Test	Build Lyra image	2026-02-08T23:21:05.3593640Z #11 8.561 Preparing to unpack .../022-curl_8.14.1-2+deb13u2_amd64.deb ...
Docker Build Test	Build Lyra image	2026-02-08T23:21:05.3594616Z #11 8.562 Unpacking curl (8.14.1-2+deb13u2) ...
Docker Build Test	Build Lyra image	2026-02-08T23:21:05.3595216Z #11 8.586 Selecting previously unselected package libaom3:amd64.
Docker Build Test	Build Lyra image	2026-02-08T23:21:05.4658234Z #11 8.588 Preparing to unpack .../023-libaom3_3.12.1-1_amd64.deb ...
Docker Build Test	Build Lyra image	2026-02-08T23:21:05.4659048Z #11 8.589 Unpacking libaom3:amd64 (3.12.1-1) ...
Docker Build Test	Build Lyra image	2026-02-08T23:21:05.4659628Z #11 8.675 Selecting previously unselected package libdrm-common.
Docker Build Test	Build Lyra image	2026-02-08T23:21:05.4660271Z #11 8.676 Preparing to unpack .../024-libdrm-common_2.4.124-2_all.deb ...
Docker Build Test	Build Lyra image	2026-02-08T23:21:05.4660877Z #11 8.677 Unpacking libdrm-common (2.4.124-2) ...
Docker Build Test	Build Lyra image	2026-02-08T23:21:05.4662346Z #11 8.693 Selecting previously unselected package libdrm2:amd64.
Docker Build Test	Build Lyra image	2026-02-08T23:21:05.5805157Z #11 8.695 Preparing to unpack .../025-libdrm2_2.4.124-2_amd64.deb ...
Docker Build Test	Build Lyra image	2026-02-08T23:21:05.5810896Z #11 8.696 Unpacking libdrm2:amd64 (2.4.124-2) ...
Docker Build Test	Build Lyra image	2026-02-08T23:21:05.5811795Z #11 8.713 Selecting previously unselected package libva2:amd64.
Docker Build Test	Build Lyra image	2026-02-08T23:21:05.5812482Z #11 8.715 Preparing to unpack .../026-libva2_2.22.0-3_amd64.deb ...
Docker Build Test	Build Lyra image	2026-02-08T23:21:05.5813203Z #11 8.716 Unpacking libva2:amd64 (2.22.0-3) ...
Docker Build Test	Build Lyra image	2026-02-08T23:21:05.5813849Z #11 8.734 Selecting previously unselected package libva-drm2:amd64.
Docker Build Test	Build Lyra image	2026-02-08T23:21:05.5814542Z #11 8.735 Preparing to unpack .../027-libva-drm2_2.22.0-3_amd64.deb ...
Docker Build Test	Build Lyra image	2026-02-08T23:21:05.5815204Z #11 8.736 Unpacking libva-drm2:amd64 (2.22.0-3) ...
Docker Build Test	Build Lyra image	2026-02-08T23:21:05.5815773Z #11 8.781 Selecting previously unselected package libxau6:amd64.
Docker Build Test	Build Lyra image	2026-02-08T23:21:05.5816461Z #11 8.782 Preparing to unpack .../028-libxau6_1%3a1.0.11-1_amd64.deb ...
Docker Build Test	Build Lyra image	2026-02-08T23:21:05.5817094Z #11 8.784 Unpacking libxau6:amd64 (1:1.0.11-1) ...
Docker Build Test	Build Lyra image	2026-02-08T23:21:05.5817707Z #11 8.808 Selecting previously unselected package libxdmcp6:amd64.
Docker Build Test	Build Lyra image	2026-02-08T23:21:05.7009429Z #11 ...
Docker Build Test	Build Lyra image	2026-02-08T23:21:05.7009707Z 
Docker Build Test	Build Lyra image	2026-02-08T23:21:05.7010478Z #12 [builder 6/6] RUN pip install --no-cache-dir --upgrade pip &&     pip install --no-cache-dir -r requirements.lyra.txt
Docker Build Test	Build Lyra image	2026-02-08T23:21:05.7011847Z #12 0.374 Requirement already satisfied: pip in /opt/venv/lib/python3.11/site-packages (24.0)
Docker Build Test	Build Lyra image	2026-02-08T23:21:05.7013721Z #12 0.450 Collecting pip
Docker Build Test	Build Lyra image	2026-02-08T23:21:05.7014235Z #12 0.471   Downloading pip-26.0.1-py3-none-any.whl.metadata (4.7 kB)
Docker Build Test	Build Lyra image	2026-02-08T23:21:05.7014896Z #12 0.477 Downloading pip-26.0.1-py3-none-any.whl (1.8 MB)
Docker Build Test	Build Lyra image	2026-02-08T23:21:05.7016238Z #12 0.502    ━━━━━━━━━━━━━━━━━━━━━━━━━━━━━━━━━━━━━━━━ 1.8/1.8 MB 81.2 MB/s eta 0:00:00
Docker Build Test	Build Lyra image	2026-02-08T23:21:05.7017087Z #12 0.546 Installing collected packages: pip
Docker Build Test	Build Lyra image	2026-02-08T23:21:05.7017706Z #12 0.547   Attempting uninstall: pip
Docker Build Test	Build Lyra image	2026-02-08T23:21:05.7018225Z #12 0.549     Found existing installation: pip 24.0
Docker Build Test	Build Lyra image	2026-02-08T23:21:05.7018634Z #12 0.589     Uninstalling pip-24.0:
Docker Build Test	Build Lyra image	2026-02-08T23:21:05.7019260Z #12 0.852       Successfully uninstalled pip-24.0
Docker Build Test	Build Lyra image	2026-02-08T23:21:05.7019643Z #12 1.580 Successfully installed pip-26.0.1
Docker Build Test	Build Lyra image	2026-02-08T23:21:05.7020450Z #12 2.084 Collecting psycopg2-binary>=2.9.9 (from -r requirements.lyra.txt (line 1))
Docker Build Test	Build Lyra image	2026-02-08T23:21:05.7022012Z #12 2.112   Downloading psycopg2_binary-2.9.11-cp311-cp311-manylinux2014_x86_64.manylinux_2_17_x86_64.whl.metadata (4.9 kB)
Docker Build Test	Build Lyra image	2026-02-08T23:21:05.7023127Z #12 2.340 Collecting sqlalchemy>=2.0.0 (from -r requirements.lyra.txt (line 2))
Docker Build Test	Build Lyra image	2026-02-08T23:21:05.7024304Z #12 2.351   Downloading sqlalchemy-2.0.46-cp311-cp311-manylinux2014_x86_64.manylinux_2_17_x86_64.manylinux_2_28_x86_64.whl.metadata (9.5 kB)
Docker Build Test	Build Lyra image	2026-02-08T23:21:05.7025488Z #12 2.373 Collecting geoalchemy2>=0.14.0 (from -r requirements.lyra.txt (line 3))
Docker Build Test	Build Lyra image	2026-02-08T23:21:05.7026272Z #12 2.378   Downloading geoalchemy2-0.18.1-py3-none-any.whl.metadata (2.3 kB)
Docker Build Test	Build Lyra image	2026-02-08T23:21:05.7027082Z #12 2.463 Collecting pydantic>=2.5.0 (from -r requirements.lyra.txt (line 4))
Docker Build Test	Build Lyra image	2026-02-08T23:21:05.7027854Z #12 2.467   Downloading pydantic-2.12.5-py3-none-any.whl.metadata (90 kB)
Docker Build Test	Build Lyra image	2026-02-08T23:21:05.7028705Z #12 2.484 Collecting pydantic-settings>=2.1.0 (from -r requirements.lyra.txt (line 5))
Docker Build Test	Build Lyra image	2026-02-08T23:21:05.7030051Z #12 2.487   Downloading pydantic_settings-2.12.0-py3-none-any.whl.metadata (3.4 kB)
Docker Build Test	Build Lyra image	2026-02-08T23:21:05.7031005Z #12 2.498 Collecting python-dotenv>=1.0.0 (from -r requirements.lyra.txt (line 6))
Docker Build Test	Build Lyra image	2026-02-08T23:21:05.7032022Z #12 2.502   Downloading python_dotenv-1.2.1-py3-none-any.whl.metadata (25 kB)
Docker Build Test	Build Lyra image	2026-02-08T23:21:05.7032838Z #12 2.522 Collecting anthropic>=0.40.0 (from -r requirements.lyra.txt (line 7))
Docker Build Test	Build Lyra image	2026-02-08T23:21:05.7033641Z #12 2.526   Downloading anthropic-0.79.0-py3-none-any.whl.metadata (28 kB)
Docker Build Test	Build Lyra image	2026-02-08T23:21:05.7034530Z #12 2.536 Collecting youtube-transcript-api>=1.0.0 (from -r requirements.lyra.txt (line 8))
Docker Build Test	Build Lyra image	2026-02-08T23:21:05.7035782Z #12 2.540   Downloading youtube_transcript_api-1.2.4-py3-none-any.whl.metadata (24 kB)
Docker Build Test	Build Lyra image	2026-02-08T23:21:05.7036638Z #12 2.611 Collecting yt-dlp>=2024.0.0 (from -r requirements.lyra.txt (line 9))
Docker Build Test	Build Lyra image	2026-02-08T23:21:05.7037417Z #12 2.615   Downloading yt_dlp-2026.2.4-py3-none-any.whl.metadata (182 kB)
Docker Build Test	Build Lyra image	2026-02-08T23:21:05.7038218Z #12 2.640 Collecting requests>=2.31.0 (from -r requirements.lyra.txt (line 10))
Docker Build Test	Build Lyra image	2026-02-08T23:21:05.7039052Z #12 2.643   Downloading requests-2.32.5-py3-none-any.whl.metadata (4.9 kB)
Docker Build Test	Build Lyra image	2026-02-08T23:21:05.7039814Z #12 2.655 Collecting httpx>=0.26.0 (from -r requirements.lyra.txt (line 11))
Docker Build Test	Build Lyra image	2026-02-08T23:21:05.7040564Z #12 2.658   Downloading httpx-0.28.1-py3-none-any.whl.metadata (7.1 kB)
Docker Build Test	Build Lyra image	2026-02-08T23:21:05.7041547Z #12 2.669 Collecting tenacity>=8.2.0 (from -r requirements.lyra.txt (line 12))
Docker Build Test	Build Lyra image	2026-02-08T23:21:05.7042341Z #12 2.672   Downloading tenacity-9.1.4-py3-none-any.whl.metadata (1.2 kB)
Docker Build Test	Build Lyra image	2026-02-08T23:21:05.7043098Z #12 2.679 Collecting loguru>=0.7.0 (from -r requirements.lyra.txt (line 13))
Docker Build Test	Build Lyra image	2026-02-08T23:21:05.7043617Z #12 2.692   Downloading loguru-0.7.3-py3-none-any.whl.metadata (22 kB)
Docker Build Test	Build Lyra image	2026-02-08T23:21:05.7044087Z #12 2.791 Collecting greenlet>=1 (from sqlalchemy>=2.0.0->-r requirements.lyra.txt (line 2))
Docker Build Test	Build Lyra image	2026-02-08T23:21:05.7044881Z #12 2.795   Downloading greenlet-3.3.1-cp311-cp311-manylinux_2_24_x86_64.manylinux_2_28_x86_64.whl.metadata (3.7 kB)
Docker Build Test	Build Lyra image	2026-02-08T23:21:05.7045760Z #12 2.806 Collecting typing-extensions>=4.6.0 (from sqlalchemy>=2.0.0->-r requirements.lyra.txt (line 2))
Docker Build Test	Build Lyra image	2026-02-08T23:21:05.7046782Z #12 2.809   Downloading typing_extensions-4.15.0-py3-none-any.whl.metadata (3.3 kB)
Docker Build Test	Build Lyra image	2026-02-08T23:21:05.7047707Z #12 2.826 Collecting packaging (from geoalchemy2>=0.14.0->-r requirements.lyra.txt (line 3))
Docker Build Test	Build Lyra image	2026-02-08T23:21:05.7048581Z #12 2.830   Downloading packaging-26.0-py3-none-any.whl.metadata (3.3 kB)
Docker Build Test	Build Lyra image	2026-02-08T23:21:05.7049484Z #12 2.837 Collecting annotated-types>=0.6.0 (from pydantic>=2.5.0->-r requirements.lyra.txt (line 4))
Docker Build Test	Build Lyra image	2026-02-08T23:21:05.7050436Z #12 2.840   Downloading annotated_types-0.7.0-py3-none-any.whl.metadata (15 kB)
Docker Build Test	Build Lyra image	2026-02-08T23:21:05.7051528Z #12 3.613 Collecting pydantic-core==2.41.5 (from pydantic>=2.5.0->-r requirements.lyra.txt (line 4))
Docker Build Test	Build Lyra image	2026-02-08T23:21:05.7052745Z #12 3.619   Downloading pydantic_core-2.41.5-cp311-cp311-manylinux_2_17_x86_64.manylinux2014_x86_64.whl.metadata (7.3 kB)
Docker Build Test	Build Lyra image	2026-02-08T23:21:05.7053945Z #12 3.628 Collecting typing-inspection>=0.4.2 (from pydantic>=2.5.0->-r requirements.lyra.txt (line 4))
Docker Build Test	Build Lyra image	2026-02-08T23:21:05.7054917Z #12 3.632   Downloading typing_inspection-0.4.2-py3-none-any.whl.metadata (2.6 kB)
Docker Build Test	Build Lyra image	2026-02-08T23:21:05.7055834Z #12 3.655 Collecting anyio<5,>=3.5.0 (from anthropic>=0.40.0->-r requirements.lyra.txt (line 7))
Docker Build Test	Build Lyra image	2026-02-08T23:21:05.7056682Z #12 3.659   Downloading anyio-4.12.1-py3-none-any.whl.metadata (4.3 kB)
Docker Build Test	Build Lyra image	2026-02-08T23:21:05.7057525Z #12 3.667 Collecting distro<2,>=1.7.0 (from anthropic>=0.40.0->-r requirements.lyra.txt (line 7))
Docker Build Test	Build Lyra image	2026-02-08T23:21:05.7058366Z #12 3.670   Downloading distro-1.9.0-py3-none-any.whl.metadata (6.8 kB)
Docker Build Test	Build Lyra image	2026-02-08T23:21:05.7059287Z #12 3.677 Collecting docstring-parser<1,>=0.15 (from anthropic>=0.40.0->-r requirements.lyra.txt (line 7))
Docker Build Test	Build Lyra image	2026-02-08T23:21:05.7060267Z #12 3.681   Downloading docstring_parser-0.17.0-py3-none-any.whl.metadata (3.5 kB)
Docker Build Test	Build Lyra image	2026-02-08T23:21:05.7061294Z #12 3.754 Collecting jiter<1,>=0.4.0 (from anthropic>=0.40.0->-r requirements.lyra.txt (line 7))
Docker Build Test	Build Lyra image	2026-02-08T23:21:05.7062602Z #12 3.758   Downloading jiter-0.13.0-cp311-cp311-manylinux_2_17_x86_64.manylinux2014_x86_64.whl.metadata (5.2 kB)
Docker Build Test	Build Lyra image	2026-02-08T23:21:05.7063644Z #12 3.768 Collecting sniffio (from anthropic>=0.40.0->-r requirements.lyra.txt (line 7))
Docker Build Test	Build Lyra image	2026-02-08T23:21:05.7064483Z #12 3.772   Downloading sniffio-1.3.1-py3-none-any.whl.metadata (3.9 kB)
Docker Build Test	Build Lyra image	2026-02-08T23:21:05.7065295Z #12 3.786 Collecting certifi (from httpx>=0.26.0->-r requirements.lyra.txt (line 11))
Docker Build Test	Build Lyra image	2026-02-08T23:21:05.7066125Z #12 3.790   Downloading certifi-2026.1.4-py3-none-any.whl.metadata (2.5 kB)
Docker Build Test	Build Lyra image	2026-02-08T23:21:05.7066971Z #12 3.801 Collecting httpcore==1.* (from httpx>=0.26.0->-r requirements.lyra.txt (line 11))
Docker Build Test	Build Lyra image	2026-02-08T23:21:05.7067972Z #12 3.804   Downloading httpcore-1.0.9-py3-none-any.whl.metadata (21 kB)
Docker Build Test	Build Lyra image	2026-02-08T23:21:05.7068762Z #12 3.814 Collecting idna (from httpx>=0.26.0->-r requirements.lyra.txt (line 11))
Docker Build Test	Build Lyra image	2026-02-08T23:21:05.7069536Z #12 3.817   Downloading idna-3.11-py3-none-any.whl.metadata (8.4 kB)
Docker Build Test	Build Lyra image	2026-02-08T23:21:05.7070407Z #12 3.828 Collecting h11>=0.16 (from httpcore==1.*->httpx>=0.26.0->-r requirements.lyra.txt (line 11))
Docker Build Test	Build Lyra image	2026-02-08T23:21:05.7071390Z #12 3.832   Downloading h11-0.16.0-py3-none-any.whl.metadata (8.3 kB)
Docker Build Test	Build Lyra image	2026-02-08T23:21:05.7072342Z #12 3.841 Collecting defusedxml<0.8.0,>=0.7.1 (from youtube-transcript-api>=1.0.0->-r requirements.lyra.txt (line 8))
Docker Build Test	Build Lyra image	2026-02-08T23:21:05.7073385Z #12 3.845   Downloading defusedxml-0.7.1-py2.py3-none-any.whl.metadata (32 kB)
Docker Build Test	Build Lyra image	2026-02-08T23:21:05.7074343Z #12 3.910 Collecting charset_normalizer<4,>=2 (from requests>=2.31.0->-r requirements.lyra.txt (line 10))
Docker Build Test	Build Lyra image	2026-02-08T23:21:05.7075710Z #12 3.914   Downloading charset_normalizer-3.4.4-cp311-cp311-manylinux2014_x86_64.manylinux_2_17_x86_64.manylinux_2_28_x86_64.whl.metadata (37 kB)
Docker Build Test	Build Lyra image	2026-02-08T23:21:05.7077014Z #12 3.934 Collecting urllib3<3,>=1.21.1 (from requests>=2.31.0->-r requirements.lyra.txt (line 10))
Docker Build Test	Build Lyra image	2026-02-08T23:21:05.7077890Z #12 3.938   Downloading urllib3-2.6.3-py3-none-any.whl.metadata (6.9 kB)
Docker Build Test	Build Lyra image	2026-02-08T23:21:05.7078883Z #12 3.954 Downloading psycopg2_binary-2.9.11-cp311-cp311-manylinux2014_x86_64.manylinux_2_17_x86_64.whl (4.2 MB)
Docker Build Test	Build Lyra image	2026-02-08T23:21:05.7080047Z #12 3.970    ━━━━━━━━━━━━━━━━━━━━━━━━━━━━━━━━━━━━━━━━ 4.2/4.2 MB 295.0 MB/s  0:00:00
Docker Build Test	Build Lyra image	2026-02-08T23:21:05.7081224Z #12 3.974 Downloading sqlalchemy-2.0.46-cp311-cp311-manylinux2014_x86_64.manylinux_2_17_x86_64.manylinux_2_28_x86_64.whl (3.3 MB)
Docker Build Test	Build Lyra image	2026-02-08T23:21:05.7082423Z #12 3.984    ━━━━━━━━━━━━━━━━━━━━━━━━━━━━━━━━━━━━━━━━ 3.3/3.3 MB 378.2 MB/s  0:00:00
Docker Build Test	Build Lyra image	2026-02-08T23:21:05.7083085Z #12 3.991 Downloading geoalchemy2-0.18.1-py3-none-any.whl (81 kB)
Docker Build Test	Build Lyra image	2026-02-08T23:21:05.7083767Z #12 3.995 Downloading pydantic-2.12.5-py3-none-any.whl (463 kB)
Docker Build Test	Build Lyra image	2026-02-08T23:21:05.7084662Z #12 4.000 Downloading pydantic_core-2.41.5-cp311-cp311-manylinux_2_17_x86_64.manylinux2014_x86_64.whl (2.1 MB)
Docker Build Test	Build Lyra image	2026-02-08T23:21:05.7085725Z #12 4.013    ━━━━━━━━━━━━━━━━━━━━━━━━━━━━━━━━━━━━━━━━ 2.1/2.1 MB 209.9 MB/s  0:00:00
Docker Build Test	Build Lyra image	2026-02-08T23:21:05.7086438Z #12 4.017 Downloading pydantic_settings-2.12.0-py3-none-any.whl (51 kB)
Docker Build Test	Build Lyra image	2026-02-08T23:21:05.7087138Z #12 4.020 Downloading python_dotenv-1.2.1-py3-none-any.whl (21 kB)
Docker Build Test	Build Lyra image	2026-02-08T23:21:05.7087805Z #12 4.023 Downloading anthropic-0.79.0-py3-none-any.whl (405 kB)
Docker Build Test	Build Lyra image	2026-02-08T23:21:05.7088418Z #12 4.030 Downloading httpx-0.28.1-py3-none-any.whl (73 kB)
Docker Build Test	Build Lyra image	2026-02-08T23:21:05.7089005Z #12 4.034 Downloading anyio-4.12.1-py3-none-any.whl (113 kB)
Docker Build Test	Build Lyra image	2026-02-08T23:21:05.7089585Z #12 4.037 Downloading distro-1.9.0-py3-none-any.whl (20 kB)
Docker Build Test	Build Lyra image	2026-02-08T23:21:05.7090235Z #12 4.041 Downloading docstring_parser-0.17.0-py3-none-any.whl (36 kB)
Docker Build Test	Build Lyra image	2026-02-08T23:21:05.7090921Z #12 4.045 Downloading httpcore-1.0.9-py3-none-any.whl (78 kB)
Docker Build Test	Build Lyra image	2026-02-08T23:21:05.7091892Z #12 4.049 Downloading jiter-0.13.0-cp311-cp311-manylinux_2_17_x86_64.manylinux2014_x86_64.whl (362 kB)
Docker Build Test	Build Lyra image	2026-02-08T23:21:05.7092831Z #12 4.056 Downloading typing_extensions-4.15.0-py3-none-any.whl (44 kB)
Docker Build Test	Build Lyra image	2026-02-08T23:21:05.7093596Z #12 4.061 Downloading youtube_transcript_api-1.2.4-py3-none-any.whl (485 kB)
Docker Build Test	Build Lyra image	2026-02-08T23:21:05.7094534Z #12 4.066 Downloading defusedxml-0.7.1-py2.py3-none-any.whl (25 kB)
Docker Build Test	Build Lyra image	2026-02-08T23:21:05.7095222Z #12 4.071 Downloading yt_dlp-2026.2.4-py3-none-any.whl (3.3 MB)
Docker Build Test	Build Lyra image	2026-02-08T23:21:05.7096054Z #12 4.099    ━━━━━━━━━━━━━━━━━━━━━━━━━━━━━━━━━━━━━━━━ 3.3/3.3 MB 145.4 MB/s  0:00:00
Docker Build Test	Build Lyra image	2026-02-08T23:21:05.7096737Z #12 4.103 Downloading requests-2.32.5-py3-none-any.whl (64 kB)
Docker Build Test	Build Lyra image	2026-02-08T23:21:05.7097825Z #12 4.106 Downloading charset_normalizer-3.4.4-cp311-cp311-manylinux2014_x86_64.manylinux_2_17_x86_64.manylinux_2_28_x86_64.whl (151 kB)
Docker Build Test	Build Lyra image	2026-02-08T23:21:05.7098917Z #12 4.111 Downloading idna-3.11-py3-none-any.whl (71 kB)
Docker Build Test	Build Lyra image	2026-02-08T23:21:05.7099682Z #12 4.115 Downloading urllib3-2.6.3-py3-none-any.whl (131 kB)
Docker Build Test	Build Lyra image	2026-02-08T23:21:05.7100300Z #12 4.119 Downloading tenacity-9.1.4-py3-none-any.whl (28 kB)
Docker Build Test	Build Lyra image	2026-02-08T23:21:05.7100907Z #12 4.123 Downloading loguru-0.7.3-py3-none-any.whl (61 kB)
Docker Build Test	Build Lyra image	2026-02-08T23:21:05.7101746Z #12 4.127 Downloading annotated_types-0.7.0-py3-none-any.whl (13 kB)
Docker Build Test	Build Lyra image	2026-02-08T23:21:05.7102460Z #12 4.130 Downloading certifi-2026.1.4-py3-none-any.whl (152 kB)
Docker Build Test	Build Lyra image	2026-02-08T23:21:05.7103344Z #12 4.134 Downloading greenlet-3.3.1-cp311-cp311-manylinux_2_24_x86_64.manylinux_2_28_x86_64.whl (590 kB)
Docker Build Test	Build Lyra image	2026-02-08T23:21:05.7104442Z #12 4.137    ━━━━━━━━━━━━━━━━━━━━━━━━━━━━━━━━━━━━━━━━ 590.3/590.3 kB 487.1 MB/s  0:00:00
Docker Build Test	Build Lyra image	2026-02-08T23:21:05.7105080Z #12 4.141 Downloading h11-0.16.0-py3-none-any.whl (37 kB)
Docker Build Test	Build Lyra image	2026-02-08T23:21:05.7105739Z #12 4.144 Downloading typing_inspection-0.4.2-py3-none-any.whl (14 kB)
Docker Build Test	Build Lyra image	2026-02-08T23:21:05.7106438Z #12 4.147 Downloading packaging-26.0-py3-none-any.whl (74 kB)
Docker Build Test	Build Lyra image	2026-02-08T23:21:05.7107073Z #12 4.151 Downloading sniffio-1.3.1-py3-none-any.whl (10 kB)
Docker Build Test	Build Lyra image	2026-02-08T23:21:05.7109909Z #12 4.244 Installing collected packages: yt-dlp, urllib3, typing-extensions, tenacity, sniffio, python-dotenv, psycopg2-binary, packaging, loguru, jiter, idna, h11, greenlet, docstring-parser, distro, defusedxml, charset_normalizer, certifi, annotated-types, typing-inspection, sqlalchemy, requests, pydantic-core, httpcore, anyio, youtube-transcript-api, pydantic, httpx, geoalchemy2, pydantic-settings, anthropic
Docker Build Test	Build Lyra image	2026-02-08T23:21:05.7112784Z #12 8.278 
Docker Build Test	Build Lyra image	2026-02-08T23:21:05.7116238Z #12 8.281 Successfully installed annotated-types-0.7.0 anthropic-0.79.0 anyio-4.12.1 certifi-2026.1.4 charset_normalizer-3.4.4 defusedxml-0.7.1 distro-1.9.0 docstring-parser-0.17.0 geoalchemy2-0.18.1 greenlet-3.3.1 h11-0.16.0 httpcore-1.0.9 httpx-0.28.1 idna-3.11 jiter-0.13.0 loguru-0.7.3 packaging-26.0 psycopg2-binary-2.9.11 pydantic-2.12.5 pydantic-core-2.41.5 pydantic-settings-2.12.0 python-dotenv-1.2.1 requests-2.32.5 sniffio-1.3.1 sqlalchemy-2.0.46 tenacity-9.1.4 typing-extensions-4.15.0 typing-inspection-0.4.2 urllib3-2.6.3 youtube-transcript-api-1.2.4 yt-dlp-2026.2.4
Docker Build Test	Build Lyra image	2026-02-08T23:21:05.7119837Z #12 DONE 8.8s
Docker Build Test	Build Lyra image	2026-02-08T23:21:05.7120009Z 
Docker Build Test	Build Lyra image	2026-02-08T23:21:05.7120847Z #11 [production 3/7] RUN apt-get update && apt-get install -y --no-install-recommends     libpq5     curl     ffmpeg     && rm -rf /var/lib/apt/lists/*     && apt-get clean
Docker Build Test	Build Lyra image	2026-02-08T23:21:05.7122248Z #11 8.810 Preparing to unpack .../029-libxdmcp6_1%3a1.1.5-1_amd64.deb ...
Docker Build Test	Build Lyra image	2026-02-08T23:21:05.7122881Z #11 8.817 Unpacking libxdmcp6:amd64 (1:1.1.5-1) ...
Docker Build Test	Build Lyra image	2026-02-08T23:21:05.7123466Z #11 8.854 Selecting previously unselected package libxcb1:amd64.
Docker Build Test	Build Lyra image	2026-02-08T23:21:05.7124156Z #11 8.855 Preparing to unpack .../030-libxcb1_1.17.0-2+b1_amd64.deb ...
Docker Build Test	Build Lyra image	2026-02-08T23:21:05.7124775Z #11 8.857 Unpacking libxcb1:amd64 (1.17.0-2+b1) ...
Docker Build Test	Build Lyra image	2026-02-08T23:21:05.7125348Z #11 8.874 Selecting previously unselected package libx11-data.
Docker Build Test	Build Lyra image	2026-02-08T23:21:05.7126236Z #11 8.875 Preparing to unpack .../031-libx11-data_2%3a1.8.12-1_all.deb ...
Docker Build Test	Build Lyra image	2026-02-08T23:21:05.7126854Z #11 8.876 Unpacking libx11-data (2:1.8.12-1) ...
Docker Build Test	Build Lyra image	2026-02-08T23:21:05.7127435Z #11 8.927 Selecting previously unselected package libx11-6:amd64.
Docker Build Test	Build Lyra image	2026-02-08T23:21:05.8005528Z #11 8.929 Preparing to unpack .../032-libx11-6_2%3a1.8.12-1_amd64.deb ...
Docker Build Test	Build Lyra image	2026-02-08T23:21:05.8006648Z #11 8.931 Unpacking libx11-6:amd64 (2:1.8.12-1) ...
Docker Build Test	Build Lyra image	2026-02-08T23:21:05.8007271Z #11 8.978 Selecting previously unselected package libx11-xcb1:amd64.
Docker Build Test	Build Lyra image	2026-02-08T23:21:05.8007994Z #11 8.980 Preparing to unpack .../033-libx11-xcb1_2%3a1.8.12-1_amd64.deb ...
Docker Build Test	Build Lyra image	2026-02-08T23:21:05.8008635Z #11 8.981 Unpacking libx11-xcb1:amd64 (2:1.8.12-1) ...
Docker Build Test	Build Lyra image	2026-02-08T23:21:05.8009265Z #11 9.001 Selecting previously unselected package libxcb-dri3-0:amd64.
Docker Build Test	Build Lyra image	2026-02-08T23:21:05.8010004Z #11 9.003 Preparing to unpack .../034-libxcb-dri3-0_1.17.0-2+b1_amd64.deb ...
Docker Build Test	Build Lyra image	2026-02-08T23:21:05.8010673Z #11 9.004 Unpacking libxcb-dri3-0:amd64 (1.17.0-2+b1) ...
Docker Build Test	Build Lyra image	2026-02-08T23:21:05.8011506Z #11 9.026 Selecting previously unselected package libxext6:amd64.
Docker Build Test	Build Lyra image	2026-02-08T23:21:05.8012204Z #11 9.027 Preparing to unpack .../035-libxext6_2%3a1.3.4-1+b3_amd64.deb ...
Docker Build Test	Build Lyra image	2026-02-08T23:21:05.8012814Z #11 9.028 Unpacking libxext6:amd64 (2:1.3.4-1+b3) ...
Docker Build Test	Build Lyra image	2026-02-08T23:21:05.9247985Z #11 9.051 Selecting previously unselected package libxfixes3:amd64.
Docker Build Test	Build Lyra image	2026-02-08T23:21:05.9248804Z #11 9.052 Preparing to unpack .../036-libxfixes3_1%3a6.0.0-2+b4_amd64.deb ...
Docker Build Test	Build Lyra image	2026-02-08T23:21:05.9249418Z #11 9.053 Unpacking libxfixes3:amd64 (1:6.0.0-2+b4) ...
Docker Build Test	Build Lyra image	2026-02-08T23:21:05.9250076Z #11 9.070 Selecting previously unselected package libva-x11-2:amd64.
Docker Build Test	Build Lyra image	2026-02-08T23:21:05.9250785Z #11 9.071 Preparing to unpack .../037-libva-x11-2_2.22.0-3_amd64.deb ...
Docker Build Test	Build Lyra image	2026-02-08T23:21:05.9251581Z #11 9.072 Unpacking libva-x11-2:amd64 (2.22.0-3) ...
Docker Build Test	Build Lyra image	2026-02-08T23:21:05.9252430Z #11 9.098 Selecting previously unselected package libvdpau1:amd64.
Docker Build Test	Build Lyra image	2026-02-08T23:21:05.9253633Z #11 9.100 Preparing to unpack .../038-libvdpau1_1.5-3+b1_amd64.deb ...
Docker Build Test	Build Lyra image	2026-02-08T23:21:05.9254062Z #11 9.101 Unpacking libvdpau1:amd64 (1.5-3+b1) ...
Docker Build Test	Build Lyra image	2026-02-08T23:21:05.9254624Z #11 9.125 Selecting previously unselected package libvpl2.
Docker Build Test	Build Lyra image	2026-02-08T23:21:05.9256816Z #11 9.126 Preparing to unpack .../039-libvpl2_1%3a2.14.0-1+b1_amd64.deb ...
Docker Build Test	Build Lyra image	2026-02-08T23:21:05.9258005Z #11 9.127 Unpacking libvpl2 (1:2.14.0-1+b1) ...
Docker Build Test	Build Lyra image	2026-02-08T23:21:05.9259094Z #11 9.152 Selecting previously unselected package ocl-icd-libopencl1:amd64.
Docker Build Test	Build Lyra image	2026-02-08T23:21:06.0288572Z #11 9.154 Preparing to unpack .../040-ocl-icd-libopencl1_2.3.3-1_amd64.deb ...
Docker Build Test	Build Lyra image	2026-02-08T23:21:06.0289564Z #11 9.155 Unpacking ocl-icd-libopencl1:amd64 (2.3.3-1) ...
Docker Build Test	Build Lyra image	2026-02-08T23:21:06.0290230Z #11 9.179 Selecting previously unselected package libavutil59:amd64.
Docker Build Test	Build Lyra image	2026-02-08T23:21:06.0291754Z #11 9.181 Preparing to unpack .../041-libavutil59_7%3a7.1.3-0+deb13u1_amd64.deb ...
Docker Build Test	Build Lyra image	2026-02-08T23:21:06.0292494Z #11 9.182 Unpacking libavutil59:amd64 (7:7.1.3-0+deb13u1) ...
Docker Build Test	Build Lyra image	2026-02-08T23:21:06.0293140Z #11 9.222 Selecting previously unselected package libpng16-16t64:amd64.
Docker Build Test	Build Lyra image	2026-02-08T23:21:06.0293928Z #11 9.224 Preparing to unpack .../042-libpng16-16t64_1.6.48-1+deb13u1_amd64.deb ...
Docker Build Test	Build Lyra image	2026-02-08T23:21:06.0294636Z #11 9.225 Unpacking libpng16-16t64:amd64 (1.6.48-1+deb13u1) ...
Docker Build Test	Build Lyra image	2026-02-08T23:21:06.0295300Z #11 9.256 Selecting previously unselected package libfreetype6:amd64.
Docker Build Test	Build Lyra image	2026-02-08T23:21:06.1851441Z #11 9.256 Preparing to unpack .../043-libfreetype6_2.13.3+dfsg-1_amd64.deb ...
Docker Build Test	Build Lyra image	2026-02-08T23:21:06.1852437Z #11 9.258 Unpacking libfreetype6:amd64 (2.13.3+dfsg-1) ...
Docker Build Test	Build Lyra image	2026-02-08T23:21:06.1855066Z #11 9.296 Selecting previously unselected package fonts-dejavu-mono.
Docker Build Test	Build Lyra image	2026-02-08T23:21:06.1855895Z #11 9.296 Preparing to unpack .../044-fonts-dejavu-mono_2.37-8_all.deb ...
Docker Build Test	Build Lyra image	2026-02-08T23:21:06.1856367Z #11 9.297 Unpacking fonts-dejavu-mono (2.37-8) ...
Docker Build Test	Build Lyra image	2026-02-08T23:21:06.1856984Z #11 9.338 Selecting previously unselected package fonts-dejavu-core.
Docker Build Test	Build Lyra image	2026-02-08T23:21:06.1858493Z #11 9.341 Preparing to unpack .../045-fonts-dejavu-core_2.37-8_all.deb ...
Docker Build Test	Build Lyra image	2026-02-08T23:21:06.1859691Z #11 9.356 Unpacking fonts-dejavu-core (2.37-8) ...
Docker Build Test	Build Lyra image	2026-02-08T23:21:06.1860233Z #11 9.412 Selecting previously unselected package fontconfig-config.
Docker Build Test	Build Lyra image	2026-02-08T23:21:06.2893842Z #11 9.414 Preparing to unpack .../046-fontconfig-config_2.15.0-2.3_amd64.deb ...
Docker Build Test	Build Lyra image	2026-02-08T23:21:06.2894964Z #11 9.415 Unpacking fontconfig-config (2.15.0-2.3) ...
Docker Build Test	Build Lyra image	2026-02-08T23:21:06.2896893Z #11 9.440 Selecting previously unselected package libfontconfig1:amd64.
Docker Build Test	Build Lyra image	2026-02-08T23:21:06.2897619Z #11 9.441 Preparing to unpack .../047-libfontconfig1_2.15.0-2.3_amd64.deb ...
Docker Build Test	Build Lyra image	2026-02-08T23:21:06.2898255Z #11 9.442 Unpacking libfontconfig1:amd64 (2.15.0-2.3) ...
Docker Build Test	Build Lyra image	2026-02-08T23:21:06.2898889Z #11 9.465 Selecting previously unselected package libpixman-1-0:amd64.
Docker Build Test	Build Lyra image	2026-02-08T23:21:06.2899596Z #11 9.467 Preparing to unpack .../048-libpixman-1-0_0.44.0-3_amd64.deb ...
Docker Build Test	Build Lyra image	2026-02-08T23:21:06.2900182Z #11 9.468 Unpacking libpixman-1-0:amd64 (0.44.0-3) ...
Docker Build Test	Build Lyra image	2026-02-08T23:21:06.2900852Z #11 9.496 Selecting previously unselected package libxcb-render0:amd64.
Docker Build Test	Build Lyra image	2026-02-08T23:21:06.2901800Z #11 9.498 Preparing to unpack .../049-libxcb-render0_1.17.0-2+b1_amd64.deb ...
Docker Build Test	Build Lyra image	2026-02-08T23:21:06.2902987Z #11 9.499 Unpacking libxcb-render0:amd64 (1.17.0-2+b1) ...
Docker Build Test	Build Lyra image	2026-02-08T23:21:06.2904197Z #11 9.517 Selecting previously unselected package libxcb-shm0:amd64.
Docker Build Test	Build Lyra image	2026-02-08T23:21:06.5189329Z #11 9.519 Preparing to unpack .../050-libxcb-shm0_1.17.0-2+b1_amd64.deb ...
Docker Build Test	Build Lyra image	2026-02-08T23:21:06.5190201Z #11 9.520 Unpacking libxcb-shm0:amd64 (1.17.0-2+b1) ...
Docker Build Test	Build Lyra image	2026-02-08T23:21:06.5191461Z #11 9.537 Selecting previously unselected package libxrender1:amd64.
Docker Build Test	Build Lyra image	2026-02-08T23:21:06.5204882Z #11 9.538 Preparing to unpack .../051-libxrender1_1%3a0.9.12-1_amd64.deb ...
Docker Build Test	Build Lyra image	2026-02-08T23:21:06.5205544Z #11 9.539 Unpacking libxrender1:amd64 (1:0.9.12-1) ...
Docker Build Test	Build Lyra image	2026-02-08T23:21:06.5206142Z #11 9.555 Selecting previously unselected package libcairo2:amd64.
Docker Build Test	Build Lyra image	2026-02-08T23:21:06.5206838Z #11 9.556 Preparing to unpack .../052-libcairo2_1.18.4-1+b1_amd64.deb ...
Docker Build Test	Build Lyra image	2026-02-08T23:21:06.5207488Z #11 9.558 Unpacking libcairo2:amd64 (1.18.4-1+b1) ...
Docker Build Test	Build Lyra image	2026-02-08T23:21:06.5208106Z #11 9.594 Selecting previously unselected package libcodec2-1.2:amd64.
Docker Build Test	Build Lyra image	2026-02-08T23:21:06.5208805Z #11 9.595 Preparing to unpack .../053-libcodec2-1.2_1.2.0-3_amd64.deb ...
Docker Build Test	Build Lyra image	2026-02-08T23:21:06.5209418Z #11 9.596 Unpacking libcodec2-1.2:amd64 (1.2.0-3) ...
Docker Build Test	Build Lyra image	2026-02-08T23:21:06.6465408Z #11 9.874 Selecting previously unselected package libdav1d7:amd64.
Docker Build Test	Build Lyra image	2026-02-08T23:21:06.7810958Z #11 9.876 Preparing to unpack .../054-libdav1d7_1.5.1-1_amd64.deb ...
Docker Build Test	Build Lyra image	2026-02-08T23:21:06.7812155Z #11 9.877 Unpacking libdav1d7:amd64 (1.5.1-1) ...
Docker Build Test	Build Lyra image	2026-02-08T23:21:06.7813090Z #11 9.915 Selecting previously unselected package libatomic1:amd64.
Docker Build Test	Build Lyra image	2026-02-08T23:21:06.7813718Z #11 9.916 Preparing to unpack .../055-libatomic1_14.2.0-19_amd64.deb ...
Docker Build Test	Build Lyra image	2026-02-08T23:21:06.7814358Z #11 9.917 Unpacking libatomic1:amd64 (14.2.0-19) ...
Docker Build Test	Build Lyra image	2026-02-08T23:21:06.7814953Z #11 9.934 Selecting previously unselected package libglib2.0-0t64:amd64.
Docker Build Test	Build Lyra image	2026-02-08T23:21:06.7815622Z #11 9.935 Preparing to unpack .../056-libglib2.0-0t64_2.84.4-3~deb13u2_amd64.deb ...
Docker Build Test	Build Lyra image	2026-02-08T23:21:06.7816225Z #11 9.943 Unpacking libglib2.0-0t64:amd64 (2.84.4-3~deb13u2) ...
Docker Build Test	Build Lyra image	2026-02-08T23:21:06.7816914Z #11 10.01 Selecting previously unselected package libgsm1:amd64.
Docker Build Test	Build Lyra image	2026-02-08T23:21:06.9360285Z #11 10.01 Preparing to unpack .../057-libgsm1_1.0.22-1+b2_amd64.deb ...
Docker Build Test	Build Lyra image	2026-02-08T23:21:06.9361031Z #11 10.01 Unpacking libgsm1:amd64 (1.0.22-1+b2) ...
Docker Build Test	Build Lyra image	2026-02-08T23:21:06.9361959Z #11 10.03 Selecting previously unselected package libhwy1t64:amd64.
Docker Build Test	Build Lyra image	2026-02-08T23:21:06.9362796Z #11 10.03 Preparing to unpack .../058-libhwy1t64_1.2.0-2+b2_amd64.deb ...
Docker Build Test	Build Lyra image	2026-02-08T23:21:06.9363538Z #11 10.03 Unpacking libhwy1t64:amd64 (1.2.0-2+b2) ...
Docker Build Test	Build Lyra image	2026-02-08T23:21:06.9364271Z #11 10.08 Selecting previously unselected package liblcms2-2:amd64.
Docker Build Test	Build Lyra image	2026-02-08T23:21:06.9364885Z #11 10.08 Preparing to unpack .../059-liblcms2-2_2.16-2_amd64.deb ...
Docker Build Test	Build Lyra image	2026-02-08T23:21:06.9365495Z #11 10.08 Unpacking liblcms2-2:amd64 (2.16-2) ...
Docker Build Test	Build Lyra image	2026-02-08T23:21:06.9366296Z #11 10.10 Selecting previously unselected package libjxl0.11:amd64.
Docker Build Test	Build Lyra image	2026-02-08T23:21:06.9366977Z #11 10.10 Preparing to unpack .../060-libjxl0.11_0.11.1-4_amd64.deb ...
Docker Build Test	Build Lyra image	2026-02-08T23:21:06.9367755Z #11 10.11 Unpacking libjxl0.11:amd64 (0.11.1-4) ...
Docker Build Test	Build Lyra image	2026-02-08T23:21:06.9368466Z #11 10.16 Selecting previously unselected package libmp3lame0:amd64.
Docker Build Test	Build Lyra image	2026-02-08T23:21:07.1003346Z #11 10.17 Preparing to unpack .../061-libmp3lame0_3.100-6+b3_amd64.deb ...
Docker Build Test	Build Lyra image	2026-02-08T23:21:07.1004216Z #11 10.17 Unpacking libmp3lame0:amd64 (3.100-6+b3) ...
Docker Build Test	Build Lyra image	2026-02-08T23:21:07.1004965Z #11 10.19 Selecting previously unselected package libopenjp2-7:amd64.
Docker Build Test	Build Lyra image	2026-02-08T23:21:07.1005711Z #11 10.19 Preparing to unpack .../062-libopenjp2-7_2.5.3-2.1~deb13u1_amd64.deb ...
Docker Build Test	Build Lyra image	2026-02-08T23:21:07.1006383Z #11 10.19 Unpacking libopenjp2-7:amd64 (2.5.3-2.1~deb13u1) ...
Docker Build Test	Build Lyra image	2026-02-08T23:21:07.1006961Z #11 10.22 Selecting previously unselected package libopus0:amd64.
Docker Build Test	Build Lyra image	2026-02-08T23:21:07.1007583Z #11 10.22 Preparing to unpack .../063-libopus0_1.5.2-2_amd64.deb ...
Docker Build Test	Build Lyra image	2026-02-08T23:21:07.1008150Z #11 10.22 Unpacking libopus0:amd64 (1.5.2-2) ...
Docker Build Test	Build Lyra image	2026-02-08T23:21:07.1008681Z #11 10.33 Selecting previously unselected package librav1e0.7:amd64.
Docker Build Test	Build Lyra image	2026-02-08T23:21:07.2077628Z #11 10.33 Preparing to unpack .../064-librav1e0.7_0.7.1-9+b2_amd64.deb ...
Docker Build Test	Build Lyra image	2026-02-08T23:21:07.2078367Z #11 10.33 Unpacking librav1e0.7:amd64 (0.7.1-9+b2) ...
Docker Build Test	Build Lyra image	2026-02-08T23:21:07.2079094Z #11 10.38 Selecting previously unselected package libcairo-gobject2:amd64.
Docker Build Test	Build Lyra image	2026-02-08T23:21:07.2079930Z #11 10.39 Preparing to unpack .../065-libcairo-gobject2_1.18.4-1+b1_amd64.deb ...
Docker Build Test	Build Lyra image	2026-02-08T23:21:07.2080653Z #11 10.39 Unpacking libcairo-gobject2:amd64 (1.18.4-1+b1) ...
Docker Build Test	Build Lyra image	2026-02-08T23:21:07.2081677Z #11 10.40 Selecting previously unselected package libgdk-pixbuf2.0-common.
Docker Build Test	Build Lyra image	2026-02-08T23:21:07.2082511Z #11 10.40 Preparing to unpack .../066-libgdk-pixbuf2.0-common_2.42.12+dfsg-4_all.deb ...
Docker Build Test	Build Lyra image	2026-02-08T23:21:07.2083292Z #11 10.41 Unpacking libgdk-pixbuf2.0-common (2.42.12+dfsg-4) ...
Docker Build Test	Build Lyra image	2026-02-08T23:21:07.2083765Z #11 10.44 Selecting previously unselected package libxml2:amd64.
Docker Build Test	Build Lyra image	2026-02-08T23:21:07.3104071Z #11 10.44 Preparing to unpack .../067-libxml2_2.12.7+dfsg+really2.9.14-2.1+deb13u2_amd64.deb ...
Docker Build Test	Build Lyra image	2026-02-08T23:21:07.3105089Z #11 10.44 Unpacking libxml2:amd64 (2.12.7+dfsg+really2.9.14-2.1+deb13u2) ...
Docker Build Test	Build Lyra image	2026-02-08T23:21:07.3105889Z #11 10.48 Selecting previously unselected package shared-mime-info.
Docker Build Test	Build Lyra image	2026-02-08T23:21:07.3106634Z #11 10.48 Preparing to unpack .../068-shared-mime-info_2.4-5+b2_amd64.deb ...
Docker Build Test	Build Lyra image	2026-02-08T23:21:07.3107308Z #11 10.49 Unpacking shared-mime-info (2.4-5+b2) ...
Docker Build Test	Build Lyra image	2026-02-08T23:21:07.3107957Z #11 10.54 Selecting previously unselected package libjpeg62-turbo:amd64.
Docker Build Test	Build Lyra image	2026-02-08T23:21:07.4236274Z #11 10.54 Preparing to unpack .../069-libjpeg62-turbo_1%3a2.1.5-4_amd64.deb ...
Docker Build Test	Build Lyra image	2026-02-08T23:21:07.4237177Z #11 10.54 Unpacking libjpeg62-turbo:amd64 (1:2.1.5-4) ...
Docker Build Test	Build Lyra image	2026-02-08T23:21:07.4237914Z #11 10.56 Selecting previously unselected package libdeflate0:amd64.
Docker Build Test	Build Lyra image	2026-02-08T23:21:07.4238742Z #11 10.57 Preparing to unpack .../070-libdeflate0_1.23-2_amd64.deb ...
Docker Build Test	Build Lyra image	2026-02-08T23:21:07.4239436Z #11 10.57 Unpacking libdeflate0:amd64 (1.23-2) ...
Docker Build Test	Build Lyra image	2026-02-08T23:21:07.4240118Z #11 10.58 Selecting previously unselected package libjbig0:amd64.
Docker Build Test	Build Lyra image	2026-02-08T23:21:07.4240898Z #11 10.59 Preparing to unpack .../071-libjbig0_2.1-6.1+b2_amd64.deb ...
Docker Build Test	Build Lyra image	2026-02-08T23:21:07.4241692Z #11 10.59 Unpacking libjbig0:amd64 (2.1-6.1+b2) ...
Docker Build Test	Build Lyra image	2026-02-08T23:21:07.4242169Z #11 10.60 Selecting previously unselected package liblerc4:amd64.
Docker Build Test	Build Lyra image	2026-02-08T23:21:07.4242724Z #11 10.60 Preparing to unpack .../072-liblerc4_4.0.0+ds-5_amd64.deb ...
Docker Build Test	Build Lyra image	2026-02-08T23:21:07.4243214Z #11 10.61 Unpacking liblerc4:amd64 (4.0.0+ds-5) ...
Docker Build Test	Build Lyra image	2026-02-08T23:21:07.4243712Z #11 10.63 Selecting previously unselected package libsharpyuv0:amd64.
Docker Build Test	Build Lyra image	2026-02-08T23:21:07.4244305Z #11 10.63 Preparing to unpack .../073-libsharpyuv0_1.5.0-0.1_amd64.deb ...
Docker Build Test	Build Lyra image	2026-02-08T23:21:07.4244854Z #11 10.63 Unpacking libsharpyuv0:amd64 (1.5.0-0.1) ...
Docker Build Test	Build Lyra image	2026-02-08T23:21:07.4246014Z #11 10.65 Selecting previously unselected package libwebp7:amd64.
Docker Build Test	Build Lyra image	2026-02-08T23:21:07.5292208Z #11 10.65 Preparing to unpack .../074-libwebp7_1.5.0-0.1_amd64.deb ...
Docker Build Test	Build Lyra image	2026-02-08T23:21:07.5292812Z #11 10.65 Unpacking libwebp7:amd64 (1.5.0-0.1) ...
Docker Build Test	Build Lyra image	2026-02-08T23:21:07.5293376Z #11 10.68 Selecting previously unselected package libtiff6:amd64.
Docker Build Test	Build Lyra image	2026-02-08T23:21:07.5294340Z #11 10.68 Preparing to unpack .../075-libtiff6_4.7.0-3+deb13u1_amd64.deb ...
Docker Build Test	Build Lyra image	2026-02-08T23:21:07.5294925Z #11 10.68 Unpacking libtiff6:amd64 (4.7.0-3+deb13u1) ...
Docker Build Test	Build Lyra image	2026-02-08T23:21:07.5295488Z #11 10.71 Selecting previously unselected package libgdk-pixbuf-2.0-0:amd64.
Docker Build Test	Build Lyra image	2026-02-08T23:21:07.5296135Z #11 10.71 Preparing to unpack .../076-libgdk-pixbuf-2.0-0_2.42.12+dfsg-4_amd64.deb ...
Docker Build Test	Build Lyra image	2026-02-08T23:21:07.5296810Z #11 10.71 Unpacking libgdk-pixbuf-2.0-0:amd64 (2.42.12+dfsg-4) ...
Docker Build Test	Build Lyra image	2026-02-08T23:21:07.5297384Z #11 10.73 Selecting previously unselected package fontconfig.
Docker Build Test	Build Lyra image	2026-02-08T23:21:07.5298740Z #11 10.73 Preparing to unpack .../077-fontconfig_2.15.0-2.3_amd64.deb ...
Docker Build Test	Build Lyra image	2026-02-08T23:21:07.5299961Z #11 10.74 Unpacking fontconfig (2.15.0-2.3) ...
Docker Build Test	Build Lyra image	2026-02-08T23:21:07.5300695Z #11 10.76 Selecting previously unselected package libfribidi0:amd64.
Docker Build Test	Build Lyra image	2026-02-08T23:21:07.6308080Z #11 10.76 Preparing to unpack .../078-libfribidi0_1.0.16-1_amd64.deb ...
Docker Build Test	Build Lyra image	2026-02-08T23:21:07.6308815Z #11 10.76 Unpacking libfribidi0:amd64 (1.0.16-1) ...
Docker Build Test	Build Lyra image	2026-02-08T23:21:07.6309472Z #11 10.78 Selecting previously unselected package libgraphite2-3:amd64.
Docker Build Test	Build Lyra image	2026-02-08T23:21:07.6310215Z #11 10.78 Preparing to unpack .../079-libgraphite2-3_1.3.14-2+b1_amd64.deb ...
Docker Build Test	Build Lyra image	2026-02-08T23:21:07.6310804Z #11 10.78 Unpacking libgraphite2-3:amd64 (1.3.14-2+b1) ...
Docker Build Test	Build Lyra image	2026-02-08T23:21:07.6312343Z #11 10.80 Selecting previously unselected package libharfbuzz0b:amd64.
Docker Build Test	Build Lyra image	2026-02-08T23:21:07.6313071Z #11 10.80 Preparing to unpack .../080-libharfbuzz0b_10.2.0-1+b1_amd64.deb ...
Docker Build Test	Build Lyra image	2026-02-08T23:21:07.6313763Z #11 10.80 Unpacking libharfbuzz0b:amd64 (10.2.0-1+b1) ...
Docker Build Test	Build Lyra image	2026-02-08T23:21:07.6314532Z #11 10.83 Selecting previously unselected package libthai-data.
Docker Build Test	Build Lyra image	2026-02-08T23:21:07.6315372Z #11 10.83 Preparing to unpack .../081-libthai-data_0.1.29-2_all.deb ...
Docker Build Test	Build Lyra image	2026-02-08T23:21:07.6316002Z #11 10.83 Unpacking libthai-data (0.1.29-2) ...
Docker Build Test	Build Lyra image	2026-02-08T23:21:07.6316777Z #11 10.86 Selecting previously unselected package libdatrie1:amd64.
Docker Build Test	Build Lyra image	2026-02-08T23:21:07.7435814Z #11 10.86 Preparing to unpack .../082-libdatrie1_0.2.13-3+b1_amd64.deb ...
Docker Build Test	Build Lyra image	2026-02-08T23:21:07.7436559Z #11 10.86 Unpacking libdatrie1:amd64 (0.2.13-3+b1) ...
Docker Build Test	Build Lyra image	2026-02-08T23:21:07.7437234Z #11 10.88 Selecting previously unselected package libthai0:amd64.
Docker Build Test	Build Lyra image	2026-02-08T23:21:07.7437977Z #11 10.88 Preparing to unpack .../083-libthai0_0.1.29-2+b1_amd64.deb ...
Docker Build Test	Build Lyra image	2026-02-08T23:21:07.7438623Z #11 10.89 Unpacking libthai0:amd64 (0.1.29-2+b1) ...
Docker Build Test	Build Lyra image	2026-02-08T23:21:07.7439289Z #11 10.91 Selecting previously unselected package libpango-1.0-0:amd64.
Docker Build Test	Build Lyra image	2026-02-08T23:21:07.7440085Z #11 10.91 Preparing to unpack .../084-libpango-1.0-0_1.56.3-1_amd64.deb ...
Docker Build Test	Build Lyra image	2026-02-08T23:21:07.7440799Z #11 10.91 Unpacking libpango-1.0-0:amd64 (1.56.3-1) ...
Docker Build Test	Build Lyra image	2026-02-08T23:21:07.7441669Z #11 10.93 Selecting previously unselected package libpangoft2-1.0-0:amd64.
Docker Build Test	Build Lyra image	2026-02-08T23:21:07.7442683Z #11 10.93 Preparing to unpack .../085-libpangoft2-1.0-0_1.56.3-1_amd64.deb ...
Docker Build Test	Build Lyra image	2026-02-08T23:21:07.7443704Z #11 10.94 Unpacking libpangoft2-1.0-0:amd64 (1.56.3-1) ...
Docker Build Test	Build Lyra image	2026-02-08T23:21:07.7444718Z #11 10.95 Selecting previously unselected package libpangocairo-1.0-0:amd64.
Docker Build Test	Build Lyra image	2026-02-08T23:21:07.7445638Z #11 10.95 Preparing to unpack .../086-libpangocairo-1.0-0_1.56.3-1_amd64.deb ...
Docker Build Test	Build Lyra image	2026-02-08T23:21:07.7446342Z #11 10.96 Unpacking libpangocairo-1.0-0:amd64 (1.56.3-1) ...
Docker Build Test	Build Lyra image	2026-02-08T23:21:07.7447202Z #11 10.97 Selecting previously unselected package librsvg2-2:amd64.
Docker Build Test	Build Lyra image	2026-02-08T23:21:07.8492362Z #11 10.97 Preparing to unpack .../087-librsvg2-2_2.60.0+dfsg-1_amd64.deb ...
Docker Build Test	Build Lyra image	2026-02-08T23:21:07.8493183Z #11 10.97 Unpacking librsvg2-2:amd64 (2.60.0+dfsg-1) ...
Docker Build Test	Build Lyra image	2026-02-08T23:21:07.8493746Z #11 11.06 Selecting previously unselected package libshine3:amd64.
Docker Build Test	Build Lyra image	2026-02-08T23:21:07.8494608Z #11 11.06 Preparing to unpack .../088-libshine3_3.1.1-2+b2_amd64.deb ...
Docker Build Test	Build Lyra image	2026-02-08T23:21:07.8495095Z #11 11.06 Unpacking libshine3:amd64 (3.1.1-2+b2) ...
Docker Build Test	Build Lyra image	2026-02-08T23:21:07.8495540Z #11 11.08 Selecting previously unselected package libsnappy1v5:amd64.
Docker Build Test	Build Lyra image	2026-02-08T23:21:07.9994232Z #11 11.08 Preparing to unpack .../089-libsnappy1v5_1.2.2-1_amd64.deb ...
Docker Build Test	Build Lyra image	2026-02-08T23:21:07.9995687Z #11 11.08 Unpacking libsnappy1v5:amd64 (1.2.2-1) ...
Docker Build Test	Build Lyra image	2026-02-08T23:21:07.9996276Z #11 11.10 Selecting previously unselected package libspeex1:amd64.
Docker Build Test	Build Lyra image	2026-02-08T23:21:07.9996730Z #11 11.10 Preparing to unpack .../090-libspeex1_1.2.1-3_amd64.deb ...
Docker Build Test	Build Lyra image	2026-02-08T23:21:07.9997252Z #11 11.10 Unpacking libspeex1:amd64 (1.2.1-3) ...
Docker Build Test	Build Lyra image	2026-02-08T23:21:07.9997646Z #11 11.12 Selecting previously unselected package libsvtav1enc2:amd64.
Docker Build Test	Build Lyra image	2026-02-08T23:21:07.9998212Z #11 11.12 Preparing to unpack .../091-libsvtav1enc2_2.3.0+dfsg-1_amd64.deb ...
Docker Build Test	Build Lyra image	2026-02-08T23:21:07.9998738Z #11 11.12 Unpacking libsvtav1enc2:amd64 (2.3.0+dfsg-1) ...
Docker Build Test	Build Lyra image	2026-02-08T23:21:07.9999139Z #11 11.23 Selecting previously unselected package libgomp1:amd64.
Docker Build Test	Build Lyra image	2026-02-08T23:21:08.1126407Z #11 11.23 Preparing to unpack .../092-libgomp1_14.2.0-19_amd64.deb ...
Docker Build Test	Build Lyra image	2026-02-08T23:21:08.1127146Z #11 11.23 Unpacking libgomp1:amd64 (14.2.0-19) ...
Docker Build Test	Build Lyra image	2026-02-08T23:21:08.1127604Z #11 11.25 Selecting previously unselected package libsoxr0:amd64.
Docker Build Test	Build Lyra image	2026-02-08T23:21:08.1128155Z #11 11.25 Preparing to unpack .../093-libsoxr0_0.1.3-4+b2_amd64.deb ...
Docker Build Test	Build Lyra image	2026-02-08T23:21:08.1128613Z #11 11.26 Unpacking libsoxr0:amd64 (0.1.3-4+b2) ...
Docker Build Test	Build Lyra image	2026-02-08T23:21:08.1129069Z #11 11.27 Selecting previously unselected package libswresample5:amd64.
Docker Build Test	Build Lyra image	2026-02-08T23:21:08.1129655Z #11 11.28 Preparing to unpack .../094-libswresample5_7%3a7.1.3-0+deb13u1_amd64.deb ...
Docker Build Test	Build Lyra image	2026-02-08T23:21:08.1130215Z #11 11.28 Unpacking libswresample5:amd64 (7:7.1.3-0+deb13u1) ...
Docker Build Test	Build Lyra image	2026-02-08T23:21:08.1130713Z #11 11.30 Selecting previously unselected package libtheoradec1:amd64.
Docker Build Test	Build Lyra image	2026-02-08T23:21:08.1131623Z #11 11.30 Preparing to unpack .../095-libtheoradec1_1.2.0~alpha1+dfsg-6_amd64.deb ...
Docker Build Test	Build Lyra image	2026-02-08T23:21:08.1132181Z #11 11.30 Unpacking libtheoradec1:amd64 (1.2.0~alpha1+dfsg-6) ...
Docker Build Test	Build Lyra image	2026-02-08T23:21:08.1132651Z #11 11.32 Selecting previously unselected package libogg0:amd64.
Docker Build Test	Build Lyra image	2026-02-08T23:21:08.1133271Z #11 11.32 Preparing to unpack .../096-libogg0_1.3.5-3+b2_amd64.deb ...
Docker Build Test	Build Lyra image	2026-02-08T23:21:08.1133977Z #11 11.32 Unpacking libogg0:amd64 (1.3.5-3+b2) ...
Docker Build Test	Build Lyra image	2026-02-08T23:21:08.1134612Z #11 11.34 Selecting previously unselected package libtheoraenc1:amd64.
Docker Build Test	Build Lyra image	2026-02-08T23:21:08.2627695Z #11 11.34 Preparing to unpack .../097-libtheoraenc1_1.2.0~alpha1+dfsg-6_amd64.deb ...
Docker Build Test	Build Lyra image	2026-02-08T23:21:08.2629034Z #11 11.34 Unpacking libtheoraenc1:amd64 (1.2.0~alpha1+dfsg-6) ...
Docker Build Test	Build Lyra image	2026-02-08T23:21:08.2629926Z #11 11.36 Selecting previously unselected package libtwolame0:amd64.
Docker Build Test	Build Lyra image	2026-02-08T23:21:08.2630640Z #11 11.37 Preparing to unpack .../098-libtwolame0_0.4.0-2+b2_amd64.deb ...
Docker Build Test	Build Lyra image	2026-02-08T23:21:08.2631050Z #11 11.37 Unpacking libtwolame0:amd64 (0.4.0-2+b2) ...
Docker Build Test	Build Lyra image	2026-02-08T23:21:08.2631725Z #11 11.38 Selecting previously unselected package libvorbis0a:amd64.
Docker Build Test	Build Lyra image	2026-02-08T23:21:08.2632286Z #11 11.38 Preparing to unpack .../099-libvorbis0a_1.3.7-3_amd64.deb ...
Docker Build Test	Build Lyra image	2026-02-08T23:21:08.2632696Z #11 11.39 Unpacking libvorbis0a:amd64 (1.3.7-3) ...
Docker Build Test	Build Lyra image	2026-02-08T23:21:08.2633173Z #11 11.41 Selecting previously unselected package libvorbisenc2:amd64.
Docker Build Test	Build Lyra image	2026-02-08T23:21:08.2633691Z #11 11.41 Preparing to unpack .../100-libvorbisenc2_1.3.7-3_amd64.deb ...
Docker Build Test	Build Lyra image	2026-02-08T23:21:08.2634159Z #11 11.41 Unpacking libvorbisenc2:amd64 (1.3.7-3) ...
Docker Build Test	Build Lyra image	2026-02-08T23:21:08.2634710Z #11 11.43 Selecting previously unselected package libvpx9:amd64.
Docker Build Test	Build Lyra image	2026-02-08T23:21:08.2635375Z #11 11.43 Preparing to unpack .../101-libvpx9_1.15.0-2.1_amd64.deb ...
Docker Build Test	Build Lyra image	2026-02-08T23:21:08.2635960Z #11 11.43 Unpacking libvpx9:amd64 (1.15.0-2.1) ...
Docker Build Test	Build Lyra image	2026-02-08T23:21:08.2636588Z #11 11.49 Selecting previously unselected package libwebpmux3:amd64.
Docker Build Test	Build Lyra image	2026-02-08T23:21:08.4350793Z #11 11.49 Preparing to unpack .../102-libwebpmux3_1.5.0-0.1_amd64.deb ...
Docker Build Test	Build Lyra image	2026-02-08T23:21:08.4352476Z #11 11.49 Unpacking libwebpmux3:amd64 (1.5.0-0.1) ...
Docker Build Test	Build Lyra image	2026-02-08T23:21:08.4352963Z #11 11.52 Selecting previously unselected package libx264-164:amd64.
Docker Build Test	Build Lyra image	2026-02-08T23:21:08.4353654Z #11 11.52 Preparing to unpack .../103-libx264-164_2%3a0.164.3108+git31e19f9-2+b1_amd64.deb ...
Docker Build Test	Build Lyra image	2026-02-08T23:21:08.4354529Z #11 11.52 Unpacking libx264-164:amd64 (2:0.164.3108+git31e19f9-2+b1) ...
Docker Build Test	Build Lyra image	2026-02-08T23:21:08.4355089Z #11 11.56 Selecting previously unselected package libnuma1:amd64.
Docker Build Test	Build Lyra image	2026-02-08T23:21:08.4355550Z #11 11.56 Preparing to unpack .../104-libnuma1_2.0.19-1_amd64.deb ...
Docker Build Test	Build Lyra image	2026-02-08T23:21:08.4356030Z #11 11.56 Unpacking libnuma1:amd64 (2.0.19-1) ...
Docker Build Test	Build Lyra image	2026-02-08T23:21:08.4356515Z #11 11.58 Selecting previously unselected package libx265-215:amd64.
Docker Build Test	Build Lyra image	2026-02-08T23:21:08.4357148Z #11 11.58 Preparing to unpack .../105-libx265-215_4.1-2_amd64.deb ...
Docker Build Test	Build Lyra image	2026-02-08T23:21:08.4357765Z #11 11.58 Unpacking libx265-215:amd64 (4.1-2) ...
Docker Build Test	Build Lyra image	2026-02-08T23:21:08.4358410Z #11 11.66 Selecting previously unselected package libxvidcore4:amd64.
Docker Build Test	Build Lyra image	2026-02-08T23:21:08.6639849Z #11 11.66 Preparing to unpack .../106-libxvidcore4_2%3a1.3.7-1+b2_amd64.deb ...
Docker Build Test	Build Lyra image	2026-02-08T23:21:08.6640823Z #11 11.67 Unpacking libxvidcore4:amd64 (2:1.3.7-1+b2) ...
Docker Build Test	Build Lyra image	2026-02-08T23:21:08.6641883Z #11 11.69 Selecting previously unselected package libzvbi-common.
Docker Build Test	Build Lyra image	2026-02-08T23:21:08.6642871Z #11 11.69 Preparing to unpack .../107-libzvbi-common_0.2.44-1_all.deb ...
Docker Build Test	Build Lyra image	2026-02-08T23:21:08.6643703Z #11 11.69 Unpacking libzvbi-common (0.2.44-1) ...
Docker Build Test	Build Lyra image	2026-02-08T23:21:08.6644511Z #11 11.71 Selecting previously unselected package libzvbi0t64:amd64.
Docker Build Test	Build Lyra image	2026-02-08T23:21:08.6645248Z #11 11.71 Preparing to unpack .../108-libzvbi0t64_0.2.44-1_amd64.deb ...
Docker Build Test	Build Lyra image	2026-02-08T23:21:08.6645856Z #11 11.71 Unpacking libzvbi0t64:amd64 (0.2.44-1) ...
Docker Build Test	Build Lyra image	2026-02-08T23:21:08.6646279Z #11 11.74 Selecting previously unselected package libavcodec61:amd64.
Docker Build Test	Build Lyra image	2026-02-08T23:21:08.6646805Z #11 11.74 Preparing to unpack .../109-libavcodec61_7%3a7.1.3-0+deb13u1_amd64.deb ...
Docker Build Test	Build Lyra image	2026-02-08T23:21:08.6647311Z #11 11.74 Unpacking libavcodec61:amd64 (7:7.1.3-0+deb13u1) ...
Docker Build Test	Build Lyra image	2026-02-08T23:21:08.7427978Z #11 11.97 Selecting previously unselected package libasound2-data.
Docker Build Test	Build Lyra image	2026-02-08T23:21:08.8474850Z #11 11.97 Preparing to unpack .../110-libasound2-data_1.2.14-1_all.deb ...
Docker Build Test	Build Lyra image	2026-02-08T23:21:08.8475698Z #11 11.97 Unpacking libasound2-data (1.2.14-1) ...
Docker Build Test	Build Lyra image	2026-02-08T23:21:08.8476479Z #11 12.00 Selecting previously unselected package libasound2t64:amd64.
Docker Build Test	Build Lyra image	2026-02-08T23:21:08.8477097Z #11 12.00 Preparing to unpack .../111-libasound2t64_1.2.14-1_amd64.deb ...
Docker Build Test	Build Lyra image	2026-02-08T23:21:08.8477621Z #11 12.00 Unpacking libasound2t64:amd64 (1.2.14-1) ...
Docker Build Test	Build Lyra image	2026-02-08T23:21:08.8478173Z #11 12.03 Selecting previously unselected package libraw1394-11:amd64.
Docker Build Test	Build Lyra image	2026-02-08T23:21:08.8478747Z #11 12.03 Preparing to unpack .../112-libraw1394-11_2.1.2-2+b2_amd64.deb ...
Docker Build Test	Build Lyra image	2026-02-08T23:21:08.8479273Z #11 12.03 Unpacking libraw1394-11:amd64 (2.1.2-2+b2) ...
Docker Build Test	Build Lyra image	2026-02-08T23:21:08.8479816Z #11 12.06 Selecting previously unselected package libavc1394-0:amd64.
Docker Build Test	Build Lyra image	2026-02-08T23:21:08.8480617Z #11 12.06 Preparing to unpack .../113-libavc1394-0_0.5.4-5+b2_amd64.deb ...
Docker Build Test	Build Lyra image	2026-02-08T23:21:08.8482175Z #11 12.06 Unpacking libavc1394-0:amd64 (0.5.4-5+b2) ...
Docker Build Test	Build Lyra image	2026-02-08T23:21:08.8482885Z #11 12.07 Selecting previously unselected package libunibreak6:amd64.
Docker Build Test	Build Lyra image	2026-02-08T23:21:08.9552680Z #11 12.08 Preparing to unpack .../114-libunibreak6_6.1-3_amd64.deb ...
Docker Build Test	Build Lyra image	2026-02-08T23:21:08.9553343Z #11 12.08 Unpacking libunibreak6:amd64 (6.1-3) ...
Docker Build Test	Build Lyra image	2026-02-08T23:21:08.9553886Z #11 12.09 Selecting previously unselected package libass9:amd64.
Docker Build Test	Build Lyra image	2026-02-08T23:21:08.9554535Z #11 12.10 Preparing to unpack .../115-libass9_1%3a0.17.3-1+b1_amd64.deb ...
Docker Build Test	Build Lyra image	2026-02-08T23:21:08.9555118Z #11 12.10 Unpacking libass9:amd64 (1:0.17.3-1+b1) ...
Docker Build Test	Build Lyra image	2026-02-08T23:21:08.9555676Z #11 12.12 Selecting previously unselected package libudfread0:amd64.
Docker Build Test	Build Lyra image	2026-02-08T23:21:08.9556319Z #11 12.12 Preparing to unpack .../116-libudfread0_1.1.2-1+b2_amd64.deb ...
Docker Build Test	Build Lyra image	2026-02-08T23:21:08.9557204Z #11 12.12 Unpacking libudfread0:amd64 (1.1.2-1+b2) ...
Docker Build Test	Build Lyra image	2026-02-08T23:21:08.9557759Z #11 12.14 Selecting previously unselected package libbluray2:amd64.
Docker Build Test	Build Lyra image	2026-02-08T23:21:08.9558413Z #11 12.14 Preparing to unpack .../117-libbluray2_1%3a1.3.4-1+b2_amd64.deb ...
Docker Build Test	Build Lyra image	2026-02-08T23:21:08.9559010Z #11 12.14 Unpacking libbluray2:amd64 (1:1.3.4-1+b2) ...
Docker Build Test	Build Lyra image	2026-02-08T23:21:08.9559798Z #11 12.16 Selecting previously unselected package libchromaprint1:amd64.
Docker Build Test	Build Lyra image	2026-02-08T23:21:08.9560456Z #11 12.17 Preparing to unpack .../118-libchromaprint1_1.5.1-7_amd64.deb ...
Docker Build Test	Build Lyra image	2026-02-08T23:21:08.9561242Z #11 12.17 Unpacking libchromaprint1:amd64 (1.5.1-7) ...
Docker Build Test	Build Lyra image	2026-02-08T23:21:08.9563003Z #11 12.18 Selecting previously unselected package libdvdread8t64:amd64.
Docker Build Test	Build Lyra image	2026-02-08T23:21:09.0677889Z #11 12.18 Preparing to unpack .../119-libdvdread8t64_6.1.3-2_amd64.deb ...
Docker Build Test	Build Lyra image	2026-02-08T23:21:09.0678579Z #11 12.19 Unpacking libdvdread8t64:amd64 (6.1.3-2) ...
Docker Build Test	Build Lyra image	2026-02-08T23:21:09.0679069Z #11 12.20 Selecting previously unselected package libdvdnav4:amd64.
Docker Build Test	Build Lyra image	2026-02-08T23:21:09.0679735Z #11 12.21 Preparing to unpack .../120-libdvdnav4_6.1.1-3+b1_amd64.deb ...
Docker Build Test	Build Lyra image	2026-02-08T23:21:09.0680301Z #11 12.21 Unpacking libdvdnav4:amd64 (6.1.1-3+b1) ...
Docker Build Test	Build Lyra image	2026-02-08T23:21:09.0680754Z #11 12.23 Selecting previously unselected package libgme0:amd64.
Docker Build Test	Build Lyra image	2026-02-08T23:21:09.0681742Z #11 12.23 Preparing to unpack .../121-libgme0_0.6.3-7+b2_amd64.deb ...
Docker Build Test	Build Lyra image	2026-02-08T23:21:09.0682229Z #11 12.23 Unpacking libgme0:amd64 (0.6.3-7+b2) ...
Docker Build Test	Build Lyra image	2026-02-08T23:21:09.0682737Z #11 12.25 Selecting previously unselected package libmpg123-0t64:amd64.
Docker Build Test	Build Lyra image	2026-02-08T23:21:09.0683548Z #11 12.25 Preparing to unpack .../122-libmpg123-0t64_1.32.10-1_amd64.deb ...
Docker Build Test	Build Lyra image	2026-02-08T23:21:09.0684268Z #11 12.25 Unpacking libmpg123-0t64:amd64 (1.32.10-1) ...
Docker Build Test	Build Lyra image	2026-02-08T23:21:09.0684943Z #11 12.28 Selecting previously unselected package libvorbisfile3:amd64.
Docker Build Test	Build Lyra image	2026-02-08T23:21:09.0685755Z #11 12.28 Preparing to unpack .../123-libvorbisfile3_1.3.7-3_amd64.deb ...
Docker Build Test	Build Lyra image	2026-02-08T23:21:09.0686455Z #11 12.28 Unpacking libvorbisfile3:amd64 (1.3.7-3) ...
Docker Build Test	Build Lyra image	2026-02-08T23:21:09.0687163Z #11 12.30 Selecting previously unselected package libopenmpt0t64:amd64.
Docker Build Test	Build Lyra image	2026-02-08T23:21:09.1764333Z #11 12.30 Preparing to unpack .../124-libopenmpt0t64_0.7.13-1+b1_amd64.deb ...
Docker Build Test	Build Lyra image	2026-02-08T23:21:09.1765029Z #11 12.30 Unpacking libopenmpt0t64:amd64 (0.7.13-1+b1) ...
Docker Build Test	Build Lyra image	2026-02-08T23:21:09.1765548Z #11 12.36 Selecting previously unselected package librabbitmq4:amd64.
Docker Build Test	Build Lyra image	2026-02-08T23:21:09.1766062Z #11 12.37 Preparing to unpack .../125-librabbitmq4_0.15.0-1_amd64.deb ...
Docker Build Test	Build Lyra image	2026-02-08T23:21:09.1766564Z #11 12.37 Unpacking librabbitmq4:amd64 (0.15.0-1) ...
Docker Build Test	Build Lyra image	2026-02-08T23:21:09.1766947Z #11 12.38 Selecting previously unselected package libcjson1:amd64.
Docker Build Test	Build Lyra image	2026-02-08T23:21:09.1767529Z #11 12.39 Preparing to unpack .../126-libcjson1_1.7.18-3.1+deb13u1_amd64.deb ...
Docker Build Test	Build Lyra image	2026-02-08T23:21:09.1768043Z #11 12.39 Unpacking libcjson1:amd64 (1.7.18-3.1+deb13u1) ...
Docker Build Test	Build Lyra image	2026-02-08T23:21:09.1768463Z #11 12.40 Selecting previously unselected package libmbedcrypto16:amd64.
Docker Build Test	Build Lyra image	2026-02-08T23:21:09.2857691Z #11 12.41 Preparing to unpack .../127-libmbedcrypto16_3.6.5-0.1~deb13u1_amd64.deb ...
Docker Build Test	Build Lyra image	2026-02-08T23:21:09.2858608Z #11 12.41 Unpacking libmbedcrypto16:amd64 (3.6.5-0.1~deb13u1) ...
Docker Build Test	Build Lyra image	2026-02-08T23:21:09.2859126Z #11 12.43 Selecting previously unselected package librist4:amd64.
Docker Build Test	Build Lyra image	2026-02-08T23:21:09.2859655Z #11 12.43 Preparing to unpack .../128-librist4_0.2.11+dfsg-1_amd64.deb ...
Docker Build Test	Build Lyra image	2026-02-08T23:21:09.2860157Z #11 12.44 Unpacking librist4:amd64 (0.2.11+dfsg-1) ...
Docker Build Test	Build Lyra image	2026-02-08T23:21:09.2860641Z #11 12.45 Selecting previously unselected package libsrt1.5-gnutls:amd64.
Docker Build Test	Build Lyra image	2026-02-08T23:21:09.2861639Z #11 12.45 Preparing to unpack .../129-libsrt1.5-gnutls_1.5.4-1_amd64.deb ...
Docker Build Test	Build Lyra image	2026-02-08T23:21:09.2862158Z #11 12.46 Unpacking libsrt1.5-gnutls:amd64 (1.5.4-1) ...
Docker Build Test	Build Lyra image	2026-02-08T23:21:09.2862608Z #11 12.49 Selecting previously unselected package libssh-4:amd64.
Docker Build Test	Build Lyra image	2026-02-08T23:21:09.2863129Z #11 12.49 Preparing to unpack .../130-libssh-4_0.11.2-1+deb13u1_amd64.deb ...
Docker Build Test	Build Lyra image	2026-02-08T23:21:09.2863675Z #11 12.49 Unpacking libssh-4:amd64 (0.11.2-1+deb13u1) ...
Docker Build Test	Build Lyra image	2026-02-08T23:21:09.2864817Z #11 12.51 Selecting previously unselected package libnorm1t64:amd64.
Docker Build Test	Build Lyra image	2026-02-08T23:21:09.3946900Z #11 12.51 Preparing to unpack .../131-libnorm1t64_1.5.9+dfsg-3.1+b2_amd64.deb ...
Docker Build Test	Build Lyra image	2026-02-08T23:21:09.3948737Z #11 12.52 Unpacking libnorm1t64:amd64 (1.5.9+dfsg-3.1+b2) ...
Docker Build Test	Build Lyra image	2026-02-08T23:21:09.3949684Z #11 12.54 Selecting previously unselected package libpgm-5.3-0t64:amd64.
Docker Build Test	Build Lyra image	2026-02-08T23:21:09.3950370Z #11 12.54 Preparing to unpack .../132-libpgm-5.3-0t64_5.3.128~dfsg-2.1+b1_amd64.deb ...
Docker Build Test	Build Lyra image	2026-02-08T23:21:09.3951004Z #11 12.54 Unpacking libpgm-5.3-0t64:amd64 (5.3.128~dfsg-2.1+b1) ...
Docker Build Test	Build Lyra image	2026-02-08T23:21:09.3951787Z #11 12.56 Selecting previously unselected package libsodium23:amd64.
Docker Build Test	Build Lyra image	2026-02-08T23:21:09.3952400Z #11 12.57 Preparing to unpack .../133-libsodium23_1.0.18-1+deb13u1_amd64.deb ...
Docker Build Test	Build Lyra image	2026-02-08T23:21:09.3952987Z #11 12.57 Unpacking libsodium23:amd64 (1.0.18-1+deb13u1) ...
Docker Build Test	Build Lyra image	2026-02-08T23:21:09.3953503Z #11 12.59 Selecting previously unselected package libzmq5:amd64.
Docker Build Test	Build Lyra image	2026-02-08T23:21:09.3954069Z #11 12.59 Preparing to unpack .../134-libzmq5_4.3.5-1+b3_amd64.deb ...
Docker Build Test	Build Lyra image	2026-02-08T23:21:09.3954569Z #11 12.59 Unpacking libzmq5:amd64 (4.3.5-1+b3) ...
Docker Build Test	Build Lyra image	2026-02-08T23:21:09.3955079Z #11 12.62 Selecting previously unselected package libavformat61:amd64.
Docker Build Test	Build Lyra image	2026-02-08T23:21:09.6331853Z #11 12.62 Preparing to unpack .../135-libavformat61_7%3a7.1.3-0+deb13u1_amd64.deb ...
Docker Build Test	Build Lyra image	2026-02-08T23:21:09.6332732Z #11 12.62 Unpacking libavformat61:amd64 (7:7.1.3-0+deb13u1) ...
Docker Build Test	Build Lyra image	2026-02-08T23:21:09.6333272Z #11 12.69 Selecting previously unselected package libbs2b0:amd64.
Docker Build Test	Build Lyra image	2026-02-08T23:21:09.6333855Z #11 12.69 Preparing to unpack .../136-libbs2b0_3.1.0+dfsg-8+b1_amd64.deb ...
Docker Build Test	Build Lyra image	2026-02-08T23:21:09.6334398Z #11 12.69 Unpacking libbs2b0:amd64 (3.1.0+dfsg-8+b1) ...
Docker Build Test	Build Lyra image	2026-02-08T23:21:09.6334889Z #11 12.71 Selecting previously unselected package libflite1:amd64.
Docker Build Test	Build Lyra image	2026-02-08T23:21:09.6335430Z #11 12.71 Preparing to unpack .../137-libflite1_2.2-7_amd64.deb ...
Docker Build Test	Build Lyra image	2026-02-08T23:21:09.6335905Z #11 12.71 Unpacking libflite1:amd64 (2.2-7) ...
Docker Build Test	Build Lyra image	2026-02-08T23:21:09.8936306Z #11 13.12 Selecting previously unselected package libserd-0-0:amd64.
Docker Build Test	Build Lyra image	2026-02-08T23:21:09.9937771Z #11 13.12 Preparing to unpack .../138-libserd-0-0_0.32.4-1_amd64.deb ...
Docker Build Test	Build Lyra image	2026-02-08T23:21:09.9938534Z #11 13.12 Unpacking libserd-0-0:amd64 (0.32.4-1) ...
Docker Build Test	Build Lyra image	2026-02-08T23:21:09.9939167Z #11 13.14 Selecting previously unselected package libzix-0-0:amd64.
Docker Build Test	Build Lyra image	2026-02-08T23:21:09.9939909Z #11 13.14 Preparing to unpack .../139-libzix-0-0_0.6.2-1_amd64.deb ...
Docker Build Test	Build Lyra image	2026-02-08T23:21:09.9940651Z #11 13.14 Unpacking libzix-0-0:amd64 (0.6.2-1) ...
Docker Build Test	Build Lyra image	2026-02-08T23:21:09.9942136Z #11 13.16 Selecting previously unselected package libsord-0-0:amd64.
Docker Build Test	Build Lyra image	2026-02-08T23:21:09.9942972Z #11 13.16 Preparing to unpack .../140-libsord-0-0_0.16.18-1_amd64.deb ...
Docker Build Test	Build Lyra image	2026-02-08T23:21:09.9943572Z #11 13.16 Unpacking libsord-0-0:amd64 (0.16.18-1) ...
Docker Build Test	Build Lyra image	2026-02-08T23:21:09.9944179Z #11 13.18 Selecting previously unselected package libsratom-0-0:amd64.
Docker Build Test	Build Lyra image	2026-02-08T23:21:09.9944874Z #11 13.18 Preparing to unpack .../141-libsratom-0-0_0.6.18-1_amd64.deb ...
Docker Build Test	Build Lyra image	2026-02-08T23:21:09.9945535Z #11 13.18 Unpacking libsratom-0-0:amd64 (0.6.18-1) ...
Docker Build Test	Build Lyra image	2026-02-08T23:21:09.9946136Z #11 13.20 Selecting previously unselected package liblilv-0-0:amd64.
Docker Build Test	Build Lyra image	2026-02-08T23:21:09.9946915Z #11 13.20 Preparing to unpack .../142-liblilv-0-0_0.24.26-1_amd64.deb ...
Docker Build Test	Build Lyra image	2026-02-08T23:21:09.9947554Z #11 13.20 Unpacking liblilv-0-0:amd64 (0.24.26-1) ...
Docker Build Test	Build Lyra image	2026-02-08T23:21:09.9948142Z #11 13.22 Selecting previously unselected package libmysofa1:amd64.
Docker Build Test	Build Lyra image	2026-02-08T23:21:09.9948844Z #11 13.22 Preparing to unpack .../143-libmysofa1_1.3.3+dfsg-1_amd64.deb ...
Docker Build Test	Build Lyra image	2026-02-08T23:21:10.1683123Z #11 13.22 Unpacking libmysofa1:amd64 (1.3.3+dfsg-1) ...
Docker Build Test	Build Lyra image	2026-02-08T23:21:10.1683952Z #11 13.25 Selecting previously unselected package libvulkan1:amd64.
Docker Build Test	Build Lyra image	2026-02-08T23:21:10.1684590Z #11 13.26 Preparing to unpack .../144-libvulkan1_1.4.309.0-1_amd64.deb ...
Docker Build Test	Build Lyra image	2026-02-08T23:21:10.1685129Z #11 13.26 Unpacking libvulkan1:amd64 (1.4.309.0-1) ...
Docker Build Test	Build Lyra image	2026-02-08T23:21:10.1685992Z #11 13.28 Selecting previously unselected package libplacebo349:amd64.
Docker Build Test	Build Lyra image	2026-02-08T23:21:10.1686615Z #11 13.28 Preparing to unpack .../145-libplacebo349_7.349.0-3_amd64.deb ...
Docker Build Test	Build Lyra image	2026-02-08T23:21:10.1687147Z #11 13.28 Unpacking libplacebo349:amd64 (7.349.0-3) ...
Docker Build Test	Build Lyra image	2026-02-08T23:21:10.1687660Z #11 13.40 Selecting previously unselected package libblas3:amd64.
Docker Build Test	Build Lyra image	2026-02-08T23:21:10.3554018Z #11 13.40 Preparing to unpack .../146-libblas3_3.12.1-6_amd64.deb ...
Docker Build Test	Build Lyra image	2026-02-08T23:21:10.3554773Z #11 13.40 Unpacking libblas3:amd64 (3.12.1-6) ...
Docker Build Test	Build Lyra image	2026-02-08T23:21:10.3555440Z #11 13.42 Selecting previously unselected package libgfortran5:amd64.
Docker Build Test	Build Lyra image	2026-02-08T23:21:10.3556210Z #11 13.43 Preparing to unpack .../147-libgfortran5_14.2.0-19_amd64.deb ...
Docker Build Test	Build Lyra image	2026-02-08T23:21:10.3556704Z #11 13.43 Unpacking libgfortran5:amd64 (14.2.0-19) ...
Docker Build Test	Build Lyra image	2026-02-08T23:21:10.3557190Z #11 13.48 Selecting previously unselected package liblapack3:amd64.
Docker Build Test	Build Lyra image	2026-02-08T23:21:10.3557787Z #11 13.48 Preparing to unpack .../148-liblapack3_3.12.1-6_amd64.deb ...
Docker Build Test	Build Lyra image	2026-02-08T23:21:10.3558234Z #11 13.48 Unpacking liblapack3:amd64 (3.12.1-6) ...
Docker Build Test	Build Lyra image	2026-02-08T23:21:10.3558756Z #11 13.58 Selecting previously unselected package libasyncns0:amd64.
Docker Build Test	Build Lyra image	2026-02-08T23:21:10.4567496Z #11 13.58 Preparing to unpack .../149-libasyncns0_0.8-6+b5_amd64.deb ...
Docker Build Test	Build Lyra image	2026-02-08T23:21:10.4568191Z #11 13.59 Unpacking libasyncns0:amd64 (0.8-6+b5) ...
Docker Build Test	Build Lyra image	2026-02-08T23:21:10.4568706Z #11 13.60 Selecting previously unselected package libdbus-1-3:amd64.
Docker Build Test	Build Lyra image	2026-02-08T23:21:10.4569374Z #11 13.60 Preparing to unpack .../150-libdbus-1-3_1.16.2-2_amd64.deb ...
Docker Build Test	Build Lyra image	2026-02-08T23:21:10.4569954Z #11 13.61 Unpacking libdbus-1-3:amd64 (1.16.2-2) ...
Docker Build Test	Build Lyra image	2026-02-08T23:21:10.4570394Z #11 13.63 Selecting previously unselected package libflac14:amd64.
Docker Build Test	Build Lyra image	2026-02-08T23:21:10.4570993Z #11 13.63 Preparing to unpack .../151-libflac14_1.5.0+ds-2_amd64.deb ...
Docker Build Test	Build Lyra image	2026-02-08T23:21:10.4572957Z #11 13.63 Unpacking libflac14:amd64 (1.5.0+ds-2) ...
Docker Build Test	Build Lyra image	2026-02-08T23:21:10.4573496Z #11 13.66 Selecting previously unselected package libsndfile1:amd64.
Docker Build Test	Build Lyra image	2026-02-08T23:21:10.4574147Z #11 13.66 Preparing to unpack .../152-libsndfile1_1.2.2-2+b1_amd64.deb ...
Docker Build Test	Build Lyra image	2026-02-08T23:21:10.4574734Z #11 13.66 Unpacking libsndfile1:amd64 (1.2.2-2+b1) ...
Docker Build Test	Build Lyra image	2026-02-08T23:21:10.4575350Z #11 13.68 Selecting previously unselected package libpulse0:amd64.
Docker Build Test	Build Lyra image	2026-02-08T23:21:10.5579989Z #11 13.69 Preparing to unpack .../153-libpulse0_17.0+dfsg1-2+b1_amd64.deb ...
Docker Build Test	Build Lyra image	2026-02-08T23:21:10.5580822Z #11 13.69 Unpacking libpulse0:amd64 (17.0+dfsg1-2+b1) ...
Docker Build Test	Build Lyra image	2026-02-08T23:21:10.5581654Z #11 13.72 Selecting previously unselected package libsphinxbase3t64:amd64.
Docker Build Test	Build Lyra image	2026-02-08T23:21:10.5582312Z #11 13.72 Preparing to unpack .../154-libsphinxbase3t64_0.8+5prealpha+1-21+b1_amd64.deb ...
Docker Build Test	Build Lyra image	2026-02-08T23:21:10.5582869Z #11 13.72 Unpacking libsphinxbase3t64:amd64 (0.8+5prealpha+1-21+b1) ...
Docker Build Test	Build Lyra image	2026-02-08T23:21:10.5583408Z #11 13.74 Selecting previously unselected package libpocketsphinx3:amd64.
Docker Build Test	Build Lyra image	2026-02-08T23:21:10.5584019Z #11 13.74 Preparing to unpack .../155-libpocketsphinx3_0.8+5prealpha+1-15+b4_amd64.deb ...
Docker Build Test	Build Lyra image	2026-02-08T23:21:10.5584608Z #11 13.74 Unpacking libpocketsphinx3:amd64 (0.8+5prealpha+1-15+b4) ...
Docker Build Test	Build Lyra image	2026-02-08T23:21:10.5585064Z #11 13.77 Selecting previously unselected package libpostproc58:amd64.
Docker Build Test	Build Lyra image	2026-02-08T23:21:10.5585642Z #11 13.77 Preparing to unpack .../156-libpostproc58_7%3a7.1.3-0+deb13u1_amd64.deb ...
Docker Build Test	Build Lyra image	2026-02-08T23:21:10.5586319Z #11 13.77 Unpacking libpostproc58:amd64 (7:7.1.3-0+deb13u1) ...
Docker Build Test	Build Lyra image	2026-02-08T23:21:10.5587513Z #11 13.79 Selecting previously unselected package libfftw3-double3:amd64.
Docker Build Test	Build Lyra image	2026-02-08T23:21:10.6645440Z #11 13.79 Preparing to unpack .../157-libfftw3-double3_3.3.10-2+b1_amd64.deb ...
Docker Build Test	Build Lyra image	2026-02-08T23:21:10.6646554Z #11 13.79 Unpacking libfftw3-double3:amd64 (3.3.10-2+b1) ...
Docker Build Test	Build Lyra image	2026-02-08T23:21:10.6647569Z #11 13.84 Selecting previously unselected package libsamplerate0:amd64.
Docker Build Test	Build Lyra image	2026-02-08T23:21:10.6648200Z #11 13.84 Preparing to unpack .../158-libsamplerate0_0.2.2-4+b2_amd64.deb ...
Docker Build Test	Build Lyra image	2026-02-08T23:21:10.6648746Z #11 13.84 Unpacking libsamplerate0:amd64 (0.2.2-4+b2) ...
Docker Build Test	Build Lyra image	2026-02-08T23:21:10.6649579Z #11 13.89 Selecting previously unselected package librubberband2:amd64.
Docker Build Test	Build Lyra image	2026-02-08T23:21:10.7655770Z #11 13.89 Preparing to unpack .../159-librubberband2_3.3.0+dfsg-2+b3_amd64.deb ...
Docker Build Test	Build Lyra image	2026-02-08T23:21:10.7656647Z #11 13.89 Unpacking librubberband2:amd64 (3.3.0+dfsg-2+b3) ...
Docker Build Test	Build Lyra image	2026-02-08T23:21:10.7657232Z #11 13.92 Selecting previously unselected package libswscale8:amd64.
Docker Build Test	Build Lyra image	2026-02-08T23:21:10.7659003Z #11 13.92 Preparing to unpack .../160-libswscale8_7%3a7.1.3-0+deb13u1_amd64.deb ...
Docker Build Test	Build Lyra image	2026-02-08T23:21:10.7659584Z #11 13.92 Unpacking libswscale8:amd64 (7:7.1.3-0+deb13u1) ...
Docker Build Test	Build Lyra image	2026-02-08T23:21:10.7660220Z #11 13.94 Selecting previously unselected package libvidstab1.1:amd64.
Docker Build Test	Build Lyra image	2026-02-08T23:21:10.7660924Z #11 13.94 Preparing to unpack .../161-libvidstab1.1_1.1.0-2+b2_amd64.deb ...
Docker Build Test	Build Lyra image	2026-02-08T23:21:10.7662799Z #11 13.95 Unpacking libvidstab1.1:amd64 (1.1.0-2+b2) ...
Docker Build Test	Build Lyra image	2026-02-08T23:21:10.7663505Z #11 13.96 Selecting previously unselected package libzimg2:amd64.
Docker Build Test	Build Lyra image	2026-02-08T23:21:10.7664077Z #11 13.96 Preparing to unpack .../162-libzimg2_3.0.5+ds1-1+b2_amd64.deb ...
Docker Build Test	Build Lyra image	2026-02-08T23:21:10.7664752Z #11 13.97 Unpacking libzimg2:amd64 (3.0.5+ds1-1+b2) ...
Docker Build Test	Build Lyra image	2026-02-08T23:21:10.7665574Z #11 13.99 Selecting previously unselected package libavfilter10:amd64.
Docker Build Test	Build Lyra image	2026-02-08T23:21:10.7666706Z #11 13.99 Preparing to unpack .../163-libavfilter10_7%3a7.1.3-0+deb13u1_amd64.deb ...
Docker Build Test	Build Lyra image	2026-02-08T23:21:10.9173966Z #11 13.99 Unpacking libavfilter10:amd64 (7:7.1.3-0+deb13u1) ...
Docker Build Test	Build Lyra image	2026-02-08T23:21:10.9328129Z #11 14.16 Selecting previously unselected package libslang2:amd64.
Docker Build Test	Build Lyra image	2026-02-08T23:21:11.0338511Z #11 14.16 Preparing to unpack .../164-libslang2_2.3.3-5+b2_amd64.deb ...
Docker Build Test	Build Lyra image	2026-02-08T23:21:11.0339633Z #11 14.16 Unpacking libslang2:amd64 (2.3.3-5+b2) ...
Docker Build Test	Build Lyra image	2026-02-08T23:21:11.0340264Z #11 14.20 Selecting previously unselected package libcaca0:amd64.
Docker Build Test	Build Lyra image	2026-02-08T23:21:11.0340869Z #11 14.20 Preparing to unpack .../165-libcaca0_0.99.beta20-5_amd64.deb ...
Docker Build Test	Build Lyra image	2026-02-08T23:21:11.0341520Z #11 14.20 Unpacking libcaca0:amd64 (0.99.beta20-5) ...
Docker Build Test	Build Lyra image	2026-02-08T23:21:11.0341935Z #11 14.23 Selecting previously unselected package libcdio19t64:amd64.
Docker Build Test	Build Lyra image	2026-02-08T23:21:11.0342482Z #11 14.23 Preparing to unpack .../166-libcdio19t64_2.2.0-4_amd64.deb ...
Docker Build Test	Build Lyra image	2026-02-08T23:21:11.0342913Z #11 14.23 Unpacking libcdio19t64:amd64 (2.2.0-4) ...
Docker Build Test	Build Lyra image	2026-02-08T23:21:11.0343349Z #11 14.26 Selecting previously unselected package libcdio-cdda2t64:amd64.
Docker Build Test	Build Lyra image	2026-02-08T23:21:11.0343926Z #11 14.26 Preparing to unpack .../167-libcdio-cdda2t64_10.2+2.0.2-1+b1_amd64.deb ...
Docker Build Test	Build Lyra image	2026-02-08T23:21:11.1413047Z #11 14.26 Unpacking libcdio-cdda2t64:amd64 (10.2+2.0.2-1+b1) ...
Docker Build Test	Build Lyra image	2026-02-08T23:21:11.1413944Z #11 14.28 Selecting previously unselected package libcdio-paranoia2t64:amd64.
Docker Build Test	Build Lyra image	2026-02-08T23:21:11.1414693Z #11 14.28 Preparing to unpack .../168-libcdio-paranoia2t64_10.2+2.0.2-1+b1_amd64.deb ...
Docker Build Test	Build Lyra image	2026-02-08T23:21:11.1415253Z #11 14.28 Unpacking libcdio-paranoia2t64:amd64 (10.2+2.0.2-1+b1) ...
Docker Build Test	Build Lyra image	2026-02-08T23:21:11.1415821Z #11 14.30 Selecting previously unselected package libusb-1.0-0:amd64.
Docker Build Test	Build Lyra image	2026-02-08T23:21:11.1416451Z #11 14.30 Preparing to unpack .../169-libusb-1.0-0_2%3a1.0.28-1_amd64.deb ...
Docker Build Test	Build Lyra image	2026-02-08T23:21:11.1416909Z #11 14.30 Unpacking libusb-1.0-0:amd64 (2:1.0.28-1) ...
Docker Build Test	Build Lyra image	2026-02-08T23:21:11.1417433Z #11 14.32 Selecting previously unselected package libdc1394-25:amd64.
Docker Build Test	Build Lyra image	2026-02-08T23:21:11.1417988Z #11 14.32 Preparing to unpack .../170-libdc1394-25_2.2.6-5_amd64.deb ...
Docker Build Test	Build Lyra image	2026-02-08T23:21:11.1418407Z #11 14.32 Unpacking libdc1394-25:amd64 (2.2.6-5) ...
Docker Build Test	Build Lyra image	2026-02-08T23:21:11.1418905Z #11 14.35 Selecting previously unselected package libglvnd0:amd64.
Docker Build Test	Build Lyra image	2026-02-08T23:21:11.1419487Z #11 14.35 Preparing to unpack .../171-libglvnd0_1.7.0-1+b2_amd64.deb ...
Docker Build Test	Build Lyra image	2026-02-08T23:21:11.1420140Z #11 14.35 Unpacking libglvnd0:amd64 (1.7.0-1+b2) ...
Docker Build Test	Build Lyra image	2026-02-08T23:21:11.1420782Z #11 14.37 Selecting previously unselected package libxcb-glx0:amd64.
Docker Build Test	Build Lyra image	2026-02-08T23:21:11.2480867Z #11 14.37 Preparing to unpack .../172-libxcb-glx0_1.17.0-2+b1_amd64.deb ...
Docker Build Test	Build Lyra image	2026-02-08T23:21:11.2481808Z #11 14.37 Unpacking libxcb-glx0:amd64 (1.17.0-2+b1) ...
Docker Build Test	Build Lyra image	2026-02-08T23:21:11.2482717Z #11 14.39 Selecting previously unselected package libxcb-present0:amd64.
Docker Build Test	Build Lyra image	2026-02-08T23:21:11.2483398Z #11 14.39 Preparing to unpack .../173-libxcb-present0_1.17.0-2+b1_amd64.deb ...
Docker Build Test	Build Lyra image	2026-02-08T23:21:11.2484029Z #11 14.39 Unpacking libxcb-present0:amd64 (1.17.0-2+b1) ...
Docker Build Test	Build Lyra image	2026-02-08T23:21:11.2484606Z #11 14.41 Selecting previously unselected package libxcb-xfixes0:amd64.
Docker Build Test	Build Lyra image	2026-02-08T23:21:11.2485443Z #11 14.42 Preparing to unpack .../174-libxcb-xfixes0_1.17.0-2+b1_amd64.deb ...
Docker Build Test	Build Lyra image	2026-02-08T23:21:11.2485969Z #11 14.42 Unpacking libxcb-xfixes0:amd64 (1.17.0-2+b1) ...
Docker Build Test	Build Lyra image	2026-02-08T23:21:11.2486506Z #11 14.43 Selecting previously unselected package libxxf86vm1:amd64.
Docker Build Test	Build Lyra image	2026-02-08T23:21:11.2487145Z #11 14.44 Preparing to unpack .../175-libxxf86vm1_1%3a1.1.4-1+b4_amd64.deb ...
Docker Build Test	Build Lyra image	2026-02-08T23:21:11.2487862Z #11 14.44 Unpacking libxxf86vm1:amd64 (1:1.1.4-1+b4) ...
Docker Build Test	Build Lyra image	2026-02-08T23:21:11.2488759Z #11 14.46 Selecting previously unselected package libdrm-amdgpu1:amd64.
Docker Build Test	Build Lyra image	2026-02-08T23:21:11.2489658Z #11 14.46 Preparing to unpack .../176-libdrm-amdgpu1_2.4.124-2_amd64.deb ...
Docker Build Test	Build Lyra image	2026-02-08T23:21:11.2490427Z #11 14.46 Unpacking libdrm-amdgpu1:amd64 (2.4.124-2) ...
Docker Build Test	Build Lyra image	2026-02-08T23:21:11.2491355Z #11 14.48 Selecting previously unselected package libpciaccess0:amd64.
Docker Build Test	Build Lyra image	2026-02-08T23:21:11.3512632Z #11 14.48 Preparing to unpack .../177-libpciaccess0_0.17-3+b3_amd64.deb ...
Docker Build Test	Build Lyra image	2026-02-08T23:21:11.3513547Z #11 14.48 Unpacking libpciaccess0:amd64 (0.17-3+b3) ...
Docker Build Test	Build Lyra image	2026-02-08T23:21:11.3514186Z #11 14.50 Selecting previously unselected package libdrm-intel1:amd64.
Docker Build Test	Build Lyra image	2026-02-08T23:21:11.3514877Z #11 14.50 Preparing to unpack .../178-libdrm-intel1_2.4.124-2_amd64.deb ...
Docker Build Test	Build Lyra image	2026-02-08T23:21:11.3515409Z #11 14.50 Unpacking libdrm-intel1:amd64 (2.4.124-2) ...
Docker Build Test	Build Lyra image	2026-02-08T23:21:11.3515917Z #11 14.52 Selecting previously unselected package libelf1t64:amd64.
Docker Build Test	Build Lyra image	2026-02-08T23:21:11.3516484Z #11 14.52 Preparing to unpack .../179-libelf1t64_0.192-4_amd64.deb ...
Docker Build Test	Build Lyra image	2026-02-08T23:21:11.3516981Z #11 14.52 Unpacking libelf1t64:amd64 (0.192-4) ...
Docker Build Test	Build Lyra image	2026-02-08T23:21:11.3517491Z #11 14.54 Selecting previously unselected package libedit2:amd64.
Docker Build Test	Build Lyra image	2026-02-08T23:21:11.3518062Z #11 14.54 Preparing to unpack .../180-libedit2_3.1-20250104-1_amd64.deb ...
Docker Build Test	Build Lyra image	2026-02-08T23:21:11.3518593Z #11 14.55 Unpacking libedit2:amd64 (3.1-20250104-1) ...
Docker Build Test	Build Lyra image	2026-02-08T23:21:11.3519075Z #11 14.58 Selecting previously unselected package libz3-4:amd64.
Docker Build Test	Build Lyra image	2026-02-08T23:21:11.5045584Z #11 14.58 Preparing to unpack .../181-libz3-4_4.13.3-1_amd64.deb ...
Docker Build Test	Build Lyra image	2026-02-08T23:21:11.5046430Z #11 14.58 Unpacking libz3-4:amd64 (4.13.3-1) ...
Docker Build Test	Build Lyra image	2026-02-08T23:21:11.6663778Z #11 14.89 Selecting previously unselected package libllvm19:amd64.
Docker Build Test	Build Lyra image	2026-02-08T23:21:11.8192817Z #11 14.90 Preparing to unpack .../182-libllvm19_1%3a19.1.7-3+b1_amd64.deb ...
Docker Build Test	Build Lyra image	2026-02-08T23:21:11.8193585Z #11 14.90 Unpacking libllvm19:amd64 (1:19.1.7-3+b1) ...
Docker Build Test	Build Lyra image	2026-02-08T23:21:12.2974847Z #11 15.52 Selecting previously unselected package libsensors-config.
Docker Build Test	Build Lyra image	2026-02-08T23:21:12.3976415Z #11 15.53 Preparing to unpack .../183-libsensors-config_1%3a3.6.2-2_all.deb ...
Docker Build Test	Build Lyra image	2026-02-08T23:21:12.3977183Z #11 15.53 Unpacking libsensors-config (1:3.6.2-2) ...
Docker Build Test	Build Lyra image	2026-02-08T23:21:12.3977751Z #11 15.54 Selecting previously unselected package libsensors5:amd64.
Docker Build Test	Build Lyra image	2026-02-08T23:21:12.3978400Z #11 15.55 Preparing to unpack .../184-libsensors5_1%3a3.6.2-2_amd64.deb ...
Docker Build Test	Build Lyra image	2026-02-08T23:21:12.3978967Z #11 15.55 Unpacking libsensors5:amd64 (1:3.6.2-2) ...
Docker Build Test	Build Lyra image	2026-02-08T23:21:12.3979532Z #11 15.56 Selecting previously unselected package libxcb-randr0:amd64.
Docker Build Test	Build Lyra image	2026-02-08T23:21:12.3980175Z #11 15.56 Preparing to unpack .../185-libxcb-randr0_1.17.0-2+b1_amd64.deb ...
Docker Build Test	Build Lyra image	2026-02-08T23:21:12.3980762Z #11 15.57 Unpacking libxcb-randr0:amd64 (1.17.0-2+b1) ...
Docker Build Test	Build Lyra image	2026-02-08T23:21:12.3981596Z #11 15.58 Selecting previously unselected package libxcb-sync1:amd64.
Docker Build Test	Build Lyra image	2026-02-08T23:21:12.3982243Z #11 15.59 Preparing to unpack .../186-libxcb-sync1_1.17.0-2+b1_amd64.deb ...
Docker Build Test	Build Lyra image	2026-02-08T23:21:12.3982822Z #11 15.59 Unpacking libxcb-sync1:amd64 (1.17.0-2+b1) ...
Docker Build Test	Build Lyra image	2026-02-08T23:21:12.3983390Z #11 15.61 Selecting previously unselected package libxshmfence1:amd64.
Docker Build Test	Build Lyra image	2026-02-08T23:21:12.3984328Z #11 15.61 Preparing to unpack .../187-libxshmfence1_1.3.3-1_amd64.deb ...
Docker Build Test	Build Lyra image	2026-02-08T23:21:12.3984837Z #11 15.61 Unpacking libxshmfence1:amd64 (1.3.3-1) ...
Docker Build Test	Build Lyra image	2026-02-08T23:21:12.3985428Z #11 15.63 Selecting previously unselected package mesa-libgallium:amd64.
Docker Build Test	Build Lyra image	2026-02-08T23:21:12.5509096Z #11 15.63 Preparing to unpack .../188-mesa-libgallium_25.0.7-2_amd64.deb ...
Docker Build Test	Build Lyra image	2026-02-08T23:21:12.5510088Z #11 15.63 Unpacking mesa-libgallium:amd64 (25.0.7-2) ...
Docker Build Test	Build Lyra image	2026-02-08T23:21:12.7453519Z #11 15.97 Selecting previously unselected package libwayland-server0:amd64.
Docker Build Test	Build Lyra image	2026-02-08T23:21:12.8529945Z #11 15.97 Preparing to unpack .../189-libwayland-server0_1.23.1-3_amd64.deb ...
Docker Build Test	Build Lyra image	2026-02-08T23:21:12.8530723Z #11 15.98 Unpacking libwayland-server0:amd64 (1.23.1-3) ...
Docker Build Test	Build Lyra image	2026-02-08T23:21:12.8531549Z #11 15.99 Selecting previously unselected package libgbm1:amd64.
Docker Build Test	Build Lyra image	2026-02-08T23:21:12.8532217Z #11 16.00 Preparing to unpack .../190-libgbm1_25.0.7-2_amd64.deb ...
Docker Build Test	Build Lyra image	2026-02-08T23:21:12.8532818Z #11 16.00 Unpacking libgbm1:amd64 (25.0.7-2) ...
Docker Build Test	Build Lyra image	2026-02-08T23:21:12.8533341Z #11 16.03 Selecting previously unselected package libgl1-mesa-dri:amd64.
Docker Build Test	Build Lyra image	2026-02-08T23:21:12.8533976Z #11 16.03 Preparing to unpack .../191-libgl1-mesa-dri_25.0.7-2_amd64.deb ...
Docker Build Test	Build Lyra image	2026-02-08T23:21:12.8534538Z #11 16.03 Unpacking libgl1-mesa-dri:amd64 (25.0.7-2) ...
Docker Build Test	Build Lyra image	2026-02-08T23:21:12.8535093Z #11 16.06 Selecting previously unselected package libglx-mesa0:amd64.
Docker Build Test	Build Lyra image	2026-02-08T23:21:12.8535717Z #11 16.06 Preparing to unpack .../192-libglx-mesa0_25.0.7-2_amd64.deb ...
Docker Build Test	Build Lyra image	2026-02-08T23:21:12.8536238Z #11 16.06 Unpacking libglx-mesa0:amd64 (25.0.7-2) ...
Docker Build Test	Build Lyra image	2026-02-08T23:21:12.8536733Z #11 16.08 Selecting previously unselected package libglx0:amd64.
Docker Build Test	Build Lyra image	2026-02-08T23:21:12.9540469Z #11 16.08 Preparing to unpack .../193-libglx0_1.7.0-1+b2_amd64.deb ...
Docker Build Test	Build Lyra image	2026-02-08T23:21:12.9541407Z #11 16.08 Unpacking libglx0:amd64 (1.7.0-1+b2) ...
Docker Build Test	Build Lyra image	2026-02-08T23:21:12.9541993Z #11 16.10 Selecting previously unselected package libgl1:amd64.
Docker Build Test	Build Lyra image	2026-02-08T23:21:12.9542514Z #11 16.11 Preparing to unpack .../194-libgl1_1.7.0-1+b2_amd64.deb ...
Docker Build Test	Build Lyra image	2026-02-08T23:21:12.9543020Z #11 16.11 Unpacking libgl1:amd64 (1.7.0-1+b2) ...
Docker Build Test	Build Lyra image	2026-02-08T23:21:12.9543387Z #11 16.13 Selecting previously unselected package libiec61883-0:amd64.
Docker Build Test	Build Lyra image	2026-02-08T23:21:12.9543895Z #11 16.13 Preparing to unpack .../195-libiec61883-0_1.2.0-7_amd64.deb ...
Docker Build Test	Build Lyra image	2026-02-08T23:21:12.9544359Z #11 16.13 Unpacking libiec61883-0:amd64 (1.2.0-7) ...
Docker Build Test	Build Lyra image	2026-02-08T23:21:12.9544847Z #11 16.15 Selecting previously unselected package libjack-jackd2-0:amd64.
Docker Build Test	Build Lyra image	2026-02-08T23:21:12.9545485Z #11 16.15 Preparing to unpack .../196-libjack-jackd2-0_1.9.22~dfsg-4_amd64.deb ...
Docker Build Test	Build Lyra image	2026-02-08T23:21:12.9546168Z #11 16.15 Unpacking libjack-jackd2-0:amd64 (1.9.22~dfsg-4) ...
Docker Build Test	Build Lyra image	2026-02-08T23:21:12.9546821Z #11 16.18 Selecting previously unselected package libopenal-data.
Docker Build Test	Build Lyra image	2026-02-08T23:21:12.9547853Z #11 16.18 Preparing to unpack .../197-libopenal-data_1%3a1.24.2-1_all.deb ...
Docker Build Test	Build Lyra image	2026-02-08T23:21:13.0544053Z #11 16.18 Unpacking libopenal-data (1:1.24.2-1) ...
Docker Build Test	Build Lyra image	2026-02-08T23:21:13.0544844Z #11 16.20 Selecting previously unselected package libopenal1:amd64.
Docker Build Test	Build Lyra image	2026-02-08T23:21:13.0545437Z #11 16.21 Preparing to unpack .../198-libopenal1_1%3a1.24.2-1_amd64.deb ...
Docker Build Test	Build Lyra image	2026-02-08T23:21:13.0545986Z #11 16.21 Unpacking libopenal1:amd64 (1:1.24.2-1) ...
Docker Build Test	Build Lyra image	2026-02-08T23:21:13.0546436Z #11 16.26 Selecting previously unselected package libwayland-client0:amd64.
Docker Build Test	Build Lyra image	2026-02-08T23:21:13.0547081Z #11 16.26 Preparing to unpack .../199-libwayland-client0_1.23.1-3_amd64.deb ...
Docker Build Test	Build Lyra image	2026-02-08T23:21:13.0547550Z #11 16.26 Unpacking libwayland-client0:amd64 (1.23.1-3) ...
Docker Build Test	Build Lyra image	2026-02-08T23:21:13.0548020Z #11 16.28 Selecting previously unselected package libdecor-0-0:amd64.
Docker Build Test	Build Lyra image	2026-02-08T23:21:13.0548568Z #11 16.28 Preparing to unpack .../200-libdecor-0-0_0.2.2-2_amd64.deb ...
Docker Build Test	Build Lyra image	2026-02-08T23:21:13.1734843Z #11 16.28 Unpacking libdecor-0-0:amd64 (0.2.2-2) ...
Docker Build Test	Build Lyra image	2026-02-08T23:21:13.1735531Z #11 16.30 Selecting previously unselected package libwayland-cursor0:amd64.
Docker Build Test	Build Lyra image	2026-02-08T23:21:13.1736541Z #11 16.30 Preparing to unpack .../201-libwayland-cursor0_1.23.1-3_amd64.deb ...
Docker Build Test	Build Lyra image	2026-02-08T23:21:13.1737153Z #11 16.30 Unpacking libwayland-cursor0:amd64 (1.23.1-3) ...
Docker Build Test	Build Lyra image	2026-02-08T23:21:13.1737724Z #11 16.32 Selecting previously unselected package libwayland-egl1:amd64.
Docker Build Test	Build Lyra image	2026-02-08T23:21:13.1738356Z #11 16.32 Preparing to unpack .../202-libwayland-egl1_1.23.1-3_amd64.deb ...
Docker Build Test	Build Lyra image	2026-02-08T23:21:13.1739117Z #11 16.32 Unpacking libwayland-egl1:amd64 (1.23.1-3) ...
Docker Build Test	Build Lyra image	2026-02-08T23:21:13.1739628Z #11 16.34 Selecting previously unselected package libxcursor1:amd64.
Docker Build Test	Build Lyra image	2026-02-08T23:21:13.1740220Z #11 16.34 Preparing to unpack .../203-libxcursor1_1%3a1.2.3-1_amd64.deb ...
Docker Build Test	Build Lyra image	2026-02-08T23:21:13.1740737Z #11 16.34 Unpacking libxcursor1:amd64 (1:1.2.3-1) ...
Docker Build Test	Build Lyra image	2026-02-08T23:21:13.1741453Z #11 16.36 Selecting previously unselected package libxi6:amd64.
Docker Build Test	Build Lyra image	2026-02-08T23:21:13.1741992Z #11 16.36 Preparing to unpack .../204-libxi6_2%3a1.8.2-1_amd64.deb ...
Docker Build Test	Build Lyra image	2026-02-08T23:21:13.1742472Z #11 16.36 Unpacking libxi6:amd64 (2:1.8.2-1) ...
Docker Build Test	Build Lyra image	2026-02-08T23:21:13.1742922Z #11 16.40 Selecting previously unselected package xkb-data.
Docker Build Test	Build Lyra image	2026-02-08T23:21:13.2835689Z #11 16.40 Preparing to unpack .../205-xkb-data_2.42-1_all.deb ...
Docker Build Test	Build Lyra image	2026-02-08T23:21:13.2836284Z #11 16.40 Unpacking xkb-data (2.42-1) ...
Docker Build Test	Build Lyra image	2026-02-08T23:21:13.2836703Z #11 16.49 Selecting previously unselected package libxkbcommon0:amd64.
Docker Build Test	Build Lyra image	2026-02-08T23:21:13.2837364Z #11 16.49 Preparing to unpack .../206-libxkbcommon0_1.7.0-2_amd64.deb ...
Docker Build Test	Build Lyra image	2026-02-08T23:21:13.2837892Z #11 16.49 Unpacking libxkbcommon0:amd64 (1.7.0-2) ...
Docker Build Test	Build Lyra image	2026-02-08T23:21:13.2838319Z #11 16.51 Selecting previously unselected package libxrandr2:amd64.
Docker Build Test	Build Lyra image	2026-02-08T23:21:13.4238635Z #11 16.51 Preparing to unpack .../207-libxrandr2_2%3a1.5.4-1+b3_amd64.deb ...
Docker Build Test	Build Lyra image	2026-02-08T23:21:13.4240661Z #11 16.52 Unpacking libxrandr2:amd64 (2:1.5.4-1+b3) ...
Docker Build Test	Build Lyra image	2026-02-08T23:21:13.4241538Z #11 16.55 Selecting previously unselected package x11-common.
Docker Build Test	Build Lyra image	2026-02-08T23:21:13.4242316Z #11 16.55 Preparing to unpack .../208-x11-common_1%3a7.7+24+deb13u1_all.deb ...
Docker Build Test	Build Lyra image	2026-02-08T23:21:13.4243086Z #11 16.55 Unpacking x11-common (1:7.7+24+deb13u1) ...
Docker Build Test	Build Lyra image	2026-02-08T23:21:13.4243694Z #11 16.57 Selecting previously unselected package libxss1:amd64.
Docker Build Test	Build Lyra image	2026-02-08T23:21:13.4244273Z #11 16.58 Preparing to unpack .../209-libxss1_1%3a1.2.3-1+b3_amd64.deb ...
Docker Build Test	Build Lyra image	2026-02-08T23:21:13.4244787Z #11 16.58 Unpacking libxss1:amd64 (1:1.2.3-1+b3) ...
Docker Build Test	Build Lyra image	2026-02-08T23:21:13.4245304Z #11 16.60 Selecting previously unselected package libsdl2-2.0-0:amd64.
Docker Build Test	Build Lyra image	2026-02-08T23:21:13.4245916Z #11 16.60 Preparing to unpack .../210-libsdl2-2.0-0_2.32.4+dfsg-1_amd64.deb ...
Docker Build Test	Build Lyra image	2026-02-08T23:21:13.4246472Z #11 16.60 Unpacking libsdl2-2.0-0:amd64 (2.32.4+dfsg-1) ...
Docker Build Test	Build Lyra image	2026-02-08T23:21:13.4246994Z #11 16.65 Selecting previously unselected package libxcb-shape0:amd64.
Docker Build Test	Build Lyra image	2026-02-08T23:21:13.5542116Z #11 16.65 Preparing to unpack .../211-libxcb-shape0_1.17.0-2+b1_amd64.deb ...
Docker Build Test	Build Lyra image	2026-02-08T23:21:13.5542830Z #11 16.65 Unpacking libxcb-shape0:amd64 (1.17.0-2+b1) ...
Docker Build Test	Build Lyra image	2026-02-08T23:21:13.5543232Z #11 16.68 Selecting previously unselected package libxv1:amd64.
Docker Build Test	Build Lyra image	2026-02-08T23:21:13.5543835Z #11 16.68 Preparing to unpack .../212-libxv1_2%3a1.0.11-1.1+b3_amd64.deb ...
Docker Build Test	Build Lyra image	2026-02-08T23:21:13.5544347Z #11 16.68 Unpacking libxv1:amd64 (2:1.0.11-1.1+b3) ...
Docker Build Test	Build Lyra image	2026-02-08T23:21:13.5544757Z #11 16.70 Selecting previously unselected package libavdevice61:amd64.
Docker Build Test	Build Lyra image	2026-02-08T23:21:13.5545364Z #11 16.70 Preparing to unpack .../213-libavdevice61_7%3a7.1.3-0+deb13u1_amd64.deb ...
Docker Build Test	Build Lyra image	2026-02-08T23:21:13.5545915Z #11 16.70 Unpacking libavdevice61:amd64 (7:7.1.3-0+deb13u1) ...
Docker Build Test	Build Lyra image	2026-02-08T23:21:13.5546307Z #11 16.72 Selecting previously unselected package ffmpeg.
Docker Build Test	Build Lyra image	2026-02-08T23:21:13.5546814Z #11 16.72 Preparing to unpack .../214-ffmpeg_7%3a7.1.3-0+deb13u1_amd64.deb ...
Docker Build Test	Build Lyra image	2026-02-08T23:21:13.5547224Z #11 16.72 Unpacking ffmpeg (7:7.1.3-0+deb13u1) ...
Docker Build Test	Build Lyra image	2026-02-08T23:21:13.5547673Z #11 16.78 Selecting previously unselected package libpq5:amd64.
Docker Build Test	Build Lyra image	2026-02-08T23:21:13.6561644Z #11 16.78 Preparing to unpack .../215-libpq5_17.7-0+deb13u1_amd64.deb ...
Docker Build Test	Build Lyra image	2026-02-08T23:21:13.6566007Z #11 16.78 Unpacking libpq5:amd64 (17.7-0+deb13u1) ...
Docker Build Test	Build Lyra image	2026-02-08T23:21:13.6566559Z #11 16.82 Setting up libgme0:amd64 (0.6.3-7+b2) ...
Docker Build Test	Build Lyra image	2026-02-08T23:21:13.6567042Z #11 16.82 Setting up libchromaprint1:amd64 (1.5.1-7) ...
Docker Build Test	Build Lyra image	2026-02-08T23:21:13.6567630Z #11 16.83 Setting up libhwy1t64:amd64 (1.2.0-2+b2) ...
Docker Build Test	Build Lyra image	2026-02-08T23:21:13.6568169Z #11 16.83 Setting up libexpat1:amd64 (2.7.1-2) ...
Docker Build Test	Build Lyra image	2026-02-08T23:21:13.6568829Z #11 16.83 Setting up libgraphite2-3:amd64 (1.3.14-2+b1) ...
Docker Build Test	Build Lyra image	2026-02-08T23:21:13.6569144Z #11 16.84 Setting up liblcms2-2:amd64 (2.16-2) ...
Docker Build Test	Build Lyra image	2026-02-08T23:21:13.6569599Z #11 16.84 Setting up libpixman-1-0:amd64 (0.44.0-3) ...
Docker Build Test	Build Lyra image	2026-02-08T23:21:13.6570128Z #11 16.84 Setting up libdvdread8t64:amd64 (6.1.3-2) ...
Docker Build Test	Build Lyra image	2026-02-08T23:21:13.6570650Z #11 16.84 Setting up libudfread0:amd64 (1.1.2-1+b2) ...
Docker Build Test	Build Lyra image	2026-02-08T23:21:13.6571436Z #11 16.85 Setting up libnorm1t64:amd64 (1.5.9+dfsg-3.1+b2) ...
Docker Build Test	Build Lyra image	2026-02-08T23:21:13.6571890Z #11 16.85 Setting up libsharpyuv0:amd64 (1.5.0-0.1) ...
Docker Build Test	Build Lyra image	2026-02-08T23:21:13.6572211Z #11 16.85 Setting up libwayland-server0:amd64 (1.23.1-3) ...
Docker Build Test	Build Lyra image	2026-02-08T23:21:13.6572509Z #11 16.85 Setting up libaom3:amd64 (3.12.1-1) ...
Docker Build Test	Build Lyra image	2026-02-08T23:21:13.6572831Z #11 16.86 Setting up libpciaccess0:amd64 (0.17-3+b3) ...
Docker Build Test	Build Lyra image	2026-02-08T23:21:13.6573357Z #11 16.86 Setting up librabbitmq4:amd64 (0.15.0-1) ...
Docker Build Test	Build Lyra image	2026-02-08T23:21:13.6573647Z #11 16.86 Setting up libxau6:amd64 (1:1.0.11-1) ...
Docker Build Test	Build Lyra image	2026-02-08T23:21:13.6573930Z #11 16.87 Setting up libxdmcp6:amd64 (1:1.1.5-1) ...
Docker Build Test	Build Lyra image	2026-02-08T23:21:13.6574345Z #11 16.87 Setting up libraw1394-11:amd64 (2.1.2-2+b2) ...
Docker Build Test	Build Lyra image	2026-02-08T23:21:13.6574673Z #11 16.87 Setting up libkeyutils1:amd64 (1.6.3-6) ...
Docker Build Test	Build Lyra image	2026-02-08T23:21:13.6575130Z #11 16.87 Setting up libxcb1:amd64 (1.17.0-2+b1) ...
Docker Build Test	Build Lyra image	2026-02-08T23:21:13.6575599Z #11 16.88 Setting up libsodium23:amd64 (1.0.18-1+deb13u1) ...
Docker Build Test	Build Lyra image	2026-02-08T23:21:13.6576164Z #11 16.88 Setting up libxcb-xfixes0:amd64 (1.17.0-2+b1) ...
Docker Build Test	Build Lyra image	2026-02-08T23:21:13.6576471Z #11 16.88 Setting up libogg0:amd64 (1.3.5-3+b2) ...
Docker Build Test	Build Lyra image	2026-02-08T23:21:13.6576757Z #11 16.88 Setting up liblerc4:amd64 (4.0.0+ds-5) ...
Docker Build Test	Build Lyra image	2026-02-08T23:21:13.7765052Z #11 16.89 Setting up libspeex1:amd64 (1.2.1-3) ...
Docker Build Test	Build Lyra image	2026-02-08T23:21:13.7765669Z #11 16.89 Setting up libshine3:amd64 (3.1.1-2+b2) ...
Docker Build Test	Build Lyra image	2026-02-08T23:21:13.7766178Z #11 16.89 Setting up libvpl2 (1:2.14.0-1+b1) ...
Docker Build Test	Build Lyra image	2026-02-08T23:21:13.7766605Z #11 16.89 Setting up libx264-164:amd64 (2:0.164.3108+git31e19f9-2+b1) ...
Docker Build Test	Build Lyra image	2026-02-08T23:21:13.7767031Z #11 16.90 Setting up libtwolame0:amd64 (0.4.0-2+b2) ...
Docker Build Test	Build Lyra image	2026-02-08T23:21:13.7767341Z #11 16.90 Setting up libdatrie1:amd64 (0.2.13-3+b1) ...
Docker Build Test	Build Lyra image	2026-02-08T23:21:13.7767643Z #11 16.90 Setting up libgsm1:amd64 (1.0.22-1+b2) ...
Docker Build Test	Build Lyra image	2026-02-08T23:21:13.7767969Z #11 16.90 Setting up libxcb-render0:amd64 (1.17.0-2+b1) ...
Docker Build Test	Build Lyra image	2026-02-08T23:21:13.7768280Z #11 16.91 Setting up libzix-0-0:amd64 (0.6.2-1) ...
Docker Build Test	Build Lyra image	2026-02-08T23:21:13.7768587Z #11 16.91 Setting up libglvnd0:amd64 (1.7.0-1+b2) ...
Docker Build Test	Build Lyra image	2026-02-08T23:21:13.7768987Z #11 16.91 Setting up libcodec2-1.2:amd64 (1.2.0-3) ...
Docker Build Test	Build Lyra image	2026-02-08T23:21:13.7769304Z #11 16.91 Setting up libxcb-glx0:amd64 (1.17.0-2+b1) ...
Docker Build Test	Build Lyra image	2026-02-08T23:21:13.7769719Z #11 16.92 Setting up libbrotli1:amd64 (1.1.0-2+b7) ...
Docker Build Test	Build Lyra image	2026-02-08T23:21:13.7770031Z #11 16.92 Setting up libedit2:amd64 (3.1-20250104-1) ...
Docker Build Test	Build Lyra image	2026-02-08T23:21:13.7770448Z #11 16.92 Setting up libgdk-pixbuf2.0-common (2.42.12+dfsg-4) ...
Docker Build Test	Build Lyra image	2026-02-08T23:21:13.7770812Z #11 16.93 Setting up libmysofa1:amd64 (1.3.3+dfsg-1) ...
Docker Build Test	Build Lyra image	2026-02-08T23:21:13.7771402Z #11 16.93 Setting up libxcb-shape0:amd64 (1.17.0-2+b1) ...
Docker Build Test	Build Lyra image	2026-02-08T23:21:13.7771751Z #11 16.93 Setting up x11-common (1:7.7+24+deb13u1) ...
Docker Build Test	Build Lyra image	2026-02-08T23:21:13.7772117Z #11 17.00 debconf: unable to initialize frontend: Dialog
Docker Build Test	Build Lyra image	2026-02-08T23:21:13.7772509Z #11 17.00 debconf: (TERM is not set, so the dialog frontend is not usable.)
Docker Build Test	Build Lyra image	2026-02-08T23:21:13.7773015Z #11 17.00 debconf: falling back to frontend: Readline
Docker Build Test	Build Lyra image	2026-02-08T23:21:13.8803848Z #11 17.00 debconf: unable to initialize frontend: Readline
Docker Build Test	Build Lyra image	2026-02-08T23:21:13.8806803Z #11 17.00 debconf: (Can't locate Term/ReadLine.pm in @INC (you may need to install the Term::ReadLine module) (@INC entries checked: /etc/perl /usr/local/lib/x86_64-linux-gnu/perl/5.40.1 /usr/local/share/perl/5.40.1 /usr/lib/x86_64-linux-gnu/perl5/5.40 /usr/share/perl5 /usr/lib/x86_64-linux-gnu/perl-base /usr/lib/x86_64-linux-gnu/perl/5.40 /usr/share/perl/5.40 /usr/local/lib/site_perl) at /usr/share/perl5/Debconf/FrontEnd/Readline.pm line 8.)
Docker Build Test	Build Lyra image	2026-02-08T23:21:13.8809604Z #11 17.00 debconf: falling back to frontend: Teletype
Docker Build Test	Build Lyra image	2026-02-08T23:21:13.8810215Z #11 17.01 debconf: unable to initialize frontend: Teletype
Docker Build Test	Build Lyra image	2026-02-08T23:21:13.8810858Z #11 17.01 debconf: (This frontend requires a controlling tty.)
Docker Build Test	Build Lyra image	2026-02-08T23:21:13.8811597Z #11 17.01 debconf: falling back to frontend: Noninteractive
Docker Build Test	Build Lyra image	2026-02-08T23:21:13.8812029Z #11 17.02 invoke-rc.d: could not determine current runlevel
Docker Build Test	Build Lyra image	2026-02-08T23:21:13.8812384Z #11 17.03 invoke-rc.d: policy-rc.d denied execution of start.
Docker Build Test	Build Lyra image	2026-02-08T23:21:13.8812703Z #11 17.03 Setting up libsensors-config (1:3.6.2-2) ...
Docker Build Test	Build Lyra image	2026-02-08T23:21:13.8813028Z #11 17.04 Setting up libnghttp2-14:amd64 (1.64.0-1.1) ...
Docker Build Test	Build Lyra image	2026-02-08T23:21:13.8813335Z #11 17.04 Setting up libcdio19t64:amd64 (2.2.0-4) ...
Docker Build Test	Build Lyra image	2026-02-08T23:21:13.8813831Z #11 17.05 Setting up libdeflate0:amd64 (1.23-2) ...
Docker Build Test	Build Lyra image	2026-02-08T23:21:13.8814298Z #11 17.05 Setting up xkb-data (2.42-1) ...
Docker Build Test	Build Lyra image	2026-02-08T23:21:13.8814761Z #11 17.05 Setting up libxcb-shm0:amd64 (1.17.0-2+b1) ...
Docker Build Test	Build Lyra image	2026-02-08T23:21:13.8815160Z #11 17.06 Setting up libcom-err2:amd64 (1.47.2-3+b7) ...
Docker Build Test	Build Lyra image	2026-02-08T23:21:13.8815542Z #11 17.06 Setting up libmpg123-0t64:amd64 (1.32.10-1) ...
Docker Build Test	Build Lyra image	2026-02-08T23:21:13.8815969Z #11 17.06 Setting up libgomp1:amd64 (14.2.0-19) ...
Docker Build Test	Build Lyra image	2026-02-08T23:21:13.8816265Z #11 17.06 Setting up libcjson1:amd64 (1.7.18-3.1+deb13u1) ...
Docker Build Test	Build Lyra image	2026-02-08T23:21:13.8816582Z #11 17.07 Setting up libxvidcore4:amd64 (2:1.3.7-1+b2) ...
Docker Build Test	Build Lyra image	2026-02-08T23:21:13.8816879Z #11 17.07 Setting up libjbig0:amd64 (2.1-6.1+b2) ...
Docker Build Test	Build Lyra image	2026-02-08T23:21:13.8817282Z #11 17.08 Setting up libelf1t64:amd64 (0.192-4) ...
Docker Build Test	Build Lyra image	2026-02-08T23:21:13.8817781Z #11 17.08 Setting up libsnappy1v5:amd64 (1.2.2-1) ...
Docker Build Test	Build Lyra image	2026-02-08T23:21:13.8818122Z #11 17.08 Setting up libcdio-cdda2t64:amd64 (10.2+2.0.2-1+b1) ...
Docker Build Test	Build Lyra image	2026-02-08T23:21:13.8818451Z #11 17.08 Setting up libkrb5support0:amd64 (1.21.3-5) ...
Docker Build Test	Build Lyra image	2026-02-08T23:21:13.8818970Z #11 17.09 Setting up libsasl2-modules-db:amd64 (2.1.28+dfsg1-9) ...
Docker Build Test	Build Lyra image	2026-02-08T23:21:13.8819376Z #11 17.09 Setting up libxcb-present0:amd64 (1.17.0-2+b1) ...
Docker Build Test	Build Lyra image	2026-02-08T23:21:13.8819703Z #11 17.09 Setting up libasound2-data (1.2.14-1) ...
Docker Build Test	Build Lyra image	2026-02-08T23:21:13.8820170Z #11 17.10 Setting up libpgm-5.3-0t64:amd64 (5.3.128~dfsg-2.1+b1) ...
Docker Build Test	Build Lyra image	2026-02-08T23:21:13.8820630Z #11 17.10 Setting up libtheoraenc1:amd64 (1.2.0~alpha1+dfsg-6) ...
Docker Build Test	Build Lyra image	2026-02-08T23:21:13.8820949Z #11 17.10 Setting up libz3-4:amd64 (4.13.3-1) ...
Docker Build Test	Build Lyra image	2026-02-08T23:21:13.8821454Z #11 17.10 Setting up libblas3:amd64 (3.12.1-6) ...
Docker Build Test	Build Lyra image	2026-02-08T23:21:13.8822250Z #11 17.11 update-alternatives: using /usr/lib/x86_64-linux-gnu/blas/libblas.so.3 to provide /usr/lib/x86_64-linux-gnu/libblas.so.3 (libblas.so.3-x86_64-linux-gnu) in auto mode
Docker Build Test	Build Lyra image	2026-02-08T23:21:13.9816037Z #11 17.11 Setting up libasound2t64:amd64 (1.2.14-1) ...
Docker Build Test	Build Lyra image	2026-02-08T23:21:13.9817082Z #11 17.11 Setting up libjpeg62-turbo:amd64 (1:2.1.5-4) ...
Docker Build Test	Build Lyra image	2026-02-08T23:21:13.9817626Z #11 17.12 Setting up libslang2:amd64 (2.3.3-5+b2) ...
Docker Build Test	Build Lyra image	2026-02-08T23:21:13.9817986Z #11 17.12 Setting up libva2:amd64 (2.22.0-3) ...
Docker Build Test	Build Lyra image	2026-02-08T23:21:13.9818340Z #11 17.12 Setting up libx11-data (2:1.8.12-1) ...
Docker Build Test	Build Lyra image	2026-02-08T23:21:13.9818705Z #11 17.13 Setting up libsvtav1enc2:amd64 (2.3.0+dfsg-1) ...
Docker Build Test	Build Lyra image	2026-02-08T23:21:13.9819217Z #11 17.13 Setting up libxcb-sync1:amd64 (1.17.0-2+b1) ...
Docker Build Test	Build Lyra image	2026-02-08T23:21:13.9819658Z #11 17.13 Setting up libdbus-1-3:amd64 (1.16.2-2) ...
Docker Build Test	Build Lyra image	2026-02-08T23:21:13.9820001Z #11 17.14 Setting up libfribidi0:amd64 (1.0.16-1) ...
Docker Build Test	Build Lyra image	2026-02-08T23:21:13.9820338Z #11 17.14 Setting up libopus0:amd64 (1.5.2-2) ...
Docker Build Test	Build Lyra image	2026-02-08T23:21:13.9820760Z #11 17.14 Setting up libp11-kit0:amd64 (0.25.5-3) ...
Docker Build Test	Build Lyra image	2026-02-08T23:21:13.9821358Z #11 17.14 Setting up libcdio-paranoia2t64:amd64 (10.2+2.0.2-1+b1) ...
Docker Build Test	Build Lyra image	2026-02-08T23:21:13.9823924Z #11 17.15 Setting up libunistring5:amd64 (1.3-2) ...
Docker Build Test	Build Lyra image	2026-02-08T23:21:13.9824287Z #11 17.15 Setting up fonts-dejavu-mono (2.37-8) ...
Docker Build Test	Build Lyra image	2026-02-08T23:21:13.9824740Z #11 17.17 Setting up libpng16-16t64:amd64 (1.6.48-1+deb13u1) ...
Docker Build Test	Build Lyra image	2026-02-08T23:21:13.9825363Z #11 17.17 Setting up libatomic1:amd64 (14.2.0-19) ...
Docker Build Test	Build Lyra image	2026-02-08T23:21:13.9825890Z #11 17.17 Setting up libvorbis0a:amd64 (1.3.7-3) ...
Docker Build Test	Build Lyra image	2026-02-08T23:21:13.9826215Z #11 17.18 Setting up fonts-dejavu-core (2.37-8) ...
Docker Build Test	Build Lyra image	2026-02-08T23:21:13.9826714Z #11 17.20 Setting up libflac14:amd64 (1.5.0+ds-2) ...
Docker Build Test	Build Lyra image	2026-02-08T23:21:13.9827012Z #11 17.21 Setting up libsensors5:amd64 (1:3.6.2-2) ...
Docker Build Test	Build Lyra image	2026-02-08T23:21:13.9827322Z #11 17.21 Setting up libk5crypto3:amd64 (1.21.3-5) ...
Docker Build Test	Build Lyra image	2026-02-08T23:21:14.0975219Z #11 17.21 Setting up libfftw3-double3:amd64 (3.3.10-2+b1) ...
Docker Build Test	Build Lyra image	2026-02-08T23:21:14.0976218Z #11 17.21 Setting up libsasl2-2:amd64 (2.1.28+dfsg1-9) ...
Docker Build Test	Build Lyra image	2026-02-08T23:21:14.0976966Z #11 17.22 Setting up libgfortran5:amd64 (14.2.0-19) ...
Docker Build Test	Build Lyra image	2026-02-08T23:21:14.0977625Z #11 17.22 Setting up libvulkan1:amd64 (1.4.309.0-1) ...
Docker Build Test	Build Lyra image	2026-02-08T23:21:14.0978158Z #11 17.22 Setting up libnghttp3-9:amd64 (1.8.0-1) ...
Docker Build Test	Build Lyra image	2026-02-08T23:21:14.0978605Z #11 17.23 Setting up libwebp7:amd64 (1.5.0-0.1) ...
Docker Build Test	Build Lyra image	2026-02-08T23:21:14.0979113Z #11 17.23 Setting up libnuma1:amd64 (2.0.19-1) ...
Docker Build Test	Build Lyra image	2026-02-08T23:21:14.0979690Z #11 17.24 Setting up libvidstab1.1:amd64 (1.1.0-2+b2) ...
Docker Build Test	Build Lyra image	2026-02-08T23:21:14.0980168Z #11 17.24 Setting up libvpx9:amd64 (1.15.0-2.1) ...
Docker Build Test	Build Lyra image	2026-02-08T23:21:14.0980673Z #11 17.24 Setting up libflite1:amd64 (2.2-7) ...
Docker Build Test	Build Lyra image	2026-02-08T23:21:14.0981068Z #11 17.24 Setting up libdav1d7:amd64 (1.5.1-1) ...
Docker Build Test	Build Lyra image	2026-02-08T23:21:14.0981764Z #11 17.25 Setting up ocl-icd-libopencl1:amd64 (2.3.3-1) ...
Docker Build Test	Build Lyra image	2026-02-08T23:21:14.0982308Z #11 17.25 Setting up libasyncns0:amd64 (0.8-6+b5) ...
Docker Build Test	Build Lyra image	2026-02-08T23:21:14.0982753Z #11 17.25 Setting up libxshmfence1:amd64 (1.3.3-1) ...
Docker Build Test	Build Lyra image	2026-02-08T23:21:14.0983285Z #11 17.26 Setting up libtiff6:amd64 (4.7.0-3+deb13u1) ...
Docker Build Test	Build Lyra image	2026-02-08T23:21:14.0983774Z #11 17.26 Setting up libbs2b0:amd64 (3.1.0+dfsg-8+b1) ...
Docker Build Test	Build Lyra image	2026-02-08T23:21:14.0984265Z #11 17.26 Setting up libxcb-randr0:amd64 (1.17.0-2+b1) ...
Docker Build Test	Build Lyra image	2026-02-08T23:21:14.0984796Z #11 17.26 Setting up librav1e0.7:amd64 (0.7.1-9+b2) ...
Docker Build Test	Build Lyra image	2026-02-08T23:21:14.0985204Z #11 17.27 Setting up libtasn1-6:amd64 (4.20.0-2) ...
Docker Build Test	Build Lyra image	2026-02-08T23:21:14.0985724Z #11 17.27 Setting up libzimg2:amd64 (3.0.5+ds1-1+b2) ...
Docker Build Test	Build Lyra image	2026-02-08T23:21:14.0986261Z #11 17.27 Setting up libopenjp2-7:amd64 (2.5.3-2.1~deb13u1) ...
Docker Build Test	Build Lyra image	2026-02-08T23:21:14.0986626Z #11 17.28 Setting up libx11-6:amd64 (2:1.8.12-1) ...
Docker Build Test	Build Lyra image	2026-02-08T23:21:14.0986935Z #11 17.28 Setting up libopenal-data (1:1.24.2-1) ...
Docker Build Test	Build Lyra image	2026-02-08T23:21:14.0987349Z #11 17.29 Setting up libthai-data (0.1.29-2) ...
Docker Build Test	Build Lyra image	2026-02-08T23:21:14.0987635Z #11 17.29 Setting up libkrb5-3:amd64 (1.21.3-5) ...
Docker Build Test	Build Lyra image	2026-02-08T23:21:14.0988020Z #11 17.29 Setting up libunibreak6:amd64 (6.1-3) ...
Docker Build Test	Build Lyra image	2026-02-08T23:21:14.0988322Z #11 17.29 Setting up libwayland-egl1:amd64 (1.23.1-3) ...
Docker Build Test	Build Lyra image	2026-02-08T23:21:14.0988691Z #11 17.33 Setting up libusb-1.0-0:amd64 (2:1.0.28-1) ...
Docker Build Test	Build Lyra image	2026-02-08T23:21:14.2552635Z #11 17.33 Setting up libmbedcrypto16:amd64 (3.6.5-0.1~deb13u1) ...
Docker Build Test	Build Lyra image	2026-02-08T23:21:14.2553614Z #11 17.33 Setting up libssh2-1t64:amd64 (1.11.1-1) ...
Docker Build Test	Build Lyra image	2026-02-08T23:21:14.2554371Z #11 17.33 Setting up libx265-215:amd64 (4.1-2) ...
Docker Build Test	Build Lyra image	2026-02-08T23:21:14.2555151Z #11 17.34 Setting up libsamplerate0:amd64 (0.2.2-4+b2) ...
Docker Build Test	Build Lyra image	2026-02-08T23:21:14.2555986Z #11 17.34 Setting up libwebpmux3:amd64 (1.5.0-0.1) ...
Docker Build Test	Build Lyra image	2026-02-08T23:21:14.2556736Z #11 17.34 Setting up libdrm-common (2.4.124-2) ...
Docker Build Test	Build Lyra image	2026-02-08T23:21:14.2557465Z #11 17.35 Setting up libjxl0.11:amd64 (0.11.1-4) ...
Docker Build Test	Build Lyra image	2026-02-08T23:21:14.2558377Z #11 17.35 Setting up libxml2:amd64 (2.12.7+dfsg+really2.9.14-2.1+deb13u2) ...
Docker Build Test	Build Lyra image	2026-02-08T23:21:14.2559006Z #11 17.35 Setting up libldap2:amd64 (2.6.10+dfsg-1) ...
Docker Build Test	Build Lyra image	2026-02-08T23:21:14.2559386Z #11 17.36 Setting up libzvbi-common (0.2.44-1) ...
Docker Build Test	Build Lyra image	2026-02-08T23:21:14.2559712Z #11 17.36 Setting up libmp3lame0:amd64 (3.100-6+b3) ...
Docker Build Test	Build Lyra image	2026-02-08T23:21:14.2560342Z #11 17.36 Setting up libvorbisenc2:amd64 (1.3.7-3) ...
Docker Build Test	Build Lyra image	2026-02-08T23:21:14.2560673Z #11 17.36 Setting up libdvdnav4:amd64 (6.1.1-3+b1) ...
Docker Build Test	Build Lyra image	2026-02-08T23:21:14.2561007Z #11 17.37 Setting up libiec61883-0:amd64 (1.2.0-7) ...
Docker Build Test	Build Lyra image	2026-02-08T23:21:14.2561598Z #11 17.37 Setting up libserd-0-0:amd64 (0.32.4-1) ...
Docker Build Test	Build Lyra image	2026-02-08T23:21:14.2562021Z #11 17.37 Setting up libxkbcommon0:amd64 (1.7.0-2) ...
Docker Build Test	Build Lyra image	2026-02-08T23:21:14.2562587Z #11 17.38 Setting up libwayland-client0:amd64 (1.23.1-3) ...
Docker Build Test	Build Lyra image	2026-02-08T23:21:14.2563062Z #11 17.38 Setting up libavc1394-0:amd64 (0.5.4-5+b2) ...
Docker Build Test	Build Lyra image	2026-02-08T23:21:14.2563410Z #11 17.38 Setting up libxcb-dri3-0:amd64 (1.17.0-2+b1) ...
Docker Build Test	Build Lyra image	2026-02-08T23:21:14.2563865Z #11 17.39 Setting up libllvm19:amd64 (1:19.1.7-3+b1) ...
Docker Build Test	Build Lyra image	2026-02-08T23:21:14.2564204Z #11 17.39 Setting up libx11-xcb1:amd64 (2:1.8.12-1) ...
Docker Build Test	Build Lyra image	2026-02-08T23:21:14.2564653Z #11 17.39 Setting up liblapack3:amd64 (3.12.1-6) ...
Docker Build Test	Build Lyra image	2026-02-08T23:21:14.2565577Z #11 17.40 update-alternatives: using /usr/lib/x86_64-linux-gnu/lapack/liblapack.so.3 to provide /usr/lib/x86_64-linux-gnu/liblapack.so.3 (liblapack.so.3-x86_64-linux-gnu) in auto mode
Docker Build Test	Build Lyra image	2026-02-08T23:21:14.2566524Z #11 17.40 Setting up libcaca0:amd64 (0.99.beta20-5) ...
Docker Build Test	Build Lyra image	2026-02-08T23:21:14.2566860Z #11 17.40 Setting up libzvbi0t64:amd64 (0.2.44-1) ...
Docker Build Test	Build Lyra image	2026-02-08T23:21:14.2567285Z #11 17.41 Setting up libxrender1:amd64 (1:0.9.12-1) ...
Docker Build Test	Build Lyra image	2026-02-08T23:21:14.2567618Z #11 17.41 Setting up libsoxr0:amd64 (0.1.3-4+b2) ...
Docker Build Test	Build Lyra image	2026-02-08T23:21:14.2568040Z #11 17.42 Setting up fontconfig-config (2.15.0-2.3) ...
Docker Build Test	Build Lyra image	2026-02-08T23:21:14.2568384Z #11 17.48 debconf: unable to initialize frontend: Dialog
Docker Build Test	Build Lyra image	2026-02-08T23:21:14.2568898Z #11 17.48 debconf: (TERM is not set, so the dialog frontend is not usable.)
Docker Build Test	Build Lyra image	2026-02-08T23:21:14.2569308Z #11 17.48 debconf: falling back to frontend: Readline
Docker Build Test	Build Lyra image	2026-02-08T23:21:14.4801809Z #11 17.48 debconf: unable to initialize frontend: Readline
Docker Build Test	Build Lyra image	2026-02-08T23:21:14.4805708Z #11 17.48 debconf: (Can't locate Term/ReadLine.pm in @INC (you may need to install the Term::ReadLine module) (@INC entries checked: /etc/perl /usr/local/lib/x86_64-linux-gnu/perl/5.40.1 /usr/local/share/perl/5.40.1 /usr/lib/x86_64-linux-gnu/perl5/5.40 /usr/share/perl5 /usr/lib/x86_64-linux-gnu/perl-base /usr/lib/x86_64-linux-gnu/perl/5.40 /usr/share/perl/5.40 /usr/local/lib/site_perl) at /usr/share/perl5/Debconf/FrontEnd/Readline.pm line 8.)
Docker Build Test	Build Lyra image	2026-02-08T23:21:14.4808274Z #11 17.48 debconf: falling back to frontend: Teletype
Docker Build Test	Build Lyra image	2026-02-08T23:21:14.4808739Z #11 17.49 debconf: unable to initialize frontend: Teletype
Docker Build Test	Build Lyra image	2026-02-08T23:21:14.4809232Z #11 17.49 debconf: (This frontend requires a controlling tty.)
Docker Build Test	Build Lyra image	2026-02-08T23:21:14.4809724Z #11 17.49 debconf: falling back to frontend: Noninteractive
Docker Build Test	Build Lyra image	2026-02-08T23:21:14.4810174Z #11 17.52 Setting up libxext6:amd64 (2:1.3.4-1+b3) ...
Docker Build Test	Build Lyra image	2026-02-08T23:21:14.4810588Z #11 17.52 Setting up libidn2-0:amd64 (2.3.8-2) ...
Docker Build Test	Build Lyra image	2026-02-08T23:21:14.4811003Z #11 17.53 Setting up libopenal1:amd64 (1:1.24.2-1) ...
Docker Build Test	Build Lyra image	2026-02-08T23:21:14.4811652Z #11 17.53 Setting up libxxf86vm1:amd64 (1:1.1.4-1+b4) ...
Docker Build Test	Build Lyra image	2026-02-08T23:21:14.4812097Z #11 17.53 Setting up librist4:amd64 (0.2.11+dfsg-1) ...
Docker Build Test	Build Lyra image	2026-02-08T23:21:14.4812512Z #11 17.53 Setting up libthai0:amd64 (0.1.29-2+b1) ...
Docker Build Test	Build Lyra image	2026-02-08T23:21:14.4812938Z #11 17.54 Setting up libvorbisfile3:amd64 (1.3.7-3) ...
Docker Build Test	Build Lyra image	2026-02-08T23:21:14.4813365Z #11 17.54 Setting up libglib2.0-0t64:amd64 (2.84.4-3~deb13u2) ...
Docker Build Test	Build Lyra image	2026-02-08T23:21:14.4813691Z #11 17.55 No schema files found: doing nothing.
Docker Build Test	Build Lyra image	2026-02-08T23:21:14.4814000Z #11 17.55 Setting up libfreetype6:amd64 (2.13.3+dfsg-1) ...
Docker Build Test	Build Lyra image	2026-02-08T23:21:14.4814315Z #11 17.55 Setting up libxfixes3:amd64 (1:6.0.0-2+b4) ...
Docker Build Test	Build Lyra image	2026-02-08T23:21:14.4814615Z #11 17.56 Setting up shared-mime-info (2.4-5+b2) ...
Docker Build Test	Build Lyra image	2026-02-08T23:21:15.0549135Z #11 18.28 Setting up libplacebo349:amd64 (7.349.0-3) ...
Docker Build Test	Build Lyra image	2026-02-08T23:21:15.1566660Z #11 18.29 Setting up libdc1394-25:amd64 (2.2.6-5) ...
Docker Build Test	Build Lyra image	2026-02-08T23:21:15.1567397Z #11 18.29 Setting up libxv1:amd64 (2:1.0.11-1.1+b3) ...
Docker Build Test	Build Lyra image	2026-02-08T23:21:15.1568043Z #11 18.30 Setting up libgssapi-krb5-2:amd64 (1.21.3-5) ...
Docker Build Test	Build Lyra image	2026-02-08T23:21:15.1569014Z #11 18.30 Setting up libxrandr2:amd64 (2:1.5.4-1+b3) ...
Docker Build Test	Build Lyra image	2026-02-08T23:21:15.1569640Z #11 18.31 Setting up libssh-4:amd64 (0.11.2-1+deb13u1) ...
Docker Build Test	Build Lyra image	2026-02-08T23:21:15.1570312Z #11 18.32 Setting up librubberband2:amd64 (3.3.0+dfsg-2+b3) ...
Docker Build Test	Build Lyra image	2026-02-08T23:21:15.1571065Z #11 18.32 Setting up libjack-jackd2-0:amd64 (1.9.22~dfsg-4) ...
Docker Build Test	Build Lyra image	2026-02-08T23:21:15.1572300Z #11 18.32 Setting up libdrm2:amd64 (2.4.124-2) ...
Docker Build Test	Build Lyra image	2026-02-08T23:21:15.1572681Z #11 18.33 Setting up libva-drm2:amd64 (2.22.0-3) ...
Docker Build Test	Build Lyra image	2026-02-08T23:21:15.1573048Z #11 18.33 Setting up libvdpau1:amd64 (1.5-3+b1) ...
Docker Build Test	Build Lyra image	2026-02-08T23:21:15.1573467Z #11 18.33 Setting up libsord-0-0:amd64 (0.16.18-1) ...
Docker Build Test	Build Lyra image	2026-02-08T23:21:15.1573927Z #11 18.34 Setting up libwayland-cursor0:amd64 (1.23.1-3) ...
Docker Build Test	Build Lyra image	2026-02-08T23:21:15.1574346Z #11 18.34 Setting up libsratom-0-0:amd64 (0.6.18-1) ...
Docker Build Test	Build Lyra image	2026-02-08T23:21:15.1574731Z #11 18.34 Setting up libdecor-0-0:amd64 (0.2.2-2) ...
Docker Build Test	Build Lyra image	2026-02-08T23:21:15.1575115Z #11 18.34 Setting up libharfbuzz0b:amd64 (10.2.0-1+b1) ...
Docker Build Test	Build Lyra image	2026-02-08T23:21:15.1575580Z #11 18.35 Setting up libgdk-pixbuf-2.0-0:amd64 (2.42.12+dfsg-4) ...
Docker Build Test	Build Lyra image	2026-02-08T23:21:15.1576007Z #11 18.36 Setting up libxss1:amd64 (1:1.2.3-1+b3) ...
Docker Build Test	Build Lyra image	2026-02-08T23:21:15.1576440Z #11 18.36 Setting up libfontconfig1:amd64 (2.15.0-2.3) ...
Docker Build Test	Build Lyra image	2026-02-08T23:21:15.1576894Z #11 18.37 Setting up libsndfile1:amd64 (1.2.2-2+b1) ...
Docker Build Test	Build Lyra image	2026-02-08T23:21:15.1577197Z #11 18.37 Setting up libbluray2:amd64 (1:1.3.4-1+b2) ...
Docker Build Test	Build Lyra image	2026-02-08T23:21:15.1577475Z #11 18.37 Setting up libva-x11-2:amd64 (2.22.0-3) ...
Docker Build Test	Build Lyra image	2026-02-08T23:21:15.1577877Z #11 18.38 Setting up liblilv-0-0:amd64 (0.24.26-1) ...
Docker Build Test	Build Lyra image	2026-02-08T23:21:15.1578177Z #11 18.38 Setting up libopenmpt0t64:amd64 (0.7.13-1+b1) ...
Docker Build Test	Build Lyra image	2026-02-08T23:21:15.1578514Z #11 18.38 Setting up libdrm-amdgpu1:amd64 (2.4.124-2) ...
Docker Build Test	Build Lyra image	2026-02-08T23:21:15.1579049Z #11 18.38 Setting up libgnutls30t64:amd64 (3.8.9-3+deb13u1) ...
Docker Build Test	Build Lyra image	2026-02-08T23:21:15.3143153Z #11 18.39 Setting up fontconfig (2.15.0-2.3) ...
Docker Build Test	Build Lyra image	2026-02-08T23:21:17.1776756Z #11 18.39 Regenerating fonts cache... done.
Docker Build Test	Build Lyra image	2026-02-08T23:21:17.2787132Z #11 20.41 Setting up libzmq5:amd64 (4.3.5-1+b3) ...
Docker Build Test	Build Lyra image	2026-02-08T23:21:17.2787848Z #11 20.41 Setting up libxi6:amd64 (2:1.8.2-1) ...
Docker Build Test	Build Lyra image	2026-02-08T23:21:17.2788481Z #11 20.41 Setting up libpulse0:amd64 (17.0+dfsg1-2+b1) ...
Docker Build Test	Build Lyra image	2026-02-08T23:21:17.2789091Z #11 20.42 Setting up libxcursor1:amd64 (1:1.2.3-1) ...
Docker Build Test	Build Lyra image	2026-02-08T23:21:17.2789526Z #11 20.42 Setting up libpango-1.0-0:amd64 (1.56.3-1) ...
Docker Build Test	Build Lyra image	2026-02-08T23:21:17.2790129Z #11 20.42 Setting up libdrm-intel1:amd64 (2.4.124-2) ...
Docker Build Test	Build Lyra image	2026-02-08T23:21:17.2790784Z #11 20.42 Setting up libpsl5t64:amd64 (0.21.2-1.1+b1) ...
Docker Build Test	Build Lyra image	2026-02-08T23:21:17.2791628Z #11 20.43 Setting up libpq5:amd64 (17.7-0+deb13u1) ...
Docker Build Test	Build Lyra image	2026-02-08T23:21:17.2792312Z #11 20.43 Setting up libavutil59:amd64 (7:7.1.3-0+deb13u1) ...
Docker Build Test	Build Lyra image	2026-02-08T23:21:17.2792773Z #11 20.44 Setting up libcairo2:amd64 (1.18.4-1+b1) ...
Docker Build Test	Build Lyra image	2026-02-08T23:21:17.2793207Z #11 20.45 Setting up libpostproc58:amd64 (7:7.1.3-0+deb13u1) ...
Docker Build Test	Build Lyra image	2026-02-08T23:21:17.2793700Z #11 20.45 Setting up libsphinxbase3t64:amd64 (0.8+5prealpha+1-21+b1) ...
Docker Build Test	Build Lyra image	2026-02-08T23:21:17.2794407Z #11 20.46 Setting up libswresample5:amd64 (7:7.1.3-0+deb13u1) ...
Docker Build Test	Build Lyra image	2026-02-08T23:21:17.2794949Z #11 20.46 Setting up libswscale8:amd64 (7:7.1.3-0+deb13u1) ...
Docker Build Test	Build Lyra image	2026-02-08T23:21:17.2795413Z #11 20.46 Setting up libass9:amd64 (1:0.17.3-1+b1) ...
Docker Build Test	Build Lyra image	2026-02-08T23:21:17.2795905Z #11 20.47 Setting up libtheoradec1:amd64 (1.2.0~alpha1+dfsg-6) ...
Docker Build Test	Build Lyra image	2026-02-08T23:21:17.2796414Z #11 20.47 Setting up librtmp1:amd64 (2.4+20151223.gitfa8646d.1-2+b5) ...
Docker Build Test	Build Lyra image	2026-02-08T23:21:17.2797033Z #11 20.47 Setting up libsrt1.5-gnutls:amd64 (1.5.4-1) ...
Docker Build Test	Build Lyra image	2026-02-08T23:21:17.2797608Z #11 20.47 Setting up libcairo-gobject2:amd64 (1.18.4-1+b1) ...
Docker Build Test	Build Lyra image	2026-02-08T23:21:17.2798145Z #11 20.48 Setting up libpangoft2-1.0-0:amd64 (1.56.3-1) ...
Docker Build Test	Build Lyra image	2026-02-08T23:21:17.2798479Z #11 20.48 Setting up libpangocairo-1.0-0:amd64 (1.56.3-1) ...
Docker Build Test	Build Lyra image	2026-02-08T23:21:17.2798965Z #11 20.48 Setting up mesa-libgallium:amd64 (25.0.7-2) ...
Docker Build Test	Build Lyra image	2026-02-08T23:21:17.2799292Z #11 20.49 Setting up libcurl4t64:amd64 (8.14.1-2+deb13u2) ...
Docker Build Test	Build Lyra image	2026-02-08T23:21:17.2800199Z #11 20.49 Setting up libgbm1:amd64 (25.0.7-2) ...
Docker Build Test	Build Lyra image	2026-02-08T23:21:17.2800718Z #11 20.49 Setting up libgl1-mesa-dri:amd64 (25.0.7-2) ...
Docker Build Test	Build Lyra image	2026-02-08T23:21:17.2801477Z #11 20.50 Setting up librsvg2-2:amd64 (2.60.0+dfsg-1) ...
Docker Build Test	Build Lyra image	2026-02-08T23:21:17.2801947Z #11 20.50 Setting up libpocketsphinx3:amd64 (0.8+5prealpha+1-15+b4) ...
Docker Build Test	Build Lyra image	2026-02-08T23:21:17.2802673Z #11 20.50 Setting up libavcodec61:amd64 (7:7.1.3-0+deb13u1) ...
Docker Build Test	Build Lyra image	2026-02-08T23:21:17.2803146Z #11 20.51 Setting up curl (8.14.1-2+deb13u2) ...
Docker Build Test	Build Lyra image	2026-02-08T23:21:17.4548747Z #11 20.51 Setting up libsdl2-2.0-0:amd64 (2.32.4+dfsg-1) ...
Docker Build Test	Build Lyra image	2026-02-08T23:21:17.4549310Z #11 20.51 Setting up libglx-mesa0:amd64 (25.0.7-2) ...
Docker Build Test	Build Lyra image	2026-02-08T23:21:17.4549742Z #11 20.52 Setting up libglx0:amd64 (1.7.0-1+b2) ...
Docker Build Test	Build Lyra image	2026-02-08T23:21:17.4550211Z #11 20.52 Setting up libavformat61:amd64 (7:7.1.3-0+deb13u1) ...
Docker Build Test	Build Lyra image	2026-02-08T23:21:17.4550667Z #11 20.52 Setting up libgl1:amd64 (1.7.0-1+b2) ...
Docker Build Test	Build Lyra image	2026-02-08T23:21:17.4551334Z #11 20.52 Setting up libavfilter10:amd64 (7:7.1.3-0+deb13u1) ...
Docker Build Test	Build Lyra image	2026-02-08T23:21:17.4551859Z #11 20.53 Setting up libavdevice61:amd64 (7:7.1.3-0+deb13u1) ...
Docker Build Test	Build Lyra image	2026-02-08T23:21:17.4552301Z #11 20.53 Setting up ffmpeg (7:7.1.3-0+deb13u1) ...
Docker Build Test	Build Lyra image	2026-02-08T23:21:17.4552759Z #11 20.53 Processing triggers for libc-bin (2.41-12+deb13u1) ...
Docker Build Test	Build Lyra image	2026-02-08T23:21:18.1297563Z #11 DONE 21.4s
Docker Build Test	Build Lyra image	2026-02-08T23:21:18.2419734Z 
Docker Build Test	Build Lyra image	2026-02-08T23:21:18.2420902Z #13 [production 4/7] RUN groupadd --gid 1000 appgroup &&     useradd --uid 1000 --gid appgroup --shell /bin/bash --create-home appuser
Docker Build Test	Build Lyra image	2026-02-08T23:21:18.2422322Z #13 DONE 0.1s
Docker Build Test	Build Lyra image	2026-02-08T23:21:18.3931919Z 
Docker Build Test	Build Lyra image	2026-02-08T23:21:18.3932862Z #14 [production 5/7] COPY --from=builder /opt/venv /opt/venv
Docker Build Test	Build Lyra image	2026-02-08T23:21:19.2073597Z #14 DONE 1.0s
Docker Build Test	Build Lyra image	2026-02-08T23:21:19.4377740Z 
Docker Build Test	Build Lyra image	2026-02-08T23:21:19.4378665Z #15 [production 6/7] COPY pipeline/ ./pipeline/
Docker Build Test	Build Lyra image	2026-02-08T23:21:19.4379280Z #15 DONE 0.1s
Docker Build Test	Build Lyra image	2026-02-08T23:21:19.4379726Z 
Docker Build Test	Build Lyra image	2026-02-08T23:21:19.4380004Z #16 [production 7/7] RUN chown -R appuser:appgroup /app
Docker Build Test	Build Lyra image	2026-02-08T23:21:19.4382832Z #16 DONE 0.1s
Docker Build Test	Build Lyra image	2026-02-08T23:21:19.5904768Z 
Docker Build Test	Build Lyra image	2026-02-08T23:21:19.5905425Z #17 exporting to GitHub Actions Cache
Docker Build Test	Build Lyra image	2026-02-08T23:21:19.5905922Z #17 preparing build cache for export
Docker Build Test	Build Lyra image	2026-02-08T23:21:37.0798256Z #17 writing layer sha256:0d674bffdf3067ecea3364850c3402cba3bacdd5eedb93de51af04fd13b6d19e
Docker Build Test	Build Lyra image	2026-02-08T23:21:37.1938093Z #17 writing layer sha256:0d674bffdf3067ecea3364850c3402cba3bacdd5eedb93de51af04fd13b6d19e 0.1s done
Docker Build Test	Build Lyra image	2026-02-08T23:21:37.3570098Z #17 writing layer sha256:52b731a1bf01f383da92b84cb5cfc229dd1805e08426263ea7479aad58e06da6
Docker Build Test	Build Lyra image	2026-02-08T23:21:38.7455117Z #17 writing layer sha256:52b731a1bf01f383da92b84cb5cfc229dd1805e08426263ea7479aad58e06da6 1.5s done
Docker Build Test	Build Lyra image	2026-02-08T23:21:38.9372236Z #17 writing layer sha256:7dd3022f894f93ed73574c56b142c759c3fc679c09d846fbdbead0b4b1fd48d8
Docker Build Test	Build Lyra image	2026-02-08T23:21:46.7524676Z #17 writing layer sha256:7dd3022f894f93ed73574c56b142c759c3fc679c09d846fbdbead0b4b1fd48d8 8.0s done
Docker Build Test	Build Lyra image	2026-02-08T23:21:46.9335537Z #17 writing layer sha256:a332ecd691a971753052e23d73ac05fe4c2aeca949bf969541b4bfd694a2bca6
Docker Build Test	Build Lyra image	2026-02-08T23:21:48.2728477Z #17 writing layer sha256:a332ecd691a971753052e23d73ac05fe4c2aeca949bf969541b4bfd694a2bca6 1.5s done
Docker Build Test	Build Lyra image	2026-02-08T23:21:48.4564687Z #17 writing layer sha256:a975e86dafa3f983a996479f8efd7ed334f4bfc6f08ef569056adf6715b2ea4d
Docker Build Test	Build Lyra image	2026-02-08T23:21:48.4890010Z #17 writing layer sha256:a975e86dafa3f983a996479f8efd7ed334f4bfc6f08ef569056adf6715b2ea4d 0.2s done
Docker Build Test	Build Lyra image	2026-02-08T23:21:48.6336734Z #17 writing layer sha256:bf9cfad633dd4280e75ef2272987d1d4521873051d8cdfbdea536012c3577662 0.1s done
Docker Build Test	Build Lyra image	2026-02-08T23:21:48.7538130Z #17 writing layer sha256:c7ce7d87ee0b973ce123dc28dc37a3210f439391239819983cb3c53c101c3ac2 0.1s done
Docker Build Test	Build Lyra image	2026-02-08T23:21:48.8850197Z #17 preparing build cache for export 29.4s done
Docker Build Test	Build Lyra image	2026-02-08T23:21:48.8853717Z #17 DONE 29.4s
Docker Build Test	Build Lyra image	2026-02-08T23:21:48.9042216Z 
Docker Build Test	Build Lyra image	2026-02-08T23:21:48.9042622Z #18 resolving provenance for metadata file
Docker Build Test	Build Lyra image	2026-02-08T23:21:48.9043420Z #18 DONE 0.0s
Docker Build Test	Build Lyra image	2026-02-08T23:21:48.9044755Z WARNING: No output specified with docker-container driver. Build result will only remain in the build cache. To push result image into registry use --push or to load image into docker use --load
Docker Build Test	Build Lyra image	2026-02-08T23:21:48.9121456Z ##[group]Metadata
Docker Build Test	Build Lyra image	2026-02-08T23:21:48.9122203Z {
Docker Build Test	Build Lyra image	2026-02-08T23:21:48.9122527Z   "buildx.build.provenance": {
Docker Build Test	Build Lyra image	2026-02-08T23:21:48.9122896Z     "builder": {
Docker Build Test	Build Lyra image	2026-02-08T23:21:48.9123757Z       "id": "https://github.com/ancientnerds/AncientMap/actions/runs/21807249508"
Docker Build Test	Build Lyra image	2026-02-08T23:21:48.9124370Z     },
Docker Build Test	Build Lyra image	2026-02-08T23:21:48.9124759Z     "buildType": "https://mobyproject.org/buildkit@v1",
Docker Build Test	Build Lyra image	2026-02-08T23:21:48.9125247Z     "materials": [
Docker Build Test	Build Lyra image	2026-02-08T23:21:48.9125554Z       {
Docker Build Test	Build Lyra image	2026-02-08T23:21:48.9125918Z         "uri": "pkg:docker/python@3.11-slim?platform=linux%2Famd64",
Docker Build Test	Build Lyra image	2026-02-08T23:21:48.9126404Z         "digest": {
Docker Build Test	Build Lyra image	2026-02-08T23:21:48.9126908Z           "sha256": "0b23cfb7425d065008b778022a17b1551c82f8b4866ee5a7a200084b7e2eafbf"
Docker Build Test	Build Lyra image	2026-02-08T23:21:48.9127496Z         }
Docker Build Test	Build Lyra image	2026-02-08T23:21:48.9127720Z       }
Docker Build Test	Build Lyra image	2026-02-08T23:21:48.9127931Z     ],
Docker Build Test	Build Lyra image	2026-02-08T23:21:48.9128184Z     "invocation": {
Docker Build Test	Build Lyra image	2026-02-08T23:21:48.9128481Z       "configSource": {
Docker Build Test	Build Lyra image	2026-02-08T23:21:48.9128820Z         "entryPoint": "Dockerfile.lyra"
Docker Build Test	Build Lyra image	2026-02-08T23:21:48.9129168Z       },
Docker Build Test	Build Lyra image	2026-02-08T23:21:48.9129406Z       "parameters": {
Docker Build Test	Build Lyra image	2026-02-08T23:21:48.9129724Z         "frontend": "dockerfile.v0",
Docker Build Test	Build Lyra image	2026-02-08T23:21:48.9130084Z         "locals": [
Docker Build Test	Build Lyra image	2026-02-08T23:21:48.9130353Z           {
Docker Build Test	Build Lyra image	2026-02-08T23:21:48.9130614Z             "name": "context"
Docker Build Test	Build Lyra image	2026-02-08T23:21:48.9130924Z           },
Docker Build Test	Build Lyra image	2026-02-08T23:21:48.9131358Z           {
Docker Build Test	Build Lyra image	2026-02-08T23:21:48.9131605Z             "name": "dockerfile"
Docker Build Test	Build Lyra image	2026-02-08T23:21:48.9131924Z           }
Docker Build Test	Build Lyra image	2026-02-08T23:21:48.9132158Z         ]
Docker Build Test	Build Lyra image	2026-02-08T23:21:48.9132398Z       },
Docker Build Test	Build Lyra image	2026-02-08T23:21:48.9132640Z       "environment": {
Docker Build Test	Build Lyra image	2026-02-08T23:21:48.9132966Z         "github_actor": "ancientnerds",
Docker Build Test	Build Lyra image	2026-02-08T23:21:48.9133360Z         "github_actor_id": "257604322",
Docker Build Test	Build Lyra image	2026-02-08T23:21:48.9133742Z         "github_event_name": "push",
Docker Build Test	Build Lyra image	2026-02-08T23:21:48.9134124Z         "github_event_payload": {
Docker Build Test	Build Lyra image	2026-02-08T23:21:48.9134541Z           "after": "03a3ad29619381c5cd0666e84b7dc70ccf3bbee5",
Docker Build Test	Build Lyra image	2026-02-08T23:21:48.9134994Z           "base_ref": null,
Docker Build Test	Build Lyra image	2026-02-08T23:21:48.9135385Z           "before": "84d9e8ca737225133c48dfcf870cd693658002b1",
Docker Build Test	Build Lyra image	2026-02-08T23:21:48.9135828Z           "commits": [
Docker Build Test	Build Lyra image	2026-02-08T23:21:48.9136101Z             {
Docker Build Test	Build Lyra image	2026-02-08T23:21:48.9136375Z               "author": {
Docker Build Test	Build Lyra image	2026-02-08T23:21:48.9136735Z                 "email": "ancient.nerds@protonmail.com",
Docker Build Test	Build Lyra image	2026-02-08T23:21:48.9137185Z                 "name": "Ancient Nerds",
Docker Build Test	Build Lyra image	2026-02-08T23:21:48.9137584Z                 "username": "ancientnerds"
Docker Build Test	Build Lyra image	2026-02-08T23:21:48.9137948Z               },
Docker Build Test	Build Lyra image	2026-02-08T23:21:48.9138222Z               "committer": {
Docker Build Test	Build Lyra image	2026-02-08T23:21:48.9138602Z                 "email": "ancient.nerds@protonmail.com",
Docker Build Test	Build Lyra image	2026-02-08T23:21:48.9139045Z                 "name": "Ancient Nerds",
Docker Build Test	Build Lyra image	2026-02-08T23:21:48.9139424Z                 "username": "ancientnerds"
Docker Build Test	Build Lyra image	2026-02-08T23:21:48.9139783Z               },
Docker Build Test	Build Lyra image	2026-02-08T23:21:48.9140054Z               "distinct": true,
Docker Build Test	Build Lyra image	2026-02-08T23:21:48.9140453Z               "id": "03a3ad29619381c5cd0666e84b7dc70ccf3bbee5",
Docker Build Test	Build Lyra image	2026-02-08T23:21:48.9143171Z               "message": "Fix news cards missing in Lyra chat: isolate filter extraction failure\n\n_extract_news_filters (Haiku LLM call) was running before site-specific\nnews fetch with no error handling. When it failed, all news was lost.\nNow site-specific news fetches first (always works), and the filter\nextraction is wrapped in try/except so failures don't kill the response.\n\nCo-Authored-By: Claude Opus 4.6 <noreply@anthropic.com>",
Docker Build Test	Build Lyra image	2026-02-08T23:21:48.9145725Z               "timestamp": "2026-02-09T00:18:38+01:00",
Docker Build Test	Build Lyra image	2026-02-08T23:21:48.9146237Z               "tree_id": "9373e4feea4d55bc63397ae831b1e81c4244e661",
Docker Build Test	Build Lyra image	2026-02-08T23:21:48.9147068Z               "url": "https://github.com/ancientnerds/AncientMap/commit/03a3ad29619381c5cd0666e84b7dc70ccf3bbee5"
Docker Build Test	Build Lyra image	2026-02-08T23:21:48.9147791Z             }
Docker Build Test	Build Lyra image	2026-02-08T23:21:48.9148297Z           ],
Docker Build Test	Build Lyra image	2026-02-08T23:21:48.9148876Z           "compare": "https://github.com/ancientnerds/AncientMap/compare/84d9e8ca7372...03a3ad296193",
Docker Build Test	Build Lyra image	2026-02-08T23:21:48.9149577Z           "created": false,
Docker Build Test	Build Lyra image	2026-02-08T23:21:48.9149897Z           "deleted": false,
Docker Build Test	Build Lyra image	2026-02-08T23:21:48.9150209Z           "forced": false,
Docker Build Test	Build Lyra image	2026-02-08T23:21:48.9150525Z           "head_commit": {
Docker Build Test	Build Lyra image	2026-02-08T23:21:48.9150975Z             "author": {
Docker Build Test	Build Lyra image	2026-02-08T23:21:48.9151901Z               "email": "ancient.nerds@protonmail.com",
Docker Build Test	Build Lyra image	2026-02-08T23:21:48.9152338Z               "name": "Ancient Nerds",
Docker Build Test	Build Lyra image	2026-02-08T23:21:48.9152688Z               "username": "ancientnerds"
Docker Build Test	Build Lyra image	2026-02-08T23:21:48.9153041Z             },
Docker Build Test	Build Lyra image	2026-02-08T23:21:48.9153314Z             "committer": {
Docker Build Test	Build Lyra image	2026-02-08T23:21:48.9153687Z               "email": "ancient.nerds@protonmail.com",
Docker Build Test	Build Lyra image	2026-02-08T23:21:48.9154114Z               "name": "Ancient Nerds",
Docker Build Test	Build Lyra image	2026-02-08T23:21:48.9154493Z               "username": "ancientnerds"
Docker Build Test	Build Lyra image	2026-02-08T23:21:48.9154886Z             },
Docker Build Test	Build Lyra image	2026-02-08T23:21:48.9155174Z             "distinct": true,
Docker Build Test	Build Lyra image	2026-02-08T23:21:48.9155531Z             "id": "03a3ad29619381c5cd0666e84b7dc70ccf3bbee5",
Docker Build Test	Build Lyra image	2026-02-08T23:21:48.9157894Z             "message": "Fix news cards missing in Lyra chat: isolate filter extraction failure\n\n_extract_news_filters (Haiku LLM call) was running before site-specific\nnews fetch with no error handling. When it failed, all news was lost.\nNow site-specific news fetches first (always works), and the filter\nextraction is wrapped in try/except so failures don't kill the response.\n\nCo-Authored-By: Claude Opus 4.6 <noreply@anthropic.com>",
Docker Build Test	Build Lyra image	2026-02-08T23:21:48.9160344Z             "timestamp": "2026-02-09T00:18:38+01:00",
Docker Build Test	Build Lyra image	2026-02-08T23:21:48.9160846Z             "tree_id": "9373e4feea4d55bc63397ae831b1e81c4244e661",
Docker Build Test	Build Lyra image	2026-02-08T23:21:48.9161839Z             "url": "https://github.com/ancientnerds/AncientMap/commit/03a3ad29619381c5cd0666e84b7dc70ccf3bbee5"
Docker Build Test	Build Lyra image	2026-02-08T23:21:48.9162557Z           },
Docker Build Test	Build Lyra image	2026-02-08T23:21:48.9162821Z           "pusher": {
Docker Build Test	Build Lyra image	2026-02-08T23:21:48.9163165Z             "email": "ancientnerdsdao@gmail.com",
Docker Build Test	Build Lyra image	2026-02-08T23:21:48.9163586Z             "name": "ancientnerds"
Docker Build Test	Build Lyra image	2026-02-08T23:21:48.9163930Z           },
Docker Build Test	Build Lyra image	2026-02-08T23:21:48.9164199Z           "ref": "refs/heads/main",
Docker Build Test	Build Lyra image	2026-02-08T23:21:48.9164566Z           "repository": {
Docker Build Test	Build Lyra image	2026-02-08T23:21:48.9164890Z             "allow_forking": true,
Docker Build Test	Build Lyra image	2026-02-08T23:21:48.9165589Z             "archive_url": "https://api.github.com/repos/ancientnerds/AncientMap/{archive_format}{/ref}",
Docker Build Test	Build Lyra image	2026-02-08T23:21:48.9166301Z             "archived": false,
Docker Build Test	Build Lyra image	2026-02-08T23:21:48.9166904Z             "assignees_url": "https://api.github.com/repos/ancientnerds/AncientMap/assignees{/user}",
Docker Build Test	Build Lyra image	2026-02-08T23:21:48.9167824Z             "blobs_url": "https://api.github.com/repos/ancientnerds/AncientMap/git/blobs{/sha}",
Docker Build Test	Build Lyra image	2026-02-08T23:21:48.9168741Z             "branches_url": "https://api.github.com/repos/ancientnerds/AncientMap/branches{/branch}",
Docker Build Test	Build Lyra image	2026-02-08T23:21:48.9169563Z             "clone_url": "https://github.com/ancientnerds/AncientMap.git",
Docker Build Test	Build Lyra image	2026-02-08T23:21:48.9170530Z             "collaborators_url": "https://api.github.com/repos/ancientnerds/AncientMap/collaborators{/collaborator}",
Docker Build Test	Build Lyra image	2026-02-08T23:21:48.9172013Z             "comments_url": "https://api.github.com/repos/ancientnerds/AncientMap/comments{/number}",
Docker Build Test	Build Lyra image	2026-02-08T23:21:48.9172904Z             "commits_url": "https://api.github.com/repos/ancientnerds/AncientMap/commits{/sha}",
Docker Build Test	Build Lyra image	2026-02-08T23:21:48.9173831Z             "compare_url": "https://api.github.com/repos/ancientnerds/AncientMap/compare/{base}...{head}",
Docker Build Test	Build Lyra image	2026-02-08T23:21:48.9174811Z             "contents_url": "https://api.github.com/repos/ancientnerds/AncientMap/contents/{+path}",
Docker Build Test	Build Lyra image	2026-02-08T23:21:48.9175676Z             "contributors_url": "https://api.github.com/repos/ancientnerds/AncientMap/contributors",
Docker Build Test	Build Lyra image	2026-02-08T23:21:48.9176339Z             "created_at": 1769641073,
Docker Build Test	Build Lyra image	2026-02-08T23:21:48.9176688Z             "default_branch": "main",
Docker Build Test	Build Lyra image	2026-02-08T23:21:48.9177262Z             "deployments_url": "https://api.github.com/repos/ancientnerds/AncientMap/deployments",
Docker Build Test	Build Lyra image	2026-02-08T23:21:48.9178882Z             "description": "Explore over 5,000 archaeological sites worldwide on an interactive 3D globe. Discover ancient civilizations, megalithic structures, and historical empires.",
Docker Build Test	Build Lyra image	2026-02-08T23:21:48.9180035Z             "disabled": false,
Docker Build Test	Build Lyra image	2026-02-08T23:21:48.9180600Z             "downloads_url": "https://api.github.com/repos/ancientnerds/AncientMap/downloads",
Docker Build Test	Build Lyra image	2026-02-08T23:21:48.9181462Z             "events_url": "https://api.github.com/repos/ancientnerds/AncientMap/events",
Docker Build Test	Build Lyra image	2026-02-08T23:21:48.9181857Z             "fork": false,
Docker Build Test	Build Lyra image	2026-02-08T23:21:48.9182052Z             "forks": 0,
Docker Build Test	Build Lyra image	2026-02-08T23:21:48.9182232Z             "forks_count": 0,
Docker Build Test	Build Lyra image	2026-02-08T23:21:48.9182553Z             "forks_url": "https://api.github.com/repos/ancientnerds/AncientMap/forks",
Docker Build Test	Build Lyra image	2026-02-08T23:21:48.9182934Z             "full_name": "ancientnerds/AncientMap",
Docker Build Test	Build Lyra image	2026-02-08T23:21:48.9183364Z             "git_commits_url": "https://api.github.com/repos/ancientnerds/AncientMap/git/commits{/sha}",
Docker Build Test	Build Lyra image	2026-02-08T23:21:48.9183926Z             "git_refs_url": "https://api.github.com/repos/ancientnerds/AncientMap/git/refs{/sha}",
Docker Build Test	Build Lyra image	2026-02-08T23:21:48.9184460Z             "git_tags_url": "https://api.github.com/repos/ancientnerds/AncientMap/git/tags{/sha}",
Docker Build Test	Build Lyra image	2026-02-08T23:21:48.9184926Z             "git_url": "git://github.com/ancientnerds/AncientMap.git",
Docker Build Test	Build Lyra image	2026-02-08T23:21:48.9185237Z             "has_discussions": false,
Docker Build Test	Build Lyra image	2026-02-08T23:21:48.9185473Z             "has_downloads": true,
Docker Build Test	Build Lyra image	2026-02-08T23:21:48.9185683Z             "has_issues": true,
Docker Build Test	Build Lyra image	2026-02-08T23:21:48.9185891Z             "has_pages": false,
Docker Build Test	Build Lyra image	2026-02-08T23:21:48.9186089Z             "has_projects": true,
Docker Build Test	Build Lyra image	2026-02-08T23:21:48.9186298Z             "has_wiki": true,
Docker Build Test	Build Lyra image	2026-02-08T23:21:48.9186492Z             "homepage": null,
Docker Build Test	Build Lyra image	2026-02-08T23:21:48.9186805Z             "hooks_url": "https://api.github.com/repos/ancientnerds/AncientMap/hooks",
Docker Build Test	Build Lyra image	2026-02-08T23:21:48.9187224Z             "html_url": "https://github.com/ancientnerds/AncientMap",
Docker Build Test	Build Lyra image	2026-02-08T23:21:48.9187521Z             "id": 1144665413,
Docker Build Test	Build Lyra image	2026-02-08T23:21:48.9187718Z             "is_template": false,
Docker Build Test	Build Lyra image	2026-02-08T23:21:48.9188133Z             "issue_comment_url": "https://api.github.com/repos/ancientnerds/AncientMap/issues/comments{/number}",
Docker Build Test	Build Lyra image	2026-02-08T23:21:48.9188772Z             "issue_events_url": "https://api.github.com/repos/ancientnerds/AncientMap/issues/events{/number}",
Docker Build Test	Build Lyra image	2026-02-08T23:21:48.9189350Z             "issues_url": "https://api.github.com/repos/ancientnerds/AncientMap/issues{/number}",
Docker Build Test	Build Lyra image	2026-02-08T23:21:48.9189872Z             "keys_url": "https://api.github.com/repos/ancientnerds/AncientMap/keys{/key_id}",
Docker Build Test	Build Lyra image	2026-02-08T23:21:48.9190387Z             "labels_url": "https://api.github.com/repos/ancientnerds/AncientMap/labels{/name}",
Docker Build Test	Build Lyra image	2026-02-08T23:21:48.9190760Z             "language": "Python",
Docker Build Test	Build Lyra image	2026-02-08T23:21:48.9191289Z             "languages_url": "https://api.github.com/repos/ancientnerds/AncientMap/languages",
Docker Build Test	Build Lyra image	2026-02-08T23:21:48.9191922Z             "license": {
Docker Build Test	Build Lyra image	2026-02-08T23:21:48.9192178Z               "key": "other",
Docker Build Test	Build Lyra image	2026-02-08T23:21:48.9192374Z               "name": "Other",
Docker Build Test	Build Lyra image	2026-02-08T23:21:48.9192588Z               "node_id": "MDc6TGljZW5zZTA=",
Docker Build Test	Build Lyra image	2026-02-08T23:21:48.9192834Z               "spdx_id": "NOASSERTION",
Docker Build Test	Build Lyra image	2026-02-08T23:21:48.9193055Z               "url": null
Docker Build Test	Build Lyra image	2026-02-08T23:21:48.9193238Z             },
Docker Build Test	Build Lyra image	2026-02-08T23:21:48.9193403Z             "master_branch": "main",
Docker Build Test	Build Lyra image	2026-02-08T23:21:48.9193748Z             "merges_url": "https://api.github.com/repos/ancientnerds/AncientMap/merges",
Docker Build Test	Build Lyra image	2026-02-08T23:21:48.9194287Z             "milestones_url": "https://api.github.com/repos/ancientnerds/AncientMap/milestones{/number}",
Docker Build Test	Build Lyra image	2026-02-08T23:21:48.9194706Z             "mirror_url": null,
Docker Build Test	Build Lyra image	2026-02-08T23:21:48.9194909Z             "name": "AncientMap",
Docker Build Test	Build Lyra image	2026-02-08T23:21:48.9195125Z             "node_id": "R_kgDORDo1RQ",
Docker Build Test	Build Lyra image	2026-02-08T23:21:48.9195624Z             "notifications_url": "https://api.github.com/repos/ancientnerds/AncientMap/notifications{?since,all,participating}",
Docker Build Test	Build Lyra image	2026-02-08T23:21:48.9196274Z             "open_issues": 0,
Docker Build Test	Build Lyra image	2026-02-08T23:21:48.9196586Z             "open_issues_count": 0,
Docker Build Test	Build Lyra image	2026-02-08T23:21:48.9196954Z             "owner": {
Docker Build Test	Build Lyra image	2026-02-08T23:21:48.9197462Z               "avatar_url": "https://avatars.githubusercontent.com/u/257604322?v=4",
Docker Build Test	Build Lyra image	2026-02-08T23:21:48.9198245Z               "email": "ancientnerdsdao@gmail.com",
Docker Build Test	Build Lyra image	2026-02-08T23:21:48.9198827Z               "events_url": "https://api.github.com/users/ancientnerds/events{/privacy}",
Docker Build Test	Build Lyra image	2026-02-08T23:21:48.9199309Z               "followers_url": "https://api.github.com/users/ancientnerds/followers",
Docker Build Test	Build Lyra image	2026-02-08T23:21:48.9199805Z               "following_url": "https://api.github.com/users/ancientnerds/following{/other_user}",
Docker Build Test	Build Lyra image	2026-02-08T23:21:48.9200309Z               "gists_url": "https://api.github.com/users/ancientnerds/gists{/gist_id}",
Docker Build Test	Build Lyra image	2026-02-08T23:21:48.9200657Z               "gravatar_id": "",
Docker Build Test	Build Lyra image	2026-02-08T23:21:48.9200942Z               "html_url": "https://github.com/ancientnerds",
Docker Build Test	Build Lyra image	2026-02-08T23:21:48.9201434Z               "id": 257604322,
Docker Build Test	Build Lyra image	2026-02-08T23:21:48.9201660Z               "login": "ancientnerds",
Docker Build Test	Build Lyra image	2026-02-08T23:21:48.9201897Z               "name": "ancientnerds",
Docker Build Test	Build Lyra image	2026-02-08T23:21:48.9202133Z               "node_id": "U_kgDOD1q64g",
Docker Build Test	Build Lyra image	2026-02-08T23:21:48.9202486Z               "organizations_url": "https://api.github.com/users/ancientnerds/orgs",
Docker Build Test	Build Lyra image	2026-02-08T23:21:48.9202998Z               "received_events_url": "https://api.github.com/users/ancientnerds/received_events",
Docker Build Test	Build Lyra image	2026-02-08T23:21:48.9203477Z               "repos_url": "https://api.github.com/users/ancientnerds/repos",
Docker Build Test	Build Lyra image	2026-02-08T23:21:48.9203797Z               "site_admin": false,
Docker Build Test	Build Lyra image	2026-02-08T23:21:48.9204161Z               "starred_url": "https://api.github.com/users/ancientnerds/starred{/owner}{/repo}",
Docker Build Test	Build Lyra image	2026-02-08T23:21:48.9204682Z               "subscriptions_url": "https://api.github.com/users/ancientnerds/subscriptions",
Docker Build Test	Build Lyra image	2026-02-08T23:21:48.9205067Z               "type": "User",
Docker Build Test	Build Lyra image	2026-02-08T23:21:48.9205333Z               "url": "https://api.github.com/users/ancientnerds",
Docker Build Test	Build Lyra image	2026-02-08T23:21:48.9205624Z               "user_view_type": "public"
Docker Build Test	Build Lyra image	2026-02-08T23:21:48.9205845Z             },
Docker Build Test	Build Lyra image	2026-02-08T23:21:48.9206012Z             "private": false,
Docker Build Test	Build Lyra image	2026-02-08T23:21:48.9206368Z             "pulls_url": "https://api.github.com/repos/ancientnerds/AncientMap/pulls{/number}",
Docker Build Test	Build Lyra image	2026-02-08T23:21:48.9206758Z             "pushed_at": 1770592725,
Docker Build Test	Build Lyra image	2026-02-08T23:21:48.9207134Z             "releases_url": "https://api.github.com/repos/ancientnerds/AncientMap/releases{/id}",
Docker Build Test	Build Lyra image	2026-02-08T23:21:48.9207535Z             "size": 1070841,
Docker Build Test	Build Lyra image	2026-02-08T23:21:48.9207787Z             "ssh_url": "git@github.com:ancientnerds/AncientMap.git",
Docker Build Test	Build Lyra image	2026-02-08T23:21:48.9208079Z             "stargazers": 0,
Docker Build Test	Build Lyra image	2026-02-08T23:21:48.9208276Z             "stargazers_count": 0,
Docker Build Test	Build Lyra image	2026-02-08T23:21:48.9208642Z             "stargazers_url": "https://api.github.com/repos/ancientnerds/AncientMap/stargazers",
Docker Build Test	Build Lyra image	2026-02-08T23:21:48.9209184Z             "statuses_url": "https://api.github.com/repos/ancientnerds/AncientMap/statuses/{sha}",
Docker Build Test	Build Lyra image	2026-02-08T23:21:48.9209739Z             "subscribers_url": "https://api.github.com/repos/ancientnerds/AncientMap/subscribers",
Docker Build Test	Build Lyra image	2026-02-08T23:21:48.9210299Z             "subscription_url": "https://api.github.com/repos/ancientnerds/AncientMap/subscription",
Docker Build Test	Build Lyra image	2026-02-08T23:21:48.9210766Z             "svn_url": "https://github.com/ancientnerds/AncientMap",
Docker Build Test	Build Lyra image	2026-02-08T23:21:48.9211388Z             "tags_url": "https://api.github.com/repos/ancientnerds/AncientMap/tags",
Docker Build Test	Build Lyra image	2026-02-08T23:21:48.9212164Z             "teams_url": "https://api.github.com/repos/ancientnerds/AncientMap/teams",
Docker Build Test	Build Lyra image	2026-02-08T23:21:48.9212559Z             "topics": [],
Docker Build Test	Build Lyra image	2026-02-08T23:21:48.9212891Z             "trees_url": "https://api.github.com/repos/ancientnerds/AncientMap/git/trees{/sha}",
Docker Build Test	Build Lyra image	2026-02-08T23:21:48.9213292Z             "updated_at": "2026-02-08T23:17:07Z",
Docker Build Test	Build Lyra image	2026-02-08T23:21:48.9213621Z             "url": "https://api.github.com/repos/ancientnerds/AncientMap",
Docker Build Test	Build Lyra image	2026-02-08T23:21:48.9214170Z             "visibility": "public",
Docker Build Test	Build Lyra image	2026-02-08T23:21:48.9214391Z             "watchers": 0,
Docker Build Test	Build Lyra image	2026-02-08T23:21:48.9214584Z             "watchers_count": 0,
Docker Build Test	Build Lyra image	2026-02-08T23:21:48.9214815Z             "web_commit_signoff_required": false
Docker Build Test	Build Lyra image	2026-02-08T23:21:48.9215049Z           },
Docker Build Test	Build Lyra image	2026-02-08T23:21:48.9215205Z           "sender": {
Docker Build Test	Build Lyra image	2026-02-08T23:21:48.9215609Z             "avatar_url": "https://avatars.githubusercontent.com/u/257604322?v=4",
Docker Build Test	Build Lyra image	2026-02-08T23:21:48.9216083Z             "events_url": "https://api.github.com/users/ancientnerds/events{/privacy}",
Docker Build Test	Build Lyra image	2026-02-08T23:21:48.9216556Z             "followers_url": "https://api.github.com/users/ancientnerds/followers",
Docker Build Test	Build Lyra image	2026-02-08T23:21:48.9217043Z             "following_url": "https://api.github.com/users/ancientnerds/following{/other_user}",
Docker Build Test	Build Lyra image	2026-02-08T23:21:48.9217545Z             "gists_url": "https://api.github.com/users/ancientnerds/gists{/gist_id}",
Docker Build Test	Build Lyra image	2026-02-08T23:21:48.9217890Z             "gravatar_id": "",
Docker Build Test	Build Lyra image	2026-02-08T23:21:48.9218148Z             "html_url": "https://github.com/ancientnerds",
Docker Build Test	Build Lyra image	2026-02-08T23:21:48.9218414Z             "id": 257604322,
Docker Build Test	Build Lyra image	2026-02-08T23:21:48.9218617Z             "login": "ancientnerds",
Docker Build Test	Build Lyra image	2026-02-08T23:21:48.9218847Z             "node_id": "U_kgDOD1q64g",
Docker Build Test	Build Lyra image	2026-02-08T23:21:48.9219176Z             "organizations_url": "https://api.github.com/users/ancientnerds/orgs",
Docker Build Test	Build Lyra image	2026-02-08T23:21:48.9219677Z             "received_events_url": "https://api.github.com/users/ancientnerds/received_events",
Docker Build Test	Build Lyra image	2026-02-08T23:21:48.9220144Z             "repos_url": "https://api.github.com/users/ancientnerds/repos",
Docker Build Test	Build Lyra image	2026-02-08T23:21:48.9220464Z             "site_admin": false,
Docker Build Test	Build Lyra image	2026-02-08T23:21:48.9220810Z             "starred_url": "https://api.github.com/users/ancientnerds/starred{/owner}{/repo}",
Docker Build Test	Build Lyra image	2026-02-08T23:21:48.9221546Z             "subscriptions_url": "https://api.github.com/users/ancientnerds/subscriptions",
Docker Build Test	Build Lyra image	2026-02-08T23:21:48.9221926Z             "type": "User",
Docker Build Test	Build Lyra image	2026-02-08T23:21:48.9222170Z             "url": "https://api.github.com/users/ancientnerds",
Docker Build Test	Build Lyra image	2026-02-08T23:21:48.9222484Z             "user_view_type": "public"
Docker Build Test	Build Lyra image	2026-02-08T23:21:48.9222699Z           }
Docker Build Test	Build Lyra image	2026-02-08T23:21:48.9222846Z         },
Docker Build Test	Build Lyra image	2026-02-08T23:21:48.9223012Z         "github_job": "docker-build",
Docker Build Test	Build Lyra image	2026-02-08T23:21:48.9223249Z         "github_ref": "refs/heads/main",
Docker Build Test	Build Lyra image	2026-02-08T23:21:48.9223488Z         "github_ref_name": "main",
Docker Build Test	Build Lyra image	2026-02-08T23:21:48.9223716Z         "github_ref_protected": "true",
Docker Build Test	Build Lyra image	2026-02-08T23:21:48.9223950Z         "github_ref_type": "branch",
Docker Build Test	Build Lyra image	2026-02-08T23:21:48.9224218Z         "github_repository": "ancientnerds/AncientMap",
Docker Build Test	Build Lyra image	2026-02-08T23:21:48.9224506Z         "github_repository_id": "1144665413",
Docker Build Test	Build Lyra image	2026-02-08T23:21:48.9224770Z         "github_repository_owner": "ancientnerds",
Docker Build Test	Build Lyra image	2026-02-08T23:21:48.9225048Z         "github_repository_owner_id": "257604322",
Docker Build Test	Build Lyra image	2026-02-08T23:21:48.9225297Z         "github_run_attempt": "1",
Docker Build Test	Build Lyra image	2026-02-08T23:21:48.9225519Z         "github_run_id": "21807249508",
Docker Build Test	Build Lyra image	2026-02-08T23:21:48.9225742Z         "github_run_number": "190",
Docker Build Test	Build Lyra image	2026-02-08T23:21:48.9225971Z         "github_runner_arch": "X64",
Docker Build Test	Build Lyra image	2026-02-08T23:21:48.9226231Z         "github_runner_environment": "github-hosted",
Docker Build Test	Build Lyra image	2026-02-08T23:21:48.9226508Z         "github_runner_image_os": "ubuntu24",
Docker Build Test	Build Lyra image	2026-02-08T23:21:48.9226778Z         "github_runner_image_version": "20260201.15.1",
Docker Build Test	Build Lyra image	2026-02-08T23:21:48.9227075Z         "github_runner_name": "GitHub Actions 1000000888",
Docker Build Test	Build Lyra image	2026-02-08T23:21:48.9227346Z         "github_runner_os": "Linux",
Docker Build Test	Build Lyra image	2026-02-08T23:21:48.9227686Z         "github_runner_tracking_id": "github_38ce34a6-ae00-46a6-bba9-54fc55d91edb",
Docker Build Test	Build Lyra image	2026-02-08T23:21:48.9228077Z         "github_server_url": "https://github.com",
Docker Build Test	Build Lyra image	2026-02-08T23:21:48.9228361Z         "github_triggering_actor": "ancientnerds",
Docker Build Test	Build Lyra image	2026-02-08T23:21:48.9228624Z         "github_workflow": "CI",
Docker Build Test	Build Lyra image	2026-02-08T23:21:48.9229013Z         "github_workflow_ref": "ancientnerds/AncientMap/.github/workflows/ci.yml@refs/heads/main",
Docker Build Test	Build Lyra image	2026-02-08T23:21:48.9229505Z         "github_workflow_sha": "03a3ad29619381c5cd0666e84b7dc70ccf3bbee5",
Docker Build Test	Build Lyra image	2026-02-08T23:21:48.9229957Z         "platform": "linux/amd64"
Docker Build Test	Build Lyra image	2026-02-08T23:21:48.9230158Z       }
Docker Build Test	Build Lyra image	2026-02-08T23:21:48.9230305Z     }
Docker Build Test	Build Lyra image	2026-02-08T23:21:48.9230439Z   },
Docker Build Test	Build Lyra image	2026-02-08T23:21:48.9230942Z   "buildx.build.ref": "builder-aeda0211-f158-464e-aea7-5867a725dace/builder-aeda0211-f158-464e-aea7-5867a725dace0/xtw30166sut1ht30e04r8kwar"
Docker Build Test	Build Lyra image	2026-02-08T23:21:48.9231802Z }
Docker Build Test	Build Lyra image	2026-02-08T23:21:48.9232170Z ##[endgroup]
Docker Build Test	Validate docker-compose	﻿2026-02-08T23:21:48.9269994Z ##[group]Run docker compose config
Docker Build Test	Validate docker-compose	2026-02-08T23:21:48.9270336Z [36;1mdocker compose config[0m
Docker Build Test	Validate docker-compose	2026-02-08T23:21:48.9305640Z shell: /usr/bin/bash -e {0}
Docker Build Test	Validate docker-compose	2026-02-08T23:21:48.9305886Z ##[endgroup]
Docker Build Test	Validate docker-compose	2026-02-08T23:21:49.0870426Z name: ancientmap
Docker Build Test	Validate docker-compose	2026-02-08T23:21:49.0870878Z services:
Docker Build Test	Validate docker-compose	2026-02-08T23:21:49.0871526Z   api:
Docker Build Test	Validate docker-compose	2026-02-08T23:21:49.0871753Z     build:
Docker Build Test	Validate docker-compose	2026-02-08T23:21:49.0872031Z       context: /home/runner/work/AncientMap/AncientMap
Docker Build Test	Validate docker-compose	2026-02-08T23:21:49.0872412Z       dockerfile: Dockerfile
Docker Build Test	Validate docker-compose	2026-02-08T23:21:49.0872709Z     container_name: ancient_nerds_api
Docker Build Test	Validate docker-compose	2026-02-08T23:21:49.0873034Z     depends_on:
Docker Build Test	Validate docker-compose	2026-02-08T23:21:49.0873240Z       db:
Docker Build Test	Validate docker-compose	2026-02-08T23:21:49.0873454Z         condition: service_healthy
Docker Build Test	Validate docker-compose	2026-02-08T23:21:49.0873731Z         required: true
Docker Build Test	Validate docker-compose	2026-02-08T23:21:49.0873959Z       qdrant:
Docker Build Test	Validate docker-compose	2026-02-08T23:21:49.0874171Z         condition: service_healthy
Docker Build Test	Validate docker-compose	2026-02-08T23:21:49.0874445Z         required: true
Docker Build Test	Validate docker-compose	2026-02-08T23:21:49.0874661Z       redis:
Docker Build Test	Validate docker-compose	2026-02-08T23:21:49.0874875Z         condition: service_healthy
Docker Build Test	Validate docker-compose	2026-02-08T23:21:49.0875214Z         required: true
Docker Build Test	Validate docker-compose	2026-02-08T23:21:49.0875441Z     environment:
Docker Build Test	Validate docker-compose	2026-02-08T23:21:49.0875650Z       BUILD_HASH: ""
Docker Build Test	Validate docker-compose	2026-02-08T23:21:49.0875881Z       POSTGRES_HOST: db
Docker Build Test	Validate docker-compose	2026-02-08T23:21:49.0876122Z       QDRANT_HOST: qdrant
Docker Build Test	Validate docker-compose	2026-02-08T23:21:49.0876374Z       REDIS_HOST: redis
Docker Build Test	Validate docker-compose	2026-02-08T23:21:49.0876598Z     healthcheck:
Docker Build Test	Validate docker-compose	2026-02-08T23:21:49.0876803Z       test:
Docker Build Test	Validate docker-compose	2026-02-08T23:21:49.0876996Z         - CMD
Docker Build Test	Validate docker-compose	2026-02-08T23:21:49.0877196Z         - curl
Docker Build Test	Validate docker-compose	2026-02-08T23:21:49.0877394Z         - -f
Docker Build Test	Validate docker-compose	2026-02-08T23:21:49.0877667Z         - http://localhost:8000/
Docker Build Test	Validate docker-compose	2026-02-08T23:21:49.0877955Z       timeout: 10s
Docker Build Test	Validate docker-compose	2026-02-08T23:21:49.0878169Z       interval: 30s
Docker Build Test	Validate docker-compose	2026-02-08T23:21:49.0878384Z       retries: 3
Docker Build Test	Validate docker-compose	2026-02-08T23:21:49.0878591Z       start_period: 5s
Docker Build Test	Validate docker-compose	2026-02-08T23:21:49.0878854Z     logging:
Docker Build Test	Validate docker-compose	2026-02-08T23:21:49.0879058Z       driver: json-file
Docker Build Test	Validate docker-compose	2026-02-08T23:21:49.0879281Z       options:
Docker Build Test	Validate docker-compose	2026-02-08T23:21:49.0879487Z         max-file: "3"
Docker Build Test	Validate docker-compose	2026-02-08T23:21:49.0879707Z         max-size: 10m
Docker Build Test	Validate docker-compose	2026-02-08T23:21:49.0879932Z     networks:
Docker Build Test	Validate docker-compose	2026-02-08T23:21:49.0880133Z       default: null
Docker Build Test	Validate docker-compose	2026-02-08T23:21:49.0880341Z     ports:
Docker Build Test	Validate docker-compose	2026-02-08T23:21:49.0880550Z       - mode: ingress
Docker Build Test	Validate docker-compose	2026-02-08T23:21:49.0880767Z         target: 8000
Docker Build Test	Validate docker-compose	2026-02-08T23:21:49.0880993Z         published: "8000"
Docker Build Test	Validate docker-compose	2026-02-08T23:21:49.0881452Z         protocol: tcp
Docker Build Test	Validate docker-compose	2026-02-08T23:21:49.0881674Z     restart: unless-stopped
Docker Build Test	Validate docker-compose	2026-02-08T23:21:49.0881910Z     volumes:
Docker Build Test	Validate docker-compose	2026-02-08T23:21:49.0882100Z       - type: bind
Docker Build Test	Validate docker-compose	2026-02-08T23:21:49.0882404Z         source: /home/runner/work/AncientMap/AncientMap/public/data
Docker Build Test	Validate docker-compose	2026-02-08T23:21:49.0882795Z         target: /app/public/data
Docker Build Test	Validate docker-compose	2026-02-08T23:21:49.0883033Z         bind:
Docker Build Test	Validate docker-compose	2026-02-08T23:21:49.0883228Z           create_host_path: true
Docker Build Test	Validate docker-compose	2026-02-08T23:21:49.0883467Z   db:
Docker Build Test	Validate docker-compose	2026-02-08T23:21:49.0883659Z     container_name: ancient_nerds_db
Docker Build Test	Validate docker-compose	2026-02-08T23:21:49.0883926Z     environment:
Docker Build Test	Validate docker-compose	2026-02-08T23:21:49.0884131Z       POSTGRES_DB: ancient_map
Docker Build Test	Validate docker-compose	2026-02-08T23:21:49.0884395Z       POSTGRES_PASSWORD: postgres
Docker Build Test	Validate docker-compose	2026-02-08T23:21:49.0884661Z       POSTGRES_USER: ancient_map
Docker Build Test	Validate docker-compose	2026-02-08T23:21:49.0884905Z     healthcheck:
Docker Build Test	Validate docker-compose	2026-02-08T23:21:49.0885087Z       test:
Docker Build Test	Validate docker-compose	2026-02-08T23:21:49.0885267Z         - CMD-SHELL
Docker Build Test	Validate docker-compose	2026-02-08T23:21:49.0885511Z         - pg_isready -U ancient_map -d ancient_map
Docker Build Test	Validate docker-compose	2026-02-08T23:21:49.0885821Z       timeout: 5s
Docker Build Test	Validate docker-compose	2026-02-08T23:21:49.0886017Z       interval: 10s
Docker Build Test	Validate docker-compose	2026-02-08T23:21:49.0886211Z       retries: 5
Docker Build Test	Validate docker-compose	2026-02-08T23:21:49.0886422Z     image: postgis/postgis:16-3.4
Docker Build Test	Validate docker-compose	2026-02-08T23:21:49.0886668Z     logging:
Docker Build Test	Validate docker-compose	2026-02-08T23:21:49.0887284Z       driver: json-file
Docker Build Test	Validate docker-compose	2026-02-08T23:21:49.0887778Z       options:
Docker Build Test	Validate docker-compose	2026-02-08T23:21:49.0888066Z         max-file: "3"
Docker Build Test	Validate docker-compose	2026-02-08T23:21:49.0888448Z         max-size: 10m
Docker Build Test	Validate docker-compose	2026-02-08T23:21:49.0888782Z     networks:
Docker Build Test	Validate docker-compose	2026-02-08T23:21:49.0889083Z       default: null
Docker Build Test	Validate docker-compose	2026-02-08T23:21:49.0889415Z     ports:
Docker Build Test	Validate docker-compose	2026-02-08T23:21:49.0889688Z       - mode: ingress
Docker Build Test	Validate docker-compose	2026-02-08T23:21:49.0889975Z         target: 5432
Docker Build Test	Validate docker-compose	2026-02-08T23:21:49.0890186Z         published: "5432"
Docker Build Test	Validate docker-compose	2026-02-08T23:21:49.0890684Z         protocol: tcp
Docker Build Test	Validate docker-compose	2026-02-08T23:21:49.0890909Z     restart: unless-stopped
Docker Build Test	Validate docker-compose	2026-02-08T23:21:49.0891331Z     volumes:
Docker Build Test	Validate docker-compose	2026-02-08T23:21:49.0891569Z       - type: volume
Docker Build Test	Validate docker-compose	2026-02-08T23:21:49.0891757Z         source: postgres_data
Docker Build Test	Validate docker-compose	2026-02-08T23:21:49.0891994Z         target: /var/lib/postgresql/data
Docker Build Test	Validate docker-compose	2026-02-08T23:21:49.0892228Z         volume: {}
Docker Build Test	Validate docker-compose	2026-02-08T23:21:49.0892397Z       - type: bind
Docker Build Test	Validate docker-compose	2026-02-08T23:21:49.0892705Z         source: /home/runner/work/AncientMap/AncientMap/scripts/init_extensions.sql
Docker Build Test	Validate docker-compose	2026-02-08T23:21:49.0893163Z         target: /docker-entrypoint-initdb.d/init_extensions.sql
Docker Build Test	Validate docker-compose	2026-02-08T23:21:49.0893461Z         read_only: true
Docker Build Test	Validate docker-compose	2026-02-08T23:21:49.0893646Z         bind:
Docker Build Test	Validate docker-compose	2026-02-08T23:21:49.0893818Z           create_host_path: true
Docker Build Test	Validate docker-compose	2026-02-08T23:21:49.0894022Z   lyra:
Docker Build Test	Validate docker-compose	2026-02-08T23:21:49.0894169Z     build:
Docker Build Test	Validate docker-compose	2026-02-08T23:21:49.0894364Z       context: /home/runner/work/AncientMap/AncientMap
Docker Build Test	Validate docker-compose	2026-02-08T23:21:49.0894645Z       dockerfile: Dockerfile.lyra
Docker Build Test	Validate docker-compose	2026-02-08T23:21:49.0894880Z     container_name: ancient_nerds_lyra
Docker Build Test	Validate docker-compose	2026-02-08T23:21:49.0895109Z     depends_on:
Docker Build Test	Validate docker-compose	2026-02-08T23:21:49.0895268Z       db:
Docker Build Test	Validate docker-compose	2026-02-08T23:21:49.0895432Z         condition: service_healthy
Docker Build Test	Validate docker-compose	2026-02-08T23:21:49.0895646Z         required: true
Docker Build Test	Validate docker-compose	2026-02-08T23:21:49.0895833Z     environment:
Docker Build Test	Validate docker-compose	2026-02-08T23:21:49.0896007Z       POSTGRES_HOST: db
Docker Build Test	Validate docker-compose	2026-02-08T23:21:49.0896183Z     logging:
Docker Build Test	Validate docker-compose	2026-02-08T23:21:49.0896346Z       driver: json-file
Docker Build Test	Validate docker-compose	2026-02-08T23:21:49.0896518Z       options:
Docker Build Test	Validate docker-compose	2026-02-08T23:21:49.0896681Z         max-file: "3"
Docker Build Test	Validate docker-compose	2026-02-08T23:21:49.0896862Z         max-size: 10m
Docker Build Test	Validate docker-compose	2026-02-08T23:21:49.0897032Z     networks:
Docker Build Test	Validate docker-compose	2026-02-08T23:21:49.0897185Z       default: null
Docker Build Test	Validate docker-compose	2026-02-08T23:21:49.0897365Z     restart: unless-stopped
Docker Build Test	Validate docker-compose	2026-02-08T23:21:49.0897554Z     volumes:
Docker Build Test	Validate docker-compose	2026-02-08T23:21:49.0897715Z       - type: bind
Docker Build Test	Validate docker-compose	2026-02-08T23:21:49.0897976Z         source: /home/runner/work/AncientMap/AncientMap/public/data/news
Docker Build Test	Validate docker-compose	2026-02-08T23:21:49.0898314Z         target: /app/public/data/news
Docker Build Test	Validate docker-compose	2026-02-08T23:21:49.0898533Z         bind:
Docker Build Test	Validate docker-compose	2026-02-08T23:21:49.0898701Z           create_host_path: true
Docker Build Test	Validate docker-compose	2026-02-08T23:21:49.0898905Z   qdrant:
Docker Build Test	Validate docker-compose	2026-02-08T23:21:49.0899073Z     container_name: ancient_nerds_qdrant
Docker Build Test	Validate docker-compose	2026-02-08T23:21:49.0899313Z     healthcheck:
Docker Build Test	Validate docker-compose	2026-02-08T23:21:49.0899469Z       test:
Docker Build Test	Validate docker-compose	2026-02-08T23:21:49.0899623Z         - CMD-SHELL
Docker Build Test	Validate docker-compose	2026-02-08T23:21:49.0899823Z         - bash -c 'echo > /dev/tcp/localhost/6333'
Docker Build Test	Validate docker-compose	2026-02-08T23:21:49.0900079Z       timeout: 5s
Docker Build Test	Validate docker-compose	2026-02-08T23:21:49.0900242Z       interval: 10s
Docker Build Test	Validate docker-compose	2026-02-08T23:21:49.0900408Z       retries: 5
Docker Build Test	Validate docker-compose	2026-02-08T23:21:49.0900584Z     image: qdrant/qdrant:v1.13.2
Docker Build Test	Validate docker-compose	2026-02-08T23:21:49.0900795Z     logging:
Docker Build Test	Validate docker-compose	2026-02-08T23:21:49.0900957Z       driver: json-file
Docker Build Test	Validate docker-compose	2026-02-08T23:21:49.0901498Z       options:
Docker Build Test	Validate docker-compose	2026-02-08T23:21:49.0901669Z         max-file: "3"
Docker Build Test	Validate docker-compose	2026-02-08T23:21:49.0901841Z         max-size: 10m
Docker Build Test	Validate docker-compose	2026-02-08T23:21:49.0902009Z     networks:
Docker Build Test	Validate docker-compose	2026-02-08T23:21:49.0902160Z       default: null
Docker Build Test	Validate docker-compose	2026-02-08T23:21:49.0902326Z     ports:
Docker Build Test	Validate docker-compose	2026-02-08T23:21:49.0902476Z       - mode: ingress
Docker Build Test	Validate docker-compose	2026-02-08T23:21:49.0902657Z         target: 6333
Docker Build Test	Validate docker-compose	2026-02-08T23:21:49.0902832Z         published: "6333"
Docker Build Test	Validate docker-compose	2026-02-08T23:21:49.0903025Z         protocol: tcp
Docker Build Test	Validate docker-compose	2026-02-08T23:21:49.0903208Z     restart: unless-stopped
Docker Build Test	Validate docker-compose	2026-02-08T23:21:49.0903404Z     volumes:
Docker Build Test	Validate docker-compose	2026-02-08T23:21:49.0903563Z       - type: volume
Docker Build Test	Validate docker-compose	2026-02-08T23:21:49.0903736Z         source: qdrant_data
Docker Build Test	Validate docker-compose	2026-02-08T23:21:49.0904030Z         target: /qdrant/storage
Docker Build Test	Validate docker-compose	2026-02-08T23:21:49.0904342Z         volume: {}
Docker Build Test	Validate docker-compose	2026-02-08T23:21:49.0904590Z   redis:
Docker Build Test	Validate docker-compose	2026-02-08T23:21:49.0904852Z     container_name: ancient_nerds_redis
Docker Build Test	Validate docker-compose	2026-02-08T23:21:49.0905418Z     healthcheck:
Docker Build Test	Validate docker-compose	2026-02-08T23:21:49.0905676Z       test:
Docker Build Test	Validate docker-compose	2026-02-08T23:21:49.0905923Z         - CMD
Docker Build Test	Validate docker-compose	2026-02-08T23:21:49.0906165Z         - redis-cli
Docker Build Test	Validate docker-compose	2026-02-08T23:21:49.0906430Z         - ping
Docker Build Test	Validate docker-compose	2026-02-08T23:21:49.0906681Z       timeout: 5s
Docker Build Test	Validate docker-compose	2026-02-08T23:21:49.0906953Z       interval: 10s
Docker Build Test	Validate docker-compose	2026-02-08T23:21:49.0907215Z       retries: 5
Docker Build Test	Validate docker-compose	2026-02-08T23:21:49.0907490Z     image: redis:7.2.4-alpine
Docker Build Test	Validate docker-compose	2026-02-08T23:21:49.0908342Z     logging:
Docker Build Test	Validate docker-compose	2026-02-08T23:21:49.0908626Z       driver: json-file
Docker Build Test	Validate docker-compose	2026-02-08T23:21:49.0908921Z       options:
Docker Build Test	Validate docker-compose	2026-02-08T23:21:49.0909167Z         max-file: "3"
Docker Build Test	Validate docker-compose	2026-02-08T23:21:49.0909462Z         max-size: 10m
Docker Build Test	Validate docker-compose	2026-02-08T23:21:49.0909737Z     networks:
Docker Build Test	Validate docker-compose	2026-02-08T23:21:49.0909976Z       default: null
Docker Build Test	Validate docker-compose	2026-02-08T23:21:49.0910140Z     ports:
Docker Build Test	Validate docker-compose	2026-02-08T23:21:49.0910296Z       - mode: ingress
Docker Build Test	Validate docker-compose	2026-02-08T23:21:49.0910462Z         target: 6379
Docker Build Test	Validate docker-compose	2026-02-08T23:21:49.0910651Z         published: "6379"
Docker Build Test	Validate docker-compose	2026-02-08T23:21:49.0910837Z         protocol: tcp
Docker Build Test	Validate docker-compose	2026-02-08T23:21:49.0911033Z     restart: unless-stopped
Docker Build Test	Validate docker-compose	2026-02-08T23:21:49.0911545Z     volumes:
Docker Build Test	Validate docker-compose	2026-02-08T23:21:49.0911708Z       - type: volume
Docker Build Test	Validate docker-compose	2026-02-08T23:21:49.0911887Z         source: redis_data
Docker Build Test	Validate docker-compose	2026-02-08T23:21:49.0912073Z         target: /data
Docker Build Test	Validate docker-compose	2026-02-08T23:21:49.0912248Z         volume: {}
Docker Build Test	Validate docker-compose	2026-02-08T23:21:49.0912405Z networks:
Docker Build Test	Validate docker-compose	2026-02-08T23:21:49.0912554Z   default:
Docker Build Test	Validate docker-compose	2026-02-08T23:21:49.0912711Z     name: ancient_map_network
Docker Build Test	Validate docker-compose	2026-02-08T23:21:49.0912920Z volumes:
Docker Build Test	Validate docker-compose	2026-02-08T23:21:49.0913067Z   postgres_data:
Docker Build Test	Validate docker-compose	2026-02-08T23:21:49.0913249Z     name: ancient_map_postgres_data
Docker Build Test	Validate docker-compose	2026-02-08T23:21:49.0913464Z   qdrant_data:
Docker Build Test	Validate docker-compose	2026-02-08T23:21:49.0913641Z     name: ancient_map_qdrant_data
Docker Build Test	Validate docker-compose	2026-02-08T23:21:49.0913851Z   redis_data:
Docker Build Test	Validate docker-compose	2026-02-08T23:21:49.0914017Z     name: ancient_map_redis_data
Docker Build Test	Post Build Lyra image	﻿2026-02-08T23:21:49.0978104Z Post job cleanup.
Docker Build Test	Post Build Lyra image	2026-02-08T23:21:49.3158662Z ##[group]Removing temp folder /home/runner/work/_temp/docker-actions-toolkit-phgsFX
Docker Build Test	Post Build Lyra image	2026-02-08T23:21:49.3171600Z ##[endgroup]
Docker Build Test	Post Build Lyra image	2026-02-08T23:21:49.3172278Z ##[group]Post cache
Docker Build Test	Post Build Lyra image	2026-02-08T23:21:49.3173946Z State not set
Docker Build Test	Post Build Lyra image	2026-02-08T23:21:49.3174575Z ##[endgroup]
Docker Build Test	Post Build API image	﻿2026-02-08T23:21:49.3317245Z Post job cleanup.
Docker Build Test	Post Build API image	2026-02-08T23:21:49.5500205Z ##[group]Removing temp folder /home/runner/work/_temp/docker-actions-toolkit-LeTrcq
Docker Build Test	Post Build API image	2026-02-08T23:21:49.5514360Z ##[endgroup]
Docker Build Test	Post Build API image	2026-02-08T23:21:49.5514874Z ##[group]Post cache
Docker Build Test	Post Build API image	2026-02-08T23:21:49.5516657Z State not set
Docker Build Test	Post Build API image	2026-02-08T23:21:49.5517166Z ##[endgroup]
Docker Build Test	Post Set up Docker Buildx	﻿2026-02-08T23:21:49.5637843Z Post job cleanup.
Docker Build Test	Post Set up Docker Buildx	2026-02-08T23:21:49.8109500Z ##[group]Removing builder
Docker Build Test	Post Set up Docker Buildx	2026-02-08T23:21:49.9406516Z [command]/usr/bin/docker buildx rm builder-aeda0211-f158-464e-aea7-5867a725dace
Docker Build Test	Post Set up Docker Buildx	2026-02-08T23:21:52.2032127Z builder-aeda0211-f158-464e-aea7-5867a725dace removed
Docker Build Test	Post Set up Docker Buildx	2026-02-08T23:21:52.2070105Z ##[endgroup]
Docker Build Test	Post Set up Docker Buildx	2026-02-08T23:21:52.2080629Z ##[group]Cleaning up certificates
Docker Build Test	Post Set up Docker Buildx	2026-02-08T23:21:52.2081600Z ##[endgroup]
Docker Build Test	Post Set up Docker Buildx	2026-02-08T23:21:52.2082119Z ##[group]Post cache
Docker Build Test	Post Set up Docker Buildx	2026-02-08T23:21:52.2082402Z State not set
Docker Build Test	Post Set up Docker Buildx	2026-02-08T23:21:52.2082879Z ##[endgroup]
Docker Build Test	Post Run actions/checkout@v4	﻿2026-02-08T23:21:52.2213634Z Post job cleanup.
Docker Build Test	Post Run actions/checkout@v4	2026-02-08T23:21:52.3166717Z [command]/usr/bin/git version
Docker Build Test	Post Run actions/checkout@v4	2026-02-08T23:21:52.3209155Z git version 2.52.0
Docker Build Test	Post Run actions/checkout@v4	2026-02-08T23:21:52.3251834Z Temporarily overriding HOME='/home/runner/work/_temp/8972c989-aa50-432e-a172-ab483d6be1e5' before making global git config changes
Docker Build Test	Post Run actions/checkout@v4	2026-02-08T23:21:52.3253746Z Adding repository directory to the temporary git global config as a safe directory
Docker Build Test	Post Run actions/checkout@v4	2026-02-08T23:21:52.3257222Z [command]/usr/bin/git config --global --add safe.directory /home/runner/work/AncientMap/AncientMap
Docker Build Test	Post Run actions/checkout@v4	2026-02-08T23:21:52.3293669Z [command]/usr/bin/git config --local --name-only --get-regexp core\.sshCommand
Docker Build Test	Post Run actions/checkout@v4	2026-02-08T23:21:52.3325526Z [command]/usr/bin/git submodule foreach --recursive sh -c "git config --local --name-only --get-regexp 'core\.sshCommand' && git config --local --unset-all 'core.sshCommand' || :"
Docker Build Test	Post Run actions/checkout@v4	2026-02-08T23:21:52.3553303Z [command]/usr/bin/git config --local --name-only --get-regexp http\.https\:\/\/github\.com\/\.extraheader
Docker Build Test	Post Run actions/checkout@v4	2026-02-08T23:21:52.3574688Z http.https://github.com/.extraheader
Docker Build Test	Post Run actions/checkout@v4	2026-02-08T23:21:52.3587397Z [command]/usr/bin/git config --local --unset-all http.https://github.com/.extraheader
Docker Build Test	Post Run actions/checkout@v4	2026-02-08T23:21:52.3618998Z [command]/usr/bin/git submodule foreach --recursive sh -c "git config --local --name-only --get-regexp 'http\.https\:\/\/github\.com\/\.extraheader' && git config --local --unset-all 'http.https://github.com/.extraheader' || :"
Docker Build Test	Post Run actions/checkout@v4	2026-02-08T23:21:52.3838546Z [command]/usr/bin/git config --local --name-only --get-regexp ^includeIf\.gitdir:
Docker Build Test	Post Run actions/checkout@v4	2026-02-08T23:21:52.3869384Z [command]/usr/bin/git submodule foreach --recursive git config --local --show-origin --name-only --get-regexp remote.origin.url
Docker Build Test	Complete job	﻿2026-02-08T23:21:52.4190094Z Cleaning up orphan processes
Deploy to Production	Set up job	﻿2026-02-08T23:21:59.1457715Z Current runner version: '2.331.0'
Deploy to Production	Set up job	2026-02-08T23:21:59.1495591Z ##[group]Runner Image Provisioner
Deploy to Production	Set up job	2026-02-08T23:21:59.1497154Z Hosted Compute Agent
Deploy to Production	Set up job	2026-02-08T23:21:59.1498390Z Version: 20260123.484
Deploy to Production	Set up job	2026-02-08T23:21:59.1499628Z Commit: 6bd6555ca37d84114959e1c76d2c01448ff61c5d
Deploy to Production	Set up job	2026-02-08T23:21:59.1501239Z Build Date: 2026-01-23T19:41:17Z
Deploy to Production	Set up job	2026-02-08T23:21:59.1502810Z Worker ID: {4ead760d-bba1-4bbc-9966-4bce9df0dc99}
Deploy to Production	Set up job	2026-02-08T23:21:59.1504250Z Azure Region: centralus
Deploy to Production	Set up job	2026-02-08T23:21:59.1505323Z ##[endgroup]
Deploy to Production	Set up job	2026-02-08T23:21:59.1507763Z ##[group]Operating System
Deploy to Production	Set up job	2026-02-08T23:21:59.1509030Z Ubuntu
Deploy to Production	Set up job	2026-02-08T23:21:59.1510431Z 24.04.3
Deploy to Production	Set up job	2026-02-08T23:21:59.1511436Z LTS
Deploy to Production	Set up job	2026-02-08T23:21:59.1512426Z ##[endgroup]
Deploy to Production	Set up job	2026-02-08T23:21:59.1513708Z ##[group]Runner Image
Deploy to Production	Set up job	2026-02-08T23:21:59.1514889Z Image: ubuntu-24.04
Deploy to Production	Set up job	2026-02-08T23:21:59.1516094Z Version: 20260201.15.1
Deploy to Production	Set up job	2026-02-08T23:21:59.1518142Z Included Software: https://github.com/actions/runner-images/blob/ubuntu24/20260201.15/images/ubuntu/Ubuntu2404-Readme.md
Deploy to Production	Set up job	2026-02-08T23:21:59.1521670Z Image Release: https://github.com/actions/runner-images/releases/tag/ubuntu24%2F20260201.15
Deploy to Production	Set up job	2026-02-08T23:21:59.1523520Z ##[endgroup]
Deploy to Production	Set up job	2026-02-08T23:21:59.1526068Z ##[group]GITHUB_TOKEN Permissions
Deploy to Production	Set up job	2026-02-08T23:21:59.1529600Z Contents: read
Deploy to Production	Set up job	2026-02-08T23:21:59.1530910Z Metadata: read
Deploy to Production	Set up job	2026-02-08T23:21:59.1531864Z Packages: read
Deploy to Production	Set up job	2026-02-08T23:21:59.1532878Z ##[endgroup]
Deploy to Production	Set up job	2026-02-08T23:21:59.1536376Z Secret source: Actions
Deploy to Production	Set up job	2026-02-08T23:21:59.1538165Z Prepare workflow directory
Deploy to Production	Set up job	2026-02-08T23:21:59.1905552Z Prepare all required actions
Deploy to Production	Set up job	2026-02-08T23:21:59.1954958Z Getting action download info
Deploy to Production	Set up job	2026-02-08T23:21:59.5115785Z Download action repository 'webfactory/ssh-agent@v0.9.0' (SHA:dc588b651fe13675774614f8e6a936a468676387)
Deploy to Production	Set up job	2026-02-08T23:21:59.9911225Z Complete job name: Deploy to Production
Deploy to Production	Setup SSH agent	﻿2026-02-08T23:22:00.0723446Z ##[group]Run webfactory/ssh-agent@v0.9.0
Deploy to Production	Setup SSH agent	2026-02-08T23:22:00.0724437Z with:
Deploy to Production	Setup SSH agent	2026-02-08T23:22:00.0727666Z   ssh-private-key: ***
Deploy to Production	Setup SSH agent	2026-02-08T23:22:00.0728197Z   log-public-key: true
Deploy to Production	Setup SSH agent	2026-02-08T23:22:00.0728918Z ##[endgroup]
Deploy to Production	Setup SSH agent	2026-02-08T23:22:00.1146203Z Starting ssh-agent
Deploy to Production	Setup SSH agent	2026-02-08T23:22:00.1346971Z SSH_AUTH_SOCK=/tmp/ssh-aTigo7XHCyZx/agent.2067
Deploy to Production	Setup SSH agent	2026-02-08T23:22:00.1348419Z SSH_AGENT_PID=2068
Deploy to Production	Setup SSH agent	2026-02-08T23:22:00.1349402Z Adding private key(s) to agent
Deploy to Production	Setup SSH agent	2026-02-08T23:22:00.1546297Z Identity added: (stdin) (***@ancientnerds)
Deploy to Production	Setup SSH agent	2026-02-08T23:22:00.1547219Z Key(s) added:
Deploy to Production	Setup SSH agent	2026-02-08T23:22:00.1578667Z 256 SHA256:XjQzH/sxk4O/hZDyu+CH7gZPM6T7AzVTUOOUa4c1iik ***@ancientnerds (ED25519)
Deploy to Production	Setup SSH agent	2026-02-08T23:22:00.1584318Z Configuring ***ment key(s)
Deploy to Production	Setup SSH agent	2026-02-08T23:22:00.1632576Z Comment for (public) key 'ssh-ed25519 AAAAC3NzaC1lZDI1NTE5AAAAIOyj+VKr9RJQGOBm845Yg6rTko6BGhPhjbDXyahteol1 ***@ancientnerds' does not match GitHub URL pattern. Not treating it as a GitHub *** key.
Deploy to Production	Deploy via SSH	﻿2026-02-08T23:22:00.1795011Z ##[group]Run ssh -o StrictHostKeyChecking=no -p *** ***@*** 'set -e
Deploy to Production	Deploy via SSH	2026-02-08T23:22:00.1796218Z [36;1mssh -o StrictHostKeyChecking=no -p *** ***@*** 'set -e[0m
Deploy to Production	Deploy via SSH	2026-02-08T23:22:00.1796971Z [36;1m  cd /var/www/ancientnerds[0m
Deploy to Production	Deploy via SSH	2026-02-08T23:22:00.1797579Z [36;1m  BEFORE=$(git rev-parse HEAD)[0m
Deploy to Production	Deploy via SSH	2026-02-08T23:22:00.1798223Z [36;1m  echo "==> Discarding local changes..."[0m
Deploy to Production	Deploy via SSH	2026-02-08T23:22:00.1798872Z [36;1m  git checkout -- .[0m
Deploy to Production	Deploy via SSH	2026-02-08T23:22:00.1799425Z [36;1m  echo "==> Pulling latest..."[0m
Deploy to Production	Deploy via SSH	2026-02-08T23:22:00.1800396Z [36;1m  git pull origin main[0m
Deploy to Production	Deploy via SSH	2026-02-08T23:22:00.1800963Z [36;1m  git lfs pull[0m
Deploy to Production	Deploy via SSH	2026-02-08T23:22:00.1801500Z [36;1m  AFTER=$(git rev-parse HEAD)[0m
Deploy to Production	Deploy via SSH	2026-02-08T23:22:00.1802182Z [36;1m  CHANGED=$(git diff --name-only $BEFORE $AFTER)[0m
Deploy to Production	Deploy via SSH	2026-02-08T23:22:00.1802822Z [36;1m[0m
Deploy to Production	Deploy via SSH	2026-02-08T23:22:00.1803439Z [36;1m  # Rebuild frontend if files changed OR dist is missing key assets[0m
Deploy to Production	Deploy via SSH	2026-02-08T23:22:00.1804616Z [36;1m  if echo "$CHANGED" | grep -q "^ancient-nerds-map/" || [ ! -f ancient-nerds-map/dist/an-logo.svg ]; then[0m
Deploy to Production	Deploy via SSH	2026-02-08T23:22:00.1805692Z [36;1m    echo "==> Building frontend..."[0m
Deploy to Production	Deploy via SSH	2026-02-08T23:22:00.1806430Z [36;1m    if echo "$CHANGED" | grep -q "package-lock.json"; then[0m
Deploy to Production	Deploy via SSH	2026-02-08T23:22:00.1807523Z [36;1m      cd ancient-nerds-map && npm ci && npm run build && cd ..[0m
Deploy to Production	Deploy via SSH	2026-02-08T23:22:00.1808222Z [36;1m    else[0m
Deploy to Production	Deploy via SSH	2026-02-08T23:22:00.1808780Z [36;1m      cd ancient-nerds-map && npm run build && cd ..[0m
Deploy to Production	Deploy via SSH	2026-02-08T23:22:00.1809419Z [36;1m    fi[0m
Deploy to Production	Deploy via SSH	2026-02-08T23:22:00.1809988Z [36;1m  else[0m
Deploy to Production	Deploy via SSH	2026-02-08T23:22:00.1810647Z [36;1m    echo "==> Frontend unchanged, skipping build"[0m
Deploy to Production	Deploy via SSH	2026-02-08T23:22:00.1811274Z [36;1m  fi[0m
Deploy to Production	Deploy via SSH	2026-02-08T23:22:00.1811707Z [36;1m[0m
Deploy to Production	Deploy via SSH	2026-02-08T23:22:00.1812224Z [36;1m  # Detect which Docker services need rebuilding[0m
Deploy to Production	Deploy via SSH	2026-02-08T23:22:00.1812882Z [36;1m  REBUILD=""[0m
Deploy to Production	Deploy via SSH	2026-02-08T23:22:00.1813714Z [36;1m  if echo "$CHANGED" | grep -qE "^(api/|pipeline/|Dockerfile$|requirements\.txt|requirements-api)"; then[0m
Deploy to Production	Deploy via SSH	2026-02-08T23:22:00.1814661Z [36;1m    REBUILD="$REBUILD api"[0m
Deploy to Production	Deploy via SSH	2026-02-08T23:22:00.1815321Z [36;1m  fi[0m
Deploy to Production	Deploy via SSH	2026-02-08T23:22:00.1816036Z [36;1m  if echo "$CHANGED" | grep -qE "^(pipeline/|Dockerfile\.lyra|requirements\.lyra)"; then[0m
Deploy to Production	Deploy via SSH	2026-02-08T23:22:00.1816876Z [36;1m    REBUILD="$REBUILD lyra"[0m
Deploy to Production	Deploy via SSH	2026-02-08T23:22:00.1817427Z [36;1m  fi[0m
Deploy to Production	Deploy via SSH	2026-02-08T23:22:00.1817854Z [36;1m[0m
Deploy to Production	Deploy via SSH	2026-02-08T23:22:00.1818293Z [36;1m  if [ -n "$REBUILD" ]; then[0m
Deploy to Production	Deploy via SSH	2026-02-08T23:22:00.1818891Z [36;1m    echo "==> Rebuilding:$REBUILD"[0m
Deploy to Production	Deploy via SSH	2026-02-08T23:22:00.1819728Z [36;1m    BUILD_HASH=$(git rev-parse --short HEAD) docker compose up -d --build $REBUILD[0m
Deploy to Production	Deploy via SSH	2026-02-08T23:22:00.1820823Z [36;1m  elif echo "$CHANGED" | grep -qE "^docker-compose\.yml"; then[0m
Deploy to Production	Deploy via SSH	2026-02-08T23:22:00.1821669Z [36;1m    echo "==> Compose config changed, recreating services..."[0m
Deploy to Production	Deploy via SSH	2026-02-08T23:22:00.1822529Z [36;1m    BUILD_HASH=$(git rev-parse --short HEAD) docker compose up -d[0m
Deploy to Production	Deploy via SSH	2026-02-08T23:22:00.1823252Z [36;1m  else[0m
Deploy to Production	Deploy via SSH	2026-02-08T23:22:00.1823729Z [36;1m    echo "==> No Docker changes"[0m
Deploy to Production	Deploy via SSH	2026-02-08T23:22:00.1824312Z [36;1m  fi[0m
Deploy to Production	Deploy via SSH	2026-02-08T23:22:00.1824764Z [36;1m  sleep 5[0m
Deploy to Production	Deploy via SSH	2026-02-08T23:22:00.1825462Z [36;1m  curl -sf http://localhost:8000/ || echo "WARNING: Health check failed"[0m
Deploy to Production	Deploy via SSH	2026-02-08T23:22:00.1826224Z [36;1m[0m
Deploy to Production	Deploy via SSH	2026-02-08T23:22:00.1826748Z [36;1m  echo "==> Exporting news feed.json..."[0m
Deploy to Production	Deploy via SSH	2026-02-08T23:22:00.1828456Z [36;1m  docker exec ancient_nerds_db psql -U ancient_map -d ancient_map -c "ALTER TABLE news_items ADD COLUMN IF NOT EXISTS significance INTEGER; ALTER TABLE news_items ADD COLUMN IF NOT EXISTS news_category VARCHAR;" 2>/dev/null || true[0m
Deploy to Production	Deploy via SSH	2026-02-08T23:22:00.1831303Z [36;1m  docker exec ancient_nerds_api python -c "from pipeline.static_exporter import export_news_feed; from pathlib import Path; export_news_feed(Path('/app/public/data'))" 2>&1 || echo "WARNING: News feed export failed"[0m
Deploy to Production	Deploy via SSH	2026-02-08T23:22:00.1832922Z [36;1m  mkdir -p ancient-nerds-map/dist/data/news[0m
Deploy to Production	Deploy via SSH	2026-02-08T23:22:00.1833854Z [36;1m  if [ -f public/data/news/feed.json ]; then[0m
Deploy to Production	Deploy via SSH	2026-02-08T23:22:00.1834733Z [36;1m    cp public/data/news/feed.json ancient-nerds-map/dist/data/news/feed.json[0m
Deploy to Production	Deploy via SSH	2026-02-08T23:22:00.1835912Z [36;1m    cp public/data/news/feed.json.gz ancient-nerds-map/dist/data/news/feed.json.gz 2>/dev/null || true[0m
Deploy to Production	Deploy via SSH	2026-02-08T23:22:00.1837584Z [36;1m    echo "==> News feed copied to dist ($(python3 -c "import json; print(json.load(open('ancient-nerds-map/dist/data/news/feed.json'))['total_count'])" 2>/dev/null || echo '?') items)"[0m
Deploy to Production	Deploy via SSH	2026-02-08T23:22:00.1838893Z [36;1m  else[0m
Deploy to Production	Deploy via SSH	2026-02-08T23:22:00.1839594Z [36;1m    echo "ERROR: public/data/news/feed.json not found! News page will be broken."[0m
Deploy to Production	Deploy via SSH	2026-02-08T23:22:00.1840498Z [36;1m  fi[0m
Deploy to Production	Deploy via SSH	2026-02-08T23:22:00.1840937Z [36;1m[0m
Deploy to Production	Deploy via SSH	2026-02-08T23:22:00.1841417Z [36;1m  echo "==> Restarting log streaming..."[0m
Deploy to Production	Deploy via SSH	2026-02-08T23:22:00.1842190Z [36;1m  [ -f scripts/follow_logs.sh ] && chmod +x scripts/follow_logs.sh[0m
Deploy to Production	Deploy via SSH	2026-02-08T23:22:00.1842935Z [36;1m  mkdir -p logs[0m
Deploy to Production	Deploy via SSH	2026-02-08T23:22:00.1843500Z [36;1m  if [ -f logs/.follow_logs.pid ]; then[0m
Deploy to Production	Deploy via SSH	2026-02-08T23:22:00.1844290Z [36;1m    kill "$(cat logs/.follow_logs.pid)" 2>/dev/null || true[0m
Deploy to Production	Deploy via SSH	2026-02-08T23:22:00.1845118Z [36;1m    sleep 1[0m
Deploy to Production	Deploy via SSH	2026-02-08T23:22:00.1845579Z [36;1m  fi[0m
Deploy to Production	Deploy via SSH	2026-02-08T23:22:00.1846074Z [36;1m  if [ -f scripts/follow_logs.sh ]; then[0m
Deploy to Production	Deploy via SSH	2026-02-08T23:22:00.1846823Z [36;1m    nohup ./scripts/follow_logs.sh </dev/null >/dev/null 2>&1 &[0m
Deploy to Production	Deploy via SSH	2026-02-08T23:22:00.1847589Z [36;1m    echo $! > logs/.follow_logs.pid[0m
Deploy to Production	Deploy via SSH	2026-02-08T23:22:00.1848166Z [36;1m    disown[0m
Deploy to Production	Deploy via SSH	2026-02-08T23:22:00.1848615Z [36;1m  fi[0m
Deploy to Production	Deploy via SSH	2026-02-08T23:22:00.1849078Z [36;1m  echo "==> Deploy complete!"[0m
Deploy to Production	Deploy via SSH	2026-02-08T23:22:00.1849624Z [36;1m  exit 0'[0m
Deploy to Production	Deploy via SSH	2026-02-08T23:22:00.1884775Z shell: /usr/bin/bash -e {0}
Deploy to Production	Deploy via SSH	2026-02-08T23:22:00.1885358Z env:
Deploy to Production	Deploy via SSH	2026-02-08T23:22:00.1885855Z   SSH_AUTH_SOCK: /tmp/ssh-aTigo7XHCyZx/agent.2067
Deploy to Production	Deploy via SSH	2026-02-08T23:22:00.1886486Z   SSH_AGENT_PID: 2068
Deploy to Production	Deploy via SSH	2026-02-08T23:22:00.1887020Z ##[endgroup]
Deploy to Production	Deploy via SSH	2026-02-08T23:22:00.8487043Z Warning: Permanently added '[***]:***' (ED25519) to the list of known hosts.
Deploy to Production	Deploy via SSH	2026-02-08T23:22:02.8928431Z ==> Discarding local changes...
Deploy to Production	Deploy via SSH	2026-02-08T23:22:03.0724201Z ==> Pulling latest...
Deploy to Production	Deploy via SSH	2026-02-08T23:22:03.9948852Z From https://github.com/ancientnerds/AncientMap
Deploy to Production	Deploy via SSH	2026-02-08T23:22:03.9950334Z  * branch            main       -> FETCH_HEAD
Deploy to Production	Deploy via SSH	2026-02-08T23:22:03.9950965Z    84d9e8c..03a3ad2  main       -> origin/main
Deploy to Production	Deploy via SSH	2026-02-08T23:22:04.1635226Z Updating 84d9e8c..03a3ad2
Deploy to Production	Deploy via SSH	2026-02-08T23:22:04.1635865Z Fast-forward
Deploy to Production	Deploy via SSH	2026-02-08T23:22:04.1776500Z  api/services/lyra_agent.py | 33 ++++++++++++++++-----------------
Deploy to Production	Deploy via SSH	2026-02-08T23:22:04.1777691Z  1 file changed, 16 insertions(+), 17 deletions(-)
Deploy to Production	Deploy via SSH	2026-02-08T23:22:05.0467769Z ==> Building frontend...
Deploy to Production	Deploy via SSH	2026-02-08T23:22:05.3097848Z 
Deploy to Production	Deploy via SSH	2026-02-08T23:22:05.3098689Z > ancient-nerds-research-platform@1.0.0 build
Deploy to Production	Deploy via SSH	2026-02-08T23:22:05.3099442Z > tsc && vite build
Deploy to Production	Deploy via SSH	2026-02-08T23:22:05.3099716Z 
Deploy to Production	Deploy via SSH	2026-02-08T23:22:31.7080079Z vite v5.4.21 building for production...
Deploy to Production	Deploy via SSH	2026-02-08T23:22:32.0420070Z transforming...
Deploy to Production	Deploy via SSH	2026-02-08T23:22:55.2305570Z ✓ 374 modules transformed.
Deploy to Production	Deploy via SSH	2026-02-08T23:22:55.2477445Z x Build failed in 23.46s
Deploy to Production	Deploy via SSH	2026-02-08T23:23:03.2630889Z error during build:
Deploy to Production	Deploy via SSH	2026-02-08T23:23:03.2632223Z Error: Unable to write the service worker file. 'EACCES: permission denied, open '/var/www/ancientnerds/ancient-nerds-map/dist/sw.js''
Deploy to Production	Deploy via SSH	2026-02-08T23:23:03.2634640Z     at writeSWUsingDefaultTemplate (/var/www/ancientnerds/ancient-nerds-map/node_modules/workbox-build/build/lib/write-sw-using-default-template.js:68:15)
Deploy to Production	Deploy via SSH	2026-02-08T23:23:03.2636891Z     at async generateSW (/var/www/ancientnerds/ancient-nerds-map/node_modules/workbox-build/build/generate-sw.js:95:23)
Deploy to Production	Deploy via SSH	2026-02-08T23:23:03.2638653Z     at async generateServiceWorker (file:///var/www/ancientnerds/ancient-nerds-map/node_modules/vite-plugin-pwa/dist/index.js:208:23)
Deploy to Production	Deploy via SSH	2026-02-08T23:23:03.2640173Z     at async _generateSW (file:///var/www/ancientnerds/ancient-nerds-map/node_modules/vite-plugin-pwa/dist/index.js:234:5)
Deploy to Production	Deploy via SSH	2026-02-08T23:23:03.2642077Z     at async Object.handler (file:///var/www/ancientnerds/ancient-nerds-map/node_modules/vite-plugin-pwa/dist/index.js:427:13)
Deploy to Production	Deploy via SSH	2026-02-08T23:23:03.2643392Z     at async PluginDriver.hookParallel (file:///var/www/ancientnerds/ancient-nerds-map/node_modules/rollup/dist/es/shared/node-entry.js:22355:17)
Deploy to Production	Deploy via SSH	2026-02-08T23:23:03.2644732Z     at async Object.close (file:///var/www/ancientnerds/ancient-nerds-map/node_modules/rollup/dist/es/shared/node-entry.js:23374:13)
Deploy to Production	Deploy via SSH	2026-02-08T23:23:03.2645924Z     at async build (file:///var/www/ancientnerds/ancient-nerds-map/node_modules/vite/dist/node/chunks/dep-BK3b2jBa.js:65732:17)
Deploy to Production	Deploy via SSH	2026-02-08T23:23:03.2647099Z     at async CAC.<anonymous> (file:///var/www/ancientnerds/ancient-nerds-map/node_modules/vite/dist/node/cli.js:829:5)
Deploy to Production	Deploy via SSH	2026-02-08T23:23:03.8044136Z ==> Rebuilding: api
Deploy to Production	Deploy via SSH	2026-02-08T23:23:06.0272019Z  Image ancientnerds-api Building 
Deploy to Production	Deploy via SSH	2026-02-08T23:23:06.4637890Z #1 [internal] load local bake definitions
Deploy to Production	Deploy via SSH	2026-02-08T23:23:06.6184562Z #1 reading from stdin 492B done
Deploy to Production	Deploy via SSH	2026-02-08T23:23:06.6185451Z #1 DONE 0.0s
Deploy to Production	Deploy via SSH	2026-02-08T23:23:07.0356936Z 
Deploy to Production	Deploy via SSH	2026-02-08T23:23:07.0357668Z #2 [internal] load build definition from Dockerfile
Deploy to Production	Deploy via SSH	2026-02-08T23:23:07.0358712Z #2 transferring dockerfile: 2.32kB 0.0s done
Deploy to Production	Deploy via SSH	2026-02-08T23:23:07.0359119Z #2 DONE 0.0s
Deploy to Production	Deploy via SSH	2026-02-08T23:23:08.6139419Z 
Deploy to Production	Deploy via SSH	2026-02-08T23:23:08.6140468Z #3 [internal] load metadata for docker.io/library/python:3.11-slim
Deploy to Production	Deploy via SSH	2026-02-08T23:23:08.6141324Z #3 DONE 1.7s
Deploy to Production	Deploy via SSH	2026-02-08T23:23:08.8602306Z 
Deploy to Production	Deploy via SSH	2026-02-08T23:23:08.8602917Z #4 [internal] load .dockerignore
Deploy to Production	Deploy via SSH	2026-02-08T23:23:08.8603563Z #4 transferring context: 2B done
Deploy to Production	Deploy via SSH	2026-02-08T23:23:08.8604161Z #4 DONE 0.0s
Deploy to Production	Deploy via SSH	2026-02-08T23:23:08.8604441Z 
Deploy to Production	Deploy via SSH	2026-02-08T23:23:08.8605243Z #5 [builder 1/6] FROM docker.io/library/python:3.11-slim@sha256:0b23cfb7425d065008b778022a17b1551c82f8b4866ee5a7a200084b7e2eafbf
Deploy to Production	Deploy via SSH	2026-02-08T23:23:08.8606843Z #5 resolve docker.io/library/python:3.11-slim@sha256:0b23cfb7425d065008b778022a17b1551c82f8b4866ee5a7a200084b7e2eafbf 0.0s done
Deploy to Production	Deploy via SSH	2026-02-08T23:23:08.8607992Z #5 DONE 0.1s
Deploy to Production	Deploy via SSH	2026-02-08T23:23:08.8608208Z 
Deploy to Production	Deploy via SSH	2026-02-08T23:23:08.8608407Z #6 [internal] load build context
Deploy to Production	Deploy via SSH	2026-02-08T23:23:13.9331596Z #6 transferring context: 37B 5.2s
Deploy to Production	Deploy via SSH	2026-02-08T23:23:14.1537601Z #6 transferring context: 63.74kB 5.4s done
Deploy to Production	Deploy via SSH	2026-02-08T23:23:14.1538214Z #6 DONE 5.4s
Deploy to Production	Deploy via SSH	2026-02-08T23:23:14.1538418Z 
Deploy to Production	Deploy via SSH	2026-02-08T23:23:14.1538692Z #7 [builder 5/6] COPY requirements-api.txt .
Deploy to Production	Deploy via SSH	2026-02-08T23:23:14.1539338Z #7 CACHED
Deploy to Production	Deploy via SSH	2026-02-08T23:23:14.1539619Z 
Deploy to Production	Deploy via SSH	2026-02-08T23:23:14.1541873Z #8 [builder 6/6] RUN pip install --no-cache-dir --upgrade pip &&     pip install --no-cache-dir -r requirements-api.txt
Deploy to Production	Deploy via SSH	2026-02-08T23:23:14.1543317Z #8 CACHED
Deploy to Production	Deploy via SSH	2026-02-08T23:23:14.1543631Z 
Deploy to Production	Deploy via SSH	2026-02-08T23:23:14.1543889Z #9 [builder 2/6] WORKDIR /app
Deploy to Production	Deploy via SSH	2026-02-08T23:23:14.1544473Z #9 CACHED
Deploy to Production	Deploy via SSH	2026-02-08T23:23:14.1544712Z 
Deploy to Production	Deploy via SSH	2026-02-08T23:23:14.1545833Z #10 [production  3/11] RUN apt-get update && apt-get install -y --no-install-recommends     libpq5     curl     && rm -rf /var/lib/apt/lists/*     && apt-get clean
Deploy to Production	Deploy via SSH	2026-02-08T23:23:14.1547471Z #10 CACHED
Deploy to Production	Deploy via SSH	2026-02-08T23:23:14.1547747Z 
Deploy to Production	Deploy via SSH	2026-02-08T23:23:14.1548761Z #11 [production  4/11] RUN groupadd --gid 1000 appgroup &&     useradd --uid 1000 --gid appgroup --shell /bin/bash --create-home appuser
Deploy to Production	Deploy via SSH	2026-02-08T23:23:14.1550454Z #11 CACHED
Deploy to Production	Deploy via SSH	2026-02-08T23:23:14.1550753Z 
Deploy to Production	Deploy via SSH	2026-02-08T23:23:14.1550996Z #12 [builder 4/6] RUN python -m venv /opt/venv
Deploy to Production	Deploy via SSH	2026-02-08T23:23:14.1551682Z #12 CACHED
Deploy to Production	Deploy via SSH	2026-02-08T23:23:14.1552020Z 
Deploy to Production	Deploy via SSH	2026-02-08T23:23:14.1553148Z #13 [builder 3/6] RUN apt-get update && apt-get install -y --no-install-recommends     build-essential     libpq-dev     && rm -rf /var/lib/apt/lists/*
Deploy to Production	Deploy via SSH	2026-02-08T23:23:14.1554610Z #13 CACHED
Deploy to Production	Deploy via SSH	2026-02-08T23:23:14.1554869Z 
Deploy to Production	Deploy via SSH	2026-02-08T23:23:14.1555145Z #14 [production  5/11] COPY --from=builder /opt/venv /opt/venv
Deploy to Production	Deploy via SSH	2026-02-08T23:23:14.3045047Z #14 CACHED
Deploy to Production	Deploy via SSH	2026-02-08T23:23:14.3045425Z 
Deploy to Production	Deploy via SSH	2026-02-08T23:23:14.3045701Z #15 [production  6/11] COPY api/ ./api/
Deploy to Production	Deploy via SSH	2026-02-08T23:23:14.3631390Z #15 DONE 0.2s
Deploy to Production	Deploy via SSH	2026-02-08T23:23:14.5162708Z 
Deploy to Production	Deploy via SSH	2026-02-08T23:23:14.5163846Z #16 [production  7/11] COPY pipeline/ ./pipeline/
Deploy to Production	Deploy via SSH	2026-02-08T23:23:15.5206469Z #16 DONE 1.1s
Deploy to Production	Deploy via SSH	2026-02-08T23:23:15.6803502Z 
Deploy to Production	Deploy via SSH	2026-02-08T23:23:15.6804522Z #17 [production  8/11] COPY ancient-nerds-map/src/data/seshat/ ./ancient-nerds-map/src/data/seshat/
Deploy to Production	Deploy via SSH	2026-02-08T23:23:15.8503516Z #17 DONE 0.3s
Deploy to Production	Deploy via SSH	2026-02-08T23:23:16.0004719Z 
Deploy to Production	Deploy via SSH	2026-02-08T23:23:16.0005340Z #18 [production  9/11] COPY font[s]/ ./fonts/
Deploy to Production	Deploy via SSH	2026-02-08T23:23:16.2390718Z #18 DONE 0.2s
Deploy to Production	Deploy via SSH	2026-02-08T23:23:16.3997500Z 
Deploy to Production	Deploy via SSH	2026-02-08T23:23:16.3998287Z #19 [production 10/11] COPY log[o]/ ./logo/
Deploy to Production	Deploy via SSH	2026-02-08T23:23:16.5053962Z #19 DONE 0.3s
Deploy to Production	Deploy via SSH	2026-02-08T23:23:16.6748241Z 
Deploy to Production	Deploy via SSH	2026-02-08T23:23:19.8120795Z #20 [production 11/11] RUN chown -R appuser:appgroup /app
Deploy to Production	Deploy via SSH	2026-02-08T23:23:19.8121378Z #20 DONE 3.3s
Deploy to Production	Deploy via SSH	2026-02-08T23:23:19.9746508Z 
Deploy to Production	Deploy via SSH	2026-02-08T23:23:19.9746962Z #21 exporting to image
Deploy to Production	Deploy via SSH	2026-02-08T23:23:19.9747393Z #21 exporting layers
Deploy to Production	Deploy via SSH	2026-02-08T23:23:23.0917341Z #21 exporting layers 3.3s done
Deploy to Production	Deploy via SSH	2026-02-08T23:23:23.2221397Z #21 exporting manifest sha256:883ba28bee9d72bee91736b149dbb35656b3398c76b588bf027854d3d937ff93 0.0s done
Deploy to Production	Deploy via SSH	2026-02-08T23:23:23.2222553Z #21 exporting config sha256:e1545bda9014521a0633341eb68938d45e9d5c0a99b1ba219a32055e27c34eba 0.1s done
Deploy to Production	Deploy via SSH	2026-02-08T23:23:23.3430612Z #21 exporting attestation manifest sha256:819067d4a1667582daa4611ed90304f6275f63ded6a5eb768e126e6407fc45ba
Deploy to Production	Deploy via SSH	2026-02-08T23:23:23.5584822Z #21 exporting attestation manifest sha256:819067d4a1667582daa4611ed90304f6275f63ded6a5eb768e126e6407fc45ba 0.1s done
Deploy to Production	Deploy via SSH	2026-02-08T23:23:23.5586147Z #21 exporting manifest list sha256:f4cbae2513c772e011bcd86fbf040660836ae00f95cd7d7c8fbca62ac9848c05
Deploy to Production	Deploy via SSH	2026-02-08T23:23:23.8055201Z #21 exporting manifest list sha256:f4cbae2513c772e011bcd86fbf040660836ae00f95cd7d7c8fbca62ac9848c05 0.4s done
Deploy to Production	Deploy via SSH	2026-02-08T23:23:23.8056427Z #21 naming to docker.io/library/ancientnerds-api:latest
Deploy to Production	Deploy via SSH	2026-02-08T23:23:23.9772065Z #21 naming to docker.io/library/ancientnerds-api:latest 0.0s done
Deploy to Production	Deploy via SSH	2026-02-08T23:23:23.9772708Z #21 unpacking to docker.io/library/ancientnerds-api:latest
Deploy to Production	Deploy via SSH	2026-02-08T23:23:25.4771054Z #21 unpacking to docker.io/library/ancientnerds-api:latest 1.6s done
Deploy to Production	Deploy via SSH	2026-02-08T23:23:25.6936716Z #21 DONE 5.7s
Deploy to Production	Deploy via SSH	2026-02-08T23:23:26.3815680Z 
Deploy to Production	Deploy via SSH	2026-02-08T23:23:26.3816222Z #22 resolving provenance for metadata file
Deploy to Production	Deploy via SSH	2026-02-08T23:23:26.5515940Z #22 DONE 0.0s
Deploy to Production	Deploy via SSH	2026-02-08T23:23:26.5527714Z  Image ancientnerds-api Built 
Deploy to Production	Deploy via SSH	2026-02-08T23:23:26.9735614Z time="2026-02-09T00:23:26+01:00" level=warning msg="Found orphan containers ([ancient_nerds_searxng]) for this project. If you removed or renamed this service in your compose file, you can run this command with the --remove-orphans flag to clean it up."
Deploy to Production	Deploy via SSH	2026-02-08T23:23:26.9746996Z  Container ancient_nerds_redis Running 
Deploy to Production	Deploy via SSH	2026-02-08T23:23:26.9757015Z  Container ancient_nerds_db Running 
Deploy to Production	Deploy via SSH	2026-02-08T23:23:26.9761944Z  Container ancient_nerds_qdrant Running 
Deploy to Production	Deploy via SSH	2026-02-08T23:23:26.9796023Z  Container ancient_nerds_api Recreate 
Deploy to Production	Deploy via SSH	2026-02-08T23:23:30.9067994Z  Container ancient_nerds_api Recreated 
Deploy to Production	Deploy via SSH	2026-02-08T23:23:31.2747062Z  Container ancient_nerds_redis Waiting 
Deploy to Production	Deploy via SSH	2026-02-08T23:23:31.2747711Z  Container ancient_nerds_qdrant Waiting 
Deploy to Production	Deploy via SSH	2026-02-08T23:23:31.2748192Z  Container ancient_nerds_db Waiting 
Deploy to Production	Deploy via SSH	2026-02-08T23:23:31.7814410Z  Container ancient_nerds_qdrant Healthy 
Deploy to Production	Deploy via SSH	2026-02-08T23:23:31.7884424Z  Container ancient_nerds_redis Healthy 
Deploy to Production	Deploy via SSH	2026-02-08T23:23:31.7885190Z  Container ancient_nerds_db Healthy 
Deploy to Production	Deploy via SSH	2026-02-08T23:23:31.7885851Z  Container ancient_nerds_api Starting 
Deploy to Production	Deploy via SSH	2026-02-08T23:23:32.7862468Z  Container ancient_nerds_api Started 
Deploy to Production	Deploy via SSH	2026-02-08T23:23:37.8814704Z WARNING: Health check failed
Deploy to Production	Deploy via SSH	2026-02-08T23:23:37.8820670Z ==> Exporting news feed.json...
Deploy to Production	Deploy via SSH	2026-02-08T23:23:38.1901232Z ALTER TABLE
Deploy to Production	Deploy via SSH	2026-02-08T23:23:38.1901591Z ALTER TABLE
Deploy to Production	Deploy via SSH	2026-02-08T23:23:38.4051281Z   File "<string>", line 1
Deploy to Production	Deploy via SSH	2026-02-08T23:23:38.4052525Z     from pipeline.static_exporter import export_news_feed; from pathlib import Path; export_news_feed(Path(/app/public/data))
Deploy to Production	Deploy via SSH	2026-02-08T23:23:38.4067994Z                                                                                                            ^
Deploy to Production	Deploy via SSH	2026-02-08T23:23:38.4069366Z SyntaxError: invalid syntax
Deploy to Production	Deploy via SSH	2026-02-08T23:23:38.4177324Z WARNING: News feed export failed
Deploy to Production	Deploy via SSH	2026-02-08T23:23:38.4235556Z ERROR: public/data/news/feed.json not found! News page will be broken.
Deploy to Production	Deploy via SSH	2026-02-08T23:23:38.4236207Z ==> Restarting log streaming...
Deploy to Production	Deploy via SSH	2026-02-08T23:23:39.4380991Z ==> Deploy complete!
Deploy to Production	Post Setup SSH agent	﻿2026-02-08T23:23:39.4451955Z Post job cleanup.
Deploy to Production	Post Setup SSH agent	2026-02-08T23:23:39.4775171Z Stopping SSH agent
Deploy to Production	Post Setup SSH agent	2026-02-08T23:23:39.4785535Z The "file" argument must be of type string. Received undefined
Deploy to Production	Post Setup SSH agent	2026-02-08T23:23:39.4786263Z Error stopping the SSH agent, proceeding anyway
Deploy to Production	Complete job	﻿2026-02-08T23:23:39.4861159Z Cleaning up orphan processes
